2026-01-31 20:51:39 [   DEBUG] [connectionpool.py:241] Starting new HTTP connection (1): localhost:3100
2026-01-31 20:51:39 [   DEBUG] [connectionpool.py:544] http://localhost:3100 "POST /loki/api/v1/push HTTP/1.1" 204 0
2026-01-31 20:51:39 [    INFO] [loki.py:36] {'message': 'Loki only message', 'category': 'user_actions', 'uuid': 'f1743fd9-d2a3-4166-93a9-587fd6ac6238', 'user_id': 'test', 'action': 'test'}
2026-01-31 20:51:39 [   DEBUG] [connectionpool.py:544] http://localhost:3100 "POST /loki/api/v1/push HTTP/1.1" 204 0
2026-01-31 20:51:39 [   DEBUG] [connectionpool.py:241] Starting new HTTP connection (1): localhost:3100
2026-01-31 20:51:39 [   DEBUG] [connectionpool.py:544] http://localhost:3100 "POST /loki/api/v1/push HTTP/1.1" 204 0
2026-01-31 20:51:39 [   DEBUG] [connectionpool.py:241] Starting new HTTP connection (1): localhost:3100
2026-01-31 20:51:39 [   DEBUG] [connectionpool.py:544] http://localhost:3100 "POST /loki/api/v1/push HTTP/1.1" 204 0
2026-01-31 20:51:39 [   DEBUG] [connectionpool.py:241] Starting new HTTP connection (1): localhost:3100
2026-01-31 20:51:39 [   DEBUG] [connectionpool.py:544] http://localhost:3100 "POST /loki/api/v1/push HTTP/1.1" 204 0
2026-01-31 20:51:39 [    INFO] [loki.py:36] Test info message
2026-01-31 20:51:39 [   DEBUG] [connectionpool.py:544] http://localhost:3100 "POST /loki/api/v1/push HTTP/1.1" 204 0
2026-01-31 20:51:39 [   DEBUG] [connectionpool.py:544] http://localhost:3100 "POST /loki/api/v1/push HTTP/1.1" 204 0
2026-01-31 20:51:39 [   DEBUG] [connectionpool.py:544] http://localhost:3100 "POST /loki/api/v1/push HTTP/1.1" 204 0
2026-01-31 20:51:39 [   DEBUG] [connectionpool.py:544] http://localhost:3100 "POST /loki/api/v1/push HTTP/1.1" 204 0
2026-01-31 20:51:39 [   DEBUG] [connectionpool.py:241] Starting new HTTP connection (1): localhost:3100
2026-01-31 20:51:39 [   DEBUG] [connectionpool.py:544] http://localhost:3100 "POST /loki/api/v1/push HTTP/1.1" 204 0
2026-01-31 20:51:39 [ WARNING] [loki.py:39] Test warning message
2026-01-31 20:51:39 [   DEBUG] [connectionpool.py:544] http://localhost:3100 "POST /loki/api/v1/push HTTP/1.1" 204 0
2026-01-31 20:51:39 [   DEBUG] [connectionpool.py:544] http://localhost:3100 "POST /loki/api/v1/push HTTP/1.1" 204 0
2026-01-31 20:51:39 [   DEBUG] [connectionpool.py:544] http://localhost:3100 "POST /loki/api/v1/push HTTP/1.1" 204 0
2026-01-31 20:51:39 [   DEBUG] [connectionpool.py:544] http://localhost:3100 "POST /loki/api/v1/push HTTP/1.1" 204 0
2026-01-31 20:51:39 [   DEBUG] [connectionpool.py:544] http://localhost:3100 "POST /loki/api/v1/push HTTP/1.1" 204 0
2026-01-31 20:51:39 [   DEBUG] [connectionpool.py:241] Starting new HTTP connection (1): localhost:3100
2026-01-31 20:51:39 [   DEBUG] [connectionpool.py:544] http://localhost:3100 "POST /loki/api/v1/push HTTP/1.1" 204 0
2026-01-31 20:51:39 [   ERROR] [loki.py:42] Test error message
2026-01-31 20:51:39 [   DEBUG] [connectionpool.py:544] http://localhost:3100 "POST /loki/api/v1/push HTTP/1.1" 204 0
2026-01-31 20:51:39 [   DEBUG] [connectionpool.py:544] http://localhost:3100 "POST /loki/api/v1/push HTTP/1.1" 204 0
2026-01-31 20:51:39 [   DEBUG] [connectionpool.py:544] http://localhost:3100 "POST /loki/api/v1/push HTTP/1.1" 204 0
2026-01-31 20:51:39 [   DEBUG] [connectionpool.py:544] http://localhost:3100 "POST /loki/api/v1/push HTTP/1.1" 204 0
2026-01-31 20:51:39 [   DEBUG] [connectionpool.py:544] http://localhost:3100 "POST /loki/api/v1/push HTTP/1.1" 204 0
2026-01-31 20:51:39 [   DEBUG] [connectionpool.py:544] http://localhost:3100 "POST /loki/api/v1/push HTTP/1.1" 204 0
2026-01-31 20:51:39 [   DEBUG] [connectionpool.py:241] Starting new HTTP connection (1): localhost:3100
2026-01-31 20:51:39 [   DEBUG] [connectionpool.py:544] http://localhost:3100 "POST /loki/api/v1/push HTTP/1.1" 204 0
2026-01-31 20:51:39 [CRITICAL] [loki.py:45] Test critical message
2026-01-31 20:51:39 [   DEBUG] [connectionpool.py:544] http://localhost:3100 "POST /loki/api/v1/push HTTP/1.1" 204 0
2026-01-31 20:51:39 [   DEBUG] [connectionpool.py:544] http://localhost:3100 "POST /loki/api/v1/push HTTP/1.1" 204 0
2026-01-31 20:51:39 [   DEBUG] [connectionpool.py:544] http://localhost:3100 "POST /loki/api/v1/push HTTP/1.1" 204 0
2026-01-31 20:51:39 [   DEBUG] [connectionpool.py:544] http://localhost:3100 "POST /loki/api/v1/push HTTP/1.1" 204 0
2026-01-31 20:51:39 [   DEBUG] [connectionpool.py:544] http://localhost:3100 "POST /loki/api/v1/push HTTP/1.1" 204 0
2026-01-31 20:51:39 [   DEBUG] [connectionpool.py:544] http://localhost:3100 "POST /loki/api/v1/push HTTP/1.1" 204 0
2026-01-31 20:51:39 [   DEBUG] [connectionpool.py:544] http://localhost:3100 "POST /loki/api/v1/push HTTP/1.1" 204 0
2026-01-31 20:51:39 [   DEBUG] [connectionpool.py:241] Starting new HTTP connection (1): localhost:3100
2026-01-31 20:51:39 [   DEBUG] [connectionpool.py:544] http://localhost:3100 "POST /loki/api/v1/push HTTP/1.1" 204 0
2026-01-31 20:51:39 [    INFO] [loki.py:36] Custom tagged message
2026-01-31 20:51:39 [   DEBUG] [connectionpool.py:544] http://localhost:3100 "POST /loki/api/v1/push HTTP/1.1" 204 0
2026-01-31 20:51:39 [   DEBUG] [connectionpool.py:544] http://localhost:3100 "POST /loki/api/v1/push HTTP/1.1" 204 0
2026-01-31 20:51:39 [   DEBUG] [connectionpool.py:544] http://localhost:3100 "POST /loki/api/v1/push HTTP/1.1" 204 0
2026-01-31 20:51:39 [   DEBUG] [connectionpool.py:544] http://localhost:3100 "POST /loki/api/v1/push HTTP/1.1" 204 0
2026-01-31 20:51:39 [   DEBUG] [connectionpool.py:544] http://localhost:3100 "POST /loki/api/v1/push HTTP/1.1" 204 0
2026-01-31 20:51:39 [   DEBUG] [connectionpool.py:544] http://localhost:3100 "POST /loki/api/v1/push HTTP/1.1" 204 0
2026-01-31 20:51:39 [   DEBUG] [connectionpool.py:544] http://localhost:3100 "POST /loki/api/v1/push HTTP/1.1" 204 0
2026-01-31 20:51:39 [   DEBUG] [connectionpool.py:544] http://localhost:3100 "POST /loki/api/v1/push HTTP/1.1" 204 0
2026-01-31 20:51:39 [   DEBUG] [connectionpool.py:241] Starting new HTTP connection (1): localhost:3100
2026-01-31 20:51:39 [   DEBUG] [connectionpool.py:544] http://localhost:3100 "POST /loki/api/v1/push HTTP/1.1" 204 0
2026-01-31 20:51:39 [    INFO] [loki.py:36] test_loki_verification_12345
2026-01-31 20:51:39 [   DEBUG] [connectionpool.py:544] http://localhost:3100 "POST /loki/api/v1/push HTTP/1.1" 204 0
2026-01-31 20:51:39 [   DEBUG] [connectionpool.py:544] http://localhost:3100 "POST /loki/api/v1/push HTTP/1.1" 204 0
2026-01-31 20:51:39 [   DEBUG] [connectionpool.py:544] http://localhost:3100 "POST /loki/api/v1/push HTTP/1.1" 204 0
2026-01-31 20:51:39 [   DEBUG] [connectionpool.py:544] http://localhost:3100 "POST /loki/api/v1/push HTTP/1.1" 204 0
2026-01-31 20:51:39 [   DEBUG] [connectionpool.py:544] http://localhost:3100 "POST /loki/api/v1/push HTTP/1.1" 204 0
2026-01-31 20:51:39 [   DEBUG] [connectionpool.py:544] http://localhost:3100 "POST /loki/api/v1/push HTTP/1.1" 204 0
2026-01-31 20:51:39 [   DEBUG] [connectionpool.py:544] http://localhost:3100 "POST /loki/api/v1/push HTTP/1.1" 204 0
2026-01-31 20:51:39 [   DEBUG] [connectionpool.py:544] http://localhost:3100 "POST /loki/api/v1/push HTTP/1.1" 204 0
2026-01-31 20:51:39 [   DEBUG] [connectionpool.py:544] http://localhost:3100 "POST /loki/api/v1/push HTTP/1.1" 204 0
2026-01-31 20:51:39 [   ERROR] [loki.py:42] test_error_verification_67890
2026-01-31 20:51:41 [   DEBUG] [connectionpool.py:544] http://localhost:3100 "POST /loki/api/v1/push HTTP/1.1" 204 0
2026-01-31 20:51:41 [   DEBUG] [connectionpool.py:544] http://localhost:3100 "POST /loki/api/v1/push HTTP/1.1" 204 0
2026-01-31 20:51:41 [   DEBUG] [connectionpool.py:544] http://localhost:3100 "POST /loki/api/v1/push HTTP/1.1" 204 0
2026-01-31 20:51:41 [   DEBUG] [connectionpool.py:544] http://localhost:3100 "POST /loki/api/v1/push HTTP/1.1" 204 0
2026-01-31 20:51:41 [   DEBUG] [connectionpool.py:544] http://localhost:3100 "POST /loki/api/v1/push HTTP/1.1" 204 0
2026-01-31 20:51:41 [   DEBUG] [connectionpool.py:544] http://localhost:3100 "POST /loki/api/v1/push HTTP/1.1" 204 0
2026-01-31 20:51:41 [   DEBUG] [connectionpool.py:544] http://localhost:3100 "POST /loki/api/v1/push HTTP/1.1" 204 0
2026-01-31 20:51:41 [   DEBUG] [connectionpool.py:544] http://localhost:3100 "POST /loki/api/v1/push HTTP/1.1" 204 0
2026-01-31 20:51:41 [   DEBUG] [connectionpool.py:544] http://localhost:3100 "POST /loki/api/v1/push HTTP/1.1" 204 0
2026-01-31 20:51:41 [   DEBUG] [connectionpool.py:241] Starting new HTTP connection (1): localhost:3100
2026-01-31 20:51:41 [   DEBUG] [connectionpool.py:544] http://localhost:3100 "POST /loki/api/v1/push HTTP/1.1" 204 0
2026-01-31 20:51:41 [    INFO] [loki.py:36] Info message 0
2026-01-31 20:51:41 [   DEBUG] [connectionpool.py:544] http://localhost:3100 "POST /loki/api/v1/push HTTP/1.1" 204 0
2026-01-31 20:51:41 [   DEBUG] [connectionpool.py:544] http://localhost:3100 "POST /loki/api/v1/push HTTP/1.1" 204 0
2026-01-31 20:51:41 [   DEBUG] [connectionpool.py:544] http://localhost:3100 "POST /loki/api/v1/push HTTP/1.1" 204 0
2026-01-31 20:51:41 [   DEBUG] [connectionpool.py:544] http://localhost:3100 "POST /loki/api/v1/push HTTP/1.1" 204 0
2026-01-31 20:51:41 [   DEBUG] [connectionpool.py:544] http://localhost:3100 "POST /loki/api/v1/push HTTP/1.1" 204 0
2026-01-31 20:51:41 [   DEBUG] [connectionpool.py:544] http://localhost:3100 "POST /loki/api/v1/push HTTP/1.1" 204 0
2026-01-31 20:51:41 [   DEBUG] [connectionpool.py:544] http://localhost:3100 "POST /loki/api/v1/push HTTP/1.1" 204 0
2026-01-31 20:51:41 [   DEBUG] [connectionpool.py:544] http://localhost:3100 "POST /loki/api/v1/push HTTP/1.1" 204 0
2026-01-31 20:51:41 [   DEBUG] [connectionpool.py:544] http://localhost:3100 "POST /loki/api/v1/push HTTP/1.1" 204 0
2026-01-31 20:51:41 [   DEBUG] [connectionpool.py:544] http://localhost:3100 "POST /loki/api/v1/push HTTP/1.1" 204 0
2026-01-31 20:51:41 [ WARNING] [loki.py:39] Warning message 0
2026-01-31 20:51:41 [   DEBUG] [connectionpool.py:544] http://localhost:3100 "POST /loki/api/v1/push HTTP/1.1" 204 0
2026-01-31 20:51:41 [   DEBUG] [connectionpool.py:544] http://localhost:3100 "POST /loki/api/v1/push HTTP/1.1" 204 0
2026-01-31 20:51:41 [   DEBUG] [connectionpool.py:544] http://localhost:3100 "POST /loki/api/v1/push HTTP/1.1" 204 0
2026-01-31 20:51:41 [   DEBUG] [connectionpool.py:544] http://localhost:3100 "POST /loki/api/v1/push HTTP/1.1" 204 0
2026-01-31 20:51:41 [   DEBUG] [connectionpool.py:544] http://localhost:3100 "POST /loki/api/v1/push HTTP/1.1" 204 0
2026-01-31 20:51:41 [   DEBUG] [connectionpool.py:544] http://localhost:3100 "POST /loki/api/v1/push HTTP/1.1" 204 0
2026-01-31 20:51:41 [   DEBUG] [connectionpool.py:544] http://localhost:3100 "POST /loki/api/v1/push HTTP/1.1" 204 0
2026-01-31 20:51:41 [   DEBUG] [connectionpool.py:544] http://localhost:3100 "POST /loki/api/v1/push HTTP/1.1" 204 0
2026-01-31 20:51:41 [   DEBUG] [connectionpool.py:544] http://localhost:3100 "POST /loki/api/v1/push HTTP/1.1" 204 0
2026-01-31 20:51:41 [   DEBUG] [connectionpool.py:544] http://localhost:3100 "POST /loki/api/v1/push HTTP/1.1" 204 0
2026-01-31 20:51:41 [   ERROR] [loki.py:42] Error message 0
2026-01-31 20:51:41 [   DEBUG] [connectionpool.py:544] http://localhost:3100 "POST /loki/api/v1/push HTTP/1.1" 204 0
2026-01-31 20:51:41 [   DEBUG] [connectionpool.py:544] http://localhost:3100 "POST /loki/api/v1/push HTTP/1.1" 204 0
2026-01-31 20:51:41 [   DEBUG] [connectionpool.py:544] http://localhost:3100 "POST /loki/api/v1/push HTTP/1.1" 204 0
2026-01-31 20:51:41 [   DEBUG] [connectionpool.py:544] http://localhost:3100 "POST /loki/api/v1/push HTTP/1.1" 204 0
2026-01-31 20:51:41 [   DEBUG] [connectionpool.py:544] http://localhost:3100 "POST /loki/api/v1/push HTTP/1.1" 204 0
2026-01-31 20:51:41 [   DEBUG] [connectionpool.py:544] http://localhost:3100 "POST /loki/api/v1/push HTTP/1.1" 204 0
2026-01-31 20:51:41 [   DEBUG] [connectionpool.py:544] http://localhost:3100 "POST /loki/api/v1/push HTTP/1.1" 204 0
2026-01-31 20:51:41 [   DEBUG] [connectionpool.py:544] http://localhost:3100 "POST /loki/api/v1/push HTTP/1.1" 204 0
2026-01-31 20:51:41 [   DEBUG] [connectionpool.py:544] http://localhost:3100 "POST /loki/api/v1/push HTTP/1.1" 204 0
2026-01-31 20:51:41 [   DEBUG] [connectionpool.py:544] http://localhost:3100 "POST /loki/api/v1/push HTTP/1.1" 204 0
2026-01-31 20:51:41 [CRITICAL] [loki.py:45] Critical message 0
2026-01-31 20:51:41 [   DEBUG] [connectionpool.py:544] http://localhost:3100 "POST /loki/api/v1/push HTTP/1.1" 204 0
2026-01-31 20:51:41 [   DEBUG] [connectionpool.py:544] http://localhost:3100 "POST /loki/api/v1/push HTTP/1.1" 204 0
2026-01-31 20:51:41 [   DEBUG] [connectionpool.py:544] http://localhost:3100 "POST /loki/api/v1/push HTTP/1.1" 204 0
2026-01-31 20:51:41 [   DEBUG] [connectionpool.py:544] http://localhost:3100 "POST /loki/api/v1/push HTTP/1.1" 204 0
2026-01-31 20:51:41 [   DEBUG] [connectionpool.py:544] http://localhost:3100 "POST /loki/api/v1/push HTTP/1.1" 204 0
2026-01-31 20:51:41 [   DEBUG] [connectionpool.py:544] http://localhost:3100 "POST /loki/api/v1/push HTTP/1.1" 204 0
2026-01-31 20:51:41 [   DEBUG] [connectionpool.py:544] http://localhost:3100 "POST /loki/api/v1/push HTTP/1.1" 204 0
2026-01-31 20:51:41 [   DEBUG] [connectionpool.py:544] http://localhost:3100 "POST /loki/api/v1/push HTTP/1.1" 204 0
2026-01-31 20:51:41 [   DEBUG] [connectionpool.py:544] http://localhost:3100 "POST /loki/api/v1/push HTTP/1.1" 204 0
2026-01-31 20:51:41 [   DEBUG] [connectionpool.py:544] http://localhost:3100 "POST /loki/api/v1/push HTTP/1.1" 204 0
2026-01-31 20:51:41 [    INFO] [loki.py:36] Info message 1
2026-01-31 20:51:41 [   DEBUG] [connectionpool.py:544] http://localhost:3100 "POST /loki/api/v1/push HTTP/1.1" 204 0
2026-01-31 20:51:41 [   DEBUG] [connectionpool.py:544] http://localhost:3100 "POST /loki/api/v1/push HTTP/1.1" 204 0
2026-01-31 20:51:41 [   DEBUG] [connectionpool.py:544] http://localhost:3100 "POST /loki/api/v1/push HTTP/1.1" 204 0
2026-01-31 20:51:41 [   DEBUG] [connectionpool.py:544] http://localhost:3100 "POST /loki/api/v1/push HTTP/1.1" 204 0
2026-01-31 20:51:41 [   DEBUG] [connectionpool.py:544] http://localhost:3100 "POST /loki/api/v1/push HTTP/1.1" 204 0
2026-01-31 20:51:41 [   DEBUG] [connectionpool.py:544] http://localhost:3100 "POST /loki/api/v1/push HTTP/1.1" 204 0
2026-01-31 20:51:41 [   DEBUG] [connectionpool.py:544] http://localhost:3100 "POST /loki/api/v1/push HTTP/1.1" 204 0
2026-01-31 20:51:41 [   DEBUG] [connectionpool.py:544] http://localhost:3100 "POST /loki/api/v1/push HTTP/1.1" 204 0
2026-01-31 20:51:41 [   DEBUG] [connectionpool.py:544] http://localhost:3100 "POST /loki/api/v1/push HTTP/1.1" 204 0
2026-01-31 20:51:41 [   DEBUG] [connectionpool.py:544] http://localhost:3100 "POST /loki/api/v1/push HTTP/1.1" 204 0
2026-01-31 20:51:41 [ WARNING] [loki.py:39] Warning message 1
2026-01-31 20:51:41 [   DEBUG] [connectionpool.py:544] http://localhost:3100 "POST /loki/api/v1/push HTTP/1.1" 204 0
2026-01-31 20:51:41 [   DEBUG] [connectionpool.py:544] http://localhost:3100 "POST /loki/api/v1/push HTTP/1.1" 204 0
2026-01-31 20:51:41 [   DEBUG] [connectionpool.py:544] http://localhost:3100 "POST /loki/api/v1/push HTTP/1.1" 204 0
2026-01-31 20:51:41 [   DEBUG] [connectionpool.py:544] http://localhost:3100 "POST /loki/api/v1/push HTTP/1.1" 204 0
2026-01-31 20:51:41 [   DEBUG] [connectionpool.py:544] http://localhost:3100 "POST /loki/api/v1/push HTTP/1.1" 204 0
2026-01-31 20:51:41 [   DEBUG] [connectionpool.py:544] http://localhost:3100 "POST /loki/api/v1/push HTTP/1.1" 204 0
2026-01-31 20:51:41 [   DEBUG] [connectionpool.py:544] http://localhost:3100 "POST /loki/api/v1/push HTTP/1.1" 204 0
2026-01-31 20:51:41 [   DEBUG] [connectionpool.py:544] http://localhost:3100 "POST /loki/api/v1/push HTTP/1.1" 204 0
2026-01-31 20:51:41 [   DEBUG] [connectionpool.py:544] http://localhost:3100 "POST /loki/api/v1/push HTTP/1.1" 204 0
2026-01-31 20:51:41 [   DEBUG] [connectionpool.py:544] http://localhost:3100 "POST /loki/api/v1/push HTTP/1.1" 204 0
2026-01-31 20:51:41 [   ERROR] [loki.py:42] Error message 1
2026-01-31 20:51:41 [   DEBUG] [connectionpool.py:544] http://localhost:3100 "POST /loki/api/v1/push HTTP/1.1" 204 0
2026-01-31 20:51:41 [   DEBUG] [connectionpool.py:544] http://localhost:3100 "POST /loki/api/v1/push HTTP/1.1" 204 0
2026-01-31 20:51:41 [   DEBUG] [connectionpool.py:544] http://localhost:3100 "POST /loki/api/v1/push HTTP/1.1" 204 0
2026-01-31 20:51:41 [   DEBUG] [connectionpool.py:544] http://localhost:3100 "POST /loki/api/v1/push HTTP/1.1" 204 0
2026-01-31 20:51:41 [   DEBUG] [connectionpool.py:544] http://localhost:3100 "POST /loki/api/v1/push HTTP/1.1" 204 0
2026-01-31 20:51:41 [   DEBUG] [connectionpool.py:544] http://localhost:3100 "POST /loki/api/v1/push HTTP/1.1" 204 0
2026-01-31 20:51:41 [   DEBUG] [connectionpool.py:544] http://localhost:3100 "POST /loki/api/v1/push HTTP/1.1" 204 0
2026-01-31 20:51:41 [   DEBUG] [connectionpool.py:544] http://localhost:3100 "POST /loki/api/v1/push HTTP/1.1" 204 0
2026-01-31 20:51:41 [   DEBUG] [connectionpool.py:544] http://localhost:3100 "POST /loki/api/v1/push HTTP/1.1" 204 0
2026-01-31 20:51:41 [   DEBUG] [connectionpool.py:544] http://localhost:3100 "POST /loki/api/v1/push HTTP/1.1" 204 0
2026-01-31 20:51:41 [CRITICAL] [loki.py:45] Critical message 1
2026-01-31 20:51:41 [   DEBUG] [connectionpool.py:544] http://localhost:3100 "POST /loki/api/v1/push HTTP/1.1" 204 0
2026-01-31 20:51:41 [   DEBUG] [connectionpool.py:544] http://localhost:3100 "POST /loki/api/v1/push HTTP/1.1" 204 0
2026-01-31 20:51:41 [   DEBUG] [connectionpool.py:544] http://localhost:3100 "POST /loki/api/v1/push HTTP/1.1" 204 0
2026-01-31 20:51:41 [   DEBUG] [connectionpool.py:544] http://localhost:3100 "POST /loki/api/v1/push HTTP/1.1" 204 0
2026-01-31 20:51:41 [   DEBUG] [connectionpool.py:544] http://localhost:3100 "POST /loki/api/v1/push HTTP/1.1" 204 0
2026-01-31 20:51:41 [   DEBUG] [connectionpool.py:544] http://localhost:3100 "POST /loki/api/v1/push HTTP/1.1" 204 0
2026-01-31 20:51:41 [   DEBUG] [connectionpool.py:544] http://localhost:3100 "POST /loki/api/v1/push HTTP/1.1" 204 0
2026-01-31 20:51:41 [   DEBUG] [connectionpool.py:544] http://localhost:3100 "POST /loki/api/v1/push HTTP/1.1" 204 0
2026-01-31 20:51:41 [   DEBUG] [connectionpool.py:544] http://localhost:3100 "POST /loki/api/v1/push HTTP/1.1" 204 0
2026-01-31 20:51:41 [   DEBUG] [connectionpool.py:544] http://localhost:3100 "POST /loki/api/v1/push HTTP/1.1" 204 0
2026-01-31 20:51:41 [    INFO] [loki.py:36] Info message 2
2026-01-31 20:51:41 [   DEBUG] [connectionpool.py:544] http://localhost:3100 "POST /loki/api/v1/push HTTP/1.1" 204 0
2026-01-31 20:51:41 [   DEBUG] [connectionpool.py:544] http://localhost:3100 "POST /loki/api/v1/push HTTP/1.1" 204 0
2026-01-31 20:51:41 [   DEBUG] [connectionpool.py:544] http://localhost:3100 "POST /loki/api/v1/push HTTP/1.1" 204 0
2026-01-31 20:51:41 [   DEBUG] [connectionpool.py:544] http://localhost:3100 "POST /loki/api/v1/push HTTP/1.1" 204 0
2026-01-31 20:51:41 [   DEBUG] [connectionpool.py:544] http://localhost:3100 "POST /loki/api/v1/push HTTP/1.1" 204 0
2026-01-31 20:51:41 [   DEBUG] [connectionpool.py:544] http://localhost:3100 "POST /loki/api/v1/push HTTP/1.1" 204 0
2026-01-31 20:51:41 [   DEBUG] [connectionpool.py:544] http://localhost:3100 "POST /loki/api/v1/push HTTP/1.1" 204 0
2026-01-31 20:51:41 [   DEBUG] [connectionpool.py:544] http://localhost:3100 "POST /loki/api/v1/push HTTP/1.1" 204 0
2026-01-31 20:51:41 [   DEBUG] [connectionpool.py:544] http://localhost:3100 "POST /loki/api/v1/push HTTP/1.1" 204 0
2026-01-31 20:51:41 [   DEBUG] [connectionpool.py:544] http://localhost:3100 "POST /loki/api/v1/push HTTP/1.1" 204 0
2026-01-31 20:51:41 [ WARNING] [loki.py:39] Warning message 2
2026-01-31 20:51:41 [   DEBUG] [connectionpool.py:544] http://localhost:3100 "POST /loki/api/v1/push HTTP/1.1" 204 0
2026-01-31 20:51:41 [   DEBUG] [connectionpool.py:544] http://localhost:3100 "POST /loki/api/v1/push HTTP/1.1" 204 0
2026-01-31 20:51:41 [   DEBUG] [connectionpool.py:544] http://localhost:3100 "POST /loki/api/v1/push HTTP/1.1" 204 0
2026-01-31 20:51:41 [   DEBUG] [connectionpool.py:544] http://localhost:3100 "POST /loki/api/v1/push HTTP/1.1" 204 0
2026-01-31 20:51:41 [   DEBUG] [connectionpool.py:544] http://localhost:3100 "POST /loki/api/v1/push HTTP/1.1" 204 0
2026-01-31 20:51:41 [   DEBUG] [connectionpool.py:544] http://localhost:3100 "POST /loki/api/v1/push HTTP/1.1" 204 0
2026-01-31 20:51:41 [   DEBUG] [connectionpool.py:544] http://localhost:3100 "POST /loki/api/v1/push HTTP/1.1" 204 0
2026-01-31 20:51:41 [   DEBUG] [connectionpool.py:544] http://localhost:3100 "POST /loki/api/v1/push HTTP/1.1" 204 0
2026-01-31 20:51:41 [   DEBUG] [connectionpool.py:544] http://localhost:3100 "POST /loki/api/v1/push HTTP/1.1" 204 0
2026-01-31 20:51:41 [   DEBUG] [connectionpool.py:544] http://localhost:3100 "POST /loki/api/v1/push HTTP/1.1" 204 0
2026-01-31 20:51:41 [   ERROR] [loki.py:42] Error message 2
2026-01-31 20:51:41 [   DEBUG] [connectionpool.py:544] http://localhost:3100 "POST /loki/api/v1/push HTTP/1.1" 204 0
2026-01-31 20:51:41 [   DEBUG] [connectionpool.py:544] http://localhost:3100 "POST /loki/api/v1/push HTTP/1.1" 204 0
2026-01-31 20:51:41 [   DEBUG] [connectionpool.py:544] http://localhost:3100 "POST /loki/api/v1/push HTTP/1.1" 204 0
2026-01-31 20:51:41 [   DEBUG] [connectionpool.py:544] http://localhost:3100 "POST /loki/api/v1/push HTTP/1.1" 204 0
2026-01-31 20:51:41 [   DEBUG] [connectionpool.py:544] http://localhost:3100 "POST /loki/api/v1/push HTTP/1.1" 204 0
2026-01-31 20:51:41 [   DEBUG] [connectionpool.py:544] http://localhost:3100 "POST /loki/api/v1/push HTTP/1.1" 204 0
2026-01-31 20:51:41 [   DEBUG] [connectionpool.py:544] http://localhost:3100 "POST /loki/api/v1/push HTTP/1.1" 204 0
2026-01-31 20:51:41 [   DEBUG] [connectionpool.py:544] http://localhost:3100 "POST /loki/api/v1/push HTTP/1.1" 204 0
2026-01-31 20:51:41 [   DEBUG] [connectionpool.py:544] http://localhost:3100 "POST /loki/api/v1/push HTTP/1.1" 204 0
2026-01-31 20:51:41 [   DEBUG] [connectionpool.py:544] http://localhost:3100 "POST /loki/api/v1/push HTTP/1.1" 204 0
2026-01-31 20:51:41 [CRITICAL] [loki.py:45] Critical message 2
2026-01-31 20:51:41 [   DEBUG] [connectionpool.py:544] http://localhost:3100 "POST /loki/api/v1/push HTTP/1.1" 204 0
2026-01-31 20:51:41 [   DEBUG] [connectionpool.py:544] http://localhost:3100 "POST /loki/api/v1/push HTTP/1.1" 204 0
2026-01-31 20:51:41 [   DEBUG] [connectionpool.py:544] http://localhost:3100 "POST /loki/api/v1/push HTTP/1.1" 204 0
2026-01-31 20:51:41 [   DEBUG] [connectionpool.py:544] http://localhost:3100 "POST /loki/api/v1/push HTTP/1.1" 204 0
2026-01-31 20:51:41 [   DEBUG] [connectionpool.py:544] http://localhost:3100 "POST /loki/api/v1/push HTTP/1.1" 204 0
2026-01-31 20:51:41 [   DEBUG] [connectionpool.py:544] http://localhost:3100 "POST /loki/api/v1/push HTTP/1.1" 204 0
2026-01-31 20:51:41 [   DEBUG] [connectionpool.py:544] http://localhost:3100 "POST /loki/api/v1/push HTTP/1.1" 204 0
2026-01-31 20:51:41 [   DEBUG] [connectionpool.py:544] http://localhost:3100 "POST /loki/api/v1/push HTTP/1.1" 204 0
2026-01-31 20:51:41 [   DEBUG] [connectionpool.py:544] http://localhost:3100 "POST /loki/api/v1/push HTTP/1.1" 204 0
2026-01-31 20:51:41 [   DEBUG] [connectionpool.py:544] http://localhost:3100 "POST /loki/api/v1/push HTTP/1.1" 204 0
2026-01-31 20:51:41 [    INFO] [loki.py:36] Info message 3
2026-01-31 20:51:41 [   DEBUG] [connectionpool.py:544] http://localhost:3100 "POST /loki/api/v1/push HTTP/1.1" 204 0
2026-01-31 20:51:41 [   DEBUG] [connectionpool.py:544] http://localhost:3100 "POST /loki/api/v1/push HTTP/1.1" 204 0
2026-01-31 20:51:41 [   DEBUG] [connectionpool.py:544] http://localhost:3100 "POST /loki/api/v1/push HTTP/1.1" 204 0
2026-01-31 20:51:41 [   DEBUG] [connectionpool.py:544] http://localhost:3100 "POST /loki/api/v1/push HTTP/1.1" 204 0
2026-01-31 20:51:41 [   DEBUG] [connectionpool.py:544] http://localhost:3100 "POST /loki/api/v1/push HTTP/1.1" 204 0
2026-01-31 20:51:41 [   DEBUG] [connectionpool.py:544] http://localhost:3100 "POST /loki/api/v1/push HTTP/1.1" 204 0
2026-01-31 20:51:41 [   DEBUG] [connectionpool.py:544] http://localhost:3100 "POST /loki/api/v1/push HTTP/1.1" 204 0
2026-01-31 20:51:41 [   DEBUG] [connectionpool.py:544] http://localhost:3100 "POST /loki/api/v1/push HTTP/1.1" 204 0
2026-01-31 20:51:41 [   DEBUG] [connectionpool.py:544] http://localhost:3100 "POST /loki/api/v1/push HTTP/1.1" 204 0
2026-01-31 20:51:41 [   DEBUG] [connectionpool.py:544] http://localhost:3100 "POST /loki/api/v1/push HTTP/1.1" 204 0
2026-01-31 20:51:41 [ WARNING] [loki.py:39] Warning message 3
2026-01-31 20:51:41 [   DEBUG] [connectionpool.py:544] http://localhost:3100 "POST /loki/api/v1/push HTTP/1.1" 204 0
2026-01-31 20:51:41 [   DEBUG] [connectionpool.py:544] http://localhost:3100 "POST /loki/api/v1/push HTTP/1.1" 204 0
2026-01-31 20:51:41 [   DEBUG] [connectionpool.py:544] http://localhost:3100 "POST /loki/api/v1/push HTTP/1.1" 204 0
2026-01-31 20:51:41 [   DEBUG] [connectionpool.py:544] http://localhost:3100 "POST /loki/api/v1/push HTTP/1.1" 204 0
2026-01-31 20:51:41 [   DEBUG] [connectionpool.py:544] http://localhost:3100 "POST /loki/api/v1/push HTTP/1.1" 204 0
2026-01-31 20:51:41 [   DEBUG] [connectionpool.py:544] http://localhost:3100 "POST /loki/api/v1/push HTTP/1.1" 204 0
2026-01-31 20:51:41 [   DEBUG] [connectionpool.py:544] http://localhost:3100 "POST /loki/api/v1/push HTTP/1.1" 204 0
2026-01-31 20:51:41 [   DEBUG] [connectionpool.py:544] http://localhost:3100 "POST /loki/api/v1/push HTTP/1.1" 204 0
2026-01-31 20:51:41 [   DEBUG] [connectionpool.py:544] http://localhost:3100 "POST /loki/api/v1/push HTTP/1.1" 204 0
2026-01-31 20:51:41 [   DEBUG] [connectionpool.py:544] http://localhost:3100 "POST /loki/api/v1/push HTTP/1.1" 204 0
2026-01-31 20:51:41 [   ERROR] [loki.py:42] Error message 3
2026-01-31 20:51:41 [   DEBUG] [connectionpool.py:544] http://localhost:3100 "POST /loki/api/v1/push HTTP/1.1" 204 0
2026-01-31 20:51:41 [   DEBUG] [connectionpool.py:544] http://localhost:3100 "POST /loki/api/v1/push HTTP/1.1" 204 0
2026-01-31 20:51:41 [   DEBUG] [connectionpool.py:544] http://localhost:3100 "POST /loki/api/v1/push HTTP/1.1" 204 0
2026-01-31 20:51:41 [   DEBUG] [connectionpool.py:544] http://localhost:3100 "POST /loki/api/v1/push HTTP/1.1" 204 0
2026-01-31 20:51:41 [   DEBUG] [connectionpool.py:544] http://localhost:3100 "POST /loki/api/v1/push HTTP/1.1" 204 0
2026-01-31 20:51:41 [   DEBUG] [connectionpool.py:544] http://localhost:3100 "POST /loki/api/v1/push HTTP/1.1" 204 0
2026-01-31 20:51:41 [   DEBUG] [connectionpool.py:544] http://localhost:3100 "POST /loki/api/v1/push HTTP/1.1" 204 0
2026-01-31 20:51:41 [   DEBUG] [connectionpool.py:544] http://localhost:3100 "POST /loki/api/v1/push HTTP/1.1" 204 0
2026-01-31 20:51:41 [   DEBUG] [connectionpool.py:544] http://localhost:3100 "POST /loki/api/v1/push HTTP/1.1" 204 0
2026-01-31 20:51:41 [   DEBUG] [connectionpool.py:544] http://localhost:3100 "POST /loki/api/v1/push HTTP/1.1" 204 0
2026-01-31 20:51:41 [CRITICAL] [loki.py:45] Critical message 3
2026-01-31 20:51:41 [   DEBUG] [connectionpool.py:544] http://localhost:3100 "POST /loki/api/v1/push HTTP/1.1" 204 0
2026-01-31 20:51:41 [   DEBUG] [connectionpool.py:544] http://localhost:3100 "POST /loki/api/v1/push HTTP/1.1" 204 0
2026-01-31 20:51:41 [   DEBUG] [connectionpool.py:544] http://localhost:3100 "POST /loki/api/v1/push HTTP/1.1" 204 0
2026-01-31 20:51:41 [   DEBUG] [connectionpool.py:544] http://localhost:3100 "POST /loki/api/v1/push HTTP/1.1" 204 0
2026-01-31 20:51:41 [   DEBUG] [connectionpool.py:544] http://localhost:3100 "POST /loki/api/v1/push HTTP/1.1" 204 0
2026-01-31 20:51:41 [   DEBUG] [connectionpool.py:544] http://localhost:3100 "POST /loki/api/v1/push HTTP/1.1" 204 0
2026-01-31 20:51:41 [   DEBUG] [connectionpool.py:544] http://localhost:3100 "POST /loki/api/v1/push HTTP/1.1" 204 0
2026-01-31 20:51:41 [   DEBUG] [connectionpool.py:544] http://localhost:3100 "POST /loki/api/v1/push HTTP/1.1" 204 0
2026-01-31 20:51:41 [   DEBUG] [connectionpool.py:544] http://localhost:3100 "POST /loki/api/v1/push HTTP/1.1" 204 0
2026-01-31 20:51:41 [   DEBUG] [connectionpool.py:544] http://localhost:3100 "POST /loki/api/v1/push HTTP/1.1" 204 0
2026-01-31 20:51:41 [    INFO] [loki.py:36] Info message 4
2026-01-31 20:51:41 [   DEBUG] [connectionpool.py:544] http://localhost:3100 "POST /loki/api/v1/push HTTP/1.1" 204 0
2026-01-31 20:51:41 [   DEBUG] [connectionpool.py:544] http://localhost:3100 "POST /loki/api/v1/push HTTP/1.1" 204 0
2026-01-31 20:51:41 [   DEBUG] [connectionpool.py:544] http://localhost:3100 "POST /loki/api/v1/push HTTP/1.1" 204 0
2026-01-31 20:51:41 [   DEBUG] [connectionpool.py:544] http://localhost:3100 "POST /loki/api/v1/push HTTP/1.1" 204 0
2026-01-31 20:51:41 [   DEBUG] [connectionpool.py:544] http://localhost:3100 "POST /loki/api/v1/push HTTP/1.1" 204 0
2026-01-31 20:51:41 [   DEBUG] [connectionpool.py:544] http://localhost:3100 "POST /loki/api/v1/push HTTP/1.1" 204 0
2026-01-31 20:51:41 [   DEBUG] [connectionpool.py:544] http://localhost:3100 "POST /loki/api/v1/push HTTP/1.1" 204 0
2026-01-31 20:51:41 [   DEBUG] [connectionpool.py:544] http://localhost:3100 "POST /loki/api/v1/push HTTP/1.1" 204 0
2026-01-31 20:51:41 [   DEBUG] [connectionpool.py:544] http://localhost:3100 "POST /loki/api/v1/push HTTP/1.1" 204 0
2026-01-31 20:51:41 [   DEBUG] [connectionpool.py:544] http://localhost:3100 "POST /loki/api/v1/push HTTP/1.1" 204 0
2026-01-31 20:51:41 [ WARNING] [loki.py:39] Warning message 4
2026-01-31 20:51:41 [   DEBUG] [connectionpool.py:544] http://localhost:3100 "POST /loki/api/v1/push HTTP/1.1" 204 0
2026-01-31 20:51:41 [   DEBUG] [connectionpool.py:544] http://localhost:3100 "POST /loki/api/v1/push HTTP/1.1" 204 0
2026-01-31 20:51:41 [   DEBUG] [connectionpool.py:544] http://localhost:3100 "POST /loki/api/v1/push HTTP/1.1" 204 0
2026-01-31 20:51:41 [   DEBUG] [connectionpool.py:544] http://localhost:3100 "POST /loki/api/v1/push HTTP/1.1" 204 0
2026-01-31 20:51:41 [   DEBUG] [connectionpool.py:544] http://localhost:3100 "POST /loki/api/v1/push HTTP/1.1" 204 0
2026-01-31 20:51:41 [   DEBUG] [connectionpool.py:544] http://localhost:3100 "POST /loki/api/v1/push HTTP/1.1" 204 0
2026-01-31 20:51:41 [   DEBUG] [connectionpool.py:544] http://localhost:3100 "POST /loki/api/v1/push HTTP/1.1" 204 0
2026-01-31 20:51:41 [   DEBUG] [connectionpool.py:544] http://localhost:3100 "POST /loki/api/v1/push HTTP/1.1" 204 0
2026-01-31 20:51:41 [   DEBUG] [connectionpool.py:544] http://localhost:3100 "POST /loki/api/v1/push HTTP/1.1" 204 0
2026-01-31 20:51:41 [   DEBUG] [connectionpool.py:544] http://localhost:3100 "POST /loki/api/v1/push HTTP/1.1" 204 0
2026-01-31 20:51:41 [   ERROR] [loki.py:42] Error message 4
2026-01-31 20:51:41 [   DEBUG] [connectionpool.py:544] http://localhost:3100 "POST /loki/api/v1/push HTTP/1.1" 204 0
2026-01-31 20:51:41 [   DEBUG] [connectionpool.py:544] http://localhost:3100 "POST /loki/api/v1/push HTTP/1.1" 204 0
2026-01-31 20:51:41 [   DEBUG] [connectionpool.py:544] http://localhost:3100 "POST /loki/api/v1/push HTTP/1.1" 204 0
2026-01-31 20:51:41 [   DEBUG] [connectionpool.py:544] http://localhost:3100 "POST /loki/api/v1/push HTTP/1.1" 204 0
2026-01-31 20:51:41 [   DEBUG] [connectionpool.py:544] http://localhost:3100 "POST /loki/api/v1/push HTTP/1.1" 204 0
2026-01-31 20:51:41 [   DEBUG] [connectionpool.py:544] http://localhost:3100 "POST /loki/api/v1/push HTTP/1.1" 204 0
2026-01-31 20:51:41 [   DEBUG] [connectionpool.py:544] http://localhost:3100 "POST /loki/api/v1/push HTTP/1.1" 204 0
2026-01-31 20:51:41 [   DEBUG] [connectionpool.py:544] http://localhost:3100 "POST /loki/api/v1/push HTTP/1.1" 204 0
2026-01-31 20:51:41 [   DEBUG] [connectionpool.py:544] http://localhost:3100 "POST /loki/api/v1/push HTTP/1.1" 204 0
2026-01-31 20:51:41 [   DEBUG] [connectionpool.py:544] http://localhost:3100 "POST /loki/api/v1/push HTTP/1.1" 204 0
2026-01-31 20:51:41 [CRITICAL] [loki.py:45] Critical message 4
2026-01-31 20:51:41 [   DEBUG] [connectionpool.py:544] http://localhost:3100 "POST /loki/api/v1/push HTTP/1.1" 204 0
2026-01-31 20:51:41 [   DEBUG] [connectionpool.py:544] http://localhost:3100 "POST /loki/api/v1/push HTTP/1.1" 204 0
2026-01-31 20:51:41 [   DEBUG] [connectionpool.py:544] http://localhost:3100 "POST /loki/api/v1/push HTTP/1.1" 204 0
2026-01-31 20:51:41 [   DEBUG] [connectionpool.py:544] http://localhost:3100 "POST /loki/api/v1/push HTTP/1.1" 204 0
2026-01-31 20:51:41 [   DEBUG] [connectionpool.py:544] http://localhost:3100 "POST /loki/api/v1/push HTTP/1.1" 204 0
2026-01-31 20:51:41 [   DEBUG] [connectionpool.py:544] http://localhost:3100 "POST /loki/api/v1/push HTTP/1.1" 204 0
2026-01-31 20:51:41 [   DEBUG] [connectionpool.py:544] http://localhost:3100 "POST /loki/api/v1/push HTTP/1.1" 204 0
2026-01-31 20:51:41 [   DEBUG] [connectionpool.py:544] http://localhost:3100 "POST /loki/api/v1/push HTTP/1.1" 204 0
2026-01-31 20:51:41 [   DEBUG] [connectionpool.py:544] http://localhost:3100 "POST /loki/api/v1/push HTTP/1.1" 204 0
2026-01-31 20:51:41 [   DEBUG] [connectionpool.py:544] http://localhost:3100 "POST /loki/api/v1/push HTTP/1.1" 204 0
2026-01-31 20:51:41 [    INFO] [loki.py:36] Info message 5
2026-01-31 20:51:41 [   DEBUG] [connectionpool.py:544] http://localhost:3100 "POST /loki/api/v1/push HTTP/1.1" 204 0
2026-01-31 20:51:41 [   DEBUG] [connectionpool.py:544] http://localhost:3100 "POST /loki/api/v1/push HTTP/1.1" 204 0
2026-01-31 20:51:41 [   DEBUG] [connectionpool.py:544] http://localhost:3100 "POST /loki/api/v1/push HTTP/1.1" 204 0
2026-01-31 20:51:41 [   DEBUG] [connectionpool.py:544] http://localhost:3100 "POST /loki/api/v1/push HTTP/1.1" 204 0
2026-01-31 20:51:41 [   DEBUG] [connectionpool.py:544] http://localhost:3100 "POST /loki/api/v1/push HTTP/1.1" 204 0
2026-01-31 20:51:41 [   DEBUG] [connectionpool.py:544] http://localhost:3100 "POST /loki/api/v1/push HTTP/1.1" 204 0
2026-01-31 20:51:41 [   DEBUG] [connectionpool.py:544] http://localhost:3100 "POST /loki/api/v1/push HTTP/1.1" 204 0
2026-01-31 20:51:41 [   DEBUG] [connectionpool.py:544] http://localhost:3100 "POST /loki/api/v1/push HTTP/1.1" 204 0
2026-01-31 20:51:41 [   DEBUG] [connectionpool.py:544] http://localhost:3100 "POST /loki/api/v1/push HTTP/1.1" 204 0
2026-01-31 20:51:41 [   DEBUG] [connectionpool.py:544] http://localhost:3100 "POST /loki/api/v1/push HTTP/1.1" 204 0
2026-01-31 20:51:41 [ WARNING] [loki.py:39] Warning message 5
2026-01-31 20:51:41 [   DEBUG] [connectionpool.py:544] http://localhost:3100 "POST /loki/api/v1/push HTTP/1.1" 204 0
2026-01-31 20:51:41 [   DEBUG] [connectionpool.py:544] http://localhost:3100 "POST /loki/api/v1/push HTTP/1.1" 204 0
2026-01-31 20:51:41 [   DEBUG] [connectionpool.py:544] http://localhost:3100 "POST /loki/api/v1/push HTTP/1.1" 204 0
2026-01-31 20:51:41 [   DEBUG] [connectionpool.py:544] http://localhost:3100 "POST /loki/api/v1/push HTTP/1.1" 204 0
2026-01-31 20:51:41 [   DEBUG] [connectionpool.py:544] http://localhost:3100 "POST /loki/api/v1/push HTTP/1.1" 204 0
2026-01-31 20:51:41 [   DEBUG] [connectionpool.py:544] http://localhost:3100 "POST /loki/api/v1/push HTTP/1.1" 204 0
2026-01-31 20:51:41 [   DEBUG] [connectionpool.py:544] http://localhost:3100 "POST /loki/api/v1/push HTTP/1.1" 204 0
2026-01-31 20:51:41 [   DEBUG] [connectionpool.py:544] http://localhost:3100 "POST /loki/api/v1/push HTTP/1.1" 204 0
2026-01-31 20:51:41 [   DEBUG] [connectionpool.py:544] http://localhost:3100 "POST /loki/api/v1/push HTTP/1.1" 204 0
2026-01-31 20:51:41 [   DEBUG] [connectionpool.py:544] http://localhost:3100 "POST /loki/api/v1/push HTTP/1.1" 204 0
2026-01-31 20:51:41 [   ERROR] [loki.py:42] Error message 5
2026-01-31 20:51:41 [   DEBUG] [connectionpool.py:544] http://localhost:3100 "POST /loki/api/v1/push HTTP/1.1" 204 0
2026-01-31 20:51:41 [   DEBUG] [connectionpool.py:544] http://localhost:3100 "POST /loki/api/v1/push HTTP/1.1" 204 0
2026-01-31 20:51:41 [   DEBUG] [connectionpool.py:544] http://localhost:3100 "POST /loki/api/v1/push HTTP/1.1" 204 0
2026-01-31 20:51:41 [   DEBUG] [connectionpool.py:544] http://localhost:3100 "POST /loki/api/v1/push HTTP/1.1" 204 0
2026-01-31 20:51:41 [   DEBUG] [connectionpool.py:544] http://localhost:3100 "POST /loki/api/v1/push HTTP/1.1" 204 0
2026-01-31 20:51:41 [   DEBUG] [connectionpool.py:544] http://localhost:3100 "POST /loki/api/v1/push HTTP/1.1" 204 0
2026-01-31 20:51:41 [   DEBUG] [connectionpool.py:544] http://localhost:3100 "POST /loki/api/v1/push HTTP/1.1" 204 0
2026-01-31 20:51:41 [   DEBUG] [connectionpool.py:544] http://localhost:3100 "POST /loki/api/v1/push HTTP/1.1" 204 0
2026-01-31 20:51:41 [   DEBUG] [connectionpool.py:544] http://localhost:3100 "POST /loki/api/v1/push HTTP/1.1" 204 0
2026-01-31 20:51:41 [   DEBUG] [connectionpool.py:544] http://localhost:3100 "POST /loki/api/v1/push HTTP/1.1" 204 0
2026-01-31 20:51:41 [CRITICAL] [loki.py:45] Critical message 5
2026-01-31 20:51:41 [   DEBUG] [connectionpool.py:544] http://localhost:3100 "POST /loki/api/v1/push HTTP/1.1" 204 0
2026-01-31 20:51:41 [   DEBUG] [connectionpool.py:544] http://localhost:3100 "POST /loki/api/v1/push HTTP/1.1" 204 0
2026-01-31 20:51:41 [   DEBUG] [connectionpool.py:544] http://localhost:3100 "POST /loki/api/v1/push HTTP/1.1" 204 0
2026-01-31 20:51:41 [   DEBUG] [connectionpool.py:544] http://localhost:3100 "POST /loki/api/v1/push HTTP/1.1" 204 0
2026-01-31 20:51:41 [   DEBUG] [connectionpool.py:544] http://localhost:3100 "POST /loki/api/v1/push HTTP/1.1" 204 0
2026-01-31 20:51:41 [   DEBUG] [connectionpool.py:544] http://localhost:3100 "POST /loki/api/v1/push HTTP/1.1" 204 0
2026-01-31 20:51:41 [   DEBUG] [connectionpool.py:544] http://localhost:3100 "POST /loki/api/v1/push HTTP/1.1" 204 0
2026-01-31 20:51:41 [   DEBUG] [connectionpool.py:544] http://localhost:3100 "POST /loki/api/v1/push HTTP/1.1" 204 0
2026-01-31 20:51:41 [   DEBUG] [connectionpool.py:544] http://localhost:3100 "POST /loki/api/v1/push HTTP/1.1" 204 0
2026-01-31 20:51:41 [   DEBUG] [connectionpool.py:544] http://localhost:3100 "POST /loki/api/v1/push HTTP/1.1" 204 0
2026-01-31 20:51:41 [    INFO] [loki.py:36] Info message 6
2026-01-31 20:51:41 [   DEBUG] [connectionpool.py:544] http://localhost:3100 "POST /loki/api/v1/push HTTP/1.1" 204 0
2026-01-31 20:51:41 [   DEBUG] [connectionpool.py:544] http://localhost:3100 "POST /loki/api/v1/push HTTP/1.1" 204 0
2026-01-31 20:51:41 [   DEBUG] [connectionpool.py:544] http://localhost:3100 "POST /loki/api/v1/push HTTP/1.1" 204 0
2026-01-31 20:51:41 [   DEBUG] [connectionpool.py:544] http://localhost:3100 "POST /loki/api/v1/push HTTP/1.1" 204 0
2026-01-31 20:51:41 [   DEBUG] [connectionpool.py:544] http://localhost:3100 "POST /loki/api/v1/push HTTP/1.1" 204 0
2026-01-31 20:51:41 [   DEBUG] [connectionpool.py:544] http://localhost:3100 "POST /loki/api/v1/push HTTP/1.1" 204 0
2026-01-31 20:51:41 [   DEBUG] [connectionpool.py:544] http://localhost:3100 "POST /loki/api/v1/push HTTP/1.1" 204 0
2026-01-31 20:51:41 [   DEBUG] [connectionpool.py:544] http://localhost:3100 "POST /loki/api/v1/push HTTP/1.1" 204 0
2026-01-31 20:51:41 [   DEBUG] [connectionpool.py:544] http://localhost:3100 "POST /loki/api/v1/push HTTP/1.1" 204 0
2026-01-31 20:51:41 [   DEBUG] [connectionpool.py:544] http://localhost:3100 "POST /loki/api/v1/push HTTP/1.1" 204 0
2026-01-31 20:51:41 [ WARNING] [loki.py:39] Warning message 6
2026-01-31 20:51:41 [   DEBUG] [connectionpool.py:544] http://localhost:3100 "POST /loki/api/v1/push HTTP/1.1" 204 0
2026-01-31 20:51:41 [   DEBUG] [connectionpool.py:544] http://localhost:3100 "POST /loki/api/v1/push HTTP/1.1" 204 0
2026-01-31 20:51:41 [   DEBUG] [connectionpool.py:544] http://localhost:3100 "POST /loki/api/v1/push HTTP/1.1" 204 0
2026-01-31 20:51:41 [   DEBUG] [connectionpool.py:544] http://localhost:3100 "POST /loki/api/v1/push HTTP/1.1" 204 0
2026-01-31 20:51:41 [   DEBUG] [connectionpool.py:544] http://localhost:3100 "POST /loki/api/v1/push HTTP/1.1" 204 0
2026-01-31 20:51:41 [   DEBUG] [connectionpool.py:544] http://localhost:3100 "POST /loki/api/v1/push HTTP/1.1" 204 0
2026-01-31 20:51:41 [   DEBUG] [connectionpool.py:544] http://localhost:3100 "POST /loki/api/v1/push HTTP/1.1" 204 0
2026-01-31 20:51:41 [   DEBUG] [connectionpool.py:544] http://localhost:3100 "POST /loki/api/v1/push HTTP/1.1" 204 0
2026-01-31 20:51:41 [   DEBUG] [connectionpool.py:544] http://localhost:3100 "POST /loki/api/v1/push HTTP/1.1" 204 0
2026-01-31 20:51:41 [   DEBUG] [connectionpool.py:544] http://localhost:3100 "POST /loki/api/v1/push HTTP/1.1" 204 0
2026-01-31 20:51:41 [   ERROR] [loki.py:42] Error message 6
2026-01-31 20:51:41 [   DEBUG] [connectionpool.py:544] http://localhost:3100 "POST /loki/api/v1/push HTTP/1.1" 204 0
2026-01-31 20:51:41 [   DEBUG] [connectionpool.py:544] http://localhost:3100 "POST /loki/api/v1/push HTTP/1.1" 204 0
2026-01-31 20:51:41 [   DEBUG] [connectionpool.py:544] http://localhost:3100 "POST /loki/api/v1/push HTTP/1.1" 204 0
2026-01-31 20:51:41 [   DEBUG] [connectionpool.py:544] http://localhost:3100 "POST /loki/api/v1/push HTTP/1.1" 204 0
2026-01-31 20:51:41 [   DEBUG] [connectionpool.py:544] http://localhost:3100 "POST /loki/api/v1/push HTTP/1.1" 204 0
2026-01-31 20:51:41 [   DEBUG] [connectionpool.py:544] http://localhost:3100 "POST /loki/api/v1/push HTTP/1.1" 204 0
2026-01-31 20:51:41 [   DEBUG] [connectionpool.py:544] http://localhost:3100 "POST /loki/api/v1/push HTTP/1.1" 204 0
2026-01-31 20:51:41 [   DEBUG] [connectionpool.py:544] http://localhost:3100 "POST /loki/api/v1/push HTTP/1.1" 204 0
2026-01-31 20:51:41 [   DEBUG] [connectionpool.py:544] http://localhost:3100 "POST /loki/api/v1/push HTTP/1.1" 204 0
2026-01-31 20:51:41 [   DEBUG] [connectionpool.py:544] http://localhost:3100 "POST /loki/api/v1/push HTTP/1.1" 204 0
2026-01-31 20:51:41 [CRITICAL] [loki.py:45] Critical message 6
2026-01-31 20:51:41 [   DEBUG] [connectionpool.py:544] http://localhost:3100 "POST /loki/api/v1/push HTTP/1.1" 204 0
2026-01-31 20:51:41 [   DEBUG] [connectionpool.py:544] http://localhost:3100 "POST /loki/api/v1/push HTTP/1.1" 204 0
2026-01-31 20:51:41 [   DEBUG] [connectionpool.py:544] http://localhost:3100 "POST /loki/api/v1/push HTTP/1.1" 204 0
2026-01-31 20:51:41 [   DEBUG] [connectionpool.py:544] http://localhost:3100 "POST /loki/api/v1/push HTTP/1.1" 204 0
2026-01-31 20:51:41 [   DEBUG] [connectionpool.py:544] http://localhost:3100 "POST /loki/api/v1/push HTTP/1.1" 204 0
2026-01-31 20:51:41 [   DEBUG] [connectionpool.py:544] http://localhost:3100 "POST /loki/api/v1/push HTTP/1.1" 204 0
2026-01-31 20:51:41 [   DEBUG] [connectionpool.py:544] http://localhost:3100 "POST /loki/api/v1/push HTTP/1.1" 204 0
2026-01-31 20:51:41 [   DEBUG] [connectionpool.py:544] http://localhost:3100 "POST /loki/api/v1/push HTTP/1.1" 204 0
2026-01-31 20:51:41 [   DEBUG] [connectionpool.py:544] http://localhost:3100 "POST /loki/api/v1/push HTTP/1.1" 204 0
2026-01-31 20:51:41 [   DEBUG] [connectionpool.py:544] http://localhost:3100 "POST /loki/api/v1/push HTTP/1.1" 204 0
2026-01-31 20:51:41 [    INFO] [loki.py:36] Info message 7
2026-01-31 20:51:41 [   DEBUG] [connectionpool.py:544] http://localhost:3100 "POST /loki/api/v1/push HTTP/1.1" 204 0
2026-01-31 20:51:41 [   DEBUG] [connectionpool.py:544] http://localhost:3100 "POST /loki/api/v1/push HTTP/1.1" 204 0
2026-01-31 20:51:41 [   DEBUG] [connectionpool.py:544] http://localhost:3100 "POST /loki/api/v1/push HTTP/1.1" 204 0
2026-01-31 20:51:41 [   DEBUG] [connectionpool.py:544] http://localhost:3100 "POST /loki/api/v1/push HTTP/1.1" 204 0
2026-01-31 20:51:41 [   DEBUG] [connectionpool.py:544] http://localhost:3100 "POST /loki/api/v1/push HTTP/1.1" 204 0
2026-01-31 20:51:41 [   DEBUG] [connectionpool.py:544] http://localhost:3100 "POST /loki/api/v1/push HTTP/1.1" 204 0
2026-01-31 20:51:41 [   DEBUG] [connectionpool.py:544] http://localhost:3100 "POST /loki/api/v1/push HTTP/1.1" 204 0
2026-01-31 20:51:41 [   DEBUG] [connectionpool.py:544] http://localhost:3100 "POST /loki/api/v1/push HTTP/1.1" 204 0
2026-01-31 20:51:41 [   DEBUG] [connectionpool.py:544] http://localhost:3100 "POST /loki/api/v1/push HTTP/1.1" 204 0
2026-01-31 20:51:41 [   DEBUG] [connectionpool.py:544] http://localhost:3100 "POST /loki/api/v1/push HTTP/1.1" 204 0
2026-01-31 20:51:41 [ WARNING] [loki.py:39] Warning message 7
2026-01-31 20:51:41 [   DEBUG] [connectionpool.py:544] http://localhost:3100 "POST /loki/api/v1/push HTTP/1.1" 204 0
2026-01-31 20:51:41 [   DEBUG] [connectionpool.py:544] http://localhost:3100 "POST /loki/api/v1/push HTTP/1.1" 204 0
2026-01-31 20:51:41 [   DEBUG] [connectionpool.py:544] http://localhost:3100 "POST /loki/api/v1/push HTTP/1.1" 204 0
2026-01-31 20:51:41 [   DEBUG] [connectionpool.py:544] http://localhost:3100 "POST /loki/api/v1/push HTTP/1.1" 204 0
2026-01-31 20:51:41 [   DEBUG] [connectionpool.py:544] http://localhost:3100 "POST /loki/api/v1/push HTTP/1.1" 204 0
2026-01-31 20:51:41 [   DEBUG] [connectionpool.py:544] http://localhost:3100 "POST /loki/api/v1/push HTTP/1.1" 204 0
2026-01-31 20:51:41 [   DEBUG] [connectionpool.py:544] http://localhost:3100 "POST /loki/api/v1/push HTTP/1.1" 204 0
2026-01-31 20:51:41 [   DEBUG] [connectionpool.py:544] http://localhost:3100 "POST /loki/api/v1/push HTTP/1.1" 204 0
2026-01-31 20:51:41 [   DEBUG] [connectionpool.py:544] http://localhost:3100 "POST /loki/api/v1/push HTTP/1.1" 204 0
2026-01-31 20:51:41 [   DEBUG] [connectionpool.py:544] http://localhost:3100 "POST /loki/api/v1/push HTTP/1.1" 204 0
2026-01-31 20:51:41 [   ERROR] [loki.py:42] Error message 7
2026-01-31 20:51:41 [   DEBUG] [connectionpool.py:544] http://localhost:3100 "POST /loki/api/v1/push HTTP/1.1" 204 0
2026-01-31 20:51:41 [   DEBUG] [connectionpool.py:544] http://localhost:3100 "POST /loki/api/v1/push HTTP/1.1" 204 0
2026-01-31 20:51:41 [   DEBUG] [connectionpool.py:544] http://localhost:3100 "POST /loki/api/v1/push HTTP/1.1" 204 0
2026-01-31 20:51:41 [   DEBUG] [connectionpool.py:544] http://localhost:3100 "POST /loki/api/v1/push HTTP/1.1" 204 0
2026-01-31 20:51:41 [   DEBUG] [connectionpool.py:544] http://localhost:3100 "POST /loki/api/v1/push HTTP/1.1" 204 0
2026-01-31 20:51:41 [   DEBUG] [connectionpool.py:544] http://localhost:3100 "POST /loki/api/v1/push HTTP/1.1" 204 0
2026-01-31 20:51:41 [   DEBUG] [connectionpool.py:544] http://localhost:3100 "POST /loki/api/v1/push HTTP/1.1" 204 0
2026-01-31 20:51:41 [   DEBUG] [connectionpool.py:544] http://localhost:3100 "POST /loki/api/v1/push HTTP/1.1" 204 0
2026-01-31 20:51:41 [   DEBUG] [connectionpool.py:544] http://localhost:3100 "POST /loki/api/v1/push HTTP/1.1" 204 0
2026-01-31 20:51:41 [   DEBUG] [connectionpool.py:544] http://localhost:3100 "POST /loki/api/v1/push HTTP/1.1" 204 0
2026-01-31 20:51:41 [CRITICAL] [loki.py:45] Critical message 7
2026-01-31 20:51:41 [   DEBUG] [connectionpool.py:544] http://localhost:3100 "POST /loki/api/v1/push HTTP/1.1" 204 0
2026-01-31 20:51:41 [   DEBUG] [connectionpool.py:544] http://localhost:3100 "POST /loki/api/v1/push HTTP/1.1" 204 0
2026-01-31 20:51:41 [   DEBUG] [connectionpool.py:544] http://localhost:3100 "POST /loki/api/v1/push HTTP/1.1" 204 0
2026-01-31 20:51:41 [   DEBUG] [connectionpool.py:544] http://localhost:3100 "POST /loki/api/v1/push HTTP/1.1" 204 0
2026-01-31 20:51:41 [   DEBUG] [connectionpool.py:544] http://localhost:3100 "POST /loki/api/v1/push HTTP/1.1" 204 0
2026-01-31 20:51:41 [   DEBUG] [connectionpool.py:544] http://localhost:3100 "POST /loki/api/v1/push HTTP/1.1" 204 0
2026-01-31 20:51:42 [   DEBUG] [connectionpool.py:544] http://localhost:3100 "POST /loki/api/v1/push HTTP/1.1" 204 0
2026-01-31 20:51:42 [   DEBUG] [connectionpool.py:544] http://localhost:3100 "POST /loki/api/v1/push HTTP/1.1" 204 0
2026-01-31 20:51:42 [   DEBUG] [connectionpool.py:544] http://localhost:3100 "POST /loki/api/v1/push HTTP/1.1" 204 0
2026-01-31 20:51:42 [   DEBUG] [connectionpool.py:544] http://localhost:3100 "POST /loki/api/v1/push HTTP/1.1" 204 0
2026-01-31 20:51:41 [    INFO] [loki.py:36] Info message 8
2026-01-31 20:51:42 [   DEBUG] [connectionpool.py:544] http://localhost:3100 "POST /loki/api/v1/push HTTP/1.1" 204 0
2026-01-31 20:51:42 [   DEBUG] [connectionpool.py:544] http://localhost:3100 "POST /loki/api/v1/push HTTP/1.1" 204 0
2026-01-31 20:51:42 [   DEBUG] [connectionpool.py:544] http://localhost:3100 "POST /loki/api/v1/push HTTP/1.1" 204 0
2026-01-31 20:51:42 [   DEBUG] [connectionpool.py:544] http://localhost:3100 "POST /loki/api/v1/push HTTP/1.1" 204 0
2026-01-31 20:51:42 [   DEBUG] [connectionpool.py:544] http://localhost:3100 "POST /loki/api/v1/push HTTP/1.1" 204 0
2026-01-31 20:51:42 [   DEBUG] [connectionpool.py:544] http://localhost:3100 "POST /loki/api/v1/push HTTP/1.1" 204 0
2026-01-31 20:51:42 [   DEBUG] [connectionpool.py:544] http://localhost:3100 "POST /loki/api/v1/push HTTP/1.1" 204 0
2026-01-31 20:51:42 [   DEBUG] [connectionpool.py:544] http://localhost:3100 "POST /loki/api/v1/push HTTP/1.1" 204 0
2026-01-31 20:51:42 [   DEBUG] [connectionpool.py:544] http://localhost:3100 "POST /loki/api/v1/push HTTP/1.1" 204 0
2026-01-31 20:51:42 [   DEBUG] [connectionpool.py:544] http://localhost:3100 "POST /loki/api/v1/push HTTP/1.1" 204 0
2026-01-31 20:51:42 [ WARNING] [loki.py:39] Warning message 8
2026-01-31 20:51:42 [   DEBUG] [connectionpool.py:544] http://localhost:3100 "POST /loki/api/v1/push HTTP/1.1" 204 0
2026-01-31 20:51:42 [   DEBUG] [connectionpool.py:544] http://localhost:3100 "POST /loki/api/v1/push HTTP/1.1" 204 0
2026-01-31 20:51:42 [   DEBUG] [connectionpool.py:544] http://localhost:3100 "POST /loki/api/v1/push HTTP/1.1" 204 0
2026-01-31 20:51:42 [   DEBUG] [connectionpool.py:544] http://localhost:3100 "POST /loki/api/v1/push HTTP/1.1" 204 0
2026-01-31 20:51:42 [   DEBUG] [connectionpool.py:544] http://localhost:3100 "POST /loki/api/v1/push HTTP/1.1" 204 0
2026-01-31 20:51:42 [   DEBUG] [connectionpool.py:544] http://localhost:3100 "POST /loki/api/v1/push HTTP/1.1" 204 0
2026-01-31 20:51:42 [   DEBUG] [connectionpool.py:544] http://localhost:3100 "POST /loki/api/v1/push HTTP/1.1" 204 0
2026-01-31 20:51:42 [   DEBUG] [connectionpool.py:544] http://localhost:3100 "POST /loki/api/v1/push HTTP/1.1" 204 0
2026-01-31 20:51:42 [   DEBUG] [connectionpool.py:544] http://localhost:3100 "POST /loki/api/v1/push HTTP/1.1" 204 0
2026-01-31 20:51:42 [   DEBUG] [connectionpool.py:544] http://localhost:3100 "POST /loki/api/v1/push HTTP/1.1" 204 0
2026-01-31 20:51:42 [   ERROR] [loki.py:42] Error message 8
2026-01-31 20:51:42 [   DEBUG] [connectionpool.py:544] http://localhost:3100 "POST /loki/api/v1/push HTTP/1.1" 204 0
2026-01-31 20:51:42 [   DEBUG] [connectionpool.py:544] http://localhost:3100 "POST /loki/api/v1/push HTTP/1.1" 204 0
2026-01-31 20:51:42 [   DEBUG] [connectionpool.py:544] http://localhost:3100 "POST /loki/api/v1/push HTTP/1.1" 204 0
2026-01-31 20:51:42 [   DEBUG] [connectionpool.py:544] http://localhost:3100 "POST /loki/api/v1/push HTTP/1.1" 204 0
2026-01-31 20:51:42 [   DEBUG] [connectionpool.py:544] http://localhost:3100 "POST /loki/api/v1/push HTTP/1.1" 204 0
2026-01-31 20:51:42 [   DEBUG] [connectionpool.py:544] http://localhost:3100 "POST /loki/api/v1/push HTTP/1.1" 204 0
2026-01-31 20:51:42 [   DEBUG] [connectionpool.py:544] http://localhost:3100 "POST /loki/api/v1/push HTTP/1.1" 204 0
2026-01-31 20:51:42 [   DEBUG] [connectionpool.py:544] http://localhost:3100 "POST /loki/api/v1/push HTTP/1.1" 204 0
2026-01-31 20:51:42 [   DEBUG] [connectionpool.py:544] http://localhost:3100 "POST /loki/api/v1/push HTTP/1.1" 204 0
2026-01-31 20:51:42 [   DEBUG] [connectionpool.py:544] http://localhost:3100 "POST /loki/api/v1/push HTTP/1.1" 204 0
2026-01-31 20:51:42 [CRITICAL] [loki.py:45] Critical message 8
2026-01-31 20:51:42 [   DEBUG] [connectionpool.py:544] http://localhost:3100 "POST /loki/api/v1/push HTTP/1.1" 204 0
2026-01-31 20:51:42 [   DEBUG] [connectionpool.py:544] http://localhost:3100 "POST /loki/api/v1/push HTTP/1.1" 204 0
2026-01-31 20:51:42 [   DEBUG] [connectionpool.py:544] http://localhost:3100 "POST /loki/api/v1/push HTTP/1.1" 204 0
2026-01-31 20:51:42 [   DEBUG] [connectionpool.py:544] http://localhost:3100 "POST /loki/api/v1/push HTTP/1.1" 204 0
2026-01-31 20:51:42 [   DEBUG] [connectionpool.py:544] http://localhost:3100 "POST /loki/api/v1/push HTTP/1.1" 204 0
2026-01-31 20:51:42 [   DEBUG] [connectionpool.py:544] http://localhost:3100 "POST /loki/api/v1/push HTTP/1.1" 204 0
2026-01-31 20:51:42 [   DEBUG] [connectionpool.py:544] http://localhost:3100 "POST /loki/api/v1/push HTTP/1.1" 204 0
2026-01-31 20:51:42 [   DEBUG] [connectionpool.py:544] http://localhost:3100 "POST /loki/api/v1/push HTTP/1.1" 204 0
2026-01-31 20:51:42 [   DEBUG] [connectionpool.py:544] http://localhost:3100 "POST /loki/api/v1/push HTTP/1.1" 204 0
2026-01-31 20:51:42 [   DEBUG] [connectionpool.py:544] http://localhost:3100 "POST /loki/api/v1/push HTTP/1.1" 204 0
2026-01-31 20:51:42 [    INFO] [loki.py:36] Info message 9
2026-01-31 20:51:42 [   DEBUG] [connectionpool.py:544] http://localhost:3100 "POST /loki/api/v1/push HTTP/1.1" 204 0
2026-01-31 20:51:42 [   DEBUG] [connectionpool.py:544] http://localhost:3100 "POST /loki/api/v1/push HTTP/1.1" 204 0
2026-01-31 20:51:42 [   DEBUG] [connectionpool.py:544] http://localhost:3100 "POST /loki/api/v1/push HTTP/1.1" 204 0
2026-01-31 20:51:42 [   DEBUG] [connectionpool.py:544] http://localhost:3100 "POST /loki/api/v1/push HTTP/1.1" 204 0
2026-01-31 20:51:42 [   DEBUG] [connectionpool.py:544] http://localhost:3100 "POST /loki/api/v1/push HTTP/1.1" 204 0
2026-01-31 20:51:42 [   DEBUG] [connectionpool.py:544] http://localhost:3100 "POST /loki/api/v1/push HTTP/1.1" 204 0
2026-01-31 20:51:42 [   DEBUG] [connectionpool.py:544] http://localhost:3100 "POST /loki/api/v1/push HTTP/1.1" 204 0
2026-01-31 20:51:42 [   DEBUG] [connectionpool.py:544] http://localhost:3100 "POST /loki/api/v1/push HTTP/1.1" 204 0
2026-01-31 20:51:42 [   DEBUG] [connectionpool.py:544] http://localhost:3100 "POST /loki/api/v1/push HTTP/1.1" 204 0
2026-01-31 20:51:42 [   DEBUG] [connectionpool.py:544] http://localhost:3100 "POST /loki/api/v1/push HTTP/1.1" 204 0
2026-01-31 20:51:42 [ WARNING] [loki.py:39] Warning message 9
2026-01-31 20:51:42 [   DEBUG] [connectionpool.py:544] http://localhost:3100 "POST /loki/api/v1/push HTTP/1.1" 204 0
2026-01-31 20:51:42 [   DEBUG] [connectionpool.py:544] http://localhost:3100 "POST /loki/api/v1/push HTTP/1.1" 204 0
2026-01-31 20:51:42 [   DEBUG] [connectionpool.py:544] http://localhost:3100 "POST /loki/api/v1/push HTTP/1.1" 204 0
2026-01-31 20:51:42 [   DEBUG] [connectionpool.py:544] http://localhost:3100 "POST /loki/api/v1/push HTTP/1.1" 204 0
2026-01-31 20:51:42 [   DEBUG] [connectionpool.py:544] http://localhost:3100 "POST /loki/api/v1/push HTTP/1.1" 204 0
2026-01-31 20:51:42 [   DEBUG] [connectionpool.py:544] http://localhost:3100 "POST /loki/api/v1/push HTTP/1.1" 204 0
2026-01-31 20:51:42 [   DEBUG] [connectionpool.py:544] http://localhost:3100 "POST /loki/api/v1/push HTTP/1.1" 204 0
2026-01-31 20:51:42 [   DEBUG] [connectionpool.py:544] http://localhost:3100 "POST /loki/api/v1/push HTTP/1.1" 204 0
2026-01-31 20:51:42 [   DEBUG] [connectionpool.py:544] http://localhost:3100 "POST /loki/api/v1/push HTTP/1.1" 204 0
2026-01-31 20:51:42 [   DEBUG] [connectionpool.py:544] http://localhost:3100 "POST /loki/api/v1/push HTTP/1.1" 204 0
2026-01-31 20:51:42 [   ERROR] [loki.py:42] Error message 9
2026-01-31 20:51:42 [   DEBUG] [connectionpool.py:544] http://localhost:3100 "POST /loki/api/v1/push HTTP/1.1" 204 0
2026-01-31 20:51:42 [   DEBUG] [connectionpool.py:544] http://localhost:3100 "POST /loki/api/v1/push HTTP/1.1" 204 0
2026-01-31 20:51:42 [   DEBUG] [connectionpool.py:544] http://localhost:3100 "POST /loki/api/v1/push HTTP/1.1" 204 0
2026-01-31 20:51:42 [   DEBUG] [connectionpool.py:544] http://localhost:3100 "POST /loki/api/v1/push HTTP/1.1" 204 0
2026-01-31 20:51:42 [   DEBUG] [connectionpool.py:544] http://localhost:3100 "POST /loki/api/v1/push HTTP/1.1" 204 0
2026-01-31 20:51:42 [   DEBUG] [connectionpool.py:544] http://localhost:3100 "POST /loki/api/v1/push HTTP/1.1" 204 0
2026-01-31 20:51:42 [   DEBUG] [connectionpool.py:544] http://localhost:3100 "POST /loki/api/v1/push HTTP/1.1" 204 0
2026-01-31 20:51:42 [   DEBUG] [connectionpool.py:544] http://localhost:3100 "POST /loki/api/v1/push HTTP/1.1" 204 0
2026-01-31 20:51:42 [   DEBUG] [connectionpool.py:544] http://localhost:3100 "POST /loki/api/v1/push HTTP/1.1" 204 0
2026-01-31 20:51:42 [   DEBUG] [connectionpool.py:544] http://localhost:3100 "POST /loki/api/v1/push HTTP/1.1" 204 0
2026-01-31 20:51:42 [CRITICAL] [loki.py:45] Critical message 9
2026-01-31 20:51:42 [   DEBUG] [connectionpool.py:544] http://localhost:3100 "POST /loki/api/v1/push HTTP/1.1" 204 0
2026-01-31 20:51:42 [   DEBUG] [connectionpool.py:544] http://localhost:3100 "POST /loki/api/v1/push HTTP/1.1" 204 0
2026-01-31 20:51:42 [   DEBUG] [connectionpool.py:544] http://localhost:3100 "POST /loki/api/v1/push HTTP/1.1" 204 0
2026-01-31 20:51:42 [   DEBUG] [connectionpool.py:544] http://localhost:3100 "POST /loki/api/v1/push HTTP/1.1" 204 0
2026-01-31 20:51:42 [   DEBUG] [connectionpool.py:544] http://localhost:3100 "POST /loki/api/v1/push HTTP/1.1" 204 0
2026-01-31 20:51:42 [   DEBUG] [connectionpool.py:544] http://localhost:3100 "POST /loki/api/v1/push HTTP/1.1" 204 0
2026-01-31 20:51:42 [   DEBUG] [connectionpool.py:544] http://localhost:3100 "POST /loki/api/v1/push HTTP/1.1" 204 0
2026-01-31 20:51:42 [   DEBUG] [connectionpool.py:544] http://localhost:3100 "POST /loki/api/v1/push HTTP/1.1" 204 0
2026-01-31 20:51:42 [   DEBUG] [connectionpool.py:544] http://localhost:3100 "POST /loki/api/v1/push HTTP/1.1" 204 0
2026-01-31 20:51:42 [   DEBUG] [connectionpool.py:544] http://localhost:3100 "POST /loki/api/v1/push HTTP/1.1" 204 0
2026-01-31 20:51:42 [    INFO] [loki.py:36] Info message 10
2026-01-31 20:51:42 [   DEBUG] [connectionpool.py:544] http://localhost:3100 "POST /loki/api/v1/push HTTP/1.1" 204 0
2026-01-31 20:51:42 [   DEBUG] [connectionpool.py:544] http://localhost:3100 "POST /loki/api/v1/push HTTP/1.1" 204 0
2026-01-31 20:51:42 [   DEBUG] [connectionpool.py:544] http://localhost:3100 "POST /loki/api/v1/push HTTP/1.1" 204 0
2026-01-31 20:51:42 [   DEBUG] [connectionpool.py:544] http://localhost:3100 "POST /loki/api/v1/push HTTP/1.1" 204 0
2026-01-31 20:51:42 [   DEBUG] [connectionpool.py:544] http://localhost:3100 "POST /loki/api/v1/push HTTP/1.1" 204 0
2026-01-31 20:51:42 [   DEBUG] [connectionpool.py:544] http://localhost:3100 "POST /loki/api/v1/push HTTP/1.1" 204 0
2026-01-31 20:51:42 [   DEBUG] [connectionpool.py:544] http://localhost:3100 "POST /loki/api/v1/push HTTP/1.1" 204 0
2026-01-31 20:51:42 [   DEBUG] [connectionpool.py:544] http://localhost:3100 "POST /loki/api/v1/push HTTP/1.1" 204 0
2026-01-31 20:51:42 [   DEBUG] [connectionpool.py:544] http://localhost:3100 "POST /loki/api/v1/push HTTP/1.1" 204 0
2026-01-31 20:51:42 [   DEBUG] [connectionpool.py:544] http://localhost:3100 "POST /loki/api/v1/push HTTP/1.1" 204 0
2026-01-31 20:51:42 [ WARNING] [loki.py:39] Warning message 10
2026-01-31 20:51:42 [   DEBUG] [connectionpool.py:544] http://localhost:3100 "POST /loki/api/v1/push HTTP/1.1" 204 0
2026-01-31 20:51:42 [   DEBUG] [connectionpool.py:544] http://localhost:3100 "POST /loki/api/v1/push HTTP/1.1" 204 0
2026-01-31 20:51:42 [   DEBUG] [connectionpool.py:544] http://localhost:3100 "POST /loki/api/v1/push HTTP/1.1" 204 0
2026-01-31 20:51:42 [   DEBUG] [connectionpool.py:544] http://localhost:3100 "POST /loki/api/v1/push HTTP/1.1" 204 0
2026-01-31 20:51:42 [   DEBUG] [connectionpool.py:544] http://localhost:3100 "POST /loki/api/v1/push HTTP/1.1" 204 0
2026-01-31 20:51:42 [   DEBUG] [connectionpool.py:544] http://localhost:3100 "POST /loki/api/v1/push HTTP/1.1" 204 0
2026-01-31 20:51:42 [   DEBUG] [connectionpool.py:544] http://localhost:3100 "POST /loki/api/v1/push HTTP/1.1" 204 0
2026-01-31 20:51:42 [   DEBUG] [connectionpool.py:544] http://localhost:3100 "POST /loki/api/v1/push HTTP/1.1" 204 0
2026-01-31 20:51:42 [   DEBUG] [connectionpool.py:544] http://localhost:3100 "POST /loki/api/v1/push HTTP/1.1" 204 0
2026-01-31 20:51:42 [   DEBUG] [connectionpool.py:544] http://localhost:3100 "POST /loki/api/v1/push HTTP/1.1" 204 0
2026-01-31 20:51:42 [   ERROR] [loki.py:42] Error message 10
2026-01-31 20:51:42 [   DEBUG] [connectionpool.py:544] http://localhost:3100 "POST /loki/api/v1/push HTTP/1.1" 204 0
2026-01-31 20:51:42 [   DEBUG] [connectionpool.py:544] http://localhost:3100 "POST /loki/api/v1/push HTTP/1.1" 204 0
2026-01-31 20:51:42 [   DEBUG] [connectionpool.py:544] http://localhost:3100 "POST /loki/api/v1/push HTTP/1.1" 204 0
2026-01-31 20:51:42 [   DEBUG] [connectionpool.py:544] http://localhost:3100 "POST /loki/api/v1/push HTTP/1.1" 204 0
2026-01-31 20:51:42 [   DEBUG] [connectionpool.py:544] http://localhost:3100 "POST /loki/api/v1/push HTTP/1.1" 204 0
2026-01-31 20:51:42 [   DEBUG] [connectionpool.py:544] http://localhost:3100 "POST /loki/api/v1/push HTTP/1.1" 204 0
2026-01-31 20:51:42 [   DEBUG] [connectionpool.py:544] http://localhost:3100 "POST /loki/api/v1/push HTTP/1.1" 204 0
2026-01-31 20:51:42 [   DEBUG] [connectionpool.py:544] http://localhost:3100 "POST /loki/api/v1/push HTTP/1.1" 204 0
2026-01-31 20:51:42 [   DEBUG] [connectionpool.py:544] http://localhost:3100 "POST /loki/api/v1/push HTTP/1.1" 204 0
2026-01-31 20:51:42 [   DEBUG] [connectionpool.py:544] http://localhost:3100 "POST /loki/api/v1/push HTTP/1.1" 204 0
2026-01-31 20:51:42 [CRITICAL] [loki.py:45] Critical message 10
2026-01-31 20:51:42 [   DEBUG] [connectionpool.py:544] http://localhost:3100 "POST /loki/api/v1/push HTTP/1.1" 204 0
2026-01-31 20:51:42 [   DEBUG] [connectionpool.py:544] http://localhost:3100 "POST /loki/api/v1/push HTTP/1.1" 204 0
2026-01-31 20:51:42 [   DEBUG] [connectionpool.py:544] http://localhost:3100 "POST /loki/api/v1/push HTTP/1.1" 204 0
2026-01-31 20:51:42 [   DEBUG] [connectionpool.py:544] http://localhost:3100 "POST /loki/api/v1/push HTTP/1.1" 204 0
2026-01-31 20:51:42 [   DEBUG] [connectionpool.py:544] http://localhost:3100 "POST /loki/api/v1/push HTTP/1.1" 204 0
2026-01-31 20:51:42 [   DEBUG] [connectionpool.py:544] http://localhost:3100 "POST /loki/api/v1/push HTTP/1.1" 204 0
2026-01-31 20:51:42 [   DEBUG] [connectionpool.py:544] http://localhost:3100 "POST /loki/api/v1/push HTTP/1.1" 204 0
2026-01-31 20:51:42 [   DEBUG] [connectionpool.py:544] http://localhost:3100 "POST /loki/api/v1/push HTTP/1.1" 204 0
2026-01-31 20:51:42 [   DEBUG] [connectionpool.py:544] http://localhost:3100 "POST /loki/api/v1/push HTTP/1.1" 204 0
2026-01-31 20:51:42 [   DEBUG] [connectionpool.py:544] http://localhost:3100 "POST /loki/api/v1/push HTTP/1.1" 204 0
2026-01-31 20:51:42 [    INFO] [loki.py:36] Info message 11
2026-01-31 20:51:42 [   DEBUG] [connectionpool.py:544] http://localhost:3100 "POST /loki/api/v1/push HTTP/1.1" 204 0
2026-01-31 20:51:42 [   DEBUG] [connectionpool.py:544] http://localhost:3100 "POST /loki/api/v1/push HTTP/1.1" 204 0
2026-01-31 20:51:42 [   DEBUG] [connectionpool.py:544] http://localhost:3100 "POST /loki/api/v1/push HTTP/1.1" 204 0
2026-01-31 20:51:42 [   DEBUG] [connectionpool.py:544] http://localhost:3100 "POST /loki/api/v1/push HTTP/1.1" 204 0
2026-01-31 20:51:42 [   DEBUG] [connectionpool.py:544] http://localhost:3100 "POST /loki/api/v1/push HTTP/1.1" 204 0
2026-01-31 20:51:42 [   DEBUG] [connectionpool.py:544] http://localhost:3100 "POST /loki/api/v1/push HTTP/1.1" 204 0
2026-01-31 20:51:42 [   DEBUG] [connectionpool.py:544] http://localhost:3100 "POST /loki/api/v1/push HTTP/1.1" 204 0
2026-01-31 20:51:42 [   DEBUG] [connectionpool.py:544] http://localhost:3100 "POST /loki/api/v1/push HTTP/1.1" 204 0
2026-01-31 20:51:42 [   DEBUG] [connectionpool.py:544] http://localhost:3100 "POST /loki/api/v1/push HTTP/1.1" 204 0
2026-01-31 20:51:42 [   DEBUG] [connectionpool.py:544] http://localhost:3100 "POST /loki/api/v1/push HTTP/1.1" 204 0
2026-01-31 20:51:42 [ WARNING] [loki.py:39] Warning message 11
2026-01-31 20:51:42 [   DEBUG] [connectionpool.py:544] http://localhost:3100 "POST /loki/api/v1/push HTTP/1.1" 204 0
2026-01-31 20:51:42 [   DEBUG] [connectionpool.py:544] http://localhost:3100 "POST /loki/api/v1/push HTTP/1.1" 204 0
2026-01-31 20:51:42 [   DEBUG] [connectionpool.py:544] http://localhost:3100 "POST /loki/api/v1/push HTTP/1.1" 204 0
2026-01-31 20:51:42 [   DEBUG] [connectionpool.py:544] http://localhost:3100 "POST /loki/api/v1/push HTTP/1.1" 204 0
2026-01-31 20:51:42 [   DEBUG] [connectionpool.py:544] http://localhost:3100 "POST /loki/api/v1/push HTTP/1.1" 204 0
2026-01-31 20:51:42 [   DEBUG] [connectionpool.py:544] http://localhost:3100 "POST /loki/api/v1/push HTTP/1.1" 204 0
2026-01-31 20:51:42 [   DEBUG] [connectionpool.py:544] http://localhost:3100 "POST /loki/api/v1/push HTTP/1.1" 204 0
2026-01-31 20:51:42 [   DEBUG] [connectionpool.py:544] http://localhost:3100 "POST /loki/api/v1/push HTTP/1.1" 204 0
2026-01-31 20:51:42 [   DEBUG] [connectionpool.py:544] http://localhost:3100 "POST /loki/api/v1/push HTTP/1.1" 204 0
2026-01-31 20:51:42 [   DEBUG] [connectionpool.py:544] http://localhost:3100 "POST /loki/api/v1/push HTTP/1.1" 204 0
2026-01-31 20:51:42 [   ERROR] [loki.py:42] Error message 11
2026-01-31 20:51:42 [   DEBUG] [connectionpool.py:544] http://localhost:3100 "POST /loki/api/v1/push HTTP/1.1" 204 0
2026-01-31 20:51:42 [   DEBUG] [connectionpool.py:544] http://localhost:3100 "POST /loki/api/v1/push HTTP/1.1" 204 0
2026-01-31 20:51:42 [   DEBUG] [connectionpool.py:544] http://localhost:3100 "POST /loki/api/v1/push HTTP/1.1" 204 0
2026-01-31 20:51:42 [   DEBUG] [connectionpool.py:544] http://localhost:3100 "POST /loki/api/v1/push HTTP/1.1" 204 0
2026-01-31 20:51:42 [   DEBUG] [connectionpool.py:544] http://localhost:3100 "POST /loki/api/v1/push HTTP/1.1" 204 0
2026-01-31 20:51:42 [   DEBUG] [connectionpool.py:544] http://localhost:3100 "POST /loki/api/v1/push HTTP/1.1" 204 0
2026-01-31 20:51:42 [   DEBUG] [connectionpool.py:544] http://localhost:3100 "POST /loki/api/v1/push HTTP/1.1" 204 0
2026-01-31 20:51:42 [   DEBUG] [connectionpool.py:544] http://localhost:3100 "POST /loki/api/v1/push HTTP/1.1" 204 0
2026-01-31 20:51:42 [   DEBUG] [connectionpool.py:544] http://localhost:3100 "POST /loki/api/v1/push HTTP/1.1" 204 0
2026-01-31 20:51:42 [   DEBUG] [connectionpool.py:544] http://localhost:3100 "POST /loki/api/v1/push HTTP/1.1" 204 0
2026-01-31 20:51:42 [CRITICAL] [loki.py:45] Critical message 11
2026-01-31 20:51:42 [   DEBUG] [connectionpool.py:544] http://localhost:3100 "POST /loki/api/v1/push HTTP/1.1" 204 0
2026-01-31 20:51:42 [   DEBUG] [connectionpool.py:544] http://localhost:3100 "POST /loki/api/v1/push HTTP/1.1" 204 0
2026-01-31 20:51:42 [   DEBUG] [connectionpool.py:544] http://localhost:3100 "POST /loki/api/v1/push HTTP/1.1" 204 0
2026-01-31 20:51:42 [   DEBUG] [connectionpool.py:544] http://localhost:3100 "POST /loki/api/v1/push HTTP/1.1" 204 0
2026-01-31 20:51:42 [   DEBUG] [connectionpool.py:544] http://localhost:3100 "POST /loki/api/v1/push HTTP/1.1" 204 0
2026-01-31 20:51:42 [   DEBUG] [connectionpool.py:544] http://localhost:3100 "POST /loki/api/v1/push HTTP/1.1" 204 0
2026-01-31 20:51:42 [   DEBUG] [connectionpool.py:544] http://localhost:3100 "POST /loki/api/v1/push HTTP/1.1" 204 0
2026-01-31 20:51:42 [   DEBUG] [connectionpool.py:544] http://localhost:3100 "POST /loki/api/v1/push HTTP/1.1" 204 0
2026-01-31 20:51:42 [   DEBUG] [connectionpool.py:544] http://localhost:3100 "POST /loki/api/v1/push HTTP/1.1" 204 0
2026-01-31 20:51:42 [   DEBUG] [connectionpool.py:544] http://localhost:3100 "POST /loki/api/v1/push HTTP/1.1" 204 0
2026-01-31 20:51:42 [    INFO] [loki.py:36] Info message 12
2026-01-31 20:51:42 [   DEBUG] [connectionpool.py:544] http://localhost:3100 "POST /loki/api/v1/push HTTP/1.1" 204 0
2026-01-31 20:51:42 [   DEBUG] [connectionpool.py:544] http://localhost:3100 "POST /loki/api/v1/push HTTP/1.1" 204 0
2026-01-31 20:51:42 [   DEBUG] [connectionpool.py:544] http://localhost:3100 "POST /loki/api/v1/push HTTP/1.1" 204 0
2026-01-31 20:51:42 [   DEBUG] [connectionpool.py:544] http://localhost:3100 "POST /loki/api/v1/push HTTP/1.1" 204 0
2026-01-31 20:51:42 [   DEBUG] [connectionpool.py:544] http://localhost:3100 "POST /loki/api/v1/push HTTP/1.1" 204 0
2026-01-31 20:51:42 [   DEBUG] [connectionpool.py:544] http://localhost:3100 "POST /loki/api/v1/push HTTP/1.1" 204 0
2026-01-31 20:51:42 [   DEBUG] [connectionpool.py:544] http://localhost:3100 "POST /loki/api/v1/push HTTP/1.1" 204 0
2026-01-31 20:51:42 [   DEBUG] [connectionpool.py:544] http://localhost:3100 "POST /loki/api/v1/push HTTP/1.1" 204 0
2026-01-31 20:51:42 [   DEBUG] [connectionpool.py:544] http://localhost:3100 "POST /loki/api/v1/push HTTP/1.1" 204 0
2026-01-31 20:51:42 [   DEBUG] [connectionpool.py:544] http://localhost:3100 "POST /loki/api/v1/push HTTP/1.1" 204 0
2026-01-31 20:51:42 [ WARNING] [loki.py:39] Warning message 12
2026-01-31 20:51:42 [   DEBUG] [connectionpool.py:544] http://localhost:3100 "POST /loki/api/v1/push HTTP/1.1" 204 0
2026-01-31 20:51:42 [   DEBUG] [connectionpool.py:544] http://localhost:3100 "POST /loki/api/v1/push HTTP/1.1" 204 0
2026-01-31 20:51:42 [   DEBUG] [connectionpool.py:544] http://localhost:3100 "POST /loki/api/v1/push HTTP/1.1" 204 0
2026-01-31 20:51:42 [   DEBUG] [connectionpool.py:544] http://localhost:3100 "POST /loki/api/v1/push HTTP/1.1" 204 0
2026-01-31 20:51:42 [   DEBUG] [connectionpool.py:544] http://localhost:3100 "POST /loki/api/v1/push HTTP/1.1" 204 0
2026-01-31 20:51:42 [   DEBUG] [connectionpool.py:544] http://localhost:3100 "POST /loki/api/v1/push HTTP/1.1" 204 0
2026-01-31 20:51:42 [   DEBUG] [connectionpool.py:544] http://localhost:3100 "POST /loki/api/v1/push HTTP/1.1" 204 0
2026-01-31 20:51:42 [   DEBUG] [connectionpool.py:544] http://localhost:3100 "POST /loki/api/v1/push HTTP/1.1" 204 0
2026-01-31 20:51:42 [   DEBUG] [connectionpool.py:544] http://localhost:3100 "POST /loki/api/v1/push HTTP/1.1" 204 0
2026-01-31 20:51:42 [   DEBUG] [connectionpool.py:544] http://localhost:3100 "POST /loki/api/v1/push HTTP/1.1" 204 0
2026-01-31 20:51:42 [   ERROR] [loki.py:42] Error message 12
2026-01-31 20:51:42 [   DEBUG] [connectionpool.py:544] http://localhost:3100 "POST /loki/api/v1/push HTTP/1.1" 204 0
2026-01-31 20:51:42 [   DEBUG] [connectionpool.py:544] http://localhost:3100 "POST /loki/api/v1/push HTTP/1.1" 204 0
2026-01-31 20:51:42 [   DEBUG] [connectionpool.py:544] http://localhost:3100 "POST /loki/api/v1/push HTTP/1.1" 204 0
2026-01-31 20:51:42 [   DEBUG] [connectionpool.py:544] http://localhost:3100 "POST /loki/api/v1/push HTTP/1.1" 204 0
2026-01-31 20:51:42 [   DEBUG] [connectionpool.py:544] http://localhost:3100 "POST /loki/api/v1/push HTTP/1.1" 204 0
2026-01-31 20:51:42 [   DEBUG] [connectionpool.py:544] http://localhost:3100 "POST /loki/api/v1/push HTTP/1.1" 204 0
2026-01-31 20:51:42 [   DEBUG] [connectionpool.py:544] http://localhost:3100 "POST /loki/api/v1/push HTTP/1.1" 204 0
2026-01-31 20:51:42 [   DEBUG] [connectionpool.py:544] http://localhost:3100 "POST /loki/api/v1/push HTTP/1.1" 204 0
2026-01-31 20:51:42 [   DEBUG] [connectionpool.py:544] http://localhost:3100 "POST /loki/api/v1/push HTTP/1.1" 204 0
2026-01-31 20:51:42 [   DEBUG] [connectionpool.py:544] http://localhost:3100 "POST /loki/api/v1/push HTTP/1.1" 204 0
2026-01-31 20:51:42 [CRITICAL] [loki.py:45] Critical message 12
2026-01-31 20:51:42 [   DEBUG] [connectionpool.py:544] http://localhost:3100 "POST /loki/api/v1/push HTTP/1.1" 204 0
2026-01-31 20:51:42 [   DEBUG] [connectionpool.py:544] http://localhost:3100 "POST /loki/api/v1/push HTTP/1.1" 204 0
2026-01-31 20:51:42 [   DEBUG] [connectionpool.py:544] http://localhost:3100 "POST /loki/api/v1/push HTTP/1.1" 204 0
2026-01-31 20:51:42 [   DEBUG] [connectionpool.py:544] http://localhost:3100 "POST /loki/api/v1/push HTTP/1.1" 204 0
2026-01-31 20:51:42 [   DEBUG] [connectionpool.py:544] http://localhost:3100 "POST /loki/api/v1/push HTTP/1.1" 204 0
2026-01-31 20:51:42 [   DEBUG] [connectionpool.py:544] http://localhost:3100 "POST /loki/api/v1/push HTTP/1.1" 204 0
2026-01-31 20:51:42 [   DEBUG] [connectionpool.py:544] http://localhost:3100 "POST /loki/api/v1/push HTTP/1.1" 204 0
2026-01-31 20:51:42 [   DEBUG] [connectionpool.py:544] http://localhost:3100 "POST /loki/api/v1/push HTTP/1.1" 204 0
2026-01-31 20:51:42 [   DEBUG] [connectionpool.py:544] http://localhost:3100 "POST /loki/api/v1/push HTTP/1.1" 204 0
2026-01-31 20:51:42 [   DEBUG] [connectionpool.py:544] http://localhost:3100 "POST /loki/api/v1/push HTTP/1.1" 204 0
2026-01-31 20:51:42 [    INFO] [loki.py:36] Info message 13
2026-01-31 20:51:42 [   DEBUG] [connectionpool.py:544] http://localhost:3100 "POST /loki/api/v1/push HTTP/1.1" 204 0
2026-01-31 20:51:42 [   DEBUG] [connectionpool.py:544] http://localhost:3100 "POST /loki/api/v1/push HTTP/1.1" 204 0
2026-01-31 20:51:42 [   DEBUG] [connectionpool.py:544] http://localhost:3100 "POST /loki/api/v1/push HTTP/1.1" 204 0
2026-01-31 20:51:42 [   DEBUG] [connectionpool.py:544] http://localhost:3100 "POST /loki/api/v1/push HTTP/1.1" 204 0
2026-01-31 20:51:42 [   DEBUG] [connectionpool.py:544] http://localhost:3100 "POST /loki/api/v1/push HTTP/1.1" 204 0
2026-01-31 20:51:42 [   DEBUG] [connectionpool.py:544] http://localhost:3100 "POST /loki/api/v1/push HTTP/1.1" 204 0
2026-01-31 20:51:42 [   DEBUG] [connectionpool.py:544] http://localhost:3100 "POST /loki/api/v1/push HTTP/1.1" 204 0
2026-01-31 20:51:42 [   DEBUG] [connectionpool.py:544] http://localhost:3100 "POST /loki/api/v1/push HTTP/1.1" 204 0
2026-01-31 20:51:42 [   DEBUG] [connectionpool.py:544] http://localhost:3100 "POST /loki/api/v1/push HTTP/1.1" 204 0
2026-01-31 20:51:42 [   DEBUG] [connectionpool.py:544] http://localhost:3100 "POST /loki/api/v1/push HTTP/1.1" 204 0
2026-01-31 20:51:42 [ WARNING] [loki.py:39] Warning message 13
2026-01-31 20:51:42 [   DEBUG] [connectionpool.py:544] http://localhost:3100 "POST /loki/api/v1/push HTTP/1.1" 204 0
2026-01-31 20:51:42 [   DEBUG] [connectionpool.py:544] http://localhost:3100 "POST /loki/api/v1/push HTTP/1.1" 204 0
2026-01-31 20:51:42 [   DEBUG] [connectionpool.py:544] http://localhost:3100 "POST /loki/api/v1/push HTTP/1.1" 204 0
2026-01-31 20:51:42 [   DEBUG] [connectionpool.py:544] http://localhost:3100 "POST /loki/api/v1/push HTTP/1.1" 204 0
2026-01-31 20:51:42 [   DEBUG] [connectionpool.py:544] http://localhost:3100 "POST /loki/api/v1/push HTTP/1.1" 204 0
2026-01-31 20:51:42 [   DEBUG] [connectionpool.py:544] http://localhost:3100 "POST /loki/api/v1/push HTTP/1.1" 204 0
2026-01-31 20:51:42 [   DEBUG] [connectionpool.py:544] http://localhost:3100 "POST /loki/api/v1/push HTTP/1.1" 204 0
2026-01-31 20:51:42 [   DEBUG] [connectionpool.py:544] http://localhost:3100 "POST /loki/api/v1/push HTTP/1.1" 204 0
2026-01-31 20:51:42 [   DEBUG] [connectionpool.py:544] http://localhost:3100 "POST /loki/api/v1/push HTTP/1.1" 204 0
2026-01-31 20:51:42 [   DEBUG] [connectionpool.py:544] http://localhost:3100 "POST /loki/api/v1/push HTTP/1.1" 204 0
2026-01-31 20:51:42 [   ERROR] [loki.py:42] Error message 13
2026-01-31 20:51:42 [   DEBUG] [connectionpool.py:544] http://localhost:3100 "POST /loki/api/v1/push HTTP/1.1" 204 0
2026-01-31 20:51:42 [   DEBUG] [connectionpool.py:544] http://localhost:3100 "POST /loki/api/v1/push HTTP/1.1" 204 0
2026-01-31 20:51:42 [   DEBUG] [connectionpool.py:544] http://localhost:3100 "POST /loki/api/v1/push HTTP/1.1" 204 0
2026-01-31 20:51:42 [   DEBUG] [connectionpool.py:544] http://localhost:3100 "POST /loki/api/v1/push HTTP/1.1" 204 0
2026-01-31 20:51:42 [   DEBUG] [connectionpool.py:544] http://localhost:3100 "POST /loki/api/v1/push HTTP/1.1" 204 0
2026-01-31 20:51:42 [   DEBUG] [connectionpool.py:544] http://localhost:3100 "POST /loki/api/v1/push HTTP/1.1" 204 0
2026-01-31 20:51:42 [   DEBUG] [connectionpool.py:544] http://localhost:3100 "POST /loki/api/v1/push HTTP/1.1" 204 0
2026-01-31 20:51:42 [   DEBUG] [connectionpool.py:544] http://localhost:3100 "POST /loki/api/v1/push HTTP/1.1" 204 0
2026-01-31 20:51:42 [   DEBUG] [connectionpool.py:544] http://localhost:3100 "POST /loki/api/v1/push HTTP/1.1" 204 0
2026-01-31 20:51:42 [   DEBUG] [connectionpool.py:544] http://localhost:3100 "POST /loki/api/v1/push HTTP/1.1" 204 0
2026-01-31 20:51:42 [CRITICAL] [loki.py:45] Critical message 13
2026-01-31 20:51:42 [   DEBUG] [connectionpool.py:544] http://localhost:3100 "POST /loki/api/v1/push HTTP/1.1" 204 0
2026-01-31 20:51:42 [   DEBUG] [connectionpool.py:544] http://localhost:3100 "POST /loki/api/v1/push HTTP/1.1" 204 0
2026-01-31 20:51:42 [   DEBUG] [connectionpool.py:544] http://localhost:3100 "POST /loki/api/v1/push HTTP/1.1" 204 0
2026-01-31 20:51:42 [   DEBUG] [connectionpool.py:544] http://localhost:3100 "POST /loki/api/v1/push HTTP/1.1" 204 0
2026-01-31 20:51:42 [   DEBUG] [connectionpool.py:544] http://localhost:3100 "POST /loki/api/v1/push HTTP/1.1" 204 0
2026-01-31 20:51:42 [   DEBUG] [connectionpool.py:544] http://localhost:3100 "POST /loki/api/v1/push HTTP/1.1" 204 0
2026-01-31 20:51:42 [   DEBUG] [connectionpool.py:544] http://localhost:3100 "POST /loki/api/v1/push HTTP/1.1" 204 0
2026-01-31 20:51:42 [   DEBUG] [connectionpool.py:544] http://localhost:3100 "POST /loki/api/v1/push HTTP/1.1" 204 0
2026-01-31 20:51:42 [   DEBUG] [connectionpool.py:544] http://localhost:3100 "POST /loki/api/v1/push HTTP/1.1" 204 0
2026-01-31 20:51:42 [   DEBUG] [connectionpool.py:544] http://localhost:3100 "POST /loki/api/v1/push HTTP/1.1" 204 0
2026-01-31 20:51:42 [    INFO] [loki.py:36] Info message 14
2026-01-31 20:51:42 [   DEBUG] [connectionpool.py:544] http://localhost:3100 "POST /loki/api/v1/push HTTP/1.1" 204 0
2026-01-31 20:51:42 [   DEBUG] [connectionpool.py:544] http://localhost:3100 "POST /loki/api/v1/push HTTP/1.1" 204 0
2026-01-31 20:51:42 [   DEBUG] [connectionpool.py:544] http://localhost:3100 "POST /loki/api/v1/push HTTP/1.1" 204 0
2026-01-31 20:51:42 [   DEBUG] [connectionpool.py:544] http://localhost:3100 "POST /loki/api/v1/push HTTP/1.1" 204 0
2026-01-31 20:51:42 [   DEBUG] [connectionpool.py:544] http://localhost:3100 "POST /loki/api/v1/push HTTP/1.1" 204 0
2026-01-31 20:51:42 [   DEBUG] [connectionpool.py:544] http://localhost:3100 "POST /loki/api/v1/push HTTP/1.1" 204 0
2026-01-31 20:51:42 [   DEBUG] [connectionpool.py:544] http://localhost:3100 "POST /loki/api/v1/push HTTP/1.1" 204 0
2026-01-31 20:51:42 [   DEBUG] [connectionpool.py:544] http://localhost:3100 "POST /loki/api/v1/push HTTP/1.1" 204 0
2026-01-31 20:51:42 [   DEBUG] [connectionpool.py:544] http://localhost:3100 "POST /loki/api/v1/push HTTP/1.1" 204 0
2026-01-31 20:51:42 [   DEBUG] [connectionpool.py:544] http://localhost:3100 "POST /loki/api/v1/push HTTP/1.1" 204 0
2026-01-31 20:51:42 [ WARNING] [loki.py:39] Warning message 14
2026-01-31 20:51:42 [   DEBUG] [connectionpool.py:544] http://localhost:3100 "POST /loki/api/v1/push HTTP/1.1" 204 0
2026-01-31 20:51:42 [   DEBUG] [connectionpool.py:544] http://localhost:3100 "POST /loki/api/v1/push HTTP/1.1" 204 0
2026-01-31 20:51:42 [   DEBUG] [connectionpool.py:544] http://localhost:3100 "POST /loki/api/v1/push HTTP/1.1" 204 0
2026-01-31 20:51:42 [   DEBUG] [connectionpool.py:544] http://localhost:3100 "POST /loki/api/v1/push HTTP/1.1" 204 0
2026-01-31 20:51:42 [   DEBUG] [connectionpool.py:544] http://localhost:3100 "POST /loki/api/v1/push HTTP/1.1" 204 0
2026-01-31 20:51:42 [   DEBUG] [connectionpool.py:544] http://localhost:3100 "POST /loki/api/v1/push HTTP/1.1" 204 0
2026-01-31 20:51:42 [   DEBUG] [connectionpool.py:544] http://localhost:3100 "POST /loki/api/v1/push HTTP/1.1" 204 0
2026-01-31 20:51:42 [   DEBUG] [connectionpool.py:544] http://localhost:3100 "POST /loki/api/v1/push HTTP/1.1" 204 0
2026-01-31 20:51:42 [   DEBUG] [connectionpool.py:544] http://localhost:3100 "POST /loki/api/v1/push HTTP/1.1" 204 0
2026-01-31 20:51:42 [   DEBUG] [connectionpool.py:544] http://localhost:3100 "POST /loki/api/v1/push HTTP/1.1" 204 0
2026-01-31 20:51:42 [   ERROR] [loki.py:42] Error message 14
2026-01-31 20:51:42 [   DEBUG] [connectionpool.py:544] http://localhost:3100 "POST /loki/api/v1/push HTTP/1.1" 204 0
2026-01-31 20:51:42 [   DEBUG] [connectionpool.py:544] http://localhost:3100 "POST /loki/api/v1/push HTTP/1.1" 204 0
2026-01-31 20:51:42 [   DEBUG] [connectionpool.py:544] http://localhost:3100 "POST /loki/api/v1/push HTTP/1.1" 204 0
2026-01-31 20:51:42 [   DEBUG] [connectionpool.py:544] http://localhost:3100 "POST /loki/api/v1/push HTTP/1.1" 204 0
2026-01-31 20:51:42 [   DEBUG] [connectionpool.py:544] http://localhost:3100 "POST /loki/api/v1/push HTTP/1.1" 204 0
2026-01-31 20:51:42 [   DEBUG] [connectionpool.py:544] http://localhost:3100 "POST /loki/api/v1/push HTTP/1.1" 204 0
2026-01-31 20:51:42 [   DEBUG] [connectionpool.py:544] http://localhost:3100 "POST /loki/api/v1/push HTTP/1.1" 204 0
2026-01-31 20:51:42 [   DEBUG] [connectionpool.py:544] http://localhost:3100 "POST /loki/api/v1/push HTTP/1.1" 204 0
2026-01-31 20:51:42 [   DEBUG] [connectionpool.py:544] http://localhost:3100 "POST /loki/api/v1/push HTTP/1.1" 204 0
2026-01-31 20:51:42 [   DEBUG] [connectionpool.py:544] http://localhost:3100 "POST /loki/api/v1/push HTTP/1.1" 204 0
2026-01-31 20:51:42 [CRITICAL] [loki.py:45] Critical message 14
2026-01-31 20:51:42 [   DEBUG] [connectionpool.py:544] http://localhost:3100 "POST /loki/api/v1/push HTTP/1.1" 204 0
2026-01-31 20:51:42 [   DEBUG] [connectionpool.py:544] http://localhost:3100 "POST /loki/api/v1/push HTTP/1.1" 204 0
2026-01-31 20:51:42 [   DEBUG] [connectionpool.py:544] http://localhost:3100 "POST /loki/api/v1/push HTTP/1.1" 204 0
2026-01-31 20:51:42 [   DEBUG] [connectionpool.py:544] http://localhost:3100 "POST /loki/api/v1/push HTTP/1.1" 204 0
2026-01-31 20:51:42 [   DEBUG] [connectionpool.py:544] http://localhost:3100 "POST /loki/api/v1/push HTTP/1.1" 204 0
2026-01-31 20:51:42 [   DEBUG] [connectionpool.py:544] http://localhost:3100 "POST /loki/api/v1/push HTTP/1.1" 204 0
2026-01-31 20:51:42 [   DEBUG] [connectionpool.py:544] http://localhost:3100 "POST /loki/api/v1/push HTTP/1.1" 204 0
2026-01-31 20:51:42 [   DEBUG] [connectionpool.py:544] http://localhost:3100 "POST /loki/api/v1/push HTTP/1.1" 204 0
2026-01-31 20:51:42 [   DEBUG] [connectionpool.py:544] http://localhost:3100 "POST /loki/api/v1/push HTTP/1.1" 204 0
2026-01-31 20:51:42 [   DEBUG] [connectionpool.py:544] http://localhost:3100 "POST /loki/api/v1/push HTTP/1.1" 204 0
2026-01-31 20:51:42 [    INFO] [loki.py:36] Info message 15
2026-01-31 20:51:42 [   DEBUG] [connectionpool.py:544] http://localhost:3100 "POST /loki/api/v1/push HTTP/1.1" 204 0
2026-01-31 20:51:42 [   DEBUG] [connectionpool.py:544] http://localhost:3100 "POST /loki/api/v1/push HTTP/1.1" 204 0
2026-01-31 20:51:42 [   DEBUG] [connectionpool.py:544] http://localhost:3100 "POST /loki/api/v1/push HTTP/1.1" 204 0
2026-01-31 20:51:42 [   DEBUG] [connectionpool.py:544] http://localhost:3100 "POST /loki/api/v1/push HTTP/1.1" 204 0
2026-01-31 20:51:42 [   DEBUG] [connectionpool.py:544] http://localhost:3100 "POST /loki/api/v1/push HTTP/1.1" 204 0
2026-01-31 20:51:42 [   DEBUG] [connectionpool.py:544] http://localhost:3100 "POST /loki/api/v1/push HTTP/1.1" 204 0
2026-01-31 20:51:42 [   DEBUG] [connectionpool.py:544] http://localhost:3100 "POST /loki/api/v1/push HTTP/1.1" 204 0
2026-01-31 20:51:42 [   DEBUG] [connectionpool.py:544] http://localhost:3100 "POST /loki/api/v1/push HTTP/1.1" 204 0
2026-01-31 20:51:42 [   DEBUG] [connectionpool.py:544] http://localhost:3100 "POST /loki/api/v1/push HTTP/1.1" 204 0
2026-01-31 20:51:42 [   DEBUG] [connectionpool.py:544] http://localhost:3100 "POST /loki/api/v1/push HTTP/1.1" 204 0
2026-01-31 20:51:42 [ WARNING] [loki.py:39] Warning message 15
2026-01-31 20:51:42 [   DEBUG] [connectionpool.py:544] http://localhost:3100 "POST /loki/api/v1/push HTTP/1.1" 204 0
2026-01-31 20:51:42 [   DEBUG] [connectionpool.py:544] http://localhost:3100 "POST /loki/api/v1/push HTTP/1.1" 204 0
2026-01-31 20:51:42 [   DEBUG] [connectionpool.py:544] http://localhost:3100 "POST /loki/api/v1/push HTTP/1.1" 204 0
2026-01-31 20:51:42 [   DEBUG] [connectionpool.py:544] http://localhost:3100 "POST /loki/api/v1/push HTTP/1.1" 204 0
2026-01-31 20:51:42 [   DEBUG] [connectionpool.py:544] http://localhost:3100 "POST /loki/api/v1/push HTTP/1.1" 204 0
2026-01-31 20:51:42 [   DEBUG] [connectionpool.py:544] http://localhost:3100 "POST /loki/api/v1/push HTTP/1.1" 204 0
2026-01-31 20:51:42 [   DEBUG] [connectionpool.py:544] http://localhost:3100 "POST /loki/api/v1/push HTTP/1.1" 204 0
2026-01-31 20:51:42 [   DEBUG] [connectionpool.py:544] http://localhost:3100 "POST /loki/api/v1/push HTTP/1.1" 204 0
2026-01-31 20:51:42 [   DEBUG] [connectionpool.py:544] http://localhost:3100 "POST /loki/api/v1/push HTTP/1.1" 204 0
2026-01-31 20:51:42 [   DEBUG] [connectionpool.py:544] http://localhost:3100 "POST /loki/api/v1/push HTTP/1.1" 204 0
2026-01-31 20:51:42 [   ERROR] [loki.py:42] Error message 15
2026-01-31 20:51:42 [   DEBUG] [connectionpool.py:544] http://localhost:3100 "POST /loki/api/v1/push HTTP/1.1" 204 0
2026-01-31 20:51:42 [   DEBUG] [connectionpool.py:544] http://localhost:3100 "POST /loki/api/v1/push HTTP/1.1" 204 0
2026-01-31 20:51:42 [   DEBUG] [connectionpool.py:544] http://localhost:3100 "POST /loki/api/v1/push HTTP/1.1" 204 0
2026-01-31 20:51:42 [   DEBUG] [connectionpool.py:544] http://localhost:3100 "POST /loki/api/v1/push HTTP/1.1" 204 0
2026-01-31 20:51:42 [   DEBUG] [connectionpool.py:544] http://localhost:3100 "POST /loki/api/v1/push HTTP/1.1" 204 0
2026-01-31 20:51:42 [   DEBUG] [connectionpool.py:544] http://localhost:3100 "POST /loki/api/v1/push HTTP/1.1" 204 0
2026-01-31 20:51:42 [   DEBUG] [connectionpool.py:544] http://localhost:3100 "POST /loki/api/v1/push HTTP/1.1" 204 0
2026-01-31 20:51:42 [   DEBUG] [connectionpool.py:544] http://localhost:3100 "POST /loki/api/v1/push HTTP/1.1" 204 0
2026-01-31 20:51:42 [   DEBUG] [connectionpool.py:544] http://localhost:3100 "POST /loki/api/v1/push HTTP/1.1" 204 0
2026-01-31 20:51:42 [   DEBUG] [connectionpool.py:544] http://localhost:3100 "POST /loki/api/v1/push HTTP/1.1" 204 0
2026-01-31 20:51:42 [CRITICAL] [loki.py:45] Critical message 15
2026-01-31 20:51:42 [   DEBUG] [connectionpool.py:544] http://localhost:3100 "POST /loki/api/v1/push HTTP/1.1" 204 0
2026-01-31 20:51:42 [   DEBUG] [connectionpool.py:544] http://localhost:3100 "POST /loki/api/v1/push HTTP/1.1" 204 0
2026-01-31 20:51:42 [   DEBUG] [connectionpool.py:544] http://localhost:3100 "POST /loki/api/v1/push HTTP/1.1" 204 0
2026-01-31 20:51:42 [   DEBUG] [connectionpool.py:544] http://localhost:3100 "POST /loki/api/v1/push HTTP/1.1" 204 0
2026-01-31 20:51:42 [   DEBUG] [connectionpool.py:544] http://localhost:3100 "POST /loki/api/v1/push HTTP/1.1" 204 0
2026-01-31 20:51:42 [   DEBUG] [connectionpool.py:544] http://localhost:3100 "POST /loki/api/v1/push HTTP/1.1" 204 0
2026-01-31 20:51:42 [   DEBUG] [connectionpool.py:544] http://localhost:3100 "POST /loki/api/v1/push HTTP/1.1" 204 0
2026-01-31 20:51:42 [   DEBUG] [connectionpool.py:544] http://localhost:3100 "POST /loki/api/v1/push HTTP/1.1" 204 0
2026-01-31 20:51:42 [   DEBUG] [connectionpool.py:544] http://localhost:3100 "POST /loki/api/v1/push HTTP/1.1" 204 0
2026-01-31 20:51:42 [   DEBUG] [connectionpool.py:544] http://localhost:3100 "POST /loki/api/v1/push HTTP/1.1" 204 0
2026-01-31 20:51:42 [    INFO] [loki.py:36] Info message 16
2026-01-31 20:51:42 [   DEBUG] [connectionpool.py:544] http://localhost:3100 "POST /loki/api/v1/push HTTP/1.1" 204 0
2026-01-31 20:51:42 [   DEBUG] [connectionpool.py:544] http://localhost:3100 "POST /loki/api/v1/push HTTP/1.1" 204 0
2026-01-31 20:51:42 [   DEBUG] [connectionpool.py:544] http://localhost:3100 "POST /loki/api/v1/push HTTP/1.1" 204 0
2026-01-31 20:51:42 [   DEBUG] [connectionpool.py:544] http://localhost:3100 "POST /loki/api/v1/push HTTP/1.1" 204 0
2026-01-31 20:51:42 [   DEBUG] [connectionpool.py:544] http://localhost:3100 "POST /loki/api/v1/push HTTP/1.1" 204 0
2026-01-31 20:51:42 [   DEBUG] [connectionpool.py:544] http://localhost:3100 "POST /loki/api/v1/push HTTP/1.1" 204 0
2026-01-31 20:51:42 [   DEBUG] [connectionpool.py:544] http://localhost:3100 "POST /loki/api/v1/push HTTP/1.1" 204 0
2026-01-31 20:51:42 [   DEBUG] [connectionpool.py:544] http://localhost:3100 "POST /loki/api/v1/push HTTP/1.1" 204 0
2026-01-31 20:51:42 [   DEBUG] [connectionpool.py:544] http://localhost:3100 "POST /loki/api/v1/push HTTP/1.1" 204 0
2026-01-31 20:51:42 [   DEBUG] [connectionpool.py:544] http://localhost:3100 "POST /loki/api/v1/push HTTP/1.1" 204 0
2026-01-31 20:51:42 [ WARNING] [loki.py:39] Warning message 16
2026-01-31 20:51:42 [   DEBUG] [connectionpool.py:544] http://localhost:3100 "POST /loki/api/v1/push HTTP/1.1" 204 0
2026-01-31 20:51:42 [   DEBUG] [connectionpool.py:544] http://localhost:3100 "POST /loki/api/v1/push HTTP/1.1" 204 0
2026-01-31 20:51:42 [   DEBUG] [connectionpool.py:544] http://localhost:3100 "POST /loki/api/v1/push HTTP/1.1" 204 0
2026-01-31 20:51:42 [   DEBUG] [connectionpool.py:544] http://localhost:3100 "POST /loki/api/v1/push HTTP/1.1" 204 0
2026-01-31 20:51:42 [   DEBUG] [connectionpool.py:544] http://localhost:3100 "POST /loki/api/v1/push HTTP/1.1" 204 0
2026-01-31 20:51:42 [   DEBUG] [connectionpool.py:544] http://localhost:3100 "POST /loki/api/v1/push HTTP/1.1" 204 0
2026-01-31 20:51:42 [   DEBUG] [connectionpool.py:544] http://localhost:3100 "POST /loki/api/v1/push HTTP/1.1" 204 0
2026-01-31 20:51:42 [   DEBUG] [connectionpool.py:544] http://localhost:3100 "POST /loki/api/v1/push HTTP/1.1" 204 0
2026-01-31 20:51:42 [   DEBUG] [connectionpool.py:544] http://localhost:3100 "POST /loki/api/v1/push HTTP/1.1" 204 0
2026-01-31 20:51:42 [   DEBUG] [connectionpool.py:544] http://localhost:3100 "POST /loki/api/v1/push HTTP/1.1" 204 0
2026-01-31 20:51:42 [   ERROR] [loki.py:42] Error message 16
2026-01-31 20:51:42 [   DEBUG] [connectionpool.py:544] http://localhost:3100 "POST /loki/api/v1/push HTTP/1.1" 204 0
2026-01-31 20:51:42 [   DEBUG] [connectionpool.py:544] http://localhost:3100 "POST /loki/api/v1/push HTTP/1.1" 204 0
2026-01-31 20:51:42 [   DEBUG] [connectionpool.py:544] http://localhost:3100 "POST /loki/api/v1/push HTTP/1.1" 204 0
2026-01-31 20:51:42 [   DEBUG] [connectionpool.py:544] http://localhost:3100 "POST /loki/api/v1/push HTTP/1.1" 204 0
2026-01-31 20:51:42 [   DEBUG] [connectionpool.py:544] http://localhost:3100 "POST /loki/api/v1/push HTTP/1.1" 204 0
2026-01-31 20:51:42 [   DEBUG] [connectionpool.py:544] http://localhost:3100 "POST /loki/api/v1/push HTTP/1.1" 204 0
2026-01-31 20:51:42 [   DEBUG] [connectionpool.py:544] http://localhost:3100 "POST /loki/api/v1/push HTTP/1.1" 204 0
2026-01-31 20:51:42 [   DEBUG] [connectionpool.py:544] http://localhost:3100 "POST /loki/api/v1/push HTTP/1.1" 204 0
2026-01-31 20:51:42 [   DEBUG] [connectionpool.py:544] http://localhost:3100 "POST /loki/api/v1/push HTTP/1.1" 204 0
2026-01-31 20:51:42 [   DEBUG] [connectionpool.py:544] http://localhost:3100 "POST /loki/api/v1/push HTTP/1.1" 204 0
2026-01-31 20:51:42 [CRITICAL] [loki.py:45] Critical message 16
2026-01-31 20:51:42 [   DEBUG] [connectionpool.py:544] http://localhost:3100 "POST /loki/api/v1/push HTTP/1.1" 204 0
2026-01-31 20:51:42 [   DEBUG] [connectionpool.py:544] http://localhost:3100 "POST /loki/api/v1/push HTTP/1.1" 204 0
2026-01-31 20:51:42 [   DEBUG] [connectionpool.py:544] http://localhost:3100 "POST /loki/api/v1/push HTTP/1.1" 204 0
2026-01-31 20:51:42 [   DEBUG] [connectionpool.py:544] http://localhost:3100 "POST /loki/api/v1/push HTTP/1.1" 204 0
2026-01-31 20:51:42 [   DEBUG] [connectionpool.py:544] http://localhost:3100 "POST /loki/api/v1/push HTTP/1.1" 204 0
2026-01-31 20:51:42 [   DEBUG] [connectionpool.py:544] http://localhost:3100 "POST /loki/api/v1/push HTTP/1.1" 204 0
2026-01-31 20:51:42 [   DEBUG] [connectionpool.py:544] http://localhost:3100 "POST /loki/api/v1/push HTTP/1.1" 204 0
2026-01-31 20:51:42 [   DEBUG] [connectionpool.py:544] http://localhost:3100 "POST /loki/api/v1/push HTTP/1.1" 204 0
2026-01-31 20:51:42 [   DEBUG] [connectionpool.py:544] http://localhost:3100 "POST /loki/api/v1/push HTTP/1.1" 204 0
2026-01-31 20:51:42 [   DEBUG] [connectionpool.py:544] http://localhost:3100 "POST /loki/api/v1/push HTTP/1.1" 204 0
2026-01-31 20:51:42 [    INFO] [loki.py:36] Info message 17
2026-01-31 20:51:42 [   DEBUG] [connectionpool.py:544] http://localhost:3100 "POST /loki/api/v1/push HTTP/1.1" 204 0
2026-01-31 20:51:42 [   DEBUG] [connectionpool.py:544] http://localhost:3100 "POST /loki/api/v1/push HTTP/1.1" 204 0
2026-01-31 20:51:42 [   DEBUG] [connectionpool.py:544] http://localhost:3100 "POST /loki/api/v1/push HTTP/1.1" 204 0
2026-01-31 20:51:42 [   DEBUG] [connectionpool.py:544] http://localhost:3100 "POST /loki/api/v1/push HTTP/1.1" 204 0
2026-01-31 20:51:42 [   DEBUG] [connectionpool.py:544] http://localhost:3100 "POST /loki/api/v1/push HTTP/1.1" 204 0
2026-01-31 20:51:42 [   DEBUG] [connectionpool.py:544] http://localhost:3100 "POST /loki/api/v1/push HTTP/1.1" 204 0
2026-01-31 20:51:42 [   DEBUG] [connectionpool.py:544] http://localhost:3100 "POST /loki/api/v1/push HTTP/1.1" 204 0
2026-01-31 20:51:42 [   DEBUG] [connectionpool.py:544] http://localhost:3100 "POST /loki/api/v1/push HTTP/1.1" 204 0
2026-01-31 20:51:42 [   DEBUG] [connectionpool.py:544] http://localhost:3100 "POST /loki/api/v1/push HTTP/1.1" 204 0
2026-01-31 20:51:42 [   DEBUG] [connectionpool.py:544] http://localhost:3100 "POST /loki/api/v1/push HTTP/1.1" 204 0
2026-01-31 20:51:42 [ WARNING] [loki.py:39] Warning message 17
2026-01-31 20:51:42 [   DEBUG] [connectionpool.py:544] http://localhost:3100 "POST /loki/api/v1/push HTTP/1.1" 204 0
2026-01-31 20:51:42 [   DEBUG] [connectionpool.py:544] http://localhost:3100 "POST /loki/api/v1/push HTTP/1.1" 204 0
2026-01-31 20:51:42 [   DEBUG] [connectionpool.py:544] http://localhost:3100 "POST /loki/api/v1/push HTTP/1.1" 204 0
2026-01-31 20:51:42 [   DEBUG] [connectionpool.py:544] http://localhost:3100 "POST /loki/api/v1/push HTTP/1.1" 204 0
2026-01-31 20:51:42 [   DEBUG] [connectionpool.py:544] http://localhost:3100 "POST /loki/api/v1/push HTTP/1.1" 204 0
2026-01-31 20:51:42 [   DEBUG] [connectionpool.py:544] http://localhost:3100 "POST /loki/api/v1/push HTTP/1.1" 204 0
2026-01-31 20:51:42 [   DEBUG] [connectionpool.py:544] http://localhost:3100 "POST /loki/api/v1/push HTTP/1.1" 204 0
2026-01-31 20:51:42 [   DEBUG] [connectionpool.py:544] http://localhost:3100 "POST /loki/api/v1/push HTTP/1.1" 204 0
2026-01-31 20:51:42 [   DEBUG] [connectionpool.py:544] http://localhost:3100 "POST /loki/api/v1/push HTTP/1.1" 204 0
2026-01-31 20:51:42 [   DEBUG] [connectionpool.py:544] http://localhost:3100 "POST /loki/api/v1/push HTTP/1.1" 204 0
2026-01-31 20:51:42 [   ERROR] [loki.py:42] Error message 17
2026-01-31 20:51:42 [   DEBUG] [connectionpool.py:544] http://localhost:3100 "POST /loki/api/v1/push HTTP/1.1" 204 0
2026-01-31 20:51:42 [   DEBUG] [connectionpool.py:544] http://localhost:3100 "POST /loki/api/v1/push HTTP/1.1" 204 0
2026-01-31 20:51:42 [   DEBUG] [connectionpool.py:544] http://localhost:3100 "POST /loki/api/v1/push HTTP/1.1" 204 0
2026-01-31 20:51:42 [   DEBUG] [connectionpool.py:544] http://localhost:3100 "POST /loki/api/v1/push HTTP/1.1" 204 0
2026-01-31 20:51:42 [   DEBUG] [connectionpool.py:544] http://localhost:3100 "POST /loki/api/v1/push HTTP/1.1" 204 0
2026-01-31 20:51:42 [   DEBUG] [connectionpool.py:544] http://localhost:3100 "POST /loki/api/v1/push HTTP/1.1" 204 0
2026-01-31 20:51:42 [   DEBUG] [connectionpool.py:544] http://localhost:3100 "POST /loki/api/v1/push HTTP/1.1" 204 0
2026-01-31 20:51:42 [   DEBUG] [connectionpool.py:544] http://localhost:3100 "POST /loki/api/v1/push HTTP/1.1" 204 0
2026-01-31 20:51:42 [   DEBUG] [connectionpool.py:544] http://localhost:3100 "POST /loki/api/v1/push HTTP/1.1" 204 0
2026-01-31 20:51:42 [   DEBUG] [connectionpool.py:544] http://localhost:3100 "POST /loki/api/v1/push HTTP/1.1" 204 0
2026-01-31 20:51:42 [CRITICAL] [loki.py:45] Critical message 17
2026-01-31 20:51:42 [   DEBUG] [connectionpool.py:544] http://localhost:3100 "POST /loki/api/v1/push HTTP/1.1" 204 0
2026-01-31 20:51:42 [   DEBUG] [connectionpool.py:544] http://localhost:3100 "POST /loki/api/v1/push HTTP/1.1" 204 0
2026-01-31 20:51:42 [   DEBUG] [connectionpool.py:544] http://localhost:3100 "POST /loki/api/v1/push HTTP/1.1" 204 0
2026-01-31 20:51:42 [   DEBUG] [connectionpool.py:544] http://localhost:3100 "POST /loki/api/v1/push HTTP/1.1" 204 0
2026-01-31 20:51:42 [   DEBUG] [connectionpool.py:544] http://localhost:3100 "POST /loki/api/v1/push HTTP/1.1" 204 0
2026-01-31 20:51:42 [   DEBUG] [connectionpool.py:544] http://localhost:3100 "POST /loki/api/v1/push HTTP/1.1" 204 0
2026-01-31 20:51:42 [   DEBUG] [connectionpool.py:544] http://localhost:3100 "POST /loki/api/v1/push HTTP/1.1" 204 0
2026-01-31 20:51:42 [   DEBUG] [connectionpool.py:544] http://localhost:3100 "POST /loki/api/v1/push HTTP/1.1" 204 0
2026-01-31 20:51:42 [   DEBUG] [connectionpool.py:544] http://localhost:3100 "POST /loki/api/v1/push HTTP/1.1" 204 0
2026-01-31 20:51:42 [   DEBUG] [connectionpool.py:544] http://localhost:3100 "POST /loki/api/v1/push HTTP/1.1" 204 0
2026-01-31 20:51:42 [    INFO] [loki.py:36] Info message 18
2026-01-31 20:51:42 [   DEBUG] [connectionpool.py:544] http://localhost:3100 "POST /loki/api/v1/push HTTP/1.1" 204 0
2026-01-31 20:51:42 [   DEBUG] [connectionpool.py:544] http://localhost:3100 "POST /loki/api/v1/push HTTP/1.1" 204 0
2026-01-31 20:51:42 [   DEBUG] [connectionpool.py:544] http://localhost:3100 "POST /loki/api/v1/push HTTP/1.1" 204 0
2026-01-31 20:51:42 [   DEBUG] [connectionpool.py:544] http://localhost:3100 "POST /loki/api/v1/push HTTP/1.1" 204 0
2026-01-31 20:51:42 [   DEBUG] [connectionpool.py:544] http://localhost:3100 "POST /loki/api/v1/push HTTP/1.1" 204 0
2026-01-31 20:51:42 [   DEBUG] [connectionpool.py:544] http://localhost:3100 "POST /loki/api/v1/push HTTP/1.1" 204 0
2026-01-31 20:51:42 [   DEBUG] [connectionpool.py:544] http://localhost:3100 "POST /loki/api/v1/push HTTP/1.1" 204 0
2026-01-31 20:51:42 [   DEBUG] [connectionpool.py:544] http://localhost:3100 "POST /loki/api/v1/push HTTP/1.1" 204 0
2026-01-31 20:51:42 [   DEBUG] [connectionpool.py:544] http://localhost:3100 "POST /loki/api/v1/push HTTP/1.1" 204 0
2026-01-31 20:51:42 [   DEBUG] [connectionpool.py:544] http://localhost:3100 "POST /loki/api/v1/push HTTP/1.1" 204 0
2026-01-31 20:51:42 [ WARNING] [loki.py:39] Warning message 18
2026-01-31 20:51:42 [   DEBUG] [connectionpool.py:544] http://localhost:3100 "POST /loki/api/v1/push HTTP/1.1" 204 0
2026-01-31 20:51:42 [   DEBUG] [connectionpool.py:544] http://localhost:3100 "POST /loki/api/v1/push HTTP/1.1" 204 0
2026-01-31 20:51:42 [   DEBUG] [connectionpool.py:544] http://localhost:3100 "POST /loki/api/v1/push HTTP/1.1" 204 0
2026-01-31 20:51:42 [   DEBUG] [connectionpool.py:544] http://localhost:3100 "POST /loki/api/v1/push HTTP/1.1" 204 0
2026-01-31 20:51:42 [   DEBUG] [connectionpool.py:544] http://localhost:3100 "POST /loki/api/v1/push HTTP/1.1" 204 0
2026-01-31 20:51:42 [   DEBUG] [connectionpool.py:544] http://localhost:3100 "POST /loki/api/v1/push HTTP/1.1" 204 0
2026-01-31 20:51:42 [   DEBUG] [connectionpool.py:544] http://localhost:3100 "POST /loki/api/v1/push HTTP/1.1" 204 0
2026-01-31 20:51:42 [   DEBUG] [connectionpool.py:544] http://localhost:3100 "POST /loki/api/v1/push HTTP/1.1" 204 0
2026-01-31 20:51:42 [   DEBUG] [connectionpool.py:544] http://localhost:3100 "POST /loki/api/v1/push HTTP/1.1" 204 0
2026-01-31 20:51:42 [   DEBUG] [connectionpool.py:544] http://localhost:3100 "POST /loki/api/v1/push HTTP/1.1" 204 0
2026-01-31 20:51:42 [   ERROR] [loki.py:42] Error message 18
2026-01-31 20:51:42 [   DEBUG] [connectionpool.py:544] http://localhost:3100 "POST /loki/api/v1/push HTTP/1.1" 204 0
2026-01-31 20:51:42 [   DEBUG] [connectionpool.py:544] http://localhost:3100 "POST /loki/api/v1/push HTTP/1.1" 204 0
2026-01-31 20:51:42 [   DEBUG] [connectionpool.py:544] http://localhost:3100 "POST /loki/api/v1/push HTTP/1.1" 204 0
2026-01-31 20:51:42 [   DEBUG] [connectionpool.py:544] http://localhost:3100 "POST /loki/api/v1/push HTTP/1.1" 204 0
2026-01-31 20:51:42 [   DEBUG] [connectionpool.py:544] http://localhost:3100 "POST /loki/api/v1/push HTTP/1.1" 204 0
2026-01-31 20:51:42 [   DEBUG] [connectionpool.py:544] http://localhost:3100 "POST /loki/api/v1/push HTTP/1.1" 204 0
2026-01-31 20:51:42 [   DEBUG] [connectionpool.py:544] http://localhost:3100 "POST /loki/api/v1/push HTTP/1.1" 204 0
2026-01-31 20:51:42 [   DEBUG] [connectionpool.py:544] http://localhost:3100 "POST /loki/api/v1/push HTTP/1.1" 204 0
2026-01-31 20:51:42 [   DEBUG] [connectionpool.py:544] http://localhost:3100 "POST /loki/api/v1/push HTTP/1.1" 204 0
2026-01-31 20:51:42 [   DEBUG] [connectionpool.py:544] http://localhost:3100 "POST /loki/api/v1/push HTTP/1.1" 204 0
2026-01-31 20:51:42 [CRITICAL] [loki.py:45] Critical message 18
2026-01-31 20:51:42 [   DEBUG] [connectionpool.py:544] http://localhost:3100 "POST /loki/api/v1/push HTTP/1.1" 204 0
2026-01-31 20:51:42 [   DEBUG] [connectionpool.py:544] http://localhost:3100 "POST /loki/api/v1/push HTTP/1.1" 204 0
2026-01-31 20:51:42 [   DEBUG] [connectionpool.py:544] http://localhost:3100 "POST /loki/api/v1/push HTTP/1.1" 204 0
2026-01-31 20:51:42 [   DEBUG] [connectionpool.py:544] http://localhost:3100 "POST /loki/api/v1/push HTTP/1.1" 204 0
2026-01-31 20:51:42 [   DEBUG] [connectionpool.py:544] http://localhost:3100 "POST /loki/api/v1/push HTTP/1.1" 204 0
2026-01-31 20:51:42 [   DEBUG] [connectionpool.py:544] http://localhost:3100 "POST /loki/api/v1/push HTTP/1.1" 204 0
2026-01-31 20:51:42 [   DEBUG] [connectionpool.py:544] http://localhost:3100 "POST /loki/api/v1/push HTTP/1.1" 204 0
2026-01-31 20:51:42 [   DEBUG] [connectionpool.py:544] http://localhost:3100 "POST /loki/api/v1/push HTTP/1.1" 204 0
2026-01-31 20:51:42 [   DEBUG] [connectionpool.py:544] http://localhost:3100 "POST /loki/api/v1/push HTTP/1.1" 204 0
2026-01-31 20:51:42 [   DEBUG] [connectionpool.py:544] http://localhost:3100 "POST /loki/api/v1/push HTTP/1.1" 204 0
2026-01-31 20:51:42 [    INFO] [loki.py:36] Info message 19
2026-01-31 20:51:42 [   DEBUG] [connectionpool.py:544] http://localhost:3100 "POST /loki/api/v1/push HTTP/1.1" 204 0
2026-01-31 20:51:42 [   DEBUG] [connectionpool.py:544] http://localhost:3100 "POST /loki/api/v1/push HTTP/1.1" 204 0
2026-01-31 20:51:42 [   DEBUG] [connectionpool.py:544] http://localhost:3100 "POST /loki/api/v1/push HTTP/1.1" 204 0
2026-01-31 20:51:42 [   DEBUG] [connectionpool.py:544] http://localhost:3100 "POST /loki/api/v1/push HTTP/1.1" 204 0
2026-01-31 20:51:42 [   DEBUG] [connectionpool.py:544] http://localhost:3100 "POST /loki/api/v1/push HTTP/1.1" 204 0
2026-01-31 20:51:42 [   DEBUG] [connectionpool.py:544] http://localhost:3100 "POST /loki/api/v1/push HTTP/1.1" 204 0
2026-01-31 20:51:42 [   DEBUG] [connectionpool.py:544] http://localhost:3100 "POST /loki/api/v1/push HTTP/1.1" 204 0
2026-01-31 20:51:42 [   DEBUG] [connectionpool.py:544] http://localhost:3100 "POST /loki/api/v1/push HTTP/1.1" 204 0
2026-01-31 20:51:42 [   DEBUG] [connectionpool.py:544] http://localhost:3100 "POST /loki/api/v1/push HTTP/1.1" 204 0
2026-01-31 20:51:42 [   DEBUG] [connectionpool.py:544] http://localhost:3100 "POST /loki/api/v1/push HTTP/1.1" 204 0
2026-01-31 20:51:42 [ WARNING] [loki.py:39] Warning message 19
2026-01-31 20:51:42 [   DEBUG] [connectionpool.py:544] http://localhost:3100 "POST /loki/api/v1/push HTTP/1.1" 204 0
2026-01-31 20:51:42 [   DEBUG] [connectionpool.py:544] http://localhost:3100 "POST /loki/api/v1/push HTTP/1.1" 204 0
2026-01-31 20:51:42 [   DEBUG] [connectionpool.py:544] http://localhost:3100 "POST /loki/api/v1/push HTTP/1.1" 204 0
2026-01-31 20:51:42 [   DEBUG] [connectionpool.py:544] http://localhost:3100 "POST /loki/api/v1/push HTTP/1.1" 204 0
2026-01-31 20:51:42 [   DEBUG] [connectionpool.py:544] http://localhost:3100 "POST /loki/api/v1/push HTTP/1.1" 204 0
2026-01-31 20:51:42 [   DEBUG] [connectionpool.py:544] http://localhost:3100 "POST /loki/api/v1/push HTTP/1.1" 204 0
2026-01-31 20:51:42 [   DEBUG] [connectionpool.py:544] http://localhost:3100 "POST /loki/api/v1/push HTTP/1.1" 204 0
2026-01-31 20:51:42 [   DEBUG] [connectionpool.py:544] http://localhost:3100 "POST /loki/api/v1/push HTTP/1.1" 204 0
2026-01-31 20:51:42 [   DEBUG] [connectionpool.py:544] http://localhost:3100 "POST /loki/api/v1/push HTTP/1.1" 204 0
2026-01-31 20:51:42 [   DEBUG] [connectionpool.py:544] http://localhost:3100 "POST /loki/api/v1/push HTTP/1.1" 204 0
2026-01-31 20:51:42 [   ERROR] [loki.py:42] Error message 19
2026-01-31 20:51:42 [   DEBUG] [connectionpool.py:544] http://localhost:3100 "POST /loki/api/v1/push HTTP/1.1" 204 0
2026-01-31 20:51:42 [   DEBUG] [connectionpool.py:544] http://localhost:3100 "POST /loki/api/v1/push HTTP/1.1" 204 0
2026-01-31 20:51:42 [   DEBUG] [connectionpool.py:544] http://localhost:3100 "POST /loki/api/v1/push HTTP/1.1" 204 0
2026-01-31 20:51:42 [   DEBUG] [connectionpool.py:544] http://localhost:3100 "POST /loki/api/v1/push HTTP/1.1" 204 0
2026-01-31 20:51:42 [   DEBUG] [connectionpool.py:544] http://localhost:3100 "POST /loki/api/v1/push HTTP/1.1" 204 0
2026-01-31 20:51:42 [   DEBUG] [connectionpool.py:544] http://localhost:3100 "POST /loki/api/v1/push HTTP/1.1" 204 0
2026-01-31 20:51:42 [   DEBUG] [connectionpool.py:544] http://localhost:3100 "POST /loki/api/v1/push HTTP/1.1" 204 0
2026-01-31 20:51:42 [   DEBUG] [connectionpool.py:544] http://localhost:3100 "POST /loki/api/v1/push HTTP/1.1" 204 0
2026-01-31 20:51:42 [   DEBUG] [connectionpool.py:544] http://localhost:3100 "POST /loki/api/v1/push HTTP/1.1" 204 0
2026-01-31 20:51:42 [   DEBUG] [connectionpool.py:544] http://localhost:3100 "POST /loki/api/v1/push HTTP/1.1" 204 0
2026-01-31 20:51:42 [CRITICAL] [loki.py:45] Critical message 19
2026-01-31 20:51:42 [   DEBUG] [connectionpool.py:544] http://localhost:3100 "POST /loki/api/v1/push HTTP/1.1" 204 0
2026-01-31 20:51:42 [   DEBUG] [connectionpool.py:544] http://localhost:3100 "POST /loki/api/v1/push HTTP/1.1" 204 0
2026-01-31 20:51:42 [   DEBUG] [connectionpool.py:544] http://localhost:3100 "POST /loki/api/v1/push HTTP/1.1" 204 0
2026-01-31 20:51:42 [   DEBUG] [connectionpool.py:544] http://localhost:3100 "POST /loki/api/v1/push HTTP/1.1" 204 0
2026-01-31 20:51:42 [   DEBUG] [connectionpool.py:544] http://localhost:3100 "POST /loki/api/v1/push HTTP/1.1" 204 0
2026-01-31 20:51:42 [   DEBUG] [connectionpool.py:544] http://localhost:3100 "POST /loki/api/v1/push HTTP/1.1" 204 0
2026-01-31 20:51:42 [   DEBUG] [connectionpool.py:544] http://localhost:3100 "POST /loki/api/v1/push HTTP/1.1" 204 0
2026-01-31 20:51:42 [   DEBUG] [connectionpool.py:544] http://localhost:3100 "POST /loki/api/v1/push HTTP/1.1" 204 0
2026-01-31 20:51:42 [   DEBUG] [connectionpool.py:544] http://localhost:3100 "POST /loki/api/v1/push HTTP/1.1" 204 0
2026-01-31 20:51:42 [   DEBUG] [connectionpool.py:544] http://localhost:3100 "POST /loki/api/v1/push HTTP/1.1" 204 0
2026-01-31 20:51:42 [    INFO] [loki.py:36] Info message 20
2026-01-31 20:51:42 [   DEBUG] [connectionpool.py:544] http://localhost:3100 "POST /loki/api/v1/push HTTP/1.1" 204 0
2026-01-31 20:51:42 [   DEBUG] [connectionpool.py:544] http://localhost:3100 "POST /loki/api/v1/push HTTP/1.1" 204 0
2026-01-31 20:51:42 [   DEBUG] [connectionpool.py:544] http://localhost:3100 "POST /loki/api/v1/push HTTP/1.1" 204 0
2026-01-31 20:51:42 [   DEBUG] [connectionpool.py:544] http://localhost:3100 "POST /loki/api/v1/push HTTP/1.1" 204 0
2026-01-31 20:51:42 [   DEBUG] [connectionpool.py:544] http://localhost:3100 "POST /loki/api/v1/push HTTP/1.1" 204 0
2026-01-31 20:51:42 [   DEBUG] [connectionpool.py:544] http://localhost:3100 "POST /loki/api/v1/push HTTP/1.1" 204 0
2026-01-31 20:51:42 [   DEBUG] [connectionpool.py:544] http://localhost:3100 "POST /loki/api/v1/push HTTP/1.1" 204 0
2026-01-31 20:51:42 [   DEBUG] [connectionpool.py:544] http://localhost:3100 "POST /loki/api/v1/push HTTP/1.1" 204 0
2026-01-31 20:51:42 [   DEBUG] [connectionpool.py:544] http://localhost:3100 "POST /loki/api/v1/push HTTP/1.1" 204 0
2026-01-31 20:51:42 [   DEBUG] [connectionpool.py:544] http://localhost:3100 "POST /loki/api/v1/push HTTP/1.1" 204 0
2026-01-31 20:51:42 [ WARNING] [loki.py:39] Warning message 20
2026-01-31 20:51:42 [   DEBUG] [connectionpool.py:544] http://localhost:3100 "POST /loki/api/v1/push HTTP/1.1" 204 0
2026-01-31 20:51:42 [   DEBUG] [connectionpool.py:544] http://localhost:3100 "POST /loki/api/v1/push HTTP/1.1" 204 0
2026-01-31 20:51:42 [   DEBUG] [connectionpool.py:544] http://localhost:3100 "POST /loki/api/v1/push HTTP/1.1" 204 0
2026-01-31 20:51:42 [   DEBUG] [connectionpool.py:544] http://localhost:3100 "POST /loki/api/v1/push HTTP/1.1" 204 0
2026-01-31 20:51:42 [   DEBUG] [connectionpool.py:544] http://localhost:3100 "POST /loki/api/v1/push HTTP/1.1" 204 0
2026-01-31 20:51:42 [   DEBUG] [connectionpool.py:544] http://localhost:3100 "POST /loki/api/v1/push HTTP/1.1" 204 0
2026-01-31 20:51:42 [   DEBUG] [connectionpool.py:544] http://localhost:3100 "POST /loki/api/v1/push HTTP/1.1" 204 0
2026-01-31 20:51:42 [   DEBUG] [connectionpool.py:544] http://localhost:3100 "POST /loki/api/v1/push HTTP/1.1" 204 0
2026-01-31 20:51:42 [   DEBUG] [connectionpool.py:544] http://localhost:3100 "POST /loki/api/v1/push HTTP/1.1" 204 0
2026-01-31 20:51:42 [   DEBUG] [connectionpool.py:544] http://localhost:3100 "POST /loki/api/v1/push HTTP/1.1" 204 0
2026-01-31 20:51:42 [   ERROR] [loki.py:42] Error message 20
2026-01-31 20:51:42 [   DEBUG] [connectionpool.py:544] http://localhost:3100 "POST /loki/api/v1/push HTTP/1.1" 204 0
2026-01-31 20:51:42 [   DEBUG] [connectionpool.py:544] http://localhost:3100 "POST /loki/api/v1/push HTTP/1.1" 204 0
2026-01-31 20:51:42 [   DEBUG] [connectionpool.py:544] http://localhost:3100 "POST /loki/api/v1/push HTTP/1.1" 204 0
2026-01-31 20:51:42 [   DEBUG] [connectionpool.py:544] http://localhost:3100 "POST /loki/api/v1/push HTTP/1.1" 204 0
2026-01-31 20:51:42 [   DEBUG] [connectionpool.py:544] http://localhost:3100 "POST /loki/api/v1/push HTTP/1.1" 204 0
2026-01-31 20:51:42 [   DEBUG] [connectionpool.py:544] http://localhost:3100 "POST /loki/api/v1/push HTTP/1.1" 204 0
2026-01-31 20:51:42 [   DEBUG] [connectionpool.py:544] http://localhost:3100 "POST /loki/api/v1/push HTTP/1.1" 204 0
2026-01-31 20:51:42 [   DEBUG] [connectionpool.py:544] http://localhost:3100 "POST /loki/api/v1/push HTTP/1.1" 204 0
2026-01-31 20:51:42 [   DEBUG] [connectionpool.py:544] http://localhost:3100 "POST /loki/api/v1/push HTTP/1.1" 204 0
2026-01-31 20:51:42 [   DEBUG] [connectionpool.py:544] http://localhost:3100 "POST /loki/api/v1/push HTTP/1.1" 204 0
2026-01-31 20:51:42 [CRITICAL] [loki.py:45] Critical message 20
2026-01-31 20:51:42 [   DEBUG] [connectionpool.py:544] http://localhost:3100 "POST /loki/api/v1/push HTTP/1.1" 204 0
2026-01-31 20:51:42 [   DEBUG] [connectionpool.py:544] http://localhost:3100 "POST /loki/api/v1/push HTTP/1.1" 204 0
2026-01-31 20:51:42 [   DEBUG] [connectionpool.py:544] http://localhost:3100 "POST /loki/api/v1/push HTTP/1.1" 204 0
2026-01-31 20:51:42 [   DEBUG] [connectionpool.py:544] http://localhost:3100 "POST /loki/api/v1/push HTTP/1.1" 204 0
2026-01-31 20:51:42 [   DEBUG] [connectionpool.py:544] http://localhost:3100 "POST /loki/api/v1/push HTTP/1.1" 204 0
2026-01-31 20:51:42 [   DEBUG] [connectionpool.py:544] http://localhost:3100 "POST /loki/api/v1/push HTTP/1.1" 204 0
2026-01-31 20:51:42 [   DEBUG] [connectionpool.py:544] http://localhost:3100 "POST /loki/api/v1/push HTTP/1.1" 204 0
2026-01-31 20:51:42 [   DEBUG] [connectionpool.py:544] http://localhost:3100 "POST /loki/api/v1/push HTTP/1.1" 204 0
2026-01-31 20:51:42 [   DEBUG] [connectionpool.py:544] http://localhost:3100 "POST /loki/api/v1/push HTTP/1.1" 204 0
2026-01-31 20:51:42 [   DEBUG] [connectionpool.py:544] http://localhost:3100 "POST /loki/api/v1/push HTTP/1.1" 204 0
2026-01-31 20:51:42 [    INFO] [loki.py:36] Info message 21
2026-01-31 20:51:42 [   DEBUG] [connectionpool.py:544] http://localhost:3100 "POST /loki/api/v1/push HTTP/1.1" 204 0
2026-01-31 20:51:42 [   DEBUG] [connectionpool.py:544] http://localhost:3100 "POST /loki/api/v1/push HTTP/1.1" 204 0
2026-01-31 20:51:42 [   DEBUG] [connectionpool.py:544] http://localhost:3100 "POST /loki/api/v1/push HTTP/1.1" 204 0
2026-01-31 20:51:42 [   DEBUG] [connectionpool.py:544] http://localhost:3100 "POST /loki/api/v1/push HTTP/1.1" 204 0
2026-01-31 20:51:42 [   DEBUG] [connectionpool.py:544] http://localhost:3100 "POST /loki/api/v1/push HTTP/1.1" 204 0
2026-01-31 20:51:42 [   DEBUG] [connectionpool.py:544] http://localhost:3100 "POST /loki/api/v1/push HTTP/1.1" 204 0
2026-01-31 20:51:42 [   DEBUG] [connectionpool.py:544] http://localhost:3100 "POST /loki/api/v1/push HTTP/1.1" 204 0
2026-01-31 20:51:42 [   DEBUG] [connectionpool.py:544] http://localhost:3100 "POST /loki/api/v1/push HTTP/1.1" 204 0
2026-01-31 20:51:42 [   DEBUG] [connectionpool.py:544] http://localhost:3100 "POST /loki/api/v1/push HTTP/1.1" 204 0
2026-01-31 20:51:42 [   DEBUG] [connectionpool.py:544] http://localhost:3100 "POST /loki/api/v1/push HTTP/1.1" 204 0
2026-01-31 20:51:42 [ WARNING] [loki.py:39] Warning message 21
2026-01-31 20:51:42 [   DEBUG] [connectionpool.py:544] http://localhost:3100 "POST /loki/api/v1/push HTTP/1.1" 204 0
2026-01-31 20:51:42 [   DEBUG] [connectionpool.py:544] http://localhost:3100 "POST /loki/api/v1/push HTTP/1.1" 204 0
2026-01-31 20:51:42 [   DEBUG] [connectionpool.py:544] http://localhost:3100 "POST /loki/api/v1/push HTTP/1.1" 204 0
2026-01-31 20:51:42 [   DEBUG] [connectionpool.py:544] http://localhost:3100 "POST /loki/api/v1/push HTTP/1.1" 204 0
2026-01-31 20:51:42 [   DEBUG] [connectionpool.py:544] http://localhost:3100 "POST /loki/api/v1/push HTTP/1.1" 204 0
2026-01-31 20:51:42 [   DEBUG] [connectionpool.py:544] http://localhost:3100 "POST /loki/api/v1/push HTTP/1.1" 204 0
2026-01-31 20:51:42 [   DEBUG] [connectionpool.py:544] http://localhost:3100 "POST /loki/api/v1/push HTTP/1.1" 204 0
2026-01-31 20:51:42 [   DEBUG] [connectionpool.py:544] http://localhost:3100 "POST /loki/api/v1/push HTTP/1.1" 204 0
2026-01-31 20:51:42 [   DEBUG] [connectionpool.py:544] http://localhost:3100 "POST /loki/api/v1/push HTTP/1.1" 204 0
2026-01-31 20:51:42 [   DEBUG] [connectionpool.py:544] http://localhost:3100 "POST /loki/api/v1/push HTTP/1.1" 204 0
2026-01-31 20:51:42 [   ERROR] [loki.py:42] Error message 21
2026-01-31 20:51:42 [   DEBUG] [connectionpool.py:544] http://localhost:3100 "POST /loki/api/v1/push HTTP/1.1" 204 0
2026-01-31 20:51:42 [   DEBUG] [connectionpool.py:544] http://localhost:3100 "POST /loki/api/v1/push HTTP/1.1" 204 0
2026-01-31 20:51:42 [   DEBUG] [connectionpool.py:544] http://localhost:3100 "POST /loki/api/v1/push HTTP/1.1" 204 0
2026-01-31 20:51:42 [   DEBUG] [connectionpool.py:544] http://localhost:3100 "POST /loki/api/v1/push HTTP/1.1" 204 0
2026-01-31 20:51:42 [   DEBUG] [connectionpool.py:544] http://localhost:3100 "POST /loki/api/v1/push HTTP/1.1" 204 0
2026-01-31 20:51:42 [   DEBUG] [connectionpool.py:544] http://localhost:3100 "POST /loki/api/v1/push HTTP/1.1" 204 0
2026-01-31 20:51:42 [   DEBUG] [connectionpool.py:544] http://localhost:3100 "POST /loki/api/v1/push HTTP/1.1" 204 0
2026-01-31 20:51:42 [   DEBUG] [connectionpool.py:544] http://localhost:3100 "POST /loki/api/v1/push HTTP/1.1" 204 0
2026-01-31 20:51:42 [   DEBUG] [connectionpool.py:544] http://localhost:3100 "POST /loki/api/v1/push HTTP/1.1" 204 0
2026-01-31 20:51:42 [   DEBUG] [connectionpool.py:544] http://localhost:3100 "POST /loki/api/v1/push HTTP/1.1" 204 0
2026-01-31 20:51:42 [CRITICAL] [loki.py:45] Critical message 21
2026-01-31 20:51:42 [   DEBUG] [connectionpool.py:544] http://localhost:3100 "POST /loki/api/v1/push HTTP/1.1" 204 0
2026-01-31 20:51:42 [   DEBUG] [connectionpool.py:544] http://localhost:3100 "POST /loki/api/v1/push HTTP/1.1" 204 0
2026-01-31 20:51:42 [   DEBUG] [connectionpool.py:544] http://localhost:3100 "POST /loki/api/v1/push HTTP/1.1" 204 0
2026-01-31 20:51:42 [   DEBUG] [connectionpool.py:544] http://localhost:3100 "POST /loki/api/v1/push HTTP/1.1" 204 0
2026-01-31 20:51:42 [   DEBUG] [connectionpool.py:544] http://localhost:3100 "POST /loki/api/v1/push HTTP/1.1" 204 0
2026-01-31 20:51:42 [   DEBUG] [connectionpool.py:544] http://localhost:3100 "POST /loki/api/v1/push HTTP/1.1" 204 0
2026-01-31 20:51:42 [   DEBUG] [connectionpool.py:544] http://localhost:3100 "POST /loki/api/v1/push HTTP/1.1" 204 0
2026-01-31 20:51:42 [   DEBUG] [connectionpool.py:544] http://localhost:3100 "POST /loki/api/v1/push HTTP/1.1" 204 0
2026-01-31 20:51:42 [   DEBUG] [connectionpool.py:544] http://localhost:3100 "POST /loki/api/v1/push HTTP/1.1" 204 0
2026-01-31 20:51:42 [   DEBUG] [connectionpool.py:544] http://localhost:3100 "POST /loki/api/v1/push HTTP/1.1" 204 0
2026-01-31 20:51:42 [    INFO] [loki.py:36] Info message 22
2026-01-31 20:51:42 [   DEBUG] [connectionpool.py:544] http://localhost:3100 "POST /loki/api/v1/push HTTP/1.1" 204 0
2026-01-31 20:51:42 [   DEBUG] [connectionpool.py:544] http://localhost:3100 "POST /loki/api/v1/push HTTP/1.1" 204 0
2026-01-31 20:51:42 [   DEBUG] [connectionpool.py:544] http://localhost:3100 "POST /loki/api/v1/push HTTP/1.1" 204 0
2026-01-31 20:51:42 [   DEBUG] [connectionpool.py:544] http://localhost:3100 "POST /loki/api/v1/push HTTP/1.1" 204 0
2026-01-31 20:51:42 [   DEBUG] [connectionpool.py:544] http://localhost:3100 "POST /loki/api/v1/push HTTP/1.1" 204 0
2026-01-31 20:51:42 [   DEBUG] [connectionpool.py:544] http://localhost:3100 "POST /loki/api/v1/push HTTP/1.1" 204 0
2026-01-31 20:51:42 [   DEBUG] [connectionpool.py:544] http://localhost:3100 "POST /loki/api/v1/push HTTP/1.1" 204 0
2026-01-31 20:51:42 [   DEBUG] [connectionpool.py:544] http://localhost:3100 "POST /loki/api/v1/push HTTP/1.1" 204 0
2026-01-31 20:51:42 [   DEBUG] [connectionpool.py:544] http://localhost:3100 "POST /loki/api/v1/push HTTP/1.1" 204 0
2026-01-31 20:51:42 [   DEBUG] [connectionpool.py:544] http://localhost:3100 "POST /loki/api/v1/push HTTP/1.1" 204 0
2026-01-31 20:51:42 [ WARNING] [loki.py:39] Warning message 22
2026-01-31 20:51:42 [   DEBUG] [connectionpool.py:544] http://localhost:3100 "POST /loki/api/v1/push HTTP/1.1" 204 0
2026-01-31 20:51:42 [   DEBUG] [connectionpool.py:544] http://localhost:3100 "POST /loki/api/v1/push HTTP/1.1" 204 0
2026-01-31 20:51:42 [   DEBUG] [connectionpool.py:544] http://localhost:3100 "POST /loki/api/v1/push HTTP/1.1" 204 0
2026-01-31 20:51:42 [   DEBUG] [connectionpool.py:544] http://localhost:3100 "POST /loki/api/v1/push HTTP/1.1" 204 0
2026-01-31 20:51:42 [   DEBUG] [connectionpool.py:544] http://localhost:3100 "POST /loki/api/v1/push HTTP/1.1" 204 0
2026-01-31 20:51:42 [   DEBUG] [connectionpool.py:544] http://localhost:3100 "POST /loki/api/v1/push HTTP/1.1" 204 0
2026-01-31 20:51:42 [   DEBUG] [connectionpool.py:544] http://localhost:3100 "POST /loki/api/v1/push HTTP/1.1" 204 0
2026-01-31 20:51:42 [   DEBUG] [connectionpool.py:544] http://localhost:3100 "POST /loki/api/v1/push HTTP/1.1" 204 0
2026-01-31 20:51:42 [   DEBUG] [connectionpool.py:544] http://localhost:3100 "POST /loki/api/v1/push HTTP/1.1" 204 0
2026-01-31 20:51:42 [   DEBUG] [connectionpool.py:544] http://localhost:3100 "POST /loki/api/v1/push HTTP/1.1" 204 0
2026-01-31 20:51:42 [   ERROR] [loki.py:42] Error message 22
2026-01-31 20:51:42 [   DEBUG] [connectionpool.py:544] http://localhost:3100 "POST /loki/api/v1/push HTTP/1.1" 204 0
2026-01-31 20:51:42 [   DEBUG] [connectionpool.py:544] http://localhost:3100 "POST /loki/api/v1/push HTTP/1.1" 204 0
2026-01-31 20:51:42 [   DEBUG] [connectionpool.py:544] http://localhost:3100 "POST /loki/api/v1/push HTTP/1.1" 204 0
2026-01-31 20:51:42 [   DEBUG] [connectionpool.py:544] http://localhost:3100 "POST /loki/api/v1/push HTTP/1.1" 204 0
2026-01-31 20:51:42 [   DEBUG] [connectionpool.py:544] http://localhost:3100 "POST /loki/api/v1/push HTTP/1.1" 204 0
2026-01-31 20:51:42 [   DEBUG] [connectionpool.py:544] http://localhost:3100 "POST /loki/api/v1/push HTTP/1.1" 204 0
2026-01-31 20:51:42 [   DEBUG] [connectionpool.py:544] http://localhost:3100 "POST /loki/api/v1/push HTTP/1.1" 204 0
2026-01-31 20:51:42 [   DEBUG] [connectionpool.py:544] http://localhost:3100 "POST /loki/api/v1/push HTTP/1.1" 204 0
2026-01-31 20:51:42 [   DEBUG] [connectionpool.py:544] http://localhost:3100 "POST /loki/api/v1/push HTTP/1.1" 204 0
2026-01-31 20:51:42 [   DEBUG] [connectionpool.py:544] http://localhost:3100 "POST /loki/api/v1/push HTTP/1.1" 204 0
2026-01-31 20:51:42 [CRITICAL] [loki.py:45] Critical message 22
2026-01-31 20:51:42 [   DEBUG] [connectionpool.py:544] http://localhost:3100 "POST /loki/api/v1/push HTTP/1.1" 204 0
2026-01-31 20:51:42 [   DEBUG] [connectionpool.py:544] http://localhost:3100 "POST /loki/api/v1/push HTTP/1.1" 204 0
2026-01-31 20:51:42 [   DEBUG] [connectionpool.py:544] http://localhost:3100 "POST /loki/api/v1/push HTTP/1.1" 204 0
2026-01-31 20:51:42 [   DEBUG] [connectionpool.py:544] http://localhost:3100 "POST /loki/api/v1/push HTTP/1.1" 204 0
2026-01-31 20:51:42 [   DEBUG] [connectionpool.py:544] http://localhost:3100 "POST /loki/api/v1/push HTTP/1.1" 204 0
2026-01-31 20:51:42 [   DEBUG] [connectionpool.py:544] http://localhost:3100 "POST /loki/api/v1/push HTTP/1.1" 204 0
2026-01-31 20:51:42 [   DEBUG] [connectionpool.py:544] http://localhost:3100 "POST /loki/api/v1/push HTTP/1.1" 204 0
2026-01-31 20:51:42 [   DEBUG] [connectionpool.py:544] http://localhost:3100 "POST /loki/api/v1/push HTTP/1.1" 204 0
2026-01-31 20:51:42 [   DEBUG] [connectionpool.py:544] http://localhost:3100 "POST /loki/api/v1/push HTTP/1.1" 204 0
2026-01-31 20:51:42 [   DEBUG] [connectionpool.py:544] http://localhost:3100 "POST /loki/api/v1/push HTTP/1.1" 204 0
2026-01-31 20:51:42 [    INFO] [loki.py:36] Info message 23
2026-01-31 20:51:42 [   DEBUG] [connectionpool.py:544] http://localhost:3100 "POST /loki/api/v1/push HTTP/1.1" 204 0
2026-01-31 20:51:42 [   DEBUG] [connectionpool.py:544] http://localhost:3100 "POST /loki/api/v1/push HTTP/1.1" 204 0
2026-01-31 20:51:42 [   DEBUG] [connectionpool.py:544] http://localhost:3100 "POST /loki/api/v1/push HTTP/1.1" 204 0
2026-01-31 20:51:42 [   DEBUG] [connectionpool.py:544] http://localhost:3100 "POST /loki/api/v1/push HTTP/1.1" 204 0
2026-01-31 20:51:42 [   DEBUG] [connectionpool.py:544] http://localhost:3100 "POST /loki/api/v1/push HTTP/1.1" 204 0
2026-01-31 20:51:42 [   DEBUG] [connectionpool.py:544] http://localhost:3100 "POST /loki/api/v1/push HTTP/1.1" 204 0
2026-01-31 20:51:42 [   DEBUG] [connectionpool.py:544] http://localhost:3100 "POST /loki/api/v1/push HTTP/1.1" 204 0
2026-01-31 20:51:42 [   DEBUG] [connectionpool.py:544] http://localhost:3100 "POST /loki/api/v1/push HTTP/1.1" 204 0
2026-01-31 20:51:42 [   DEBUG] [connectionpool.py:544] http://localhost:3100 "POST /loki/api/v1/push HTTP/1.1" 204 0
2026-01-31 20:51:42 [   DEBUG] [connectionpool.py:544] http://localhost:3100 "POST /loki/api/v1/push HTTP/1.1" 204 0
2026-01-31 20:51:42 [ WARNING] [loki.py:39] Warning message 23
2026-01-31 20:51:42 [   DEBUG] [connectionpool.py:544] http://localhost:3100 "POST /loki/api/v1/push HTTP/1.1" 204 0
2026-01-31 20:51:42 [   DEBUG] [connectionpool.py:544] http://localhost:3100 "POST /loki/api/v1/push HTTP/1.1" 204 0
2026-01-31 20:51:42 [   DEBUG] [connectionpool.py:544] http://localhost:3100 "POST /loki/api/v1/push HTTP/1.1" 204 0
2026-01-31 20:51:42 [   DEBUG] [connectionpool.py:544] http://localhost:3100 "POST /loki/api/v1/push HTTP/1.1" 204 0
2026-01-31 20:51:42 [   DEBUG] [connectionpool.py:544] http://localhost:3100 "POST /loki/api/v1/push HTTP/1.1" 204 0
2026-01-31 20:51:42 [   DEBUG] [connectionpool.py:544] http://localhost:3100 "POST /loki/api/v1/push HTTP/1.1" 204 0
2026-01-31 20:51:42 [   DEBUG] [connectionpool.py:544] http://localhost:3100 "POST /loki/api/v1/push HTTP/1.1" 204 0
2026-01-31 20:51:42 [   DEBUG] [connectionpool.py:544] http://localhost:3100 "POST /loki/api/v1/push HTTP/1.1" 204 0
2026-01-31 20:51:42 [   DEBUG] [connectionpool.py:544] http://localhost:3100 "POST /loki/api/v1/push HTTP/1.1" 204 0
2026-01-31 20:51:42 [   DEBUG] [connectionpool.py:544] http://localhost:3100 "POST /loki/api/v1/push HTTP/1.1" 204 0
2026-01-31 20:51:42 [   ERROR] [loki.py:42] Error message 23
2026-01-31 20:51:42 [   DEBUG] [connectionpool.py:544] http://localhost:3100 "POST /loki/api/v1/push HTTP/1.1" 204 0
2026-01-31 20:51:42 [   DEBUG] [connectionpool.py:544] http://localhost:3100 "POST /loki/api/v1/push HTTP/1.1" 204 0
2026-01-31 20:51:42 [   DEBUG] [connectionpool.py:544] http://localhost:3100 "POST /loki/api/v1/push HTTP/1.1" 204 0
2026-01-31 20:51:42 [   DEBUG] [connectionpool.py:544] http://localhost:3100 "POST /loki/api/v1/push HTTP/1.1" 204 0
2026-01-31 20:51:42 [   DEBUG] [connectionpool.py:544] http://localhost:3100 "POST /loki/api/v1/push HTTP/1.1" 204 0
2026-01-31 20:51:42 [   DEBUG] [connectionpool.py:544] http://localhost:3100 "POST /loki/api/v1/push HTTP/1.1" 204 0
2026-01-31 20:51:42 [   DEBUG] [connectionpool.py:544] http://localhost:3100 "POST /loki/api/v1/push HTTP/1.1" 204 0
2026-01-31 20:51:42 [   DEBUG] [connectionpool.py:544] http://localhost:3100 "POST /loki/api/v1/push HTTP/1.1" 204 0
2026-01-31 20:51:42 [   DEBUG] [connectionpool.py:544] http://localhost:3100 "POST /loki/api/v1/push HTTP/1.1" 204 0
2026-01-31 20:51:42 [   DEBUG] [connectionpool.py:544] http://localhost:3100 "POST /loki/api/v1/push HTTP/1.1" 204 0
2026-01-31 20:51:42 [CRITICAL] [loki.py:45] Critical message 23
2026-01-31 20:51:42 [   DEBUG] [connectionpool.py:544] http://localhost:3100 "POST /loki/api/v1/push HTTP/1.1" 204 0
2026-01-31 20:51:42 [   DEBUG] [connectionpool.py:544] http://localhost:3100 "POST /loki/api/v1/push HTTP/1.1" 204 0
2026-01-31 20:51:42 [   DEBUG] [connectionpool.py:544] http://localhost:3100 "POST /loki/api/v1/push HTTP/1.1" 204 0
2026-01-31 20:51:42 [   DEBUG] [connectionpool.py:544] http://localhost:3100 "POST /loki/api/v1/push HTTP/1.1" 204 0
2026-01-31 20:51:42 [   DEBUG] [connectionpool.py:544] http://localhost:3100 "POST /loki/api/v1/push HTTP/1.1" 204 0
2026-01-31 20:51:42 [   DEBUG] [connectionpool.py:544] http://localhost:3100 "POST /loki/api/v1/push HTTP/1.1" 204 0
2026-01-31 20:51:42 [   DEBUG] [connectionpool.py:544] http://localhost:3100 "POST /loki/api/v1/push HTTP/1.1" 204 0
2026-01-31 20:51:42 [   DEBUG] [connectionpool.py:544] http://localhost:3100 "POST /loki/api/v1/push HTTP/1.1" 204 0
2026-01-31 20:51:42 [   DEBUG] [connectionpool.py:544] http://localhost:3100 "POST /loki/api/v1/push HTTP/1.1" 204 0
2026-01-31 20:51:42 [   DEBUG] [connectionpool.py:544] http://localhost:3100 "POST /loki/api/v1/push HTTP/1.1" 204 0
2026-01-31 20:51:42 [    INFO] [loki.py:36] Info message 24
2026-01-31 20:51:42 [   DEBUG] [connectionpool.py:544] http://localhost:3100 "POST /loki/api/v1/push HTTP/1.1" 204 0
2026-01-31 20:51:42 [   DEBUG] [connectionpool.py:544] http://localhost:3100 "POST /loki/api/v1/push HTTP/1.1" 204 0
2026-01-31 20:51:42 [   DEBUG] [connectionpool.py:544] http://localhost:3100 "POST /loki/api/v1/push HTTP/1.1" 204 0
2026-01-31 20:51:42 [   DEBUG] [connectionpool.py:544] http://localhost:3100 "POST /loki/api/v1/push HTTP/1.1" 204 0
2026-01-31 20:51:42 [   DEBUG] [connectionpool.py:544] http://localhost:3100 "POST /loki/api/v1/push HTTP/1.1" 204 0
2026-01-31 20:51:42 [   DEBUG] [connectionpool.py:544] http://localhost:3100 "POST /loki/api/v1/push HTTP/1.1" 204 0
2026-01-31 20:51:42 [   DEBUG] [connectionpool.py:544] http://localhost:3100 "POST /loki/api/v1/push HTTP/1.1" 204 0
2026-01-31 20:51:42 [   DEBUG] [connectionpool.py:544] http://localhost:3100 "POST /loki/api/v1/push HTTP/1.1" 204 0
2026-01-31 20:51:42 [   DEBUG] [connectionpool.py:544] http://localhost:3100 "POST /loki/api/v1/push HTTP/1.1" 204 0
2026-01-31 20:51:42 [   DEBUG] [connectionpool.py:544] http://localhost:3100 "POST /loki/api/v1/push HTTP/1.1" 204 0
2026-01-31 20:51:42 [ WARNING] [loki.py:39] Warning message 24
2026-01-31 20:51:42 [   DEBUG] [connectionpool.py:544] http://localhost:3100 "POST /loki/api/v1/push HTTP/1.1" 204 0
2026-01-31 20:51:42 [   DEBUG] [connectionpool.py:544] http://localhost:3100 "POST /loki/api/v1/push HTTP/1.1" 204 0
2026-01-31 20:51:42 [   DEBUG] [connectionpool.py:544] http://localhost:3100 "POST /loki/api/v1/push HTTP/1.1" 204 0
2026-01-31 20:51:42 [   DEBUG] [connectionpool.py:544] http://localhost:3100 "POST /loki/api/v1/push HTTP/1.1" 204 0
2026-01-31 20:51:42 [   DEBUG] [connectionpool.py:544] http://localhost:3100 "POST /loki/api/v1/push HTTP/1.1" 204 0
2026-01-31 20:51:42 [   DEBUG] [connectionpool.py:544] http://localhost:3100 "POST /loki/api/v1/push HTTP/1.1" 204 0
2026-01-31 20:51:42 [   DEBUG] [connectionpool.py:544] http://localhost:3100 "POST /loki/api/v1/push HTTP/1.1" 204 0
2026-01-31 20:51:42 [   DEBUG] [connectionpool.py:544] http://localhost:3100 "POST /loki/api/v1/push HTTP/1.1" 204 0
2026-01-31 20:51:42 [   DEBUG] [connectionpool.py:544] http://localhost:3100 "POST /loki/api/v1/push HTTP/1.1" 204 0
2026-01-31 20:51:42 [   DEBUG] [connectionpool.py:544] http://localhost:3100 "POST /loki/api/v1/push HTTP/1.1" 204 0
2026-01-31 20:51:42 [   ERROR] [loki.py:42] Error message 24
2026-01-31 20:51:42 [   DEBUG] [connectionpool.py:544] http://localhost:3100 "POST /loki/api/v1/push HTTP/1.1" 204 0
2026-01-31 20:51:42 [   DEBUG] [connectionpool.py:544] http://localhost:3100 "POST /loki/api/v1/push HTTP/1.1" 204 0
2026-01-31 20:51:42 [   DEBUG] [connectionpool.py:544] http://localhost:3100 "POST /loki/api/v1/push HTTP/1.1" 204 0
2026-01-31 20:51:42 [   DEBUG] [connectionpool.py:544] http://localhost:3100 "POST /loki/api/v1/push HTTP/1.1" 204 0
2026-01-31 20:51:42 [   DEBUG] [connectionpool.py:544] http://localhost:3100 "POST /loki/api/v1/push HTTP/1.1" 204 0
2026-01-31 20:51:42 [   DEBUG] [connectionpool.py:544] http://localhost:3100 "POST /loki/api/v1/push HTTP/1.1" 204 0
2026-01-31 20:51:42 [   DEBUG] [connectionpool.py:544] http://localhost:3100 "POST /loki/api/v1/push HTTP/1.1" 204 0
2026-01-31 20:51:42 [   DEBUG] [connectionpool.py:544] http://localhost:3100 "POST /loki/api/v1/push HTTP/1.1" 204 0
2026-01-31 20:51:42 [   DEBUG] [connectionpool.py:544] http://localhost:3100 "POST /loki/api/v1/push HTTP/1.1" 204 0
2026-01-31 20:51:42 [   DEBUG] [connectionpool.py:544] http://localhost:3100 "POST /loki/api/v1/push HTTP/1.1" 204 0
2026-01-31 20:51:42 [CRITICAL] [loki.py:45] Critical message 24
2026-01-31 20:51:45 [   DEBUG] [connectionpool.py:544] http://localhost:3100 "POST /loki/api/v1/push HTTP/1.1" 204 0
2026-01-31 20:51:45 [   DEBUG] [connectionpool.py:544] http://localhost:3100 "POST /loki/api/v1/push HTTP/1.1" 204 0
2026-01-31 20:51:45 [   DEBUG] [connectionpool.py:544] http://localhost:3100 "POST /loki/api/v1/push HTTP/1.1" 204 0
2026-01-31 20:51:45 [   DEBUG] [connectionpool.py:544] http://localhost:3100 "POST /loki/api/v1/push HTTP/1.1" 204 0
2026-01-31 20:51:45 [   DEBUG] [connectionpool.py:544] http://localhost:3100 "POST /loki/api/v1/push HTTP/1.1" 204 0
2026-01-31 20:51:45 [   DEBUG] [connectionpool.py:544] http://localhost:3100 "POST /loki/api/v1/push HTTP/1.1" 204 0
2026-01-31 20:51:45 [   DEBUG] [connectionpool.py:544] http://localhost:3100 "POST /loki/api/v1/push HTTP/1.1" 204 0
2026-01-31 20:51:45 [   DEBUG] [connectionpool.py:544] http://localhost:3100 "POST /loki/api/v1/push HTTP/1.1" 204 0
2026-01-31 20:51:45 [   DEBUG] [connectionpool.py:544] http://localhost:3100 "POST /loki/api/v1/push HTTP/1.1" 204 0
2026-01-31 20:51:45 [   DEBUG] [connectionpool.py:544] http://localhost:3100 "POST /loki/api/v1/push HTTP/1.1" 204 0
2026-01-31 20:51:45 [   DEBUG] [connectionpool.py:241] Starting new HTTP connection (1): localhost:3100
2026-01-31 20:51:45 [   DEBUG] [connectionpool.py:544] http://localhost:3100 "POST /loki/api/v1/push HTTP/1.1" 204 0
2026-01-31 20:51:45 [    INFO] [loki.py:36] Message without extra
2026-01-31 20:51:45 [   DEBUG] [connectionpool.py:544] http://localhost:3100 "POST /loki/api/v1/push HTTP/1.1" 204 0
2026-01-31 20:51:45 [   DEBUG] [connectionpool.py:544] http://localhost:3100 "POST /loki/api/v1/push HTTP/1.1" 204 0
2026-01-31 20:51:45 [   DEBUG] [connectionpool.py:544] http://localhost:3100 "POST /loki/api/v1/push HTTP/1.1" 204 0
2026-01-31 20:51:45 [   DEBUG] [connectionpool.py:544] http://localhost:3100 "POST /loki/api/v1/push HTTP/1.1" 204 0
2026-01-31 20:51:45 [   DEBUG] [connectionpool.py:544] http://localhost:3100 "POST /loki/api/v1/push HTTP/1.1" 204 0
2026-01-31 20:51:45 [   DEBUG] [connectionpool.py:544] http://localhost:3100 "POST /loki/api/v1/push HTTP/1.1" 204 0
2026-01-31 20:51:45 [   DEBUG] [connectionpool.py:544] http://localhost:3100 "POST /loki/api/v1/push HTTP/1.1" 204 0
2026-01-31 20:51:45 [   DEBUG] [connectionpool.py:544] http://localhost:3100 "POST /loki/api/v1/push HTTP/1.1" 204 0
2026-01-31 20:51:45 [   DEBUG] [connectionpool.py:544] http://localhost:3100 "POST /loki/api/v1/push HTTP/1.1" 204 0
2026-01-31 20:51:45 [   DEBUG] [connectionpool.py:544] http://localhost:3100 "POST /loki/api/v1/push HTTP/1.1" 204 0
2026-01-31 20:51:45 [   DEBUG] [connectionpool.py:544] http://localhost:3100 "POST /loki/api/v1/push HTTP/1.1" 204 0
2026-01-31 20:51:45 [   DEBUG] [connectionpool.py:241] Starting new HTTP connection (1): localhost:3100
2026-01-31 20:51:45 [   DEBUG] [connectionpool.py:544] http://localhost:3100 "POST /loki/api/v1/push HTTP/1.1" 204 0
2026-01-31 20:51:45 [    INFO] [loki.py:36] Message with None extra
2026-01-31 20:51:45 [   DEBUG] [connectionpool.py:544] http://localhost:3100 "POST /loki/api/v1/push HTTP/1.1" 204 0
2026-01-31 20:51:45 [   DEBUG] [connectionpool.py:544] http://localhost:3100 "POST /loki/api/v1/push HTTP/1.1" 204 0
2026-01-31 20:51:45 [   DEBUG] [connectionpool.py:544] http://localhost:3100 "POST /loki/api/v1/push HTTP/1.1" 204 0
2026-01-31 20:51:45 [   DEBUG] [connectionpool.py:544] http://localhost:3100 "POST /loki/api/v1/push HTTP/1.1" 204 0
2026-01-31 20:51:45 [   DEBUG] [connectionpool.py:544] http://localhost:3100 "POST /loki/api/v1/push HTTP/1.1" 204 0
2026-01-31 20:51:45 [   DEBUG] [connectionpool.py:544] http://localhost:3100 "POST /loki/api/v1/push HTTP/1.1" 204 0
2026-01-31 20:51:45 [   DEBUG] [connectionpool.py:544] http://localhost:3100 "POST /loki/api/v1/push HTTP/1.1" 204 0
2026-01-31 20:51:45 [   DEBUG] [connectionpool.py:544] http://localhost:3100 "POST /loki/api/v1/push HTTP/1.1" 204 0
2026-01-31 20:51:45 [   DEBUG] [connectionpool.py:544] http://localhost:3100 "POST /loki/api/v1/push HTTP/1.1" 204 0
2026-01-31 20:51:45 [   DEBUG] [connectionpool.py:544] http://localhost:3100 "POST /loki/api/v1/push HTTP/1.1" 204 0
2026-01-31 20:51:45 [   DEBUG] [connectionpool.py:544] http://localhost:3100 "POST /loki/api/v1/push HTTP/1.1" 204 0
2026-01-31 20:51:45 [   DEBUG] [connectionpool.py:544] http://localhost:3100 "POST /loki/api/v1/push HTTP/1.1" 204 0
2026-01-31 20:51:45 [   DEBUG] [connectionpool.py:241] Starting new HTTP connection (1): localhost:3100
2026-01-31 20:51:45 [   DEBUG] [connectionpool.py:544] http://localhost:3100 "POST /loki/api/v1/push HTTP/1.1" 204 0
2026-01-31 20:51:45 [   DEBUG] [loki.py:48] Debug message
2026-01-31 20:51:45 [   DEBUG] [connectionpool.py:544] http://localhost:3100 "POST /loki/api/v1/push HTTP/1.1" 204 0
2026-01-31 20:51:45 [   DEBUG] [connectionpool.py:544] http://localhost:3100 "POST /loki/api/v1/push HTTP/1.1" 204 0
2026-01-31 20:51:45 [   DEBUG] [connectionpool.py:544] http://localhost:3100 "POST /loki/api/v1/push HTTP/1.1" 204 0
2026-01-31 20:51:45 [   DEBUG] [connectionpool.py:544] http://localhost:3100 "POST /loki/api/v1/push HTTP/1.1" 204 0
2026-01-31 20:51:45 [   DEBUG] [connectionpool.py:544] http://localhost:3100 "POST /loki/api/v1/push HTTP/1.1" 204 0
2026-01-31 20:51:45 [   DEBUG] [connectionpool.py:544] http://localhost:3100 "POST /loki/api/v1/push HTTP/1.1" 204 0
2026-01-31 20:51:45 [   DEBUG] [connectionpool.py:544] http://localhost:3100 "POST /loki/api/v1/push HTTP/1.1" 204 0
2026-01-31 20:51:45 [   DEBUG] [connectionpool.py:544] http://localhost:3100 "POST /loki/api/v1/push HTTP/1.1" 204 0
2026-01-31 20:51:45 [   DEBUG] [connectionpool.py:544] http://localhost:3100 "POST /loki/api/v1/push HTTP/1.1" 204 0
2026-01-31 20:51:45 [   DEBUG] [connectionpool.py:544] http://localhost:3100 "POST /loki/api/v1/push HTTP/1.1" 204 0
2026-01-31 20:51:45 [   DEBUG] [connectionpool.py:544] http://localhost:3100 "POST /loki/api/v1/push HTTP/1.1" 204 0
2026-01-31 20:51:45 [   DEBUG] [connectionpool.py:544] http://localhost:3100 "POST /loki/api/v1/push HTTP/1.1" 204 0
2026-01-31 20:51:45 [   DEBUG] [connectionpool.py:544] http://localhost:3100 "POST /loki/api/v1/push HTTP/1.1" 204 0
2026-01-31 20:51:45 [    INFO] [loki.py:36] Info message
2026-01-31 20:51:45 [   DEBUG] [connectionpool.py:544] http://localhost:3100 "POST /loki/api/v1/push HTTP/1.1" 204 0
2026-01-31 20:51:45 [   DEBUG] [connectionpool.py:544] http://localhost:3100 "POST /loki/api/v1/push HTTP/1.1" 204 0
2026-01-31 20:51:45 [   DEBUG] [connectionpool.py:544] http://localhost:3100 "POST /loki/api/v1/push HTTP/1.1" 204 0
2026-01-31 20:51:45 [   DEBUG] [connectionpool.py:544] http://localhost:3100 "POST /loki/api/v1/push HTTP/1.1" 204 0
2026-01-31 20:51:45 [   DEBUG] [connectionpool.py:544] http://localhost:3100 "POST /loki/api/v1/push HTTP/1.1" 204 0
2026-01-31 20:51:45 [   DEBUG] [connectionpool.py:544] http://localhost:3100 "POST /loki/api/v1/push HTTP/1.1" 204 0
2026-01-31 20:51:45 [   DEBUG] [connectionpool.py:544] http://localhost:3100 "POST /loki/api/v1/push HTTP/1.1" 204 0
2026-01-31 20:51:45 [   DEBUG] [connectionpool.py:544] http://localhost:3100 "POST /loki/api/v1/push HTTP/1.1" 204 0
2026-01-31 20:51:45 [   DEBUG] [connectionpool.py:544] http://localhost:3100 "POST /loki/api/v1/push HTTP/1.1" 204 0
2026-01-31 20:51:45 [   DEBUG] [connectionpool.py:544] http://localhost:3100 "POST /loki/api/v1/push HTTP/1.1" 204 0
2026-01-31 20:51:45 [   DEBUG] [connectionpool.py:544] http://localhost:3100 "POST /loki/api/v1/push HTTP/1.1" 204 0
2026-01-31 20:51:45 [   DEBUG] [connectionpool.py:544] http://localhost:3100 "POST /loki/api/v1/push HTTP/1.1" 204 0
2026-01-31 20:51:45 [   DEBUG] [connectionpool.py:544] http://localhost:3100 "POST /loki/api/v1/push HTTP/1.1" 204 0
2026-01-31 20:51:45 [ WARNING] [loki.py:39] Warning message
2026-01-31 20:51:45 [   DEBUG] [connectionpool.py:544] http://localhost:3100 "POST /loki/api/v1/push HTTP/1.1" 204 0
2026-01-31 20:51:45 [   DEBUG] [connectionpool.py:544] http://localhost:3100 "POST /loki/api/v1/push HTTP/1.1" 204 0
2026-01-31 20:51:45 [   DEBUG] [connectionpool.py:544] http://localhost:3100 "POST /loki/api/v1/push HTTP/1.1" 204 0
2026-01-31 20:51:45 [   DEBUG] [connectionpool.py:544] http://localhost:3100 "POST /loki/api/v1/push HTTP/1.1" 204 0
2026-01-31 20:51:45 [   DEBUG] [connectionpool.py:544] http://localhost:3100 "POST /loki/api/v1/push HTTP/1.1" 204 0
2026-01-31 20:51:45 [   DEBUG] [connectionpool.py:544] http://localhost:3100 "POST /loki/api/v1/push HTTP/1.1" 204 0
2026-01-31 20:51:45 [   DEBUG] [connectionpool.py:544] http://localhost:3100 "POST /loki/api/v1/push HTTP/1.1" 204 0
2026-01-31 20:51:45 [   DEBUG] [connectionpool.py:544] http://localhost:3100 "POST /loki/api/v1/push HTTP/1.1" 204 0
2026-01-31 20:51:45 [   DEBUG] [connectionpool.py:544] http://localhost:3100 "POST /loki/api/v1/push HTTP/1.1" 204 0
2026-01-31 20:51:45 [   DEBUG] [connectionpool.py:544] http://localhost:3100 "POST /loki/api/v1/push HTTP/1.1" 204 0
2026-01-31 20:51:45 [   DEBUG] [connectionpool.py:544] http://localhost:3100 "POST /loki/api/v1/push HTTP/1.1" 204 0
2026-01-31 20:51:45 [   DEBUG] [connectionpool.py:544] http://localhost:3100 "POST /loki/api/v1/push HTTP/1.1" 204 0
2026-01-31 20:51:45 [   DEBUG] [connectionpool.py:544] http://localhost:3100 "POST /loki/api/v1/push HTTP/1.1" 204 0
2026-01-31 20:51:45 [   ERROR] [loki.py:42] Error message
2026-01-31 20:51:45 [   DEBUG] [connectionpool.py:544] http://localhost:3100 "POST /loki/api/v1/push HTTP/1.1" 204 0
2026-01-31 20:51:45 [   DEBUG] [connectionpool.py:544] http://localhost:3100 "POST /loki/api/v1/push HTTP/1.1" 204 0
2026-01-31 20:51:45 [   DEBUG] [connectionpool.py:544] http://localhost:3100 "POST /loki/api/v1/push HTTP/1.1" 204 0
2026-01-31 20:51:45 [   DEBUG] [connectionpool.py:544] http://localhost:3100 "POST /loki/api/v1/push HTTP/1.1" 204 0
2026-01-31 20:51:45 [   DEBUG] [connectionpool.py:544] http://localhost:3100 "POST /loki/api/v1/push HTTP/1.1" 204 0
2026-01-31 20:51:45 [   DEBUG] [connectionpool.py:544] http://localhost:3100 "POST /loki/api/v1/push HTTP/1.1" 204 0
2026-01-31 20:51:45 [   DEBUG] [connectionpool.py:544] http://localhost:3100 "POST /loki/api/v1/push HTTP/1.1" 204 0
2026-01-31 20:51:45 [   DEBUG] [connectionpool.py:544] http://localhost:3100 "POST /loki/api/v1/push HTTP/1.1" 204 0
2026-01-31 20:51:45 [   DEBUG] [connectionpool.py:544] http://localhost:3100 "POST /loki/api/v1/push HTTP/1.1" 204 0
2026-01-31 20:51:45 [   DEBUG] [connectionpool.py:544] http://localhost:3100 "POST /loki/api/v1/push HTTP/1.1" 204 0
2026-01-31 20:51:45 [   DEBUG] [connectionpool.py:544] http://localhost:3100 "POST /loki/api/v1/push HTTP/1.1" 204 0
2026-01-31 20:51:45 [   DEBUG] [connectionpool.py:544] http://localhost:3100 "POST /loki/api/v1/push HTTP/1.1" 204 0
2026-01-31 20:51:45 [   DEBUG] [connectionpool.py:544] http://localhost:3100 "POST /loki/api/v1/push HTTP/1.1" 204 0
2026-01-31 20:51:45 [CRITICAL] [loki.py:45] Critical message
2026-01-31 20:51:45 [   DEBUG] [connectionpool.py:544] http://localhost:3100 "POST /loki/api/v1/push HTTP/1.1" 204 0
2026-01-31 20:51:45 [   DEBUG] [connectionpool.py:544] http://localhost:3100 "POST /loki/api/v1/push HTTP/1.1" 204 0
2026-01-31 20:51:45 [   DEBUG] [connectionpool.py:544] http://localhost:3100 "POST /loki/api/v1/push HTTP/1.1" 204 0
2026-01-31 20:51:45 [   DEBUG] [connectionpool.py:544] http://localhost:3100 "POST /loki/api/v1/push HTTP/1.1" 204 0
2026-01-31 20:51:45 [   DEBUG] [connectionpool.py:544] http://localhost:3100 "POST /loki/api/v1/push HTTP/1.1" 204 0
2026-01-31 20:51:45 [   DEBUG] [connectionpool.py:544] http://localhost:3100 "POST /loki/api/v1/push HTTP/1.1" 204 0
2026-01-31 20:51:45 [   DEBUG] [connectionpool.py:544] http://localhost:3100 "POST /loki/api/v1/push HTTP/1.1" 204 0
2026-01-31 20:51:45 [   DEBUG] [connectionpool.py:544] http://localhost:3100 "POST /loki/api/v1/push HTTP/1.1" 204 0
2026-01-31 20:51:45 [   DEBUG] [connectionpool.py:544] http://localhost:3100 "POST /loki/api/v1/push HTTP/1.1" 204 0
2026-01-31 20:51:45 [   DEBUG] [connectionpool.py:544] http://localhost:3100 "POST /loki/api/v1/push HTTP/1.1" 204 0
2026-01-31 20:51:45 [   DEBUG] [connectionpool.py:544] http://localhost:3100 "POST /loki/api/v1/push HTTP/1.1" 204 0
2026-01-31 20:51:45 [   DEBUG] [connectionpool.py:544] http://localhost:3100 "POST /loki/api/v1/push HTTP/1.1" 204 0
2026-01-31 20:51:45 [   DEBUG] [connectionpool.py:544] http://localhost:3100 "POST /loki/api/v1/push HTTP/1.1" 204 0
2026-01-31 20:51:45 [   DEBUG] [connectionpool.py:241] Starting new HTTP connection (1): localhost:3100
2026-01-31 20:51:45 [   DEBUG] [connectionpool.py:544] http://localhost:3100 "POST /loki/api/v1/push HTTP/1.1" 204 0
2026-01-31 20:51:45 [    INFO] [loki.py:36] Complex data log
2026-01-31 20:51:45 [   DEBUG] [connectionpool.py:544] http://localhost:3100 "POST /loki/api/v1/push HTTP/1.1" 204 0
2026-01-31 20:51:45 [   DEBUG] [connectionpool.py:544] http://localhost:3100 "POST /loki/api/v1/push HTTP/1.1" 204 0
2026-01-31 20:51:45 [   DEBUG] [connectionpool.py:544] http://localhost:3100 "POST /loki/api/v1/push HTTP/1.1" 204 0
2026-01-31 20:51:45 [   DEBUG] [connectionpool.py:544] http://localhost:3100 "POST /loki/api/v1/push HTTP/1.1" 204 0
2026-01-31 20:51:45 [   DEBUG] [connectionpool.py:544] http://localhost:3100 "POST /loki/api/v1/push HTTP/1.1" 204 0
2026-01-31 20:51:45 [   DEBUG] [connectionpool.py:544] http://localhost:3100 "POST /loki/api/v1/push HTTP/1.1" 204 0
2026-01-31 20:51:45 [   DEBUG] [connectionpool.py:544] http://localhost:3100 "POST /loki/api/v1/push HTTP/1.1" 204 0
2026-01-31 20:51:45 [   DEBUG] [connectionpool.py:544] http://localhost:3100 "POST /loki/api/v1/push HTTP/1.1" 204 0
2026-01-31 20:51:45 [   DEBUG] [connectionpool.py:544] http://localhost:3100 "POST /loki/api/v1/push HTTP/1.1" 204 0
2026-01-31 20:51:45 [   DEBUG] [connectionpool.py:544] http://localhost:3100 "POST /loki/api/v1/push HTTP/1.1" 204 0
2026-01-31 20:51:45 [   DEBUG] [connectionpool.py:544] http://localhost:3100 "POST /loki/api/v1/push HTTP/1.1" 204 0
2026-01-31 20:51:45 [   DEBUG] [connectionpool.py:544] http://localhost:3100 "POST /loki/api/v1/push HTTP/1.1" 204 0
2026-01-31 20:51:45 [   DEBUG] [connectionpool.py:544] http://localhost:3100 "POST /loki/api/v1/push HTTP/1.1" 204 0
2026-01-31 20:51:45 [   DEBUG] [connectionpool.py:544] http://localhost:3100 "POST /loki/api/v1/push HTTP/1.1" 204 0
2026-01-31 20:51:45 [   DEBUG] [connectionpool.py:241] Starting new HTTP connection (1): localhost:3100
2026-01-31 20:51:45 [   DEBUG] [connectionpool.py:544] http://localhost:3100 "POST /loki/api/v1/push HTTP/1.1" 204 0
2026-01-31 20:51:45 [    INFO] [loki.py:36] Message with émojis 🎉 and ünïcödé
2026-01-31 20:51:45 [   DEBUG] [connectionpool.py:544] http://localhost:3100 "POST /loki/api/v1/push HTTP/1.1" 204 0
2026-01-31 20:51:45 [   DEBUG] [connectionpool.py:544] http://localhost:3100 "POST /loki/api/v1/push HTTP/1.1" 204 0
2026-01-31 20:51:45 [   DEBUG] [connectionpool.py:544] http://localhost:3100 "POST /loki/api/v1/push HTTP/1.1" 204 0
2026-01-31 20:51:45 [   DEBUG] [connectionpool.py:544] http://localhost:3100 "POST /loki/api/v1/push HTTP/1.1" 204 0
2026-01-31 20:51:45 [   DEBUG] [connectionpool.py:544] http://localhost:3100 "POST /loki/api/v1/push HTTP/1.1" 204 0
2026-01-31 20:51:45 [   DEBUG] [connectionpool.py:544] http://localhost:3100 "POST /loki/api/v1/push HTTP/1.1" 204 0
2026-01-31 20:51:45 [   DEBUG] [connectionpool.py:544] http://localhost:3100 "POST /loki/api/v1/push HTTP/1.1" 204 0
2026-01-31 20:51:45 [   DEBUG] [connectionpool.py:544] http://localhost:3100 "POST /loki/api/v1/push HTTP/1.1" 204 0
2026-01-31 20:51:45 [   DEBUG] [connectionpool.py:544] http://localhost:3100 "POST /loki/api/v1/push HTTP/1.1" 204 0
2026-01-31 20:51:45 [   DEBUG] [connectionpool.py:544] http://localhost:3100 "POST /loki/api/v1/push HTTP/1.1" 204 0
2026-01-31 20:51:45 [   DEBUG] [connectionpool.py:544] http://localhost:3100 "POST /loki/api/v1/push HTTP/1.1" 204 0
2026-01-31 20:51:45 [   DEBUG] [connectionpool.py:544] http://localhost:3100 "POST /loki/api/v1/push HTTP/1.1" 204 0
2026-01-31 20:51:45 [   DEBUG] [connectionpool.py:544] http://localhost:3100 "POST /loki/api/v1/push HTTP/1.1" 204 0
2026-01-31 20:51:45 [   DEBUG] [connectionpool.py:544] http://localhost:3100 "POST /loki/api/v1/push HTTP/1.1" 204 0
2026-01-31 20:51:45 [   DEBUG] [connectionpool.py:544] http://localhost:3100 "POST /loki/api/v1/push HTTP/1.1" 204 0
2026-01-31 20:51:45 [   DEBUG] [connectionpool.py:241] Starting new HTTP connection (1): localhost:3100
2026-01-31 20:51:45 [   DEBUG] [connectionpool.py:544] http://localhost:3100 "POST /loki/api/v1/push HTTP/1.1" 204 0
2026-01-31 20:51:45 [    INFO] [loki.py:36] AAAAAAAAAAAAAAAAAAAAAAAAAAAAAAAAAAAAAAAAAAAAAAAAAAAAAAAAAAAAAAAAAAAAAAAAAAAAAAAAAAAAAAAAAAAAAAAAAAAAAAAAAAAAAAAAAAAAAAAAAAAAAAAAAAAAAAAAAAAAAAAAAAAAAAAAAAAAAAAAAAAAAAAAAAAAAAAAAAAAAAAAAAAAAAAAAAAAAAAAAAAAAAAAAAAAAAAAAAAAAAAAAAAAAAAAAAAAAAAAAAAAAAAAAAAAAAAAAAAAAAAAAAAAAAAAAAAAAAAAAAAAAAAAAAAAAAAAAAAAAAAAAAAAAAAAAAAAAAAAAAAAAAAAAAAAAAAAAAAAAAAAAAAAAAAAAAAAAAAAAAAAAAAAAAAAAAAAAAAAAAAAAAAAAAAAAAAAAAAAAAAAAAAAAAAAAAAAAAAAAAAAAAAAAAAAAAAAAAAAAAAAAAAAAAAAAAAAAAAAAAAAAAAAAAAAAAAAAAAAAAAAAAAAAAAAAAAAAAAAAAAAAAAAAAAAAAAAAAAAAAAAAAAAAAAAAAAAAAAAAAAAAAAAAAAAAAAAAAAAAAAAAAAAAAAAAAAAAAAAAAAAAAAAAAAAAAAAAAAAAAAAAAAAAAAAAAAAAAAAAAAAAAAAAAAAAAAAAAAAAAAAAAAAAAAAAAAAAAAAAAAAAAAAAAAAAAAAAAAAAAAAAAAAAAAAAAAAAAAAAAAAAAAAAAAAAAAAAAAAAAAAAAAAAAAAAAAAAAAAAAAAAAAAAAAAAAAAAAAAAAAAAAAAAAAAAAAAAAAAAAAAAAAAAAAAAAAAAAAAAAAAAAAAAAAAAAAAAAAAAAAAAAAAAAAAAAAAAAAAAAAAAAAAAAAAAAAAAAAAAAAAAAAAAAAAAAAAAAAAAAAAAAAAAAAAAAAAAAAAAAAAAAAAAAAAAAAAAAAAAAAAAAAAAAAAAAAAAAAAAAAAAAAAAAAAAAAAAAAAAAAAAAAAAAAAAAAAAAAAAAAAAAAAAAAAAAAAAAAAAAAAAAAAAAAAAAAAAAAAAAAAAAAAAAAAAAAAAAAAAAAAAAAAAAAAAAAAAAAAAAAAAAAAAAAAAAAAAAAAAAAAAAAAAAAAAAAAAAAAAAAAAAAAAAAAAAAAAAAAAAAAAAAAAAAAAAAAAAAAAAAAAAAAAAAAAAAAAAAAAAAAAAAAAAAAAAAAAAAAAAAAAAAAAAAAAAAAAAAAAAAAAAAAAAAAAAAAAAAAAAAAAAAAAAAAAAAAAAAAAAAAAAAAAAAAAAAAAAAAAAAAAAAAAAAAAAAAAAAAAAAAAAAAAAAAAAAAAAAAAAAAAAAAAAAAAAAAAAAAAAAAAAAAAAAAAAAAAAAAAAAAAAAAAAAAAAAAAAAAAAAAAAAAAAAAAAAAAAAAAAAAAAAAAAAAAAAAAAAAAAAAAAAAAAAAAAAAAAAAAAAAAAAAAAAAAAAAAAAAAAAAAAAAAAAAAAAAAAAAAAAAAAAAAAAAAAAAAAAAAAAAAAAAAAAAAAAAAAAAAAAAAAAAAAAAAAAAAAAAAAAAAAAAAAAAAAAAAAAAAAAAAAAAAAAAAAAAAAAAAAAAAAAAAAAAAAAAAAAAAAAAAAAAAAAAAAAAAAAAAAAAAAAAAAAAAAAAAAAAAAAAAAAAAAAAAAAAAAAAAAAAAAAAAAAAAAAAAAAAAAAAAAAAAAAAAAAAAAAAAAAAAAAAAAAAAAAAAAAAAAAAAAAAAAAAAAAAAAAAAAAAAAAAAAAAAAAAAAAAAAAAAAAAAAAAAAAAAAAAAAAAAAAAAAAAAAAAAAAAAAAAAAAAAAAAAAAAAAAAAAAAAAAAAAAAAAAAAAAAAAAAAAAAAAAAAAAAAAAAAAAAAAAAAAAAAAAAAAAAAAAAAAAAAAAAAAAAAAAAAAAAAAAAAAAAAAAAAAAAAAAAAAAAAAAAAAAAAAAAAAAAAAAAAAAAAAAAAAAAAAAAAAAAAAAAAAAAAAAAAAAAAAAAAAAAAAAAAAAAAAAAAAAAAAAAAAAAAAAAAAAAAAAAAAAAAAAAAAAAAAAAAAAAAAAAAAAAAAAAAAAAAAAAAAAAAAAAAAAAAAAAAAAAAAAAAAAAAAAAAAAAAAAAAAAAAAAAAAAAAAAAAAAAAAAAAAAAAAAAAAAAAAAAAAAAAAAAAAAAAAAAAAAAAAAAAAAAAAAAAAAAAAAAAAAAAAAAAAAAAAAAAAAAAAAAAAAAAAAAAAAAAAAAAAAAAAAAAAAAAAAAAAAAAAAAAAAAAAAAAAAAAAAAAAAAAAAAAAAAAAAAAAAAAAAAAAAAAAAAAAAAAAAAAAAAAAAAAAAAAAAAAAAAAAAAAAAAAAAAAAAAAAAAAAAAAAAAAAAAAAAAAAAAAAAAAAAAAAAAAAAAAAAAAAAAAAAAAAAAAAAAAAAAAAAAAAAAAAAAAAAAAAAAAAAAAAAAAAAAAAAAAAAAAAAAAAAAAAAAAAAAAAAAAAAAAAAAAAAAAAAAAAAAAAAAAAAAAAAAAAAAAAAAAAAAAAAAAAAAAAAAAAAAAAAAAAAAAAAAAAAAAAAAAAAAAAAAAAAAAAAAAAAAAAAAAAAAAAAAAAAAAAAAAAAAAAAAAAAAAAAAAAAAAAAAAAAAAAAAAAAAAAAAAAAAAAAAAAAAAAAAAAAAAAAAAAAAAAAAAAAAAAAAAAAAAAAAAAAAAAAAAAAAAAAAAAAAAAAAAAAAAAAAAAAAAAAAAAAAAAAAAAAAAAAAAAAAAAAAAAAAAAAAAAAAAAAAAAAAAAAAAAAAAAAAAAAAAAAAAAAAAAAAAAAAAAAAAAAAAAAAAAAAAAAAAAAAAAAAAAAAAAAAAAAAAAAAAAAAAAAAAAAAAAAAAAAAAAAAAAAAAAAAAAAAAAAAAAAAAAAAAAAAAAAAAAAAAAAAAAAAAAAAAAAAAAAAAAAAAAAAAAAAAAAAAAAAAAAAAAAAAAAAAAAAAAAAAAAAAAAAAAAAAAAAAAAAAAAAAAAAAAAAAAAAAAAAAAAAAAAAAAAAAAAAAAAAAAAAAAAAAAAAAAAAAAAAAAAAAAAAAAAAAAAAAAAAAAAAAAAAAAAAAAAAAAAAAAAAAAAAAAAAAAAAAAAAAAAAAAAAAAAAAAAAAAAAAAAAAAAAAAAAAAAAAAAAAAAAAAAAAAAAAAAAAAAAAAAAAAAAAAAAAAAAAAAAAAAAAAAAAAAAAAAAAAAAAAAAAAAAAAAAAAAAAAAAAAAAAAAAAAAAAAAAAAAAAAAAAAAAAAAAAAAAAAAAAAAAAAAAAAAAAAAAAAAAAAAAAAAAAAAAAAAAAAAAAAAAAAAAAAAAAAAAAAAAAAAAAAAAAAAAAAAAAAAAAAAAAAAAAAAAAAAAAAAAAAAAAAAAAAAAAAAAAAAAAAAAAAAAAAAAAAAAAAAAAAAAAAAAAAAAAAAAAAAAAAAAAAAAAAAAAAAAAAAAAAAAAAAAAAAAAAAAAAAAAAAAAAAAAAAAAAAAAAAAAAAAAAAAAAAAAAAAAAAAAAAAAAAAAAAAAAAAAAAAAAAAAAAAAAAAAAAAAAAAAAAAAAAAAAAAAAAAAAAAAAAAAAAAAAAAAAAAAAAAAAAAAAAAAAAAAAAAAAAAAAAAAAAAAAAAAAAAAAAAAAAAAAAAAAAAAAAAAAAAAAAAAAAAAAAAAAAAAAAAAAAAAAAAAAAAAAAAAAAAAAAAAAAAAAAAAAAAAAAAAAAAAAAAAAAAAAAAAAAAAAAAAAAAAAAAAAAAAAAAAAAAAAAAAAAAAAAAAAAAAAAAAAAAAAAAAAAAAAAAAAAAAAAAAAAAAAAAAAAAAAAAAAAAAAAAAAAAAAAAAAAAAAAAAAAAAAAAAAAAAAAAAAAAAAAAAAAAAAAAAAAAAAAAAAAAAAAAAAAAAAAAAAAAAAAAAAAAAAAAAAAAAAAAAAAAAAAAAAAAAAAAAAAAAAAAAAAAAAAAAAAAAAAAAAAAAAAAAAAAAAAAAAAAAAAAAAAAAAAAAAAAAAAAAAAAAAAAAAAAAAAAAAAAAAAAAAAAAAAAAAAAAAAAAAAAAAAAAAAAAAAAAAAAAAAAAAAAAAAAAAAAAAAAAAAAAAAAAAAAAAAAAAAAAAAAAAAAAAAAAAAAAAAAAAAAAAAAAAAAAAAAAAAAAAAAAAAAAAAAAAAAAAAAAAAAAAAAAAAAAAAAAAAAAAAAAAAAAAAAAAAAAAAAAAAAAAAAAAAAAAAAAAAAAAAAAAAAAAAAAAAAAAAAAAAAAAAAAAAAAAAAAAAAAAAAAAAAAAAAAAAAAAAAAAAAAAAAAAAAAAAAAAAAAAAAAAAAAAAAAAAAAAAAAAAAAAAAAAAAAAAAAAAAAAAAAAAAAAAAAAAAAAAAAAAAAAAAAAAAAAAAAAAAAAAAAAAAAAAAAAAAAAAAAAAAAAAAAAAAAAAAAAAAAAAAAAAAAAAAAAAAAAAAAAAAAAAAAAAAAAAAAAAAAAAAAAAAAAAAAAAAAAAAAAAAAAAAAAAAAAAAAAAAAAAAAAAAAAAAAAAAAAAAAAAAAAAAAAAAAAAAAAAAAAAAAAAAAAAAAAAAAAAAAAAAAAAAAAAAAAAAAAAAAAAAAAAAAAAAAAAAAAAAAAAAAAAAAAAAAAAAAAAAAAAAAAAAAAAAAAAAAAAAAAAAAAAAAAAAAAAAAAAAAAAAAAAAAAAAAAAAAAAAAAAAAAAAAAAAAAAAAAAAAAAAAAAAAAAAAAAAAAAAAAAAAAAAAAAAAAAAAAAAAAAAAAAAAAAAAAAAAAAAAAAAAAAAAAAAAAAAAAAAAAAAAAAAAAAAAAAAAAAAAAAAAAAAAAAAAAAAAAAAAAAAAAAAAAAAAAAAAAAAAAAAAAAAAAAAAAAAAAAAAAAAAAAAAAAAAAAAAAAAAAAAAAAAAAAAAAAAAAAAAAAAAAAAAAAAAAAAAAAAAAAAAAAAAAAAAAAAAAAAAAAAAAAAAAAAAAAAAAAAAAAAAAAAAAAAAAAAAAAAAAAAAAAAAAAAAAAAAAAAAAAAAAAAAAAAAAAAAAAAAAAAAAAAAAAAAAAAAAAAAAAAAAAAAAAAAAAAAAAAAAAAAAAAAAAAAAAAAAAAAAAAAAAAAAAAAAAAAAAAAAAAAAAAAAAAAAAAAAAAAAAAAAAAAAAAAAAAAAAAAAAAAAAAAAAAAAAAAAAAAAAAAAAAAAAAAAAAAAAAAAAAAAAAAAAAAAAAAAAAAAAAAAAAAAAAAAAAAAAAAAAAAAAAAAAAAAAAAAAAAAAAAAAAAAAAAAAAAAAAAAAAAAAAAAAAAAAAAAAAAAAAAAAAAAAAAAAAAAAAAAAAAAAAAAAAAAAAAAAAAAAAAAAAAAAAAAAAAAAAAAAAAAAAAAAAAAAAAAAAAAAAAAAAAAAAAAAAAAAAAAAAAAAAAAAAAAAAAAAAAAAAAAAAAAAAAAAAAAAAAAAAAAAAAAAAAAAAAAAAAAAAAAAAAAAAAAAAAAAAAAAAAAAAAAAAAAAAAAAAAAAAAAAAAAAAAAAAAAAAAAAAAAAAAAAAAAAAAAAAAAAAAAAAAAAAAAAAAAAAAAAAAAAAAAAAAAAAAAAAAAAAAAAAAAAAAAAAAAAAAAAAAAAAAAAAAAAAAAAAAAAAAAAAAAAAAAAAAAAAAAAAAAAAAAAAAAAAAAAAAAAAAAAAAAAAAAAAAAAAAAAAAAAAAAAAAAAAAAAAAAAAAAAAAAAAAAAAAAAAAAAAAAAAAAAAAAAAAAAAAAAAAAAAAAAAAAAAAAAAAAAAAAAAAAAAAAAAAAAAAAAAAAAAAAAAAAAAAAAAAAAAAAAAAAAAAAAAAAAAAAAAAAAAAAAAAAAAAAAAAAAAAAAAAAAAAAAAAAAAAAAAAAAAAAAAAAAAAAAAAAAAAAAAAAAAAAAAAAAAAAAAAAAAAAAAAAAAAAAAAAAAAAAAAAAAAAAAAAAAAAAAAAAAAAAAAAAAAAAAAAAAAAAAAAAAAAAAAAAAAAAAAAAAAAAAAAAAAAAAAAAAAAAAAAAAAAAAAAAAAAAAAAAAAAAAAAAAAAAAAAAAAAAAAAAAAAAAAAAAAAAAAAAAAAAAAAAAAAAAAAAAAAAAAAAAAAAAAAAAAAAAAAAAAAAAAAAAAAAAAAAAAAAAAAAAAAAAAAAAAAAAAAAAAAAAAAAAAAAAAAAAAAAAAAAAAAAAAAAAAAAAAAAAAAAAAAAAAAAAAAAAAAAAAAAAAAAAAAAAAAAAAAAAAAAAAAAAAAAAAAAAAAAAAAAAAAAAAAAAAAAAAAAAAAAAAAAAAAAAAAAAAAAAAAAAAAAAAAAAAAAAAAAAAAAAAAAAAAAAAAAAAAAAAAAAAAAAAAAAAAAAAAAAAAAAAAAAAAAAAAAAAAAAAAAAAAAAAAAAAAAAAAAAAAAAAAAAAAAAAAAAAAAAAAAAAAAAAAAAAAAAAAAAAAAAAAAAAAAAAAAAAAAAAAAAAAAAAAAAAAAAAAAAAAAAAAAAAAAAAAAAAAAAAAAAAAAAAAAAAAAAAAAAAAAAAAAAAAAAAAAAAAAAAAAAAAAAAAAAAAAAAAAAAAAAAAAAAAAAAAAAAAAAAAAAAAAAAAAAAAAAAAAAAAAAAAAAAAAAAAAAAAAAAAAAAAAAAAAAAAAAAAAAAAAAAAAAAAAAAAAAAAAAAAAAAAAAAAAAAAAAAAAAAAAAAAAAAAAAAAAAAAAAAAAAAAAAAAAAAAAAAAAAAAAAAAAAAAAAAAAAAAAAAAAAAAAAAAAAAAAAAAAAAAAAAAAAAAAAAAAAAAAAAAAAAAAAAAAAAAAAAAAAAAAAAAAAAAAAAAAAAAAAAAAAAAAAAAAAAAAAAAAAAAAAAAAAAAAAAAAAAAAAAAAAAAAAAAAAAAAAAAAAAAAAAAAAAAAAAAAAAAAAAAAAAAAAAAAAAAAAAAAAAAAAAAAAAAAAAAAAAAAAAAAAAAAAAAAAAAAAAAAAAAAAAAAAAAAAAAAAAAAAAAAAAAAAAAAAAAAAAAAAAAAAAAAAAAAAAAAAAAAAAAAAAAAAAAAAAAAAAAAAAAAAAAAAAAAAAAAAAAAAAAAAAAAAAAAAAAAAAAAAAAAAAAAAAAAAAAAAAAAAAAAAAAAAAAAAAAAAAAAAAAAAAAAAAAAAAAAAAAAAAAAAAAAAAAAAAAAAAAAAAAAAAAAAAAAAAAAAAAAAAAAAAAAAAAAAAAAAAAAAAAAAAAAAAAAAAAAAAAAAAAAAAAAAAAAAAAAAAAAAAAAAAAAAAAAAAAAAAAAAAAAAAAAAAAAAAAAAAAAAAAAAAAAAAAAAAAAAAAAAAAAAAAAAAAAAAAAAAAAAAAAAAAAAAAAAAAAAAAAAAAAAAAAAAAAAAAAAAAAAAAAAAAAAAAAAAAAAAAAAAAAAAAAAAAAAAAAAAAAAAAAAAAAAAAAAAAAAAAAAAAAAAAAAAAAAAAAAAAAAAAAAAAAAAAAAAAAAAAAAAAAAAAAAAAAAAAAAAAAAAAAAAAAAAAAAAAAAAAAAAAAAAAAAAAAAAAAAAAAAAAAAAAAAAAAAAAAAAAAAAAAAAAAAAAAAAAAAAAAAAAAAAAAAAAAAAAAAAAAAAAAAAAAAAAAAAAAAAAAAAAAAAAAAAAAAAAAAAAAAAAAAAAAAAAAAAAAAAAAAAAAAAAAAAAAAAAAAAAAAAAAAAAAAAAAAAAAAAAAAAAAAAAAAAAAAAAAAAAAAAAAAAAAAAAAAAAAAAAAAAAAAAAAAAAAAAAAAAAAAAAAAAAAAAAAAAAAAAAAAAAAAAAAAAAAAAAAAAAAAAAAAAAAAAAAAAAAAAAAAAAAAAAAAAAAAAAAAAAAAAAAAAAAAAAAAAAAAAAAAAAAAAAAAAAAAAAAAAAAAAAAAAAAAAAAAAAAAAAAAAAAAAAAAAAAAAAAAAAAAAAAAAAAAAAAAAAAAAAAAAAAAAAAAAAAAAAAAAAAAAAAAAAAAAAAAAAAAAAAAAAAAAAAAAAAAAAAAAAAAAAAAAAAAAAAAAAAAAAAAAAAAAAAAAAAAAAAAAAAAAAAAAAAAAAAAAAAAAAAAAAAAAAAAAAAAAAAAAAAAAAAAAAAAAAAAAAAAAAAAAAAAAAAAAAAAAAAAAAAAAAAAAAAAAAAAAAAAAAAAAAAAAAAAAAAAAAAAAAAAAAAAAAAAAAAAAAAAAAAAAAAAAAAAAAAAAAAAAAAAAAAAAAAAAAAAAAAAAAAAAAAAAAAAAAAAAAAAAAAAAAAAAAAAAAAAAAAAAAAAAAAAAAAAAAAAAAAAAAAAAAAAAAAAAAAAAAAAAAAAAAAAAAAAAAAAAAAAAAAAAAAAAAAAAAAAAAAAAAAAAAAAAAAAAAAAAAAAAAAAAAAAAAAAAAAAAAAAAAAAAAAAAAAAAAAAAAAAAAAAAAAAAAAAAAAAAAAAAAAAAAAAAAAAAAAAAAAAAAAAAAAAAAAAAAAAAAAAAAAAAAAAAAAAAAAAAAAAAAAAAAAAAAAAAAAAAAAAAAAAAAAAAAAAAAAAAAAAAAAAAAAAAAAAAAAAAAAAAAAAAAAAAAAAAAAAAAAAAAAAAAAAAAAAAAAAAAAAAAAAAAAAAAAAAAAAAAAAAAAAAAAAAAAAAAAAAAAAAAAAAAAAAAAAAAAAAAAAAAAAAAAAAAAAAAAAAAAAAAAAAAAAAAAAAAAAAAAAAAAAAAAAAAAAAAAAAAAAAAAAAAAAAAAAAAAAAAAAAAAAAAAAAAAAAAAAAAAAAAAAAAAAAAAAAAAAAAAAAAAAAAAAAAAAAAAAAAAAAAAAAAAAAAAAAAAAAAAAAAAAAAAAAAAAAAAAAAAAAAAAAAAAAAAAAAAAAAAAAAAAAAAAAAAAAAAAAAAAAAAAAAAAAAAAAAAAAAAAAAAAAAAAAAAAAAAAAAAAAAAAAAAAAAAAAAAAAAAAAAAAAAAAAAAAAAAAAAAAAAAAAAAAAAAAAAAAAAAAAAAAAAAAAAAAAAAAAAAAAAAAAAAAAAAAAAAAAAAAAAAAAAAAAAAAAAAAAAAAAAAAAAAAAAAAAAAAAAAAAAAAAAAAAAAAAAAAAAAAAAAAAAAAAAAAAAAAAAAAAAAAAAAAAAAAAAAAAAAAAAAAAAAAAAAAAAAAAAAAAAAAAAAAAAAAAAAAAAAAAAAAAAAAAAAAAAAAAAAAAAAAAAAAAAAAAAAAAAAAAAAAAAAAAAAAAAAAAAAAAAAAAAAAAAAAAAAAAAAAAAAAAAAAAAAAAAAAAAAAAAAAAAAAAAAAAAAAAAAAAAAAAAAAAAAAAAAAAAAAAAAAAAAAAAAAAAAAAAAAAAAAAAAAAAAAAAAAAAAAAAAAAAAAAAAAAAAAAAAAAAAAAAAAAAAAAAAAAAAAAAAAAAAAAAAAAAAAAAAAAAAAAAAAAAAAAAAAAAAAAAAAAAAAAAAAAAAAAAAAAAAAAAAAAAAAAAAAAAAAAAAAAAAAAAAAAAAAAAAAAAAAAAAAAAAAAAAAAAAAAAAAAAAAAAAAAAAAAAAAAAAAAAAAAAAAAAAAAAAAAAAAAAAAAAAAAAAAAAAAAAAAAAAAAAAAAAAAAAAAAAAAAAAAAAAAAAAAAAAAAAAAAAAAAAAAAAAAAAAAAAAAAAAAAAAAAAAAAAAAAAAAAAAAAAAAAAAAAAAAAAAAAAAAAAAAAAAAAAAAAAAAAAAAAAAAAAAAAAAAAAAAAAAAAAAAAAAAAAAAAAAAAAAAAAAAAAAAAAAAAAAAAAAAAAAAAAAAAAAAAAAAAAAAAAAAAAAAAAAAAAAAAAAAAAAAAAAAAAAAAAAAAAAAAAAAAAAAAAAAAAAAAAAAAAAAAAAAAAAAAAAAAAAAAAAAAAAAAAAAAAAAAAAAAAAAAAAAAAAAAAAAAAAAAAAAAAAAAAAAAAAAAAAAAAAAAAAAAAAAAAAAAAAAAAAAAAAAAAAAAAAAAAAAAAAAAAAAAAAAAAAAAAAAAAAAAAAAAAAAAAAAAAAAAAAAAAAAAAAAAAAAAAAAAAAAAAAAAAAAAAAAAAAAAAAAAAAAAAAAAAAAAAAAAAAAAAAAAAAAAAAAAAAAAAAAAAAAAAAAAAAAAAAAAAAAAAAAAAAAAAAAAAAAAAAA
2026-01-31 20:51:45 [   DEBUG] [connectionpool.py:544] http://localhost:3100 "POST /loki/api/v1/push HTTP/1.1" 204 0
2026-01-31 20:51:45 [   DEBUG] [connectionpool.py:544] http://localhost:3100 "POST /loki/api/v1/push HTTP/1.1" 204 0
2026-01-31 20:51:45 [   DEBUG] [connectionpool.py:544] http://localhost:3100 "POST /loki/api/v1/push HTTP/1.1" 204 0
2026-01-31 20:51:45 [   DEBUG] [connectionpool.py:544] http://localhost:3100 "POST /loki/api/v1/push HTTP/1.1" 204 0
2026-01-31 20:51:45 [   DEBUG] [connectionpool.py:544] http://localhost:3100 "POST /loki/api/v1/push HTTP/1.1" 204 0
2026-01-31 20:51:45 [   DEBUG] [connectionpool.py:544] http://localhost:3100 "POST /loki/api/v1/push HTTP/1.1" 204 0
2026-01-31 20:51:45 [   DEBUG] [connectionpool.py:544] http://localhost:3100 "POST /loki/api/v1/push HTTP/1.1" 204 0
2026-01-31 20:51:45 [   DEBUG] [connectionpool.py:544] http://localhost:3100 "POST /loki/api/v1/push HTTP/1.1" 204 0
2026-01-31 20:51:45 [   DEBUG] [connectionpool.py:544] http://localhost:3100 "POST /loki/api/v1/push HTTP/1.1" 204 0
2026-01-31 20:51:45 [   DEBUG] [connectionpool.py:544] http://localhost:3100 "POST /loki/api/v1/push HTTP/1.1" 204 0
2026-01-31 20:51:45 [   DEBUG] [connectionpool.py:544] http://localhost:3100 "POST /loki/api/v1/push HTTP/1.1" 204 0
2026-01-31 20:51:45 [   DEBUG] [connectionpool.py:544] http://localhost:3100 "POST /loki/api/v1/push HTTP/1.1" 204 0
2026-01-31 20:51:45 [   DEBUG] [connectionpool.py:544] http://localhost:3100 "POST /loki/api/v1/push HTTP/1.1" 204 0
2026-01-31 20:51:45 [   DEBUG] [connectionpool.py:544] http://localhost:3100 "POST /loki/api/v1/push HTTP/1.1" 204 0
2026-01-31 20:51:45 [   DEBUG] [connectionpool.py:544] http://localhost:3100 "POST /loki/api/v1/push HTTP/1.1" 204 0
2026-01-31 20:51:45 [   DEBUG] [connectionpool.py:544] http://localhost:3100 "POST /loki/api/v1/push HTTP/1.1" 204 0
2026-01-31 20:51:45 [   DEBUG] [connectionpool.py:241] Starting new HTTP connection (1): localhost:3100
2026-01-31 20:51:45 [   DEBUG] [connectionpool.py:544] http://localhost:3100 "POST /loki/api/v1/push HTTP/1.1" 204 0
2026-01-31 20:51:45 [    INFO] [loki.py:36] {'message': 'Message without local DB', 'category': 'system_events', 'uuid': 'de530c79-41c0-4b53-a0d5-2ce446530a6d'}
2026-01-31 20:51:45 [   DEBUG] [connectionpool.py:544] http://localhost:3100 "POST /loki/api/v1/push HTTP/1.1" 204 0
2026-01-31 20:51:45 [   DEBUG] [connectionpool.py:544] http://localhost:3100 "POST /loki/api/v1/push HTTP/1.1" 204 0
2026-01-31 20:51:45 [   DEBUG] [connectionpool.py:544] http://localhost:3100 "POST /loki/api/v1/push HTTP/1.1" 204 0
2026-01-31 20:51:45 [   DEBUG] [connectionpool.py:544] http://localhost:3100 "POST /loki/api/v1/push HTTP/1.1" 204 0
2026-01-31 20:51:45 [   DEBUG] [connectionpool.py:544] http://localhost:3100 "POST /loki/api/v1/push HTTP/1.1" 204 0
2026-01-31 20:51:45 [   DEBUG] [connectionpool.py:544] http://localhost:3100 "POST /loki/api/v1/push HTTP/1.1" 204 0
2026-01-31 20:51:45 [   DEBUG] [connectionpool.py:544] http://localhost:3100 "POST /loki/api/v1/push HTTP/1.1" 204 0
2026-01-31 20:51:45 [   DEBUG] [connectionpool.py:544] http://localhost:3100 "POST /loki/api/v1/push HTTP/1.1" 204 0
2026-01-31 20:51:45 [   DEBUG] [connectionpool.py:544] http://localhost:3100 "POST /loki/api/v1/push HTTP/1.1" 204 0
2026-01-31 20:51:45 [   DEBUG] [connectionpool.py:544] http://localhost:3100 "POST /loki/api/v1/push HTTP/1.1" 204 0
2026-01-31 20:51:45 [   DEBUG] [connectionpool.py:544] http://localhost:3100 "POST /loki/api/v1/push HTTP/1.1" 204 0
2026-01-31 20:51:45 [   DEBUG] [connectionpool.py:544] http://localhost:3100 "POST /loki/api/v1/push HTTP/1.1" 204 0
2026-01-31 20:51:45 [   DEBUG] [connectionpool.py:544] http://localhost:3100 "POST /loki/api/v1/push HTTP/1.1" 204 0
2026-01-31 20:51:45 [   DEBUG] [connectionpool.py:544] http://localhost:3100 "POST /loki/api/v1/push HTTP/1.1" 204 0
2026-01-31 20:51:45 [   DEBUG] [connectionpool.py:544] http://localhost:3100 "POST /loki/api/v1/push HTTP/1.1" 204 0
2026-01-31 20:51:45 [   DEBUG] [connectionpool.py:544] http://localhost:3100 "POST /loki/api/v1/push HTTP/1.1" 204 0
2026-01-31 20:51:45 [   DEBUG] [connectionpool.py:544] http://localhost:3100 "POST /loki/api/v1/push HTTP/1.1" 204 0
2026-01-31 20:51:45 [   DEBUG] [connectionpool.py:241] Starting new HTTP connection (1): localhost:3100
2026-01-31 20:51:45 [   DEBUG] [connectionpool.py:544] http://localhost:3100 "POST /loki/api/v1/push HTTP/1.1" 204 0
2026-01-31 20:51:45 [    INFO] [loki.py:36] {'message': 'User action', 'category': 'user_actions', 'uuid': 'e49c3692-3410-4b92-b0cf-a0243bb9026f', 'user_id': 'user123', 'action': 'login'}
2026-01-31 20:51:45 [   DEBUG] [connectionpool.py:544] http://localhost:3100 "POST /loki/api/v1/push HTTP/1.1" 204 0
2026-01-31 20:51:45 [   DEBUG] [connectionpool.py:544] http://localhost:3100 "POST /loki/api/v1/push HTTP/1.1" 204 0
2026-01-31 20:51:45 [   DEBUG] [connectionpool.py:544] http://localhost:3100 "POST /loki/api/v1/push HTTP/1.1" 204 0
2026-01-31 20:51:45 [   DEBUG] [connectionpool.py:544] http://localhost:3100 "POST /loki/api/v1/push HTTP/1.1" 204 0
2026-01-31 20:51:45 [   DEBUG] [connectionpool.py:544] http://localhost:3100 "POST /loki/api/v1/push HTTP/1.1" 204 0
2026-01-31 20:51:45 [   DEBUG] [connectionpool.py:544] http://localhost:3100 "POST /loki/api/v1/push HTTP/1.1" 204 0
2026-01-31 20:51:45 [   DEBUG] [connectionpool.py:544] http://localhost:3100 "POST /loki/api/v1/push HTTP/1.1" 204 0
2026-01-31 20:51:45 [   DEBUG] [connectionpool.py:544] http://localhost:3100 "POST /loki/api/v1/push HTTP/1.1" 204 0
2026-01-31 20:51:45 [   DEBUG] [connectionpool.py:544] http://localhost:3100 "POST /loki/api/v1/push HTTP/1.1" 204 0
2026-01-31 20:51:45 [   DEBUG] [connectionpool.py:544] http://localhost:3100 "POST /loki/api/v1/push HTTP/1.1" 204 0
2026-01-31 20:51:45 [   DEBUG] [connectionpool.py:544] http://localhost:3100 "POST /loki/api/v1/push HTTP/1.1" 204 0
2026-01-31 20:51:45 [   DEBUG] [connectionpool.py:544] http://localhost:3100 "POST /loki/api/v1/push HTTP/1.1" 204 0
2026-01-31 20:51:45 [   DEBUG] [connectionpool.py:544] http://localhost:3100 "POST /loki/api/v1/push HTTP/1.1" 204 0
2026-01-31 20:51:45 [   DEBUG] [connectionpool.py:544] http://localhost:3100 "POST /loki/api/v1/push HTTP/1.1" 204 0
2026-01-31 20:51:45 [   DEBUG] [connectionpool.py:544] http://localhost:3100 "POST /loki/api/v1/push HTTP/1.1" 204 0
2026-01-31 20:51:45 [   DEBUG] [connectionpool.py:544] http://localhost:3100 "POST /loki/api/v1/push HTTP/1.1" 204 0
2026-01-31 20:51:45 [   DEBUG] [connectionpool.py:544] http://localhost:3100 "POST /loki/api/v1/push HTTP/1.1" 204 0
2026-01-31 20:51:45 [   DEBUG] [connectionpool.py:544] http://localhost:3100 "POST /loki/api/v1/push HTTP/1.1" 204 0
2026-01-31 20:51:45 [    INFO] [loki.py:36] {'message': 'System event', 'category': 'system_events', 'uuid': '7296df98-9bad-41f0-80b1-672b8c4d095a', 'event_type': 'startup', 'description': 'System starting'}
2026-01-31 20:51:45 [   DEBUG] [connectionpool.py:544] http://localhost:3100 "POST /loki/api/v1/push HTTP/1.1" 204 0
2026-01-31 20:51:45 [   DEBUG] [connectionpool.py:544] http://localhost:3100 "POST /loki/api/v1/push HTTP/1.1" 204 0
2026-01-31 20:51:45 [   DEBUG] [connectionpool.py:544] http://localhost:3100 "POST /loki/api/v1/push HTTP/1.1" 204 0
2026-01-31 20:51:45 [   DEBUG] [connectionpool.py:544] http://localhost:3100 "POST /loki/api/v1/push HTTP/1.1" 204 0
2026-01-31 20:51:45 [   DEBUG] [connectionpool.py:544] http://localhost:3100 "POST /loki/api/v1/push HTTP/1.1" 204 0
2026-01-31 20:51:45 [   DEBUG] [connectionpool.py:544] http://localhost:3100 "POST /loki/api/v1/push HTTP/1.1" 204 0
2026-01-31 20:51:45 [   DEBUG] [connectionpool.py:544] http://localhost:3100 "POST /loki/api/v1/push HTTP/1.1" 204 0
2026-01-31 20:51:45 [   DEBUG] [connectionpool.py:544] http://localhost:3100 "POST /loki/api/v1/push HTTP/1.1" 204 0
2026-01-31 20:51:45 [   DEBUG] [connectionpool.py:544] http://localhost:3100 "POST /loki/api/v1/push HTTP/1.1" 204 0
2026-01-31 20:51:45 [   DEBUG] [connectionpool.py:544] http://localhost:3100 "POST /loki/api/v1/push HTTP/1.1" 204 0
2026-01-31 20:51:45 [   DEBUG] [connectionpool.py:544] http://localhost:3100 "POST /loki/api/v1/push HTTP/1.1" 204 0
2026-01-31 20:51:45 [   DEBUG] [connectionpool.py:544] http://localhost:3100 "POST /loki/api/v1/push HTTP/1.1" 204 0
2026-01-31 20:51:45 [   DEBUG] [connectionpool.py:544] http://localhost:3100 "POST /loki/api/v1/push HTTP/1.1" 204 0
2026-01-31 20:51:45 [   DEBUG] [connectionpool.py:544] http://localhost:3100 "POST /loki/api/v1/push HTTP/1.1" 204 0
2026-01-31 20:51:45 [   DEBUG] [connectionpool.py:544] http://localhost:3100 "POST /loki/api/v1/push HTTP/1.1" 204 0
2026-01-31 20:51:45 [   DEBUG] [connectionpool.py:544] http://localhost:3100 "POST /loki/api/v1/push HTTP/1.1" 204 0
2026-01-31 20:51:45 [   DEBUG] [connectionpool.py:544] http://localhost:3100 "POST /loki/api/v1/push HTTP/1.1" 204 0
2026-01-31 20:51:45 [   DEBUG] [connectionpool.py:544] http://localhost:3100 "POST /loki/api/v1/push HTTP/1.1" 204 0
2026-01-31 20:51:45 [   ERROR] [loki.py:42] {'message': 'Error occurred', 'category': 'errors', 'uuid': '4111325f-ec3b-4ebf-b300-c1d8a66bba20', 'error_code': 500, 'error_message': 'Server error', 'severity': 'high'}
2026-01-31 20:51:45 [   DEBUG] [connectionpool.py:544] http://localhost:3100 "POST /loki/api/v1/push HTTP/1.1" 204 0
2026-01-31 20:51:45 [   DEBUG] [connectionpool.py:544] http://localhost:3100 "POST /loki/api/v1/push HTTP/1.1" 204 0
2026-01-31 20:51:45 [   DEBUG] [connectionpool.py:544] http://localhost:3100 "POST /loki/api/v1/push HTTP/1.1" 204 0
2026-01-31 20:51:45 [   DEBUG] [connectionpool.py:544] http://localhost:3100 "POST /loki/api/v1/push HTTP/1.1" 204 0
2026-01-31 20:51:45 [   DEBUG] [connectionpool.py:544] http://localhost:3100 "POST /loki/api/v1/push HTTP/1.1" 204 0
2026-01-31 20:51:45 [   DEBUG] [connectionpool.py:544] http://localhost:3100 "POST /loki/api/v1/push HTTP/1.1" 204 0
2026-01-31 20:51:45 [   DEBUG] [connectionpool.py:544] http://localhost:3100 "POST /loki/api/v1/push HTTP/1.1" 204 0
2026-01-31 20:51:45 [   DEBUG] [connectionpool.py:544] http://localhost:3100 "POST /loki/api/v1/push HTTP/1.1" 204 0
2026-01-31 20:51:45 [   DEBUG] [connectionpool.py:544] http://localhost:3100 "POST /loki/api/v1/push HTTP/1.1" 204 0
2026-01-31 20:51:45 [   DEBUG] [connectionpool.py:544] http://localhost:3100 "POST /loki/api/v1/push HTTP/1.1" 204 0
2026-01-31 20:51:45 [   DEBUG] [connectionpool.py:544] http://localhost:3100 "POST /loki/api/v1/push HTTP/1.1" 204 0
2026-01-31 20:51:45 [   DEBUG] [connectionpool.py:544] http://localhost:3100 "POST /loki/api/v1/push HTTP/1.1" 204 0
2026-01-31 20:51:45 [   DEBUG] [connectionpool.py:544] http://localhost:3100 "POST /loki/api/v1/push HTTP/1.1" 204 0
2026-01-31 20:51:45 [   DEBUG] [connectionpool.py:544] http://localhost:3100 "POST /loki/api/v1/push HTTP/1.1" 204 0
2026-01-31 20:51:45 [   DEBUG] [connectionpool.py:544] http://localhost:3100 "POST /loki/api/v1/push HTTP/1.1" 204 0
2026-01-31 20:51:45 [   DEBUG] [connectionpool.py:544] http://localhost:3100 "POST /loki/api/v1/push HTTP/1.1" 204 0
2026-01-31 20:51:45 [   DEBUG] [connectionpool.py:544] http://localhost:3100 "POST /loki/api/v1/push HTTP/1.1" 204 0
2026-01-31 20:51:45 [   DEBUG] [connectionpool.py:544] http://localhost:3100 "POST /loki/api/v1/push HTTP/1.1" 204 0
2026-01-31 20:51:45 [   DEBUG] [connectionpool.py:241] Starting new HTTP connection (1): localhost:3100
2026-01-31 20:51:45 [   DEBUG] [connectionpool.py:544] http://localhost:3100 "POST /loki/api/v1/push HTTP/1.1" 204 0
2026-01-31 20:51:45 [    INFO] [loki.py:36] {'message': 'Test message', 'category': 'user_actions', 'uuid': '510d12d8-77f8-4cac-9818-ad9f3a358f3d', 'user_id': 'user456', 'action': 'update', 'resource': 'profile', 'timestamp': 1234567890, 'success': True}
2026-01-31 20:51:46 [   DEBUG] [connectionpool.py:544] http://localhost:3100 "POST /loki/api/v1/push HTTP/1.1" 204 0
2026-01-31 20:51:46 [   DEBUG] [connectionpool.py:544] http://localhost:3100 "POST /loki/api/v1/push HTTP/1.1" 204 0
2026-01-31 20:51:46 [   DEBUG] [connectionpool.py:544] http://localhost:3100 "POST /loki/api/v1/push HTTP/1.1" 204 0
2026-01-31 20:51:46 [   DEBUG] [connectionpool.py:544] http://localhost:3100 "POST /loki/api/v1/push HTTP/1.1" 204 0
2026-01-31 20:51:46 [   DEBUG] [connectionpool.py:544] http://localhost:3100 "POST /loki/api/v1/push HTTP/1.1" 204 0
2026-01-31 20:51:46 [   DEBUG] [connectionpool.py:544] http://localhost:3100 "POST /loki/api/v1/push HTTP/1.1" 204 0
2026-01-31 20:51:46 [   DEBUG] [connectionpool.py:544] http://localhost:3100 "POST /loki/api/v1/push HTTP/1.1" 204 0
2026-01-31 20:51:46 [   DEBUG] [connectionpool.py:544] http://localhost:3100 "POST /loki/api/v1/push HTTP/1.1" 204 0
2026-01-31 20:51:46 [   DEBUG] [connectionpool.py:544] http://localhost:3100 "POST /loki/api/v1/push HTTP/1.1" 204 0
2026-01-31 20:51:46 [   DEBUG] [connectionpool.py:544] http://localhost:3100 "POST /loki/api/v1/push HTTP/1.1" 204 0
2026-01-31 20:51:46 [   DEBUG] [connectionpool.py:544] http://localhost:3100 "POST /loki/api/v1/push HTTP/1.1" 204 0
2026-01-31 20:51:46 [   DEBUG] [connectionpool.py:544] http://localhost:3100 "POST /loki/api/v1/push HTTP/1.1" 204 0
2026-01-31 20:51:46 [   DEBUG] [connectionpool.py:544] http://localhost:3100 "POST /loki/api/v1/push HTTP/1.1" 204 0
2026-01-31 20:51:46 [   DEBUG] [connectionpool.py:544] http://localhost:3100 "POST /loki/api/v1/push HTTP/1.1" 204 0
2026-01-31 20:51:46 [   DEBUG] [connectionpool.py:544] http://localhost:3100 "POST /loki/api/v1/push HTTP/1.1" 204 0
2026-01-31 20:51:46 [   DEBUG] [connectionpool.py:544] http://localhost:3100 "POST /loki/api/v1/push HTTP/1.1" 204 0
2026-01-31 20:51:46 [   DEBUG] [connectionpool.py:544] http://localhost:3100 "POST /loki/api/v1/push HTTP/1.1" 204 0
2026-01-31 20:51:46 [   DEBUG] [connectionpool.py:544] http://localhost:3100 "POST /loki/api/v1/push HTTP/1.1" 204 0
2026-01-31 20:51:46 [   DEBUG] [connectionpool.py:544] http://localhost:3100 "POST /loki/api/v1/push HTTP/1.1" 204 0
2026-01-31 20:51:46 [   DEBUG] [connectionpool.py:241] Starting new HTTP connection (1): localhost:3100
2026-01-31 20:51:46 [   DEBUG] [connectionpool.py:544] http://localhost:3100 "POST /loki/api/v1/push HTTP/1.1" 204 0
2026-01-31 20:51:46 [    INFO] [loki.py:36] {'message': 'Message with context', 'category': 'user_actions', 'uuid': 'f80b5cab-7509-4c82-80cc-f18633b24ec2', 'request_id': 'req-abc-123', 'session_id': 'sess-xyz-789', 'user_id': 'user123', 'action': 'view'}
2026-01-31 20:51:46 [   DEBUG] [connectionpool.py:544] http://localhost:3100 "POST /loki/api/v1/push HTTP/1.1" 204 0
2026-01-31 20:51:46 [   DEBUG] [connectionpool.py:544] http://localhost:3100 "POST /loki/api/v1/push HTTP/1.1" 204 0
2026-01-31 20:51:46 [   DEBUG] [connectionpool.py:544] http://localhost:3100 "POST /loki/api/v1/push HTTP/1.1" 204 0
2026-01-31 20:51:46 [   DEBUG] [connectionpool.py:544] http://localhost:3100 "POST /loki/api/v1/push HTTP/1.1" 204 0
2026-01-31 20:51:46 [   DEBUG] [connectionpool.py:544] http://localhost:3100 "POST /loki/api/v1/push HTTP/1.1" 204 0
2026-01-31 20:51:46 [   DEBUG] [connectionpool.py:544] http://localhost:3100 "POST /loki/api/v1/push HTTP/1.1" 204 0
2026-01-31 20:51:46 [   DEBUG] [connectionpool.py:544] http://localhost:3100 "POST /loki/api/v1/push HTTP/1.1" 204 0
2026-01-31 20:51:46 [   DEBUG] [connectionpool.py:544] http://localhost:3100 "POST /loki/api/v1/push HTTP/1.1" 204 0
2026-01-31 20:51:46 [   DEBUG] [connectionpool.py:544] http://localhost:3100 "POST /loki/api/v1/push HTTP/1.1" 204 0
2026-01-31 20:51:46 [   DEBUG] [connectionpool.py:544] http://localhost:3100 "POST /loki/api/v1/push HTTP/1.1" 204 0
2026-01-31 20:51:46 [   DEBUG] [connectionpool.py:544] http://localhost:3100 "POST /loki/api/v1/push HTTP/1.1" 204 0
2026-01-31 20:51:46 [   DEBUG] [connectionpool.py:544] http://localhost:3100 "POST /loki/api/v1/push HTTP/1.1" 204 0
2026-01-31 20:51:46 [   DEBUG] [connectionpool.py:544] http://localhost:3100 "POST /loki/api/v1/push HTTP/1.1" 204 0
2026-01-31 20:51:46 [   DEBUG] [connectionpool.py:544] http://localhost:3100 "POST /loki/api/v1/push HTTP/1.1" 204 0
2026-01-31 20:51:46 [   DEBUG] [connectionpool.py:544] http://localhost:3100 "POST /loki/api/v1/push HTTP/1.1" 204 0
2026-01-31 20:51:46 [   DEBUG] [connectionpool.py:544] http://localhost:3100 "POST /loki/api/v1/push HTTP/1.1" 204 0
2026-01-31 20:51:46 [   DEBUG] [connectionpool.py:544] http://localhost:3100 "POST /loki/api/v1/push HTTP/1.1" 204 0
2026-01-31 20:51:46 [   DEBUG] [connectionpool.py:544] http://localhost:3100 "POST /loki/api/v1/push HTTP/1.1" 204 0
2026-01-31 20:51:46 [   DEBUG] [connectionpool.py:544] http://localhost:3100 "POST /loki/api/v1/push HTTP/1.1" 204 0
2026-01-31 20:51:46 [   DEBUG] [connectionpool.py:544] http://localhost:3100 "POST /loki/api/v1/push HTTP/1.1" 204 0
2026-01-31 20:51:46 [    INFO] [loki.py:36] {'message': 'Message without context', 'category': 'user_actions', 'uuid': '6fea9e1a-de32-4dc6-a460-fef7aef45abb', 'user_id': 'user123', 'action': 'view'}
2026-01-31 20:51:46 [   DEBUG] [connectionpool.py:544] http://localhost:3100 "POST /loki/api/v1/push HTTP/1.1" 204 0
2026-01-31 20:51:46 [   DEBUG] [connectionpool.py:544] http://localhost:3100 "POST /loki/api/v1/push HTTP/1.1" 204 0
2026-01-31 20:51:46 [   DEBUG] [connectionpool.py:544] http://localhost:3100 "POST /loki/api/v1/push HTTP/1.1" 204 0
2026-01-31 20:51:46 [   DEBUG] [connectionpool.py:544] http://localhost:3100 "POST /loki/api/v1/push HTTP/1.1" 204 0
2026-01-31 20:51:46 [   DEBUG] [connectionpool.py:544] http://localhost:3100 "POST /loki/api/v1/push HTTP/1.1" 204 0
2026-01-31 20:51:46 [   DEBUG] [connectionpool.py:544] http://localhost:3100 "POST /loki/api/v1/push HTTP/1.1" 204 0
2026-01-31 20:51:46 [   DEBUG] [connectionpool.py:544] http://localhost:3100 "POST /loki/api/v1/push HTTP/1.1" 204 0
2026-01-31 20:51:46 [   DEBUG] [connectionpool.py:544] http://localhost:3100 "POST /loki/api/v1/push HTTP/1.1" 204 0
2026-01-31 20:51:46 [   DEBUG] [connectionpool.py:544] http://localhost:3100 "POST /loki/api/v1/push HTTP/1.1" 204 0
2026-01-31 20:51:46 [   DEBUG] [connectionpool.py:544] http://localhost:3100 "POST /loki/api/v1/push HTTP/1.1" 204 0
2026-01-31 20:51:46 [   DEBUG] [connectionpool.py:544] http://localhost:3100 "POST /loki/api/v1/push HTTP/1.1" 204 0
2026-01-31 20:51:46 [   DEBUG] [connectionpool.py:544] http://localhost:3100 "POST /loki/api/v1/push HTTP/1.1" 204 0
2026-01-31 20:51:46 [   DEBUG] [connectionpool.py:544] http://localhost:3100 "POST /loki/api/v1/push HTTP/1.1" 204 0
2026-01-31 20:51:46 [   DEBUG] [connectionpool.py:544] http://localhost:3100 "POST /loki/api/v1/push HTTP/1.1" 204 0
2026-01-31 20:51:46 [   DEBUG] [connectionpool.py:544] http://localhost:3100 "POST /loki/api/v1/push HTTP/1.1" 204 0
2026-01-31 20:51:46 [   DEBUG] [connectionpool.py:544] http://localhost:3100 "POST /loki/api/v1/push HTTP/1.1" 204 0
2026-01-31 20:51:46 [   DEBUG] [connectionpool.py:544] http://localhost:3100 "POST /loki/api/v1/push HTTP/1.1" 204 0
2026-01-31 20:51:46 [   DEBUG] [connectionpool.py:544] http://localhost:3100 "POST /loki/api/v1/push HTTP/1.1" 204 0
2026-01-31 20:51:46 [   DEBUG] [connectionpool.py:544] http://localhost:3100 "POST /loki/api/v1/push HTTP/1.1" 204 0
2026-01-31 20:51:46 [   DEBUG] [connectionpool.py:544] http://localhost:3100 "POST /loki/api/v1/push HTTP/1.1" 204 0
2026-01-31 20:51:46 [   DEBUG] [connectionpool.py:241] Starting new HTTP connection (1): localhost:3100
2026-01-31 20:51:46 [   DEBUG] [connectionpool.py:544] http://localhost:3100 "POST /loki/api/v1/push HTTP/1.1" 204 0
2026-01-31 20:51:46 [   DEBUG] [connectionpool.py:241] Starting new HTTP connection (1): localhost:3100
2026-01-31 20:51:46 [   DEBUG] [connectionpool.py:544] http://localhost:3100 "POST /loki/api/v1/push HTTP/1.1" 204 0
2026-01-31 20:51:46 [    INFO] [loki.py:36] {'message': 'Message from app1', 'category': 'user_actions', 'uuid': 'de161228-5335-463e-b558-6211d36feb2d', 'user_id': 'user1', 'action': 'test'}
2026-01-31 20:51:46 [   DEBUG] [connectionpool.py:544] http://localhost:3100 "POST /loki/api/v1/push HTTP/1.1" 204 0
2026-01-31 20:51:46 [   DEBUG] [connectionpool.py:544] http://localhost:3100 "POST /loki/api/v1/push HTTP/1.1" 204 0
2026-01-31 20:51:46 [   DEBUG] [connectionpool.py:544] http://localhost:3100 "POST /loki/api/v1/push HTTP/1.1" 204 0
2026-01-31 20:51:46 [   DEBUG] [connectionpool.py:544] http://localhost:3100 "POST /loki/api/v1/push HTTP/1.1" 204 0
2026-01-31 20:51:46 [   DEBUG] [connectionpool.py:544] http://localhost:3100 "POST /loki/api/v1/push HTTP/1.1" 204 0
2026-01-31 20:51:46 [   DEBUG] [connectionpool.py:544] http://localhost:3100 "POST /loki/api/v1/push HTTP/1.1" 204 0
2026-01-31 20:51:46 [   DEBUG] [connectionpool.py:544] http://localhost:3100 "POST /loki/api/v1/push HTTP/1.1" 204 0
2026-01-31 20:51:46 [   DEBUG] [connectionpool.py:544] http://localhost:3100 "POST /loki/api/v1/push HTTP/1.1" 204 0
2026-01-31 20:51:46 [   DEBUG] [connectionpool.py:544] http://localhost:3100 "POST /loki/api/v1/push HTTP/1.1" 204 0
2026-01-31 20:51:46 [   DEBUG] [connectionpool.py:544] http://localhost:3100 "POST /loki/api/v1/push HTTP/1.1" 204 0
2026-01-31 20:51:46 [   DEBUG] [connectionpool.py:544] http://localhost:3100 "POST /loki/api/v1/push HTTP/1.1" 204 0
2026-01-31 20:51:46 [   DEBUG] [connectionpool.py:544] http://localhost:3100 "POST /loki/api/v1/push HTTP/1.1" 204 0
2026-01-31 20:51:46 [   DEBUG] [connectionpool.py:544] http://localhost:3100 "POST /loki/api/v1/push HTTP/1.1" 204 0
2026-01-31 20:51:46 [   DEBUG] [connectionpool.py:544] http://localhost:3100 "POST /loki/api/v1/push HTTP/1.1" 204 0
2026-01-31 20:51:46 [   DEBUG] [connectionpool.py:544] http://localhost:3100 "POST /loki/api/v1/push HTTP/1.1" 204 0
2026-01-31 20:51:46 [   DEBUG] [connectionpool.py:544] http://localhost:3100 "POST /loki/api/v1/push HTTP/1.1" 204 0
2026-01-31 20:51:46 [   DEBUG] [connectionpool.py:544] http://localhost:3100 "POST /loki/api/v1/push HTTP/1.1" 204 0
2026-01-31 20:51:46 [   DEBUG] [connectionpool.py:544] http://localhost:3100 "POST /loki/api/v1/push HTTP/1.1" 204 0
2026-01-31 20:51:46 [   DEBUG] [connectionpool.py:544] http://localhost:3100 "POST /loki/api/v1/push HTTP/1.1" 204 0
2026-01-31 20:51:46 [   DEBUG] [connectionpool.py:544] http://localhost:3100 "POST /loki/api/v1/push HTTP/1.1" 204 0
2026-01-31 20:51:46 [   DEBUG] [connectionpool.py:544] http://localhost:3100 "POST /loki/api/v1/push HTTP/1.1" 204 0
2026-01-31 20:51:46 [   DEBUG] [connectionpool.py:544] http://localhost:3100 "POST /loki/api/v1/push HTTP/1.1" 204 0
2026-01-31 20:51:46 [    INFO] [loki.py:36] {'message': 'Message from app2', 'category': 'user_actions', 'uuid': 'b3c3c261-672d-4d83-9af5-d4696d6ade0a', 'user_id': 'user2', 'action': 'test'}
2026-01-31 20:51:46 [   DEBUG] [connectionpool.py:544] http://localhost:3100 "POST /loki/api/v1/push HTTP/1.1" 204 0
2026-01-31 20:51:46 [   DEBUG] [connectionpool.py:544] http://localhost:3100 "POST /loki/api/v1/push HTTP/1.1" 204 0
2026-01-31 20:51:46 [   DEBUG] [connectionpool.py:544] http://localhost:3100 "POST /loki/api/v1/push HTTP/1.1" 204 0
2026-01-31 20:51:46 [   DEBUG] [connectionpool.py:544] http://localhost:3100 "POST /loki/api/v1/push HTTP/1.1" 204 0
2026-01-31 20:51:46 [   DEBUG] [connectionpool.py:544] http://localhost:3100 "POST /loki/api/v1/push HTTP/1.1" 204 0
2026-01-31 20:51:46 [   DEBUG] [connectionpool.py:544] http://localhost:3100 "POST /loki/api/v1/push HTTP/1.1" 204 0
2026-01-31 20:51:46 [   DEBUG] [connectionpool.py:544] http://localhost:3100 "POST /loki/api/v1/push HTTP/1.1" 204 0
2026-01-31 20:51:46 [   DEBUG] [connectionpool.py:544] http://localhost:3100 "POST /loki/api/v1/push HTTP/1.1" 204 0
2026-01-31 20:51:46 [   DEBUG] [connectionpool.py:544] http://localhost:3100 "POST /loki/api/v1/push HTTP/1.1" 204 0
2026-01-31 20:51:46 [   DEBUG] [connectionpool.py:544] http://localhost:3100 "POST /loki/api/v1/push HTTP/1.1" 204 0
2026-01-31 20:51:46 [   DEBUG] [connectionpool.py:544] http://localhost:3100 "POST /loki/api/v1/push HTTP/1.1" 204 0
2026-01-31 20:51:46 [   DEBUG] [connectionpool.py:544] http://localhost:3100 "POST /loki/api/v1/push HTTP/1.1" 204 0
2026-01-31 20:51:46 [   DEBUG] [connectionpool.py:544] http://localhost:3100 "POST /loki/api/v1/push HTTP/1.1" 204 0
2026-01-31 20:51:46 [   DEBUG] [connectionpool.py:544] http://localhost:3100 "POST /loki/api/v1/push HTTP/1.1" 204 0
2026-01-31 20:51:46 [   DEBUG] [connectionpool.py:544] http://localhost:3100 "POST /loki/api/v1/push HTTP/1.1" 204 0
2026-01-31 20:51:46 [   DEBUG] [connectionpool.py:544] http://localhost:3100 "POST /loki/api/v1/push HTTP/1.1" 204 0
2026-01-31 20:51:46 [   DEBUG] [connectionpool.py:544] http://localhost:3100 "POST /loki/api/v1/push HTTP/1.1" 204 0
2026-01-31 20:51:46 [   DEBUG] [connectionpool.py:544] http://localhost:3100 "POST /loki/api/v1/push HTTP/1.1" 204 0
2026-01-31 20:51:46 [   DEBUG] [connectionpool.py:544] http://localhost:3100 "POST /loki/api/v1/push HTTP/1.1" 204 0
2026-01-31 20:51:46 [   DEBUG] [connectionpool.py:544] http://localhost:3100 "POST /loki/api/v1/push HTTP/1.1" 204 0
2026-01-31 20:51:46 [   DEBUG] [connectionpool.py:544] http://localhost:3100 "POST /loki/api/v1/push HTTP/1.1" 204 0
2026-01-31 20:51:46 [   DEBUG] [connectionpool.py:544] http://localhost:3100 "POST /loki/api/v1/push HTTP/1.1" 204 0
2026-01-31 20:51:46 [   DEBUG] [connectionpool.py:241] Starting new HTTP connection (1): localhost:3100
2026-01-31 20:51:46 [   DEBUG] [connectionpool.py:544] http://localhost:3100 "POST /loki/api/v1/push HTTP/1.1" 204 0
2026-01-31 20:51:46 [   DEBUG] [loki.py:48] {'message': 'DEBUG message', 'category': 'system_events', 'uuid': '235ecf3d-029a-4eef-bca9-121206ca51f6', 'event_type': 'test', 'description': 'DEBUG test'}
2026-01-31 20:51:46 [   DEBUG] [connectionpool.py:544] http://localhost:3100 "POST /loki/api/v1/push HTTP/1.1" 204 0
2026-01-31 20:51:46 [   DEBUG] [connectionpool.py:544] http://localhost:3100 "POST /loki/api/v1/push HTTP/1.1" 204 0
2026-01-31 20:51:46 [   DEBUG] [connectionpool.py:544] http://localhost:3100 "POST /loki/api/v1/push HTTP/1.1" 204 0
2026-01-31 20:51:46 [   DEBUG] [connectionpool.py:544] http://localhost:3100 "POST /loki/api/v1/push HTTP/1.1" 204 0
2026-01-31 20:51:46 [   DEBUG] [connectionpool.py:544] http://localhost:3100 "POST /loki/api/v1/push HTTP/1.1" 204 0
2026-01-31 20:51:46 [   DEBUG] [connectionpool.py:544] http://localhost:3100 "POST /loki/api/v1/push HTTP/1.1" 204 0
2026-01-31 20:51:46 [   DEBUG] [connectionpool.py:544] http://localhost:3100 "POST /loki/api/v1/push HTTP/1.1" 204 0
2026-01-31 20:51:46 [   DEBUG] [connectionpool.py:544] http://localhost:3100 "POST /loki/api/v1/push HTTP/1.1" 204 0
2026-01-31 20:51:46 [   DEBUG] [connectionpool.py:544] http://localhost:3100 "POST /loki/api/v1/push HTTP/1.1" 204 0
2026-01-31 20:51:46 [   DEBUG] [connectionpool.py:544] http://localhost:3100 "POST /loki/api/v1/push HTTP/1.1" 204 0
2026-01-31 20:51:46 [   DEBUG] [connectionpool.py:544] http://localhost:3100 "POST /loki/api/v1/push HTTP/1.1" 204 0
2026-01-31 20:51:46 [   DEBUG] [connectionpool.py:544] http://localhost:3100 "POST /loki/api/v1/push HTTP/1.1" 204 0
2026-01-31 20:51:46 [   DEBUG] [connectionpool.py:544] http://localhost:3100 "POST /loki/api/v1/push HTTP/1.1" 204 0
2026-01-31 20:51:46 [   DEBUG] [connectionpool.py:544] http://localhost:3100 "POST /loki/api/v1/push HTTP/1.1" 204 0
2026-01-31 20:51:46 [   DEBUG] [connectionpool.py:544] http://localhost:3100 "POST /loki/api/v1/push HTTP/1.1" 204 0
2026-01-31 20:51:46 [   DEBUG] [connectionpool.py:544] http://localhost:3100 "POST /loki/api/v1/push HTTP/1.1" 204 0
2026-01-31 20:51:46 [   DEBUG] [connectionpool.py:544] http://localhost:3100 "POST /loki/api/v1/push HTTP/1.1" 204 0
2026-01-31 20:51:46 [   DEBUG] [connectionpool.py:544] http://localhost:3100 "POST /loki/api/v1/push HTTP/1.1" 204 0
2026-01-31 20:51:46 [   DEBUG] [connectionpool.py:544] http://localhost:3100 "POST /loki/api/v1/push HTTP/1.1" 204 0
2026-01-31 20:51:46 [   DEBUG] [connectionpool.py:544] http://localhost:3100 "POST /loki/api/v1/push HTTP/1.1" 204 0
2026-01-31 20:51:46 [   DEBUG] [connectionpool.py:544] http://localhost:3100 "POST /loki/api/v1/push HTTP/1.1" 204 0
2026-01-31 20:51:46 [   DEBUG] [connectionpool.py:544] http://localhost:3100 "POST /loki/api/v1/push HTTP/1.1" 204 0
2026-01-31 20:51:46 [   DEBUG] [connectionpool.py:544] http://localhost:3100 "POST /loki/api/v1/push HTTP/1.1" 204 0
2026-01-31 20:51:46 [    INFO] [loki.py:36] {'message': 'INFO message', 'category': 'system_events', 'uuid': '56f9c157-bab2-4829-ac97-b56e8e82595b', 'event_type': 'test', 'description': 'INFO test'}
2026-01-31 20:51:46 [   DEBUG] [connectionpool.py:544] http://localhost:3100 "POST /loki/api/v1/push HTTP/1.1" 204 0
2026-01-31 20:51:46 [   DEBUG] [connectionpool.py:544] http://localhost:3100 "POST /loki/api/v1/push HTTP/1.1" 204 0
2026-01-31 20:51:46 [   DEBUG] [connectionpool.py:544] http://localhost:3100 "POST /loki/api/v1/push HTTP/1.1" 204 0
2026-01-31 20:51:46 [   DEBUG] [connectionpool.py:544] http://localhost:3100 "POST /loki/api/v1/push HTTP/1.1" 204 0
2026-01-31 20:51:46 [   DEBUG] [connectionpool.py:544] http://localhost:3100 "POST /loki/api/v1/push HTTP/1.1" 204 0
2026-01-31 20:51:46 [   DEBUG] [connectionpool.py:544] http://localhost:3100 "POST /loki/api/v1/push HTTP/1.1" 204 0
2026-01-31 20:51:46 [   DEBUG] [connectionpool.py:544] http://localhost:3100 "POST /loki/api/v1/push HTTP/1.1" 204 0
2026-01-31 20:51:46 [   DEBUG] [connectionpool.py:544] http://localhost:3100 "POST /loki/api/v1/push HTTP/1.1" 204 0
2026-01-31 20:51:46 [   DEBUG] [connectionpool.py:544] http://localhost:3100 "POST /loki/api/v1/push HTTP/1.1" 204 0
2026-01-31 20:51:46 [   DEBUG] [connectionpool.py:544] http://localhost:3100 "POST /loki/api/v1/push HTTP/1.1" 204 0
2026-01-31 20:51:46 [   DEBUG] [connectionpool.py:544] http://localhost:3100 "POST /loki/api/v1/push HTTP/1.1" 204 0
2026-01-31 20:51:46 [   DEBUG] [connectionpool.py:544] http://localhost:3100 "POST /loki/api/v1/push HTTP/1.1" 204 0
2026-01-31 20:51:46 [   DEBUG] [connectionpool.py:544] http://localhost:3100 "POST /loki/api/v1/push HTTP/1.1" 204 0
2026-01-31 20:51:46 [   DEBUG] [connectionpool.py:544] http://localhost:3100 "POST /loki/api/v1/push HTTP/1.1" 204 0
2026-01-31 20:51:46 [   DEBUG] [connectionpool.py:544] http://localhost:3100 "POST /loki/api/v1/push HTTP/1.1" 204 0
2026-01-31 20:51:46 [   DEBUG] [connectionpool.py:544] http://localhost:3100 "POST /loki/api/v1/push HTTP/1.1" 204 0
2026-01-31 20:51:46 [   DEBUG] [connectionpool.py:544] http://localhost:3100 "POST /loki/api/v1/push HTTP/1.1" 204 0
2026-01-31 20:51:46 [   DEBUG] [connectionpool.py:544] http://localhost:3100 "POST /loki/api/v1/push HTTP/1.1" 204 0
2026-01-31 20:51:46 [   DEBUG] [connectionpool.py:544] http://localhost:3100 "POST /loki/api/v1/push HTTP/1.1" 204 0
2026-01-31 20:51:46 [   DEBUG] [connectionpool.py:544] http://localhost:3100 "POST /loki/api/v1/push HTTP/1.1" 204 0
2026-01-31 20:51:46 [   DEBUG] [connectionpool.py:544] http://localhost:3100 "POST /loki/api/v1/push HTTP/1.1" 204 0
2026-01-31 20:51:46 [   DEBUG] [connectionpool.py:544] http://localhost:3100 "POST /loki/api/v1/push HTTP/1.1" 204 0
2026-01-31 20:51:46 [   DEBUG] [connectionpool.py:544] http://localhost:3100 "POST /loki/api/v1/push HTTP/1.1" 204 0
2026-01-31 20:51:46 [ WARNING] [loki.py:39] {'message': 'WARNING message', 'category': 'system_events', 'uuid': '8f1c2dc1-0768-4a3e-8743-ac1e5ef84161', 'event_type': 'test', 'description': 'WARNING test'}
2026-01-31 20:51:46 [   DEBUG] [connectionpool.py:544] http://localhost:3100 "POST /loki/api/v1/push HTTP/1.1" 204 0
2026-01-31 20:51:46 [   DEBUG] [connectionpool.py:544] http://localhost:3100 "POST /loki/api/v1/push HTTP/1.1" 204 0
2026-01-31 20:51:46 [   DEBUG] [connectionpool.py:544] http://localhost:3100 "POST /loki/api/v1/push HTTP/1.1" 204 0
2026-01-31 20:51:46 [   DEBUG] [connectionpool.py:544] http://localhost:3100 "POST /loki/api/v1/push HTTP/1.1" 204 0
2026-01-31 20:51:46 [   DEBUG] [connectionpool.py:544] http://localhost:3100 "POST /loki/api/v1/push HTTP/1.1" 204 0
2026-01-31 20:51:46 [   DEBUG] [connectionpool.py:544] http://localhost:3100 "POST /loki/api/v1/push HTTP/1.1" 204 0
2026-01-31 20:51:46 [   DEBUG] [connectionpool.py:544] http://localhost:3100 "POST /loki/api/v1/push HTTP/1.1" 204 0
2026-01-31 20:51:46 [   DEBUG] [connectionpool.py:544] http://localhost:3100 "POST /loki/api/v1/push HTTP/1.1" 204 0
2026-01-31 20:51:46 [   DEBUG] [connectionpool.py:544] http://localhost:3100 "POST /loki/api/v1/push HTTP/1.1" 204 0
2026-01-31 20:51:46 [   DEBUG] [connectionpool.py:544] http://localhost:3100 "POST /loki/api/v1/push HTTP/1.1" 204 0
2026-01-31 20:51:46 [   DEBUG] [connectionpool.py:544] http://localhost:3100 "POST /loki/api/v1/push HTTP/1.1" 204 0
2026-01-31 20:51:46 [   DEBUG] [connectionpool.py:544] http://localhost:3100 "POST /loki/api/v1/push HTTP/1.1" 204 0
2026-01-31 20:51:46 [   DEBUG] [connectionpool.py:544] http://localhost:3100 "POST /loki/api/v1/push HTTP/1.1" 204 0
2026-01-31 20:51:46 [   DEBUG] [connectionpool.py:544] http://localhost:3100 "POST /loki/api/v1/push HTTP/1.1" 204 0
2026-01-31 20:51:46 [   DEBUG] [connectionpool.py:544] http://localhost:3100 "POST /loki/api/v1/push HTTP/1.1" 204 0
2026-01-31 20:51:46 [   DEBUG] [connectionpool.py:544] http://localhost:3100 "POST /loki/api/v1/push HTTP/1.1" 204 0
2026-01-31 20:51:46 [   DEBUG] [connectionpool.py:544] http://localhost:3100 "POST /loki/api/v1/push HTTP/1.1" 204 0
2026-01-31 20:51:46 [   DEBUG] [connectionpool.py:544] http://localhost:3100 "POST /loki/api/v1/push HTTP/1.1" 204 0
2026-01-31 20:51:46 [   DEBUG] [connectionpool.py:544] http://localhost:3100 "POST /loki/api/v1/push HTTP/1.1" 204 0
2026-01-31 20:51:46 [   DEBUG] [connectionpool.py:544] http://localhost:3100 "POST /loki/api/v1/push HTTP/1.1" 204 0
2026-01-31 20:51:46 [   DEBUG] [connectionpool.py:544] http://localhost:3100 "POST /loki/api/v1/push HTTP/1.1" 204 0
2026-01-31 20:51:46 [   DEBUG] [connectionpool.py:544] http://localhost:3100 "POST /loki/api/v1/push HTTP/1.1" 204 0
2026-01-31 20:51:46 [   DEBUG] [connectionpool.py:544] http://localhost:3100 "POST /loki/api/v1/push HTTP/1.1" 204 0
2026-01-31 20:51:46 [   ERROR] [loki.py:42] {'message': 'ERROR message', 'category': 'system_events', 'uuid': '95d83fbf-b62c-4db3-88cf-a665c1d6f019', 'event_type': 'test', 'description': 'ERROR test'}
2026-01-31 20:51:46 [   DEBUG] [connectionpool.py:544] http://localhost:3100 "POST /loki/api/v1/push HTTP/1.1" 204 0
2026-01-31 20:51:46 [   DEBUG] [connectionpool.py:544] http://localhost:3100 "POST /loki/api/v1/push HTTP/1.1" 204 0
2026-01-31 20:51:46 [   DEBUG] [connectionpool.py:544] http://localhost:3100 "POST /loki/api/v1/push HTTP/1.1" 204 0
2026-01-31 20:51:46 [   DEBUG] [connectionpool.py:544] http://localhost:3100 "POST /loki/api/v1/push HTTP/1.1" 204 0
2026-01-31 20:51:46 [   DEBUG] [connectionpool.py:544] http://localhost:3100 "POST /loki/api/v1/push HTTP/1.1" 204 0
2026-01-31 20:51:46 [   DEBUG] [connectionpool.py:544] http://localhost:3100 "POST /loki/api/v1/push HTTP/1.1" 204 0
2026-01-31 20:51:46 [   DEBUG] [connectionpool.py:544] http://localhost:3100 "POST /loki/api/v1/push HTTP/1.1" 204 0
2026-01-31 20:51:46 [   DEBUG] [connectionpool.py:544] http://localhost:3100 "POST /loki/api/v1/push HTTP/1.1" 204 0
2026-01-31 20:51:46 [   DEBUG] [connectionpool.py:544] http://localhost:3100 "POST /loki/api/v1/push HTTP/1.1" 204 0
2026-01-31 20:51:46 [   DEBUG] [connectionpool.py:544] http://localhost:3100 "POST /loki/api/v1/push HTTP/1.1" 204 0
2026-01-31 20:51:46 [   DEBUG] [connectionpool.py:544] http://localhost:3100 "POST /loki/api/v1/push HTTP/1.1" 204 0
2026-01-31 20:51:46 [   DEBUG] [connectionpool.py:544] http://localhost:3100 "POST /loki/api/v1/push HTTP/1.1" 204 0
2026-01-31 20:51:46 [   DEBUG] [connectionpool.py:544] http://localhost:3100 "POST /loki/api/v1/push HTTP/1.1" 204 0
2026-01-31 20:51:46 [   DEBUG] [connectionpool.py:544] http://localhost:3100 "POST /loki/api/v1/push HTTP/1.1" 204 0
2026-01-31 20:51:46 [   DEBUG] [connectionpool.py:544] http://localhost:3100 "POST /loki/api/v1/push HTTP/1.1" 204 0
2026-01-31 20:51:46 [   DEBUG] [connectionpool.py:544] http://localhost:3100 "POST /loki/api/v1/push HTTP/1.1" 204 0
2026-01-31 20:51:46 [   DEBUG] [connectionpool.py:544] http://localhost:3100 "POST /loki/api/v1/push HTTP/1.1" 204 0
2026-01-31 20:51:46 [   DEBUG] [connectionpool.py:544] http://localhost:3100 "POST /loki/api/v1/push HTTP/1.1" 204 0
2026-01-31 20:51:46 [   DEBUG] [connectionpool.py:544] http://localhost:3100 "POST /loki/api/v1/push HTTP/1.1" 204 0
2026-01-31 20:51:46 [   DEBUG] [connectionpool.py:544] http://localhost:3100 "POST /loki/api/v1/push HTTP/1.1" 204 0
2026-01-31 20:51:46 [   DEBUG] [connectionpool.py:544] http://localhost:3100 "POST /loki/api/v1/push HTTP/1.1" 204 0
2026-01-31 20:51:46 [   DEBUG] [connectionpool.py:544] http://localhost:3100 "POST /loki/api/v1/push HTTP/1.1" 204 0
2026-01-31 20:51:46 [   DEBUG] [connectionpool.py:544] http://localhost:3100 "POST /loki/api/v1/push HTTP/1.1" 204 0
2026-01-31 20:51:46 [CRITICAL] [loki.py:45] {'message': 'CRITICAL message', 'category': 'system_events', 'uuid': 'f12c50ed-fc54-4029-b6a1-de8ef5a8880d', 'event_type': 'test', 'description': 'CRITICAL test'}
2026-01-31 20:51:46 [   DEBUG] [connectionpool.py:544] http://localhost:3100 "POST /loki/api/v1/push HTTP/1.1" 204 0
2026-01-31 20:51:46 [   DEBUG] [connectionpool.py:544] http://localhost:3100 "POST /loki/api/v1/push HTTP/1.1" 204 0
2026-01-31 20:51:46 [   DEBUG] [connectionpool.py:544] http://localhost:3100 "POST /loki/api/v1/push HTTP/1.1" 204 0
2026-01-31 20:51:46 [   DEBUG] [connectionpool.py:544] http://localhost:3100 "POST /loki/api/v1/push HTTP/1.1" 204 0
2026-01-31 20:51:46 [   DEBUG] [connectionpool.py:544] http://localhost:3100 "POST /loki/api/v1/push HTTP/1.1" 204 0
2026-01-31 20:51:46 [   DEBUG] [connectionpool.py:544] http://localhost:3100 "POST /loki/api/v1/push HTTP/1.1" 204 0
2026-01-31 20:51:46 [   DEBUG] [connectionpool.py:544] http://localhost:3100 "POST /loki/api/v1/push HTTP/1.1" 204 0
2026-01-31 20:51:46 [   DEBUG] [connectionpool.py:544] http://localhost:3100 "POST /loki/api/v1/push HTTP/1.1" 204 0
2026-01-31 20:51:46 [   DEBUG] [connectionpool.py:544] http://localhost:3100 "POST /loki/api/v1/push HTTP/1.1" 204 0
2026-01-31 20:51:46 [   DEBUG] [connectionpool.py:544] http://localhost:3100 "POST /loki/api/v1/push HTTP/1.1" 204 0
2026-01-31 20:51:46 [   DEBUG] [connectionpool.py:544] http://localhost:3100 "POST /loki/api/v1/push HTTP/1.1" 204 0
2026-01-31 20:51:46 [   DEBUG] [connectionpool.py:544] http://localhost:3100 "POST /loki/api/v1/push HTTP/1.1" 204 0
2026-01-31 20:51:46 [   DEBUG] [connectionpool.py:544] http://localhost:3100 "POST /loki/api/v1/push HTTP/1.1" 204 0
2026-01-31 20:51:46 [   DEBUG] [connectionpool.py:544] http://localhost:3100 "POST /loki/api/v1/push HTTP/1.1" 204 0
2026-01-31 20:51:46 [   DEBUG] [connectionpool.py:544] http://localhost:3100 "POST /loki/api/v1/push HTTP/1.1" 204 0
2026-01-31 20:51:46 [   DEBUG] [connectionpool.py:544] http://localhost:3100 "POST /loki/api/v1/push HTTP/1.1" 204 0
2026-01-31 20:51:46 [   DEBUG] [connectionpool.py:544] http://localhost:3100 "POST /loki/api/v1/push HTTP/1.1" 204 0
2026-01-31 20:51:46 [   DEBUG] [connectionpool.py:544] http://localhost:3100 "POST /loki/api/v1/push HTTP/1.1" 204 0
2026-01-31 20:51:46 [   DEBUG] [connectionpool.py:544] http://localhost:3100 "POST /loki/api/v1/push HTTP/1.1" 204 0
2026-01-31 20:51:46 [   DEBUG] [connectionpool.py:544] http://localhost:3100 "POST /loki/api/v1/push HTTP/1.1" 204 0
2026-01-31 20:51:46 [   DEBUG] [connectionpool.py:544] http://localhost:3100 "POST /loki/api/v1/push HTTP/1.1" 204 0
2026-01-31 20:51:46 [   DEBUG] [connectionpool.py:544] http://localhost:3100 "POST /loki/api/v1/push HTTP/1.1" 204 0
2026-01-31 20:51:46 [   DEBUG] [connectionpool.py:544] http://localhost:3100 "POST /loki/api/v1/push HTTP/1.1" 204 0
2026-01-31 20:51:46 [   DEBUG] [connectionpool.py:241] Starting new HTTP connection (1): localhost:3100
2026-01-31 20:51:46 [   DEBUG] [connectionpool.py:544] http://localhost:3100 "POST /loki/api/v1/push HTTP/1.1" 204 0
2026-01-31 20:51:46 [    INFO] [loki.py:36] {'message': 'Silent log to Loki', 'category': 'user_actions', 'uuid': '2eaac91f-c071-4cbd-ba8f-b870589b8a18', 'user_id': 'user123', 'action': 'test'}
2026-01-31 20:51:46 [   DEBUG] [connectionpool.py:544] http://localhost:3100 "POST /loki/api/v1/push HTTP/1.1" 204 0
2026-01-31 20:51:46 [   DEBUG] [connectionpool.py:544] http://localhost:3100 "POST /loki/api/v1/push HTTP/1.1" 204 0
2026-01-31 20:51:46 [   DEBUG] [connectionpool.py:544] http://localhost:3100 "POST /loki/api/v1/push HTTP/1.1" 204 0
2026-01-31 20:51:46 [   DEBUG] [connectionpool.py:544] http://localhost:3100 "POST /loki/api/v1/push HTTP/1.1" 204 0
2026-01-31 20:51:46 [   DEBUG] [connectionpool.py:544] http://localhost:3100 "POST /loki/api/v1/push HTTP/1.1" 204 0
2026-01-31 20:51:46 [   DEBUG] [connectionpool.py:544] http://localhost:3100 "POST /loki/api/v1/push HTTP/1.1" 204 0
2026-01-31 20:51:46 [   DEBUG] [connectionpool.py:544] http://localhost:3100 "POST /loki/api/v1/push HTTP/1.1" 204 0
2026-01-31 20:51:46 [   DEBUG] [connectionpool.py:544] http://localhost:3100 "POST /loki/api/v1/push HTTP/1.1" 204 0
2026-01-31 20:51:46 [   DEBUG] [connectionpool.py:544] http://localhost:3100 "POST /loki/api/v1/push HTTP/1.1" 204 0
2026-01-31 20:51:46 [   DEBUG] [connectionpool.py:544] http://localhost:3100 "POST /loki/api/v1/push HTTP/1.1" 204 0
2026-01-31 20:51:46 [   DEBUG] [connectionpool.py:544] http://localhost:3100 "POST /loki/api/v1/push HTTP/1.1" 204 0
2026-01-31 20:51:46 [   DEBUG] [connectionpool.py:544] http://localhost:3100 "POST /loki/api/v1/push HTTP/1.1" 204 0
2026-01-31 20:51:46 [   DEBUG] [connectionpool.py:544] http://localhost:3100 "POST /loki/api/v1/push HTTP/1.1" 204 0
2026-01-31 20:51:46 [   DEBUG] [connectionpool.py:544] http://localhost:3100 "POST /loki/api/v1/push HTTP/1.1" 204 0
2026-01-31 20:51:46 [   DEBUG] [connectionpool.py:544] http://localhost:3100 "POST /loki/api/v1/push HTTP/1.1" 204 0
2026-01-31 20:51:46 [   DEBUG] [connectionpool.py:544] http://localhost:3100 "POST /loki/api/v1/push HTTP/1.1" 204 0
2026-01-31 20:51:46 [   DEBUG] [connectionpool.py:544] http://localhost:3100 "POST /loki/api/v1/push HTTP/1.1" 204 0
2026-01-31 20:51:46 [   DEBUG] [connectionpool.py:544] http://localhost:3100 "POST /loki/api/v1/push HTTP/1.1" 204 0
2026-01-31 20:51:46 [   DEBUG] [connectionpool.py:544] http://localhost:3100 "POST /loki/api/v1/push HTTP/1.1" 204 0
2026-01-31 20:51:46 [   DEBUG] [connectionpool.py:544] http://localhost:3100 "POST /loki/api/v1/push HTTP/1.1" 204 0
2026-01-31 20:51:46 [   DEBUG] [connectionpool.py:544] http://localhost:3100 "POST /loki/api/v1/push HTTP/1.1" 204 0
2026-01-31 20:51:46 [   DEBUG] [connectionpool.py:544] http://localhost:3100 "POST /loki/api/v1/push HTTP/1.1" 204 0
2026-01-31 20:51:46 [   DEBUG] [connectionpool.py:544] http://localhost:3100 "POST /loki/api/v1/push HTTP/1.1" 204 0
2026-01-31 20:51:46 [   DEBUG] [connectionpool.py:544] http://localhost:3100 "POST /loki/api/v1/push HTTP/1.1" 204 0
2026-01-31 20:51:46 [   DEBUG] [connectionpool.py:241] Starting new HTTP connection (1): localhost:3100
2026-01-31 20:51:46 [   DEBUG] [connectionpool.py:544] http://localhost:3100 "POST /loki/api/v1/push HTTP/1.1" 204 0
2026-01-31 20:51:46 [    INFO] [loki.py:36] {'message': 'Batch log 0', 'category': 'user_actions', 'uuid': '3c925077-e16c-46c1-8bff-185c6eeecf61', 'user_id': 'user_0', 'action': 'batch_test', 'batch_id': 'batch-0', 'item_number': 0}
2026-01-31 20:51:46 [   DEBUG] [connectionpool.py:544] http://localhost:3100 "POST /loki/api/v1/push HTTP/1.1" 204 0
2026-01-31 20:51:46 [   DEBUG] [connectionpool.py:544] http://localhost:3100 "POST /loki/api/v1/push HTTP/1.1" 204 0
2026-01-31 20:51:46 [   DEBUG] [connectionpool.py:544] http://localhost:3100 "POST /loki/api/v1/push HTTP/1.1" 204 0
2026-01-31 20:51:46 [   DEBUG] [connectionpool.py:544] http://localhost:3100 "POST /loki/api/v1/push HTTP/1.1" 204 0
2026-01-31 20:51:46 [   DEBUG] [connectionpool.py:544] http://localhost:3100 "POST /loki/api/v1/push HTTP/1.1" 204 0
2026-01-31 20:51:46 [   DEBUG] [connectionpool.py:544] http://localhost:3100 "POST /loki/api/v1/push HTTP/1.1" 204 0
2026-01-31 20:51:46 [   DEBUG] [connectionpool.py:544] http://localhost:3100 "POST /loki/api/v1/push HTTP/1.1" 204 0
2026-01-31 20:51:46 [   DEBUG] [connectionpool.py:544] http://localhost:3100 "POST /loki/api/v1/push HTTP/1.1" 204 0
2026-01-31 20:51:46 [   DEBUG] [connectionpool.py:544] http://localhost:3100 "POST /loki/api/v1/push HTTP/1.1" 204 0
2026-01-31 20:51:46 [   DEBUG] [connectionpool.py:544] http://localhost:3100 "POST /loki/api/v1/push HTTP/1.1" 204 0
2026-01-31 20:51:46 [   DEBUG] [connectionpool.py:544] http://localhost:3100 "POST /loki/api/v1/push HTTP/1.1" 204 0
2026-01-31 20:51:46 [   DEBUG] [connectionpool.py:544] http://localhost:3100 "POST /loki/api/v1/push HTTP/1.1" 204 0
2026-01-31 20:51:46 [   DEBUG] [connectionpool.py:544] http://localhost:3100 "POST /loki/api/v1/push HTTP/1.1" 204 0
2026-01-31 20:51:46 [   DEBUG] [connectionpool.py:544] http://localhost:3100 "POST /loki/api/v1/push HTTP/1.1" 204 0
2026-01-31 20:51:46 [   DEBUG] [connectionpool.py:544] http://localhost:3100 "POST /loki/api/v1/push HTTP/1.1" 204 0
2026-01-31 20:51:46 [   DEBUG] [connectionpool.py:544] http://localhost:3100 "POST /loki/api/v1/push HTTP/1.1" 204 0
2026-01-31 20:51:46 [   DEBUG] [connectionpool.py:544] http://localhost:3100 "POST /loki/api/v1/push HTTP/1.1" 204 0
2026-01-31 20:51:46 [   DEBUG] [connectionpool.py:544] http://localhost:3100 "POST /loki/api/v1/push HTTP/1.1" 204 0
2026-01-31 20:51:46 [   DEBUG] [connectionpool.py:544] http://localhost:3100 "POST /loki/api/v1/push HTTP/1.1" 204 0
2026-01-31 20:51:46 [   DEBUG] [connectionpool.py:544] http://localhost:3100 "POST /loki/api/v1/push HTTP/1.1" 204 0
2026-01-31 20:51:46 [   DEBUG] [connectionpool.py:544] http://localhost:3100 "POST /loki/api/v1/push HTTP/1.1" 204 0
2026-01-31 20:51:46 [   DEBUG] [connectionpool.py:544] http://localhost:3100 "POST /loki/api/v1/push HTTP/1.1" 204 0
2026-01-31 20:51:46 [   DEBUG] [connectionpool.py:544] http://localhost:3100 "POST /loki/api/v1/push HTTP/1.1" 204 0
2026-01-31 20:51:46 [   DEBUG] [connectionpool.py:544] http://localhost:3100 "POST /loki/api/v1/push HTTP/1.1" 204 0
2026-01-31 20:51:46 [   DEBUG] [connectionpool.py:544] http://localhost:3100 "POST /loki/api/v1/push HTTP/1.1" 204 0
2026-01-31 20:51:46 [    INFO] [loki.py:36] {'message': 'Batch log 1', 'category': 'user_actions', 'uuid': 'd55e2941-4a1e-479d-88a0-a4ddfb8cb345', 'user_id': 'user_1', 'action': 'batch_test', 'batch_id': 'batch-0', 'item_number': 1}
2026-01-31 20:51:46 [   DEBUG] [connectionpool.py:544] http://localhost:3100 "POST /loki/api/v1/push HTTP/1.1" 204 0
2026-01-31 20:51:46 [   DEBUG] [connectionpool.py:544] http://localhost:3100 "POST /loki/api/v1/push HTTP/1.1" 204 0
2026-01-31 20:51:46 [   DEBUG] [connectionpool.py:544] http://localhost:3100 "POST /loki/api/v1/push HTTP/1.1" 204 0
2026-01-31 20:51:46 [   DEBUG] [connectionpool.py:544] http://localhost:3100 "POST /loki/api/v1/push HTTP/1.1" 204 0
2026-01-31 20:51:46 [   DEBUG] [connectionpool.py:544] http://localhost:3100 "POST /loki/api/v1/push HTTP/1.1" 204 0
2026-01-31 20:51:46 [   DEBUG] [connectionpool.py:544] http://localhost:3100 "POST /loki/api/v1/push HTTP/1.1" 204 0
2026-01-31 20:51:46 [   DEBUG] [connectionpool.py:544] http://localhost:3100 "POST /loki/api/v1/push HTTP/1.1" 204 0
2026-01-31 20:51:46 [   DEBUG] [connectionpool.py:544] http://localhost:3100 "POST /loki/api/v1/push HTTP/1.1" 204 0
2026-01-31 20:51:46 [   DEBUG] [connectionpool.py:544] http://localhost:3100 "POST /loki/api/v1/push HTTP/1.1" 204 0
2026-01-31 20:51:46 [   DEBUG] [connectionpool.py:544] http://localhost:3100 "POST /loki/api/v1/push HTTP/1.1" 204 0
2026-01-31 20:51:46 [   DEBUG] [connectionpool.py:544] http://localhost:3100 "POST /loki/api/v1/push HTTP/1.1" 204 0
2026-01-31 20:51:46 [   DEBUG] [connectionpool.py:544] http://localhost:3100 "POST /loki/api/v1/push HTTP/1.1" 204 0
2026-01-31 20:51:46 [   DEBUG] [connectionpool.py:544] http://localhost:3100 "POST /loki/api/v1/push HTTP/1.1" 204 0
2026-01-31 20:51:46 [   DEBUG] [connectionpool.py:544] http://localhost:3100 "POST /loki/api/v1/push HTTP/1.1" 204 0
2026-01-31 20:51:46 [   DEBUG] [connectionpool.py:544] http://localhost:3100 "POST /loki/api/v1/push HTTP/1.1" 204 0
2026-01-31 20:51:46 [   DEBUG] [connectionpool.py:544] http://localhost:3100 "POST /loki/api/v1/push HTTP/1.1" 204 0
2026-01-31 20:51:46 [   DEBUG] [connectionpool.py:544] http://localhost:3100 "POST /loki/api/v1/push HTTP/1.1" 204 0
2026-01-31 20:51:46 [   DEBUG] [connectionpool.py:544] http://localhost:3100 "POST /loki/api/v1/push HTTP/1.1" 204 0
2026-01-31 20:51:46 [   DEBUG] [connectionpool.py:544] http://localhost:3100 "POST /loki/api/v1/push HTTP/1.1" 204 0
2026-01-31 20:51:46 [   DEBUG] [connectionpool.py:544] http://localhost:3100 "POST /loki/api/v1/push HTTP/1.1" 204 0
2026-01-31 20:51:46 [   DEBUG] [connectionpool.py:544] http://localhost:3100 "POST /loki/api/v1/push HTTP/1.1" 204 0
2026-01-31 20:51:46 [   DEBUG] [connectionpool.py:544] http://localhost:3100 "POST /loki/api/v1/push HTTP/1.1" 204 0
2026-01-31 20:51:46 [   DEBUG] [connectionpool.py:544] http://localhost:3100 "POST /loki/api/v1/push HTTP/1.1" 204 0
2026-01-31 20:51:46 [   DEBUG] [connectionpool.py:544] http://localhost:3100 "POST /loki/api/v1/push HTTP/1.1" 204 0
2026-01-31 20:51:46 [   DEBUG] [connectionpool.py:544] http://localhost:3100 "POST /loki/api/v1/push HTTP/1.1" 204 0
2026-01-31 20:51:46 [    INFO] [loki.py:36] {'message': 'Batch log 2', 'category': 'user_actions', 'uuid': 'cdb402db-9b0b-4978-8415-a6f219482c3b', 'user_id': 'user_2', 'action': 'batch_test', 'batch_id': 'batch-0', 'item_number': 2}
2026-01-31 20:51:46 [   DEBUG] [connectionpool.py:544] http://localhost:3100 "POST /loki/api/v1/push HTTP/1.1" 204 0
2026-01-31 20:51:46 [   DEBUG] [connectionpool.py:544] http://localhost:3100 "POST /loki/api/v1/push HTTP/1.1" 204 0
2026-01-31 20:51:46 [   DEBUG] [connectionpool.py:544] http://localhost:3100 "POST /loki/api/v1/push HTTP/1.1" 204 0
2026-01-31 20:51:46 [   DEBUG] [connectionpool.py:544] http://localhost:3100 "POST /loki/api/v1/push HTTP/1.1" 204 0
2026-01-31 20:51:46 [   DEBUG] [connectionpool.py:544] http://localhost:3100 "POST /loki/api/v1/push HTTP/1.1" 204 0
2026-01-31 20:51:46 [   DEBUG] [connectionpool.py:544] http://localhost:3100 "POST /loki/api/v1/push HTTP/1.1" 204 0
2026-01-31 20:51:46 [   DEBUG] [connectionpool.py:544] http://localhost:3100 "POST /loki/api/v1/push HTTP/1.1" 204 0
2026-01-31 20:51:46 [   DEBUG] [connectionpool.py:544] http://localhost:3100 "POST /loki/api/v1/push HTTP/1.1" 204 0
2026-01-31 20:51:46 [   DEBUG] [connectionpool.py:544] http://localhost:3100 "POST /loki/api/v1/push HTTP/1.1" 204 0
2026-01-31 20:51:46 [   DEBUG] [connectionpool.py:544] http://localhost:3100 "POST /loki/api/v1/push HTTP/1.1" 204 0
2026-01-31 20:51:46 [   DEBUG] [connectionpool.py:544] http://localhost:3100 "POST /loki/api/v1/push HTTP/1.1" 204 0
2026-01-31 20:51:46 [   DEBUG] [connectionpool.py:544] http://localhost:3100 "POST /loki/api/v1/push HTTP/1.1" 204 0
2026-01-31 20:51:46 [   DEBUG] [connectionpool.py:544] http://localhost:3100 "POST /loki/api/v1/push HTTP/1.1" 204 0
2026-01-31 20:51:46 [   DEBUG] [connectionpool.py:544] http://localhost:3100 "POST /loki/api/v1/push HTTP/1.1" 204 0
2026-01-31 20:51:46 [   DEBUG] [connectionpool.py:544] http://localhost:3100 "POST /loki/api/v1/push HTTP/1.1" 204 0
2026-01-31 20:51:46 [   DEBUG] [connectionpool.py:544] http://localhost:3100 "POST /loki/api/v1/push HTTP/1.1" 204 0
2026-01-31 20:51:46 [   DEBUG] [connectionpool.py:544] http://localhost:3100 "POST /loki/api/v1/push HTTP/1.1" 204 0
2026-01-31 20:51:46 [   DEBUG] [connectionpool.py:544] http://localhost:3100 "POST /loki/api/v1/push HTTP/1.1" 204 0
2026-01-31 20:51:46 [   DEBUG] [connectionpool.py:544] http://localhost:3100 "POST /loki/api/v1/push HTTP/1.1" 204 0
2026-01-31 20:51:46 [   DEBUG] [connectionpool.py:544] http://localhost:3100 "POST /loki/api/v1/push HTTP/1.1" 204 0
2026-01-31 20:51:46 [   DEBUG] [connectionpool.py:544] http://localhost:3100 "POST /loki/api/v1/push HTTP/1.1" 204 0
2026-01-31 20:51:46 [   DEBUG] [connectionpool.py:544] http://localhost:3100 "POST /loki/api/v1/push HTTP/1.1" 204 0
2026-01-31 20:51:46 [   DEBUG] [connectionpool.py:544] http://localhost:3100 "POST /loki/api/v1/push HTTP/1.1" 204 0
2026-01-31 20:51:46 [   DEBUG] [connectionpool.py:544] http://localhost:3100 "POST /loki/api/v1/push HTTP/1.1" 204 0
2026-01-31 20:51:46 [   DEBUG] [connectionpool.py:544] http://localhost:3100 "POST /loki/api/v1/push HTTP/1.1" 204 0
2026-01-31 20:51:46 [    INFO] [loki.py:36] {'message': 'Batch log 3', 'category': 'user_actions', 'uuid': 'bedacded-ede0-434d-a9c1-d46990bab5e8', 'user_id': 'user_3', 'action': 'batch_test', 'batch_id': 'batch-0', 'item_number': 3}
2026-01-31 20:51:46 [   DEBUG] [connectionpool.py:544] http://localhost:3100 "POST /loki/api/v1/push HTTP/1.1" 204 0
2026-01-31 20:51:46 [   DEBUG] [connectionpool.py:544] http://localhost:3100 "POST /loki/api/v1/push HTTP/1.1" 204 0
2026-01-31 20:51:46 [   DEBUG] [connectionpool.py:544] http://localhost:3100 "POST /loki/api/v1/push HTTP/1.1" 204 0
2026-01-31 20:51:46 [   DEBUG] [connectionpool.py:544] http://localhost:3100 "POST /loki/api/v1/push HTTP/1.1" 204 0
2026-01-31 20:51:46 [   DEBUG] [connectionpool.py:544] http://localhost:3100 "POST /loki/api/v1/push HTTP/1.1" 204 0
2026-01-31 20:51:46 [   DEBUG] [connectionpool.py:544] http://localhost:3100 "POST /loki/api/v1/push HTTP/1.1" 204 0
2026-01-31 20:51:46 [   DEBUG] [connectionpool.py:544] http://localhost:3100 "POST /loki/api/v1/push HTTP/1.1" 204 0
2026-01-31 20:51:46 [   DEBUG] [connectionpool.py:544] http://localhost:3100 "POST /loki/api/v1/push HTTP/1.1" 204 0
2026-01-31 20:51:46 [   DEBUG] [connectionpool.py:544] http://localhost:3100 "POST /loki/api/v1/push HTTP/1.1" 204 0
2026-01-31 20:51:46 [   DEBUG] [connectionpool.py:544] http://localhost:3100 "POST /loki/api/v1/push HTTP/1.1" 204 0
2026-01-31 20:51:46 [   DEBUG] [connectionpool.py:544] http://localhost:3100 "POST /loki/api/v1/push HTTP/1.1" 204 0
2026-01-31 20:51:46 [   DEBUG] [connectionpool.py:544] http://localhost:3100 "POST /loki/api/v1/push HTTP/1.1" 204 0
2026-01-31 20:51:46 [   DEBUG] [connectionpool.py:544] http://localhost:3100 "POST /loki/api/v1/push HTTP/1.1" 204 0
2026-01-31 20:51:46 [   DEBUG] [connectionpool.py:544] http://localhost:3100 "POST /loki/api/v1/push HTTP/1.1" 204 0
2026-01-31 20:51:46 [   DEBUG] [connectionpool.py:544] http://localhost:3100 "POST /loki/api/v1/push HTTP/1.1" 204 0
2026-01-31 20:51:46 [   DEBUG] [connectionpool.py:544] http://localhost:3100 "POST /loki/api/v1/push HTTP/1.1" 204 0
2026-01-31 20:51:46 [   DEBUG] [connectionpool.py:544] http://localhost:3100 "POST /loki/api/v1/push HTTP/1.1" 204 0
2026-01-31 20:51:46 [   DEBUG] [connectionpool.py:544] http://localhost:3100 "POST /loki/api/v1/push HTTP/1.1" 204 0
2026-01-31 20:51:46 [   DEBUG] [connectionpool.py:544] http://localhost:3100 "POST /loki/api/v1/push HTTP/1.1" 204 0
2026-01-31 20:51:46 [   DEBUG] [connectionpool.py:544] http://localhost:3100 "POST /loki/api/v1/push HTTP/1.1" 204 0
2026-01-31 20:51:46 [   DEBUG] [connectionpool.py:544] http://localhost:3100 "POST /loki/api/v1/push HTTP/1.1" 204 0
2026-01-31 20:51:46 [   DEBUG] [connectionpool.py:544] http://localhost:3100 "POST /loki/api/v1/push HTTP/1.1" 204 0
2026-01-31 20:51:46 [   DEBUG] [connectionpool.py:544] http://localhost:3100 "POST /loki/api/v1/push HTTP/1.1" 204 0
2026-01-31 20:51:46 [   DEBUG] [connectionpool.py:544] http://localhost:3100 "POST /loki/api/v1/push HTTP/1.1" 204 0
2026-01-31 20:51:46 [   DEBUG] [connectionpool.py:544] http://localhost:3100 "POST /loki/api/v1/push HTTP/1.1" 204 0
2026-01-31 20:51:46 [    INFO] [loki.py:36] {'message': 'Batch log 4', 'category': 'user_actions', 'uuid': '1d62f5cb-213a-442d-9798-f00919024bd0', 'user_id': 'user_4', 'action': 'batch_test', 'batch_id': 'batch-0', 'item_number': 4}
2026-01-31 20:51:46 [   DEBUG] [connectionpool.py:544] http://localhost:3100 "POST /loki/api/v1/push HTTP/1.1" 204 0
2026-01-31 20:51:46 [   DEBUG] [connectionpool.py:544] http://localhost:3100 "POST /loki/api/v1/push HTTP/1.1" 204 0
2026-01-31 20:51:46 [   DEBUG] [connectionpool.py:544] http://localhost:3100 "POST /loki/api/v1/push HTTP/1.1" 204 0
2026-01-31 20:51:46 [   DEBUG] [connectionpool.py:544] http://localhost:3100 "POST /loki/api/v1/push HTTP/1.1" 204 0
2026-01-31 20:51:46 [   DEBUG] [connectionpool.py:544] http://localhost:3100 "POST /loki/api/v1/push HTTP/1.1" 204 0
2026-01-31 20:51:46 [   DEBUG] [connectionpool.py:544] http://localhost:3100 "POST /loki/api/v1/push HTTP/1.1" 204 0
2026-01-31 20:51:46 [   DEBUG] [connectionpool.py:544] http://localhost:3100 "POST /loki/api/v1/push HTTP/1.1" 204 0
2026-01-31 20:51:46 [   DEBUG] [connectionpool.py:544] http://localhost:3100 "POST /loki/api/v1/push HTTP/1.1" 204 0
2026-01-31 20:51:46 [   DEBUG] [connectionpool.py:544] http://localhost:3100 "POST /loki/api/v1/push HTTP/1.1" 204 0
2026-01-31 20:51:46 [   DEBUG] [connectionpool.py:544] http://localhost:3100 "POST /loki/api/v1/push HTTP/1.1" 204 0
2026-01-31 20:51:46 [   DEBUG] [connectionpool.py:544] http://localhost:3100 "POST /loki/api/v1/push HTTP/1.1" 204 0
2026-01-31 20:51:46 [   DEBUG] [connectionpool.py:544] http://localhost:3100 "POST /loki/api/v1/push HTTP/1.1" 204 0
2026-01-31 20:51:46 [   DEBUG] [connectionpool.py:544] http://localhost:3100 "POST /loki/api/v1/push HTTP/1.1" 204 0
2026-01-31 20:51:46 [   DEBUG] [connectionpool.py:544] http://localhost:3100 "POST /loki/api/v1/push HTTP/1.1" 204 0
2026-01-31 20:51:46 [   DEBUG] [connectionpool.py:544] http://localhost:3100 "POST /loki/api/v1/push HTTP/1.1" 204 0
2026-01-31 20:51:46 [   DEBUG] [connectionpool.py:544] http://localhost:3100 "POST /loki/api/v1/push HTTP/1.1" 204 0
2026-01-31 20:51:46 [   DEBUG] [connectionpool.py:544] http://localhost:3100 "POST /loki/api/v1/push HTTP/1.1" 204 0
2026-01-31 20:51:46 [   DEBUG] [connectionpool.py:544] http://localhost:3100 "POST /loki/api/v1/push HTTP/1.1" 204 0
2026-01-31 20:51:46 [   DEBUG] [connectionpool.py:544] http://localhost:3100 "POST /loki/api/v1/push HTTP/1.1" 204 0
2026-01-31 20:51:46 [   DEBUG] [connectionpool.py:544] http://localhost:3100 "POST /loki/api/v1/push HTTP/1.1" 204 0
2026-01-31 20:51:46 [   DEBUG] [connectionpool.py:544] http://localhost:3100 "POST /loki/api/v1/push HTTP/1.1" 204 0
2026-01-31 20:51:46 [   DEBUG] [connectionpool.py:544] http://localhost:3100 "POST /loki/api/v1/push HTTP/1.1" 204 0
2026-01-31 20:51:46 [   DEBUG] [connectionpool.py:544] http://localhost:3100 "POST /loki/api/v1/push HTTP/1.1" 204 0
2026-01-31 20:51:46 [   DEBUG] [connectionpool.py:544] http://localhost:3100 "POST /loki/api/v1/push HTTP/1.1" 204 0
2026-01-31 20:51:46 [   DEBUG] [connectionpool.py:544] http://localhost:3100 "POST /loki/api/v1/push HTTP/1.1" 204 0
2026-01-31 20:51:46 [    INFO] [loki.py:36] {'message': 'Batch log 5', 'category': 'user_actions', 'uuid': '2c4ecdcb-bc05-4621-9366-7c7db1b17782', 'user_id': 'user_5', 'action': 'batch_test', 'batch_id': 'batch-0', 'item_number': 5}
2026-01-31 20:51:46 [   DEBUG] [connectionpool.py:544] http://localhost:3100 "POST /loki/api/v1/push HTTP/1.1" 204 0
2026-01-31 20:51:46 [   DEBUG] [connectionpool.py:544] http://localhost:3100 "POST /loki/api/v1/push HTTP/1.1" 204 0
2026-01-31 20:51:46 [   DEBUG] [connectionpool.py:544] http://localhost:3100 "POST /loki/api/v1/push HTTP/1.1" 204 0
2026-01-31 20:51:46 [   DEBUG] [connectionpool.py:544] http://localhost:3100 "POST /loki/api/v1/push HTTP/1.1" 204 0
2026-01-31 20:51:46 [   DEBUG] [connectionpool.py:544] http://localhost:3100 "POST /loki/api/v1/push HTTP/1.1" 204 0
2026-01-31 20:51:46 [   DEBUG] [connectionpool.py:544] http://localhost:3100 "POST /loki/api/v1/push HTTP/1.1" 204 0
2026-01-31 20:51:46 [   DEBUG] [connectionpool.py:544] http://localhost:3100 "POST /loki/api/v1/push HTTP/1.1" 204 0
2026-01-31 20:51:46 [   DEBUG] [connectionpool.py:544] http://localhost:3100 "POST /loki/api/v1/push HTTP/1.1" 204 0
2026-01-31 20:51:46 [   DEBUG] [connectionpool.py:544] http://localhost:3100 "POST /loki/api/v1/push HTTP/1.1" 204 0
2026-01-31 20:51:46 [   DEBUG] [connectionpool.py:544] http://localhost:3100 "POST /loki/api/v1/push HTTP/1.1" 204 0
2026-01-31 20:51:46 [   DEBUG] [connectionpool.py:544] http://localhost:3100 "POST /loki/api/v1/push HTTP/1.1" 204 0
2026-01-31 20:51:46 [   DEBUG] [connectionpool.py:544] http://localhost:3100 "POST /loki/api/v1/push HTTP/1.1" 204 0
2026-01-31 20:51:46 [   DEBUG] [connectionpool.py:544] http://localhost:3100 "POST /loki/api/v1/push HTTP/1.1" 204 0
2026-01-31 20:51:46 [   DEBUG] [connectionpool.py:544] http://localhost:3100 "POST /loki/api/v1/push HTTP/1.1" 204 0
2026-01-31 20:51:46 [   DEBUG] [connectionpool.py:544] http://localhost:3100 "POST /loki/api/v1/push HTTP/1.1" 204 0
2026-01-31 20:51:46 [   DEBUG] [connectionpool.py:544] http://localhost:3100 "POST /loki/api/v1/push HTTP/1.1" 204 0
2026-01-31 20:51:46 [   DEBUG] [connectionpool.py:544] http://localhost:3100 "POST /loki/api/v1/push HTTP/1.1" 204 0
2026-01-31 20:51:46 [   DEBUG] [connectionpool.py:544] http://localhost:3100 "POST /loki/api/v1/push HTTP/1.1" 204 0
2026-01-31 20:51:46 [   DEBUG] [connectionpool.py:544] http://localhost:3100 "POST /loki/api/v1/push HTTP/1.1" 204 0
2026-01-31 20:51:46 [   DEBUG] [connectionpool.py:544] http://localhost:3100 "POST /loki/api/v1/push HTTP/1.1" 204 0
2026-01-31 20:51:46 [   DEBUG] [connectionpool.py:544] http://localhost:3100 "POST /loki/api/v1/push HTTP/1.1" 204 0
2026-01-31 20:51:46 [   DEBUG] [connectionpool.py:544] http://localhost:3100 "POST /loki/api/v1/push HTTP/1.1" 204 0
2026-01-31 20:51:46 [   DEBUG] [connectionpool.py:544] http://localhost:3100 "POST /loki/api/v1/push HTTP/1.1" 204 0
2026-01-31 20:51:46 [   DEBUG] [connectionpool.py:544] http://localhost:3100 "POST /loki/api/v1/push HTTP/1.1" 204 0
2026-01-31 20:51:46 [   DEBUG] [connectionpool.py:544] http://localhost:3100 "POST /loki/api/v1/push HTTP/1.1" 204 0
2026-01-31 20:51:46 [    INFO] [loki.py:36] {'message': 'Batch log 6', 'category': 'user_actions', 'uuid': '992f4824-1b64-4bed-94b6-e55f841096b9', 'user_id': 'user_6', 'action': 'batch_test', 'batch_id': 'batch-0', 'item_number': 6}
2026-01-31 20:51:46 [   DEBUG] [connectionpool.py:544] http://localhost:3100 "POST /loki/api/v1/push HTTP/1.1" 204 0
2026-01-31 20:51:46 [   DEBUG] [connectionpool.py:544] http://localhost:3100 "POST /loki/api/v1/push HTTP/1.1" 204 0
2026-01-31 20:51:46 [   DEBUG] [connectionpool.py:544] http://localhost:3100 "POST /loki/api/v1/push HTTP/1.1" 204 0
2026-01-31 20:51:46 [   DEBUG] [connectionpool.py:544] http://localhost:3100 "POST /loki/api/v1/push HTTP/1.1" 204 0
2026-01-31 20:51:46 [   DEBUG] [connectionpool.py:544] http://localhost:3100 "POST /loki/api/v1/push HTTP/1.1" 204 0
2026-01-31 20:51:46 [   DEBUG] [connectionpool.py:544] http://localhost:3100 "POST /loki/api/v1/push HTTP/1.1" 204 0
2026-01-31 20:51:46 [   DEBUG] [connectionpool.py:544] http://localhost:3100 "POST /loki/api/v1/push HTTP/1.1" 204 0
2026-01-31 20:51:46 [   DEBUG] [connectionpool.py:544] http://localhost:3100 "POST /loki/api/v1/push HTTP/1.1" 204 0
2026-01-31 20:51:46 [   DEBUG] [connectionpool.py:544] http://localhost:3100 "POST /loki/api/v1/push HTTP/1.1" 204 0
2026-01-31 20:51:46 [   DEBUG] [connectionpool.py:544] http://localhost:3100 "POST /loki/api/v1/push HTTP/1.1" 204 0
2026-01-31 20:51:46 [   DEBUG] [connectionpool.py:544] http://localhost:3100 "POST /loki/api/v1/push HTTP/1.1" 204 0
2026-01-31 20:51:46 [   DEBUG] [connectionpool.py:544] http://localhost:3100 "POST /loki/api/v1/push HTTP/1.1" 204 0
2026-01-31 20:51:46 [   DEBUG] [connectionpool.py:544] http://localhost:3100 "POST /loki/api/v1/push HTTP/1.1" 204 0
2026-01-31 20:51:46 [   DEBUG] [connectionpool.py:544] http://localhost:3100 "POST /loki/api/v1/push HTTP/1.1" 204 0
2026-01-31 20:51:46 [   DEBUG] [connectionpool.py:544] http://localhost:3100 "POST /loki/api/v1/push HTTP/1.1" 204 0
2026-01-31 20:51:46 [   DEBUG] [connectionpool.py:544] http://localhost:3100 "POST /loki/api/v1/push HTTP/1.1" 204 0
2026-01-31 20:51:46 [   DEBUG] [connectionpool.py:544] http://localhost:3100 "POST /loki/api/v1/push HTTP/1.1" 204 0
2026-01-31 20:51:46 [   DEBUG] [connectionpool.py:544] http://localhost:3100 "POST /loki/api/v1/push HTTP/1.1" 204 0
2026-01-31 20:51:46 [   DEBUG] [connectionpool.py:544] http://localhost:3100 "POST /loki/api/v1/push HTTP/1.1" 204 0
2026-01-31 20:51:46 [   DEBUG] [connectionpool.py:544] http://localhost:3100 "POST /loki/api/v1/push HTTP/1.1" 204 0
2026-01-31 20:51:46 [   DEBUG] [connectionpool.py:544] http://localhost:3100 "POST /loki/api/v1/push HTTP/1.1" 204 0
2026-01-31 20:51:46 [   DEBUG] [connectionpool.py:544] http://localhost:3100 "POST /loki/api/v1/push HTTP/1.1" 204 0
2026-01-31 20:51:46 [   DEBUG] [connectionpool.py:544] http://localhost:3100 "POST /loki/api/v1/push HTTP/1.1" 204 0
2026-01-31 20:51:46 [   DEBUG] [connectionpool.py:544] http://localhost:3100 "POST /loki/api/v1/push HTTP/1.1" 204 0
2026-01-31 20:51:46 [   DEBUG] [connectionpool.py:544] http://localhost:3100 "POST /loki/api/v1/push HTTP/1.1" 204 0
2026-01-31 20:51:46 [    INFO] [loki.py:36] {'message': 'Batch log 7', 'category': 'user_actions', 'uuid': '71283de6-2f9c-4233-bd29-9a0423a57e1c', 'user_id': 'user_7', 'action': 'batch_test', 'batch_id': 'batch-0', 'item_number': 7}
2026-01-31 20:51:46 [   DEBUG] [connectionpool.py:544] http://localhost:3100 "POST /loki/api/v1/push HTTP/1.1" 204 0
2026-01-31 20:51:46 [   DEBUG] [connectionpool.py:544] http://localhost:3100 "POST /loki/api/v1/push HTTP/1.1" 204 0
2026-01-31 20:51:46 [   DEBUG] [connectionpool.py:544] http://localhost:3100 "POST /loki/api/v1/push HTTP/1.1" 204 0
2026-01-31 20:51:46 [   DEBUG] [connectionpool.py:544] http://localhost:3100 "POST /loki/api/v1/push HTTP/1.1" 204 0
2026-01-31 20:51:46 [   DEBUG] [connectionpool.py:544] http://localhost:3100 "POST /loki/api/v1/push HTTP/1.1" 204 0
2026-01-31 20:51:46 [   DEBUG] [connectionpool.py:544] http://localhost:3100 "POST /loki/api/v1/push HTTP/1.1" 204 0
2026-01-31 20:51:46 [   DEBUG] [connectionpool.py:544] http://localhost:3100 "POST /loki/api/v1/push HTTP/1.1" 204 0
2026-01-31 20:51:46 [   DEBUG] [connectionpool.py:544] http://localhost:3100 "POST /loki/api/v1/push HTTP/1.1" 204 0
2026-01-31 20:51:46 [   DEBUG] [connectionpool.py:544] http://localhost:3100 "POST /loki/api/v1/push HTTP/1.1" 204 0
2026-01-31 20:51:46 [   DEBUG] [connectionpool.py:544] http://localhost:3100 "POST /loki/api/v1/push HTTP/1.1" 204 0
2026-01-31 20:51:46 [   DEBUG] [connectionpool.py:544] http://localhost:3100 "POST /loki/api/v1/push HTTP/1.1" 204 0
2026-01-31 20:51:46 [   DEBUG] [connectionpool.py:544] http://localhost:3100 "POST /loki/api/v1/push HTTP/1.1" 204 0
2026-01-31 20:51:46 [   DEBUG] [connectionpool.py:544] http://localhost:3100 "POST /loki/api/v1/push HTTP/1.1" 204 0
2026-01-31 20:51:46 [   DEBUG] [connectionpool.py:544] http://localhost:3100 "POST /loki/api/v1/push HTTP/1.1" 204 0
2026-01-31 20:51:46 [   DEBUG] [connectionpool.py:544] http://localhost:3100 "POST /loki/api/v1/push HTTP/1.1" 204 0
2026-01-31 20:51:46 [   DEBUG] [connectionpool.py:544] http://localhost:3100 "POST /loki/api/v1/push HTTP/1.1" 204 0
2026-01-31 20:51:46 [   DEBUG] [connectionpool.py:544] http://localhost:3100 "POST /loki/api/v1/push HTTP/1.1" 204 0
2026-01-31 20:51:46 [   DEBUG] [connectionpool.py:544] http://localhost:3100 "POST /loki/api/v1/push HTTP/1.1" 204 0
2026-01-31 20:51:46 [   DEBUG] [connectionpool.py:544] http://localhost:3100 "POST /loki/api/v1/push HTTP/1.1" 204 0
2026-01-31 20:51:46 [   DEBUG] [connectionpool.py:544] http://localhost:3100 "POST /loki/api/v1/push HTTP/1.1" 204 0
2026-01-31 20:51:46 [   DEBUG] [connectionpool.py:544] http://localhost:3100 "POST /loki/api/v1/push HTTP/1.1" 204 0
2026-01-31 20:51:46 [   DEBUG] [connectionpool.py:544] http://localhost:3100 "POST /loki/api/v1/push HTTP/1.1" 204 0
2026-01-31 20:51:46 [   DEBUG] [connectionpool.py:544] http://localhost:3100 "POST /loki/api/v1/push HTTP/1.1" 204 0
2026-01-31 20:51:46 [   DEBUG] [connectionpool.py:544] http://localhost:3100 "POST /loki/api/v1/push HTTP/1.1" 204 0
2026-01-31 20:51:46 [   DEBUG] [connectionpool.py:544] http://localhost:3100 "POST /loki/api/v1/push HTTP/1.1" 204 0
2026-01-31 20:51:46 [    INFO] [loki.py:36] {'message': 'Batch log 8', 'category': 'user_actions', 'uuid': 'b788b787-ca55-483c-ba4c-5214af664ad4', 'user_id': 'user_8', 'action': 'batch_test', 'batch_id': 'batch-0', 'item_number': 8}
2026-01-31 20:51:46 [   DEBUG] [connectionpool.py:544] http://localhost:3100 "POST /loki/api/v1/push HTTP/1.1" 204 0
2026-01-31 20:51:46 [   DEBUG] [connectionpool.py:544] http://localhost:3100 "POST /loki/api/v1/push HTTP/1.1" 204 0
2026-01-31 20:51:46 [   DEBUG] [connectionpool.py:544] http://localhost:3100 "POST /loki/api/v1/push HTTP/1.1" 204 0
2026-01-31 20:51:46 [   DEBUG] [connectionpool.py:544] http://localhost:3100 "POST /loki/api/v1/push HTTP/1.1" 204 0
2026-01-31 20:51:46 [   DEBUG] [connectionpool.py:544] http://localhost:3100 "POST /loki/api/v1/push HTTP/1.1" 204 0
2026-01-31 20:51:46 [   DEBUG] [connectionpool.py:544] http://localhost:3100 "POST /loki/api/v1/push HTTP/1.1" 204 0
2026-01-31 20:51:46 [   DEBUG] [connectionpool.py:544] http://localhost:3100 "POST /loki/api/v1/push HTTP/1.1" 204 0
2026-01-31 20:51:46 [   DEBUG] [connectionpool.py:544] http://localhost:3100 "POST /loki/api/v1/push HTTP/1.1" 204 0
2026-01-31 20:51:46 [   DEBUG] [connectionpool.py:544] http://localhost:3100 "POST /loki/api/v1/push HTTP/1.1" 204 0
2026-01-31 20:51:46 [   DEBUG] [connectionpool.py:544] http://localhost:3100 "POST /loki/api/v1/push HTTP/1.1" 204 0
2026-01-31 20:51:46 [   DEBUG] [connectionpool.py:544] http://localhost:3100 "POST /loki/api/v1/push HTTP/1.1" 204 0
2026-01-31 20:51:46 [   DEBUG] [connectionpool.py:544] http://localhost:3100 "POST /loki/api/v1/push HTTP/1.1" 204 0
2026-01-31 20:51:46 [   DEBUG] [connectionpool.py:544] http://localhost:3100 "POST /loki/api/v1/push HTTP/1.1" 204 0
2026-01-31 20:51:46 [   DEBUG] [connectionpool.py:544] http://localhost:3100 "POST /loki/api/v1/push HTTP/1.1" 204 0
2026-01-31 20:51:46 [   DEBUG] [connectionpool.py:544] http://localhost:3100 "POST /loki/api/v1/push HTTP/1.1" 204 0
2026-01-31 20:51:46 [   DEBUG] [connectionpool.py:544] http://localhost:3100 "POST /loki/api/v1/push HTTP/1.1" 204 0
2026-01-31 20:51:46 [   DEBUG] [connectionpool.py:544] http://localhost:3100 "POST /loki/api/v1/push HTTP/1.1" 204 0
2026-01-31 20:51:46 [   DEBUG] [connectionpool.py:544] http://localhost:3100 "POST /loki/api/v1/push HTTP/1.1" 204 0
2026-01-31 20:51:46 [   DEBUG] [connectionpool.py:544] http://localhost:3100 "POST /loki/api/v1/push HTTP/1.1" 204 0
2026-01-31 20:51:46 [   DEBUG] [connectionpool.py:544] http://localhost:3100 "POST /loki/api/v1/push HTTP/1.1" 204 0
2026-01-31 20:51:46 [   DEBUG] [connectionpool.py:544] http://localhost:3100 "POST /loki/api/v1/push HTTP/1.1" 204 0
2026-01-31 20:51:46 [   DEBUG] [connectionpool.py:544] http://localhost:3100 "POST /loki/api/v1/push HTTP/1.1" 204 0
2026-01-31 20:51:46 [   DEBUG] [connectionpool.py:544] http://localhost:3100 "POST /loki/api/v1/push HTTP/1.1" 204 0
2026-01-31 20:51:46 [   DEBUG] [connectionpool.py:544] http://localhost:3100 "POST /loki/api/v1/push HTTP/1.1" 204 0
2026-01-31 20:51:46 [   DEBUG] [connectionpool.py:544] http://localhost:3100 "POST /loki/api/v1/push HTTP/1.1" 204 0
2026-01-31 20:51:46 [    INFO] [loki.py:36] {'message': 'Batch log 9', 'category': 'user_actions', 'uuid': 'f44f261d-3256-4c02-b83d-22a2ce667817', 'user_id': 'user_9', 'action': 'batch_test', 'batch_id': 'batch-0', 'item_number': 9}
2026-01-31 20:51:46 [   DEBUG] [connectionpool.py:544] http://localhost:3100 "POST /loki/api/v1/push HTTP/1.1" 204 0
2026-01-31 20:51:46 [   DEBUG] [connectionpool.py:544] http://localhost:3100 "POST /loki/api/v1/push HTTP/1.1" 204 0
2026-01-31 20:51:46 [   DEBUG] [connectionpool.py:544] http://localhost:3100 "POST /loki/api/v1/push HTTP/1.1" 204 0
2026-01-31 20:51:46 [   DEBUG] [connectionpool.py:544] http://localhost:3100 "POST /loki/api/v1/push HTTP/1.1" 204 0
2026-01-31 20:51:46 [   DEBUG] [connectionpool.py:544] http://localhost:3100 "POST /loki/api/v1/push HTTP/1.1" 204 0
2026-01-31 20:51:46 [   DEBUG] [connectionpool.py:544] http://localhost:3100 "POST /loki/api/v1/push HTTP/1.1" 204 0
2026-01-31 20:51:46 [   DEBUG] [connectionpool.py:544] http://localhost:3100 "POST /loki/api/v1/push HTTP/1.1" 204 0
2026-01-31 20:51:46 [   DEBUG] [connectionpool.py:544] http://localhost:3100 "POST /loki/api/v1/push HTTP/1.1" 204 0
2026-01-31 20:51:46 [   DEBUG] [connectionpool.py:544] http://localhost:3100 "POST /loki/api/v1/push HTTP/1.1" 204 0
2026-01-31 20:51:46 [   DEBUG] [connectionpool.py:544] http://localhost:3100 "POST /loki/api/v1/push HTTP/1.1" 204 0
2026-01-31 20:51:46 [   DEBUG] [connectionpool.py:544] http://localhost:3100 "POST /loki/api/v1/push HTTP/1.1" 204 0
2026-01-31 20:51:46 [   DEBUG] [connectionpool.py:544] http://localhost:3100 "POST /loki/api/v1/push HTTP/1.1" 204 0
2026-01-31 20:51:46 [   DEBUG] [connectionpool.py:544] http://localhost:3100 "POST /loki/api/v1/push HTTP/1.1" 204 0
2026-01-31 20:51:46 [   DEBUG] [connectionpool.py:544] http://localhost:3100 "POST /loki/api/v1/push HTTP/1.1" 204 0
2026-01-31 20:51:46 [   DEBUG] [connectionpool.py:544] http://localhost:3100 "POST /loki/api/v1/push HTTP/1.1" 204 0
2026-01-31 20:51:46 [   DEBUG] [connectionpool.py:544] http://localhost:3100 "POST /loki/api/v1/push HTTP/1.1" 204 0
2026-01-31 20:51:46 [   DEBUG] [connectionpool.py:544] http://localhost:3100 "POST /loki/api/v1/push HTTP/1.1" 204 0
2026-01-31 20:51:46 [   DEBUG] [connectionpool.py:544] http://localhost:3100 "POST /loki/api/v1/push HTTP/1.1" 204 0
2026-01-31 20:51:46 [   DEBUG] [connectionpool.py:544] http://localhost:3100 "POST /loki/api/v1/push HTTP/1.1" 204 0
2026-01-31 20:51:46 [   DEBUG] [connectionpool.py:544] http://localhost:3100 "POST /loki/api/v1/push HTTP/1.1" 204 0
2026-01-31 20:51:46 [   DEBUG] [connectionpool.py:544] http://localhost:3100 "POST /loki/api/v1/push HTTP/1.1" 204 0
2026-01-31 20:51:46 [   DEBUG] [connectionpool.py:544] http://localhost:3100 "POST /loki/api/v1/push HTTP/1.1" 204 0
2026-01-31 20:51:46 [   DEBUG] [connectionpool.py:544] http://localhost:3100 "POST /loki/api/v1/push HTTP/1.1" 204 0
2026-01-31 20:51:46 [   DEBUG] [connectionpool.py:544] http://localhost:3100 "POST /loki/api/v1/push HTTP/1.1" 204 0
2026-01-31 20:51:46 [   DEBUG] [connectionpool.py:544] http://localhost:3100 "POST /loki/api/v1/push HTTP/1.1" 204 0
2026-01-31 20:51:46 [    INFO] [loki.py:36] {'message': 'Batch log 10', 'category': 'user_actions', 'uuid': 'c997f564-24a5-4fe2-8330-4ab4edcf1c70', 'user_id': 'user_10', 'action': 'batch_test', 'batch_id': 'batch-1', 'item_number': 10}
2026-01-31 20:51:46 [   DEBUG] [connectionpool.py:544] http://localhost:3100 "POST /loki/api/v1/push HTTP/1.1" 204 0
2026-01-31 20:51:46 [   DEBUG] [connectionpool.py:544] http://localhost:3100 "POST /loki/api/v1/push HTTP/1.1" 204 0
2026-01-31 20:51:46 [   DEBUG] [connectionpool.py:544] http://localhost:3100 "POST /loki/api/v1/push HTTP/1.1" 204 0
2026-01-31 20:51:46 [   DEBUG] [connectionpool.py:544] http://localhost:3100 "POST /loki/api/v1/push HTTP/1.1" 204 0
2026-01-31 20:51:46 [   DEBUG] [connectionpool.py:544] http://localhost:3100 "POST /loki/api/v1/push HTTP/1.1" 204 0
2026-01-31 20:51:46 [   DEBUG] [connectionpool.py:544] http://localhost:3100 "POST /loki/api/v1/push HTTP/1.1" 204 0
2026-01-31 20:51:46 [   DEBUG] [connectionpool.py:544] http://localhost:3100 "POST /loki/api/v1/push HTTP/1.1" 204 0
2026-01-31 20:51:46 [   DEBUG] [connectionpool.py:544] http://localhost:3100 "POST /loki/api/v1/push HTTP/1.1" 204 0
2026-01-31 20:51:46 [   DEBUG] [connectionpool.py:544] http://localhost:3100 "POST /loki/api/v1/push HTTP/1.1" 204 0
2026-01-31 20:51:46 [   DEBUG] [connectionpool.py:544] http://localhost:3100 "POST /loki/api/v1/push HTTP/1.1" 204 0
2026-01-31 20:51:46 [   DEBUG] [connectionpool.py:544] http://localhost:3100 "POST /loki/api/v1/push HTTP/1.1" 204 0
2026-01-31 20:51:46 [   DEBUG] [connectionpool.py:544] http://localhost:3100 "POST /loki/api/v1/push HTTP/1.1" 204 0
2026-01-31 20:51:46 [   DEBUG] [connectionpool.py:544] http://localhost:3100 "POST /loki/api/v1/push HTTP/1.1" 204 0
2026-01-31 20:51:46 [   DEBUG] [connectionpool.py:544] http://localhost:3100 "POST /loki/api/v1/push HTTP/1.1" 204 0
2026-01-31 20:51:46 [   DEBUG] [connectionpool.py:544] http://localhost:3100 "POST /loki/api/v1/push HTTP/1.1" 204 0
2026-01-31 20:51:46 [   DEBUG] [connectionpool.py:544] http://localhost:3100 "POST /loki/api/v1/push HTTP/1.1" 204 0
2026-01-31 20:51:46 [   DEBUG] [connectionpool.py:544] http://localhost:3100 "POST /loki/api/v1/push HTTP/1.1" 204 0
2026-01-31 20:51:46 [   DEBUG] [connectionpool.py:544] http://localhost:3100 "POST /loki/api/v1/push HTTP/1.1" 204 0
2026-01-31 20:51:46 [   DEBUG] [connectionpool.py:544] http://localhost:3100 "POST /loki/api/v1/push HTTP/1.1" 204 0
2026-01-31 20:51:46 [   DEBUG] [connectionpool.py:544] http://localhost:3100 "POST /loki/api/v1/push HTTP/1.1" 204 0
2026-01-31 20:51:46 [   DEBUG] [connectionpool.py:544] http://localhost:3100 "POST /loki/api/v1/push HTTP/1.1" 204 0
2026-01-31 20:51:46 [   DEBUG] [connectionpool.py:544] http://localhost:3100 "POST /loki/api/v1/push HTTP/1.1" 204 0
2026-01-31 20:51:46 [   DEBUG] [connectionpool.py:544] http://localhost:3100 "POST /loki/api/v1/push HTTP/1.1" 204 0
2026-01-31 20:51:46 [   DEBUG] [connectionpool.py:544] http://localhost:3100 "POST /loki/api/v1/push HTTP/1.1" 204 0
2026-01-31 20:51:46 [   DEBUG] [connectionpool.py:544] http://localhost:3100 "POST /loki/api/v1/push HTTP/1.1" 204 0
2026-01-31 20:51:46 [    INFO] [loki.py:36] {'message': 'Batch log 11', 'category': 'user_actions', 'uuid': 'c5832aa5-4bd9-4fb9-bd5e-414746ef6f76', 'user_id': 'user_11', 'action': 'batch_test', 'batch_id': 'batch-1', 'item_number': 11}
2026-01-31 20:51:46 [   DEBUG] [connectionpool.py:544] http://localhost:3100 "POST /loki/api/v1/push HTTP/1.1" 204 0
2026-01-31 20:51:46 [   DEBUG] [connectionpool.py:544] http://localhost:3100 "POST /loki/api/v1/push HTTP/1.1" 204 0
2026-01-31 20:51:46 [   DEBUG] [connectionpool.py:544] http://localhost:3100 "POST /loki/api/v1/push HTTP/1.1" 204 0
2026-01-31 20:51:46 [   DEBUG] [connectionpool.py:544] http://localhost:3100 "POST /loki/api/v1/push HTTP/1.1" 204 0
2026-01-31 20:51:46 [   DEBUG] [connectionpool.py:544] http://localhost:3100 "POST /loki/api/v1/push HTTP/1.1" 204 0
2026-01-31 20:51:46 [   DEBUG] [connectionpool.py:544] http://localhost:3100 "POST /loki/api/v1/push HTTP/1.1" 204 0
2026-01-31 20:51:46 [   DEBUG] [connectionpool.py:544] http://localhost:3100 "POST /loki/api/v1/push HTTP/1.1" 204 0
2026-01-31 20:51:46 [   DEBUG] [connectionpool.py:544] http://localhost:3100 "POST /loki/api/v1/push HTTP/1.1" 204 0
2026-01-31 20:51:46 [   DEBUG] [connectionpool.py:544] http://localhost:3100 "POST /loki/api/v1/push HTTP/1.1" 204 0
2026-01-31 20:51:46 [   DEBUG] [connectionpool.py:544] http://localhost:3100 "POST /loki/api/v1/push HTTP/1.1" 204 0
2026-01-31 20:51:46 [   DEBUG] [connectionpool.py:544] http://localhost:3100 "POST /loki/api/v1/push HTTP/1.1" 204 0
2026-01-31 20:51:46 [   DEBUG] [connectionpool.py:544] http://localhost:3100 "POST /loki/api/v1/push HTTP/1.1" 204 0
2026-01-31 20:51:46 [   DEBUG] [connectionpool.py:544] http://localhost:3100 "POST /loki/api/v1/push HTTP/1.1" 204 0
2026-01-31 20:51:46 [   DEBUG] [connectionpool.py:544] http://localhost:3100 "POST /loki/api/v1/push HTTP/1.1" 204 0
2026-01-31 20:51:46 [   DEBUG] [connectionpool.py:544] http://localhost:3100 "POST /loki/api/v1/push HTTP/1.1" 204 0
2026-01-31 20:51:46 [   DEBUG] [connectionpool.py:544] http://localhost:3100 "POST /loki/api/v1/push HTTP/1.1" 204 0
2026-01-31 20:51:46 [   DEBUG] [connectionpool.py:544] http://localhost:3100 "POST /loki/api/v1/push HTTP/1.1" 204 0
2026-01-31 20:51:46 [   DEBUG] [connectionpool.py:544] http://localhost:3100 "POST /loki/api/v1/push HTTP/1.1" 204 0
2026-01-31 20:51:46 [   DEBUG] [connectionpool.py:544] http://localhost:3100 "POST /loki/api/v1/push HTTP/1.1" 204 0
2026-01-31 20:51:46 [   DEBUG] [connectionpool.py:544] http://localhost:3100 "POST /loki/api/v1/push HTTP/1.1" 204 0
2026-01-31 20:51:46 [   DEBUG] [connectionpool.py:544] http://localhost:3100 "POST /loki/api/v1/push HTTP/1.1" 204 0
2026-01-31 20:51:46 [   DEBUG] [connectionpool.py:544] http://localhost:3100 "POST /loki/api/v1/push HTTP/1.1" 204 0
2026-01-31 20:51:46 [   DEBUG] [connectionpool.py:544] http://localhost:3100 "POST /loki/api/v1/push HTTP/1.1" 204 0
2026-01-31 20:51:46 [   DEBUG] [connectionpool.py:544] http://localhost:3100 "POST /loki/api/v1/push HTTP/1.1" 204 0
2026-01-31 20:51:46 [   DEBUG] [connectionpool.py:544] http://localhost:3100 "POST /loki/api/v1/push HTTP/1.1" 204 0
2026-01-31 20:51:46 [    INFO] [loki.py:36] {'message': 'Batch log 12', 'category': 'user_actions', 'uuid': 'aab7461b-7f4d-4a79-87b7-12713c34aad7', 'user_id': 'user_12', 'action': 'batch_test', 'batch_id': 'batch-1', 'item_number': 12}
2026-01-31 20:51:46 [   DEBUG] [connectionpool.py:544] http://localhost:3100 "POST /loki/api/v1/push HTTP/1.1" 204 0
2026-01-31 20:51:46 [   DEBUG] [connectionpool.py:544] http://localhost:3100 "POST /loki/api/v1/push HTTP/1.1" 204 0
2026-01-31 20:51:46 [   DEBUG] [connectionpool.py:544] http://localhost:3100 "POST /loki/api/v1/push HTTP/1.1" 204 0
2026-01-31 20:51:46 [   DEBUG] [connectionpool.py:544] http://localhost:3100 "POST /loki/api/v1/push HTTP/1.1" 204 0
2026-01-31 20:51:46 [   DEBUG] [connectionpool.py:544] http://localhost:3100 "POST /loki/api/v1/push HTTP/1.1" 204 0
2026-01-31 20:51:46 [   DEBUG] [connectionpool.py:544] http://localhost:3100 "POST /loki/api/v1/push HTTP/1.1" 204 0
2026-01-31 20:51:46 [   DEBUG] [connectionpool.py:544] http://localhost:3100 "POST /loki/api/v1/push HTTP/1.1" 204 0
2026-01-31 20:51:46 [   DEBUG] [connectionpool.py:544] http://localhost:3100 "POST /loki/api/v1/push HTTP/1.1" 204 0
2026-01-31 20:51:46 [   DEBUG] [connectionpool.py:544] http://localhost:3100 "POST /loki/api/v1/push HTTP/1.1" 204 0
2026-01-31 20:51:46 [   DEBUG] [connectionpool.py:544] http://localhost:3100 "POST /loki/api/v1/push HTTP/1.1" 204 0
2026-01-31 20:51:46 [   DEBUG] [connectionpool.py:544] http://localhost:3100 "POST /loki/api/v1/push HTTP/1.1" 204 0
2026-01-31 20:51:46 [   DEBUG] [connectionpool.py:544] http://localhost:3100 "POST /loki/api/v1/push HTTP/1.1" 204 0
2026-01-31 20:51:46 [   DEBUG] [connectionpool.py:544] http://localhost:3100 "POST /loki/api/v1/push HTTP/1.1" 204 0
2026-01-31 20:51:46 [   DEBUG] [connectionpool.py:544] http://localhost:3100 "POST /loki/api/v1/push HTTP/1.1" 204 0
2026-01-31 20:51:46 [   DEBUG] [connectionpool.py:544] http://localhost:3100 "POST /loki/api/v1/push HTTP/1.1" 204 0
2026-01-31 20:51:46 [   DEBUG] [connectionpool.py:544] http://localhost:3100 "POST /loki/api/v1/push HTTP/1.1" 204 0
2026-01-31 20:51:46 [   DEBUG] [connectionpool.py:544] http://localhost:3100 "POST /loki/api/v1/push HTTP/1.1" 204 0
2026-01-31 20:51:46 [   DEBUG] [connectionpool.py:544] http://localhost:3100 "POST /loki/api/v1/push HTTP/1.1" 204 0
2026-01-31 20:51:46 [   DEBUG] [connectionpool.py:544] http://localhost:3100 "POST /loki/api/v1/push HTTP/1.1" 204 0
2026-01-31 20:51:46 [   DEBUG] [connectionpool.py:544] http://localhost:3100 "POST /loki/api/v1/push HTTP/1.1" 204 0
2026-01-31 20:51:46 [   DEBUG] [connectionpool.py:544] http://localhost:3100 "POST /loki/api/v1/push HTTP/1.1" 204 0
2026-01-31 20:51:46 [   DEBUG] [connectionpool.py:544] http://localhost:3100 "POST /loki/api/v1/push HTTP/1.1" 204 0
2026-01-31 20:51:46 [   DEBUG] [connectionpool.py:544] http://localhost:3100 "POST /loki/api/v1/push HTTP/1.1" 204 0
2026-01-31 20:51:46 [   DEBUG] [connectionpool.py:544] http://localhost:3100 "POST /loki/api/v1/push HTTP/1.1" 204 0
2026-01-31 20:51:46 [   DEBUG] [connectionpool.py:544] http://localhost:3100 "POST /loki/api/v1/push HTTP/1.1" 204 0
2026-01-31 20:51:46 [    INFO] [loki.py:36] {'message': 'Batch log 13', 'category': 'user_actions', 'uuid': 'a42a4d83-beb4-4ba7-8751-5ffe5ecb9d61', 'user_id': 'user_13', 'action': 'batch_test', 'batch_id': 'batch-1', 'item_number': 13}
2026-01-31 20:51:46 [   DEBUG] [connectionpool.py:544] http://localhost:3100 "POST /loki/api/v1/push HTTP/1.1" 204 0
2026-01-31 20:51:46 [   DEBUG] [connectionpool.py:544] http://localhost:3100 "POST /loki/api/v1/push HTTP/1.1" 204 0
2026-01-31 20:51:46 [   DEBUG] [connectionpool.py:544] http://localhost:3100 "POST /loki/api/v1/push HTTP/1.1" 204 0
2026-01-31 20:51:46 [   DEBUG] [connectionpool.py:544] http://localhost:3100 "POST /loki/api/v1/push HTTP/1.1" 204 0
2026-01-31 20:51:46 [   DEBUG] [connectionpool.py:544] http://localhost:3100 "POST /loki/api/v1/push HTTP/1.1" 204 0
2026-01-31 20:51:46 [   DEBUG] [connectionpool.py:544] http://localhost:3100 "POST /loki/api/v1/push HTTP/1.1" 204 0
2026-01-31 20:51:46 [   DEBUG] [connectionpool.py:544] http://localhost:3100 "POST /loki/api/v1/push HTTP/1.1" 204 0
2026-01-31 20:51:46 [   DEBUG] [connectionpool.py:544] http://localhost:3100 "POST /loki/api/v1/push HTTP/1.1" 204 0
2026-01-31 20:51:46 [   DEBUG] [connectionpool.py:544] http://localhost:3100 "POST /loki/api/v1/push HTTP/1.1" 204 0
2026-01-31 20:51:46 [   DEBUG] [connectionpool.py:544] http://localhost:3100 "POST /loki/api/v1/push HTTP/1.1" 204 0
2026-01-31 20:51:46 [   DEBUG] [connectionpool.py:544] http://localhost:3100 "POST /loki/api/v1/push HTTP/1.1" 204 0
2026-01-31 20:51:46 [   DEBUG] [connectionpool.py:544] http://localhost:3100 "POST /loki/api/v1/push HTTP/1.1" 204 0
2026-01-31 20:51:46 [   DEBUG] [connectionpool.py:544] http://localhost:3100 "POST /loki/api/v1/push HTTP/1.1" 204 0
2026-01-31 20:51:46 [   DEBUG] [connectionpool.py:544] http://localhost:3100 "POST /loki/api/v1/push HTTP/1.1" 204 0
2026-01-31 20:51:46 [   DEBUG] [connectionpool.py:544] http://localhost:3100 "POST /loki/api/v1/push HTTP/1.1" 204 0
2026-01-31 20:51:46 [   DEBUG] [connectionpool.py:544] http://localhost:3100 "POST /loki/api/v1/push HTTP/1.1" 204 0
2026-01-31 20:51:47 [   DEBUG] [connectionpool.py:544] http://localhost:3100 "POST /loki/api/v1/push HTTP/1.1" 204 0
2026-01-31 20:51:47 [   DEBUG] [connectionpool.py:544] http://localhost:3100 "POST /loki/api/v1/push HTTP/1.1" 204 0
2026-01-31 20:51:47 [   DEBUG] [connectionpool.py:544] http://localhost:3100 "POST /loki/api/v1/push HTTP/1.1" 204 0
2026-01-31 20:51:47 [   DEBUG] [connectionpool.py:544] http://localhost:3100 "POST /loki/api/v1/push HTTP/1.1" 204 0
2026-01-31 20:51:47 [   DEBUG] [connectionpool.py:544] http://localhost:3100 "POST /loki/api/v1/push HTTP/1.1" 204 0
2026-01-31 20:51:47 [   DEBUG] [connectionpool.py:544] http://localhost:3100 "POST /loki/api/v1/push HTTP/1.1" 204 0
2026-01-31 20:51:47 [   DEBUG] [connectionpool.py:544] http://localhost:3100 "POST /loki/api/v1/push HTTP/1.1" 204 0
2026-01-31 20:51:47 [   DEBUG] [connectionpool.py:544] http://localhost:3100 "POST /loki/api/v1/push HTTP/1.1" 204 0
2026-01-31 20:51:47 [   DEBUG] [connectionpool.py:544] http://localhost:3100 "POST /loki/api/v1/push HTTP/1.1" 204 0
2026-01-31 20:51:46 [    INFO] [loki.py:36] {'message': 'Batch log 14', 'category': 'user_actions', 'uuid': '2fc6345c-5159-4a78-9890-81ba7c5263d4', 'user_id': 'user_14', 'action': 'batch_test', 'batch_id': 'batch-1', 'item_number': 14}
2026-01-31 20:51:47 [   DEBUG] [connectionpool.py:544] http://localhost:3100 "POST /loki/api/v1/push HTTP/1.1" 204 0
2026-01-31 20:51:47 [   DEBUG] [connectionpool.py:544] http://localhost:3100 "POST /loki/api/v1/push HTTP/1.1" 204 0
2026-01-31 20:51:47 [   DEBUG] [connectionpool.py:544] http://localhost:3100 "POST /loki/api/v1/push HTTP/1.1" 204 0
2026-01-31 20:51:47 [   DEBUG] [connectionpool.py:544] http://localhost:3100 "POST /loki/api/v1/push HTTP/1.1" 204 0
2026-01-31 20:51:47 [   DEBUG] [connectionpool.py:544] http://localhost:3100 "POST /loki/api/v1/push HTTP/1.1" 204 0
2026-01-31 20:51:47 [   DEBUG] [connectionpool.py:544] http://localhost:3100 "POST /loki/api/v1/push HTTP/1.1" 204 0
2026-01-31 20:51:47 [   DEBUG] [connectionpool.py:544] http://localhost:3100 "POST /loki/api/v1/push HTTP/1.1" 204 0
2026-01-31 20:51:47 [   DEBUG] [connectionpool.py:544] http://localhost:3100 "POST /loki/api/v1/push HTTP/1.1" 204 0
2026-01-31 20:51:47 [   DEBUG] [connectionpool.py:544] http://localhost:3100 "POST /loki/api/v1/push HTTP/1.1" 204 0
2026-01-31 20:51:47 [   DEBUG] [connectionpool.py:544] http://localhost:3100 "POST /loki/api/v1/push HTTP/1.1" 204 0
2026-01-31 20:51:47 [   DEBUG] [connectionpool.py:544] http://localhost:3100 "POST /loki/api/v1/push HTTP/1.1" 204 0
2026-01-31 20:51:47 [   DEBUG] [connectionpool.py:544] http://localhost:3100 "POST /loki/api/v1/push HTTP/1.1" 204 0
2026-01-31 20:51:47 [   DEBUG] [connectionpool.py:544] http://localhost:3100 "POST /loki/api/v1/push HTTP/1.1" 204 0
2026-01-31 20:51:47 [   DEBUG] [connectionpool.py:544] http://localhost:3100 "POST /loki/api/v1/push HTTP/1.1" 204 0
2026-01-31 20:51:47 [   DEBUG] [connectionpool.py:544] http://localhost:3100 "POST /loki/api/v1/push HTTP/1.1" 204 0
2026-01-31 20:51:47 [   DEBUG] [connectionpool.py:544] http://localhost:3100 "POST /loki/api/v1/push HTTP/1.1" 204 0
2026-01-31 20:51:47 [   DEBUG] [connectionpool.py:544] http://localhost:3100 "POST /loki/api/v1/push HTTP/1.1" 204 0
2026-01-31 20:51:47 [   DEBUG] [connectionpool.py:544] http://localhost:3100 "POST /loki/api/v1/push HTTP/1.1" 204 0
2026-01-31 20:51:47 [   DEBUG] [connectionpool.py:544] http://localhost:3100 "POST /loki/api/v1/push HTTP/1.1" 204 0
2026-01-31 20:51:47 [   DEBUG] [connectionpool.py:544] http://localhost:3100 "POST /loki/api/v1/push HTTP/1.1" 204 0
2026-01-31 20:51:47 [   DEBUG] [connectionpool.py:544] http://localhost:3100 "POST /loki/api/v1/push HTTP/1.1" 204 0
2026-01-31 20:51:47 [   DEBUG] [connectionpool.py:544] http://localhost:3100 "POST /loki/api/v1/push HTTP/1.1" 204 0
2026-01-31 20:51:47 [   DEBUG] [connectionpool.py:544] http://localhost:3100 "POST /loki/api/v1/push HTTP/1.1" 204 0
2026-01-31 20:51:47 [   DEBUG] [connectionpool.py:544] http://localhost:3100 "POST /loki/api/v1/push HTTP/1.1" 204 0
2026-01-31 20:51:47 [   DEBUG] [connectionpool.py:544] http://localhost:3100 "POST /loki/api/v1/push HTTP/1.1" 204 0
2026-01-31 20:51:47 [    INFO] [loki.py:36] {'message': 'Batch log 15', 'category': 'user_actions', 'uuid': '11be0f20-3f15-4782-ab18-e6892450788e', 'user_id': 'user_15', 'action': 'batch_test', 'batch_id': 'batch-1', 'item_number': 15}
2026-01-31 20:51:47 [   DEBUG] [connectionpool.py:544] http://localhost:3100 "POST /loki/api/v1/push HTTP/1.1" 204 0
2026-01-31 20:51:47 [   DEBUG] [connectionpool.py:544] http://localhost:3100 "POST /loki/api/v1/push HTTP/1.1" 204 0
2026-01-31 20:51:47 [   DEBUG] [connectionpool.py:544] http://localhost:3100 "POST /loki/api/v1/push HTTP/1.1" 204 0
2026-01-31 20:51:47 [   DEBUG] [connectionpool.py:544] http://localhost:3100 "POST /loki/api/v1/push HTTP/1.1" 204 0
2026-01-31 20:51:47 [   DEBUG] [connectionpool.py:544] http://localhost:3100 "POST /loki/api/v1/push HTTP/1.1" 204 0
2026-01-31 20:51:47 [   DEBUG] [connectionpool.py:544] http://localhost:3100 "POST /loki/api/v1/push HTTP/1.1" 204 0
2026-01-31 20:51:47 [   DEBUG] [connectionpool.py:544] http://localhost:3100 "POST /loki/api/v1/push HTTP/1.1" 204 0
2026-01-31 20:51:47 [   DEBUG] [connectionpool.py:544] http://localhost:3100 "POST /loki/api/v1/push HTTP/1.1" 204 0
2026-01-31 20:51:47 [   DEBUG] [connectionpool.py:544] http://localhost:3100 "POST /loki/api/v1/push HTTP/1.1" 204 0
2026-01-31 20:51:47 [   DEBUG] [connectionpool.py:544] http://localhost:3100 "POST /loki/api/v1/push HTTP/1.1" 204 0
2026-01-31 20:51:47 [   DEBUG] [connectionpool.py:544] http://localhost:3100 "POST /loki/api/v1/push HTTP/1.1" 204 0
2026-01-31 20:51:47 [   DEBUG] [connectionpool.py:544] http://localhost:3100 "POST /loki/api/v1/push HTTP/1.1" 204 0
2026-01-31 20:51:47 [   DEBUG] [connectionpool.py:544] http://localhost:3100 "POST /loki/api/v1/push HTTP/1.1" 204 0
2026-01-31 20:51:47 [   DEBUG] [connectionpool.py:544] http://localhost:3100 "POST /loki/api/v1/push HTTP/1.1" 204 0
2026-01-31 20:51:47 [   DEBUG] [connectionpool.py:544] http://localhost:3100 "POST /loki/api/v1/push HTTP/1.1" 204 0
2026-01-31 20:51:47 [   DEBUG] [connectionpool.py:544] http://localhost:3100 "POST /loki/api/v1/push HTTP/1.1" 204 0
2026-01-31 20:51:47 [   DEBUG] [connectionpool.py:544] http://localhost:3100 "POST /loki/api/v1/push HTTP/1.1" 204 0
2026-01-31 20:51:47 [   DEBUG] [connectionpool.py:544] http://localhost:3100 "POST /loki/api/v1/push HTTP/1.1" 204 0
2026-01-31 20:51:47 [   DEBUG] [connectionpool.py:544] http://localhost:3100 "POST /loki/api/v1/push HTTP/1.1" 204 0
2026-01-31 20:51:47 [   DEBUG] [connectionpool.py:544] http://localhost:3100 "POST /loki/api/v1/push HTTP/1.1" 204 0
2026-01-31 20:51:47 [   DEBUG] [connectionpool.py:544] http://localhost:3100 "POST /loki/api/v1/push HTTP/1.1" 204 0
2026-01-31 20:51:47 [   DEBUG] [connectionpool.py:544] http://localhost:3100 "POST /loki/api/v1/push HTTP/1.1" 204 0
2026-01-31 20:51:47 [   DEBUG] [connectionpool.py:544] http://localhost:3100 "POST /loki/api/v1/push HTTP/1.1" 204 0
2026-01-31 20:51:47 [   DEBUG] [connectionpool.py:544] http://localhost:3100 "POST /loki/api/v1/push HTTP/1.1" 204 0
2026-01-31 20:51:47 [   DEBUG] [connectionpool.py:544] http://localhost:3100 "POST /loki/api/v1/push HTTP/1.1" 204 0
2026-01-31 20:51:47 [    INFO] [loki.py:36] {'message': 'Batch log 16', 'category': 'user_actions', 'uuid': 'eacdf1c1-1e70-412c-acdc-57c6bdac9675', 'user_id': 'user_16', 'action': 'batch_test', 'batch_id': 'batch-1', 'item_number': 16}
2026-01-31 20:51:47 [   DEBUG] [connectionpool.py:544] http://localhost:3100 "POST /loki/api/v1/push HTTP/1.1" 204 0
2026-01-31 20:51:47 [   DEBUG] [connectionpool.py:544] http://localhost:3100 "POST /loki/api/v1/push HTTP/1.1" 204 0
2026-01-31 20:51:47 [   DEBUG] [connectionpool.py:544] http://localhost:3100 "POST /loki/api/v1/push HTTP/1.1" 204 0
2026-01-31 20:51:47 [   DEBUG] [connectionpool.py:544] http://localhost:3100 "POST /loki/api/v1/push HTTP/1.1" 204 0
2026-01-31 20:51:47 [   DEBUG] [connectionpool.py:544] http://localhost:3100 "POST /loki/api/v1/push HTTP/1.1" 204 0
2026-01-31 20:51:47 [   DEBUG] [connectionpool.py:544] http://localhost:3100 "POST /loki/api/v1/push HTTP/1.1" 204 0
2026-01-31 20:51:47 [   DEBUG] [connectionpool.py:544] http://localhost:3100 "POST /loki/api/v1/push HTTP/1.1" 204 0
2026-01-31 20:51:47 [   DEBUG] [connectionpool.py:544] http://localhost:3100 "POST /loki/api/v1/push HTTP/1.1" 204 0
2026-01-31 20:51:47 [   DEBUG] [connectionpool.py:544] http://localhost:3100 "POST /loki/api/v1/push HTTP/1.1" 204 0
2026-01-31 20:51:47 [   DEBUG] [connectionpool.py:544] http://localhost:3100 "POST /loki/api/v1/push HTTP/1.1" 204 0
2026-01-31 20:51:47 [   DEBUG] [connectionpool.py:544] http://localhost:3100 "POST /loki/api/v1/push HTTP/1.1" 204 0
2026-01-31 20:51:47 [   DEBUG] [connectionpool.py:544] http://localhost:3100 "POST /loki/api/v1/push HTTP/1.1" 204 0
2026-01-31 20:51:47 [   DEBUG] [connectionpool.py:544] http://localhost:3100 "POST /loki/api/v1/push HTTP/1.1" 204 0
2026-01-31 20:51:47 [   DEBUG] [connectionpool.py:544] http://localhost:3100 "POST /loki/api/v1/push HTTP/1.1" 204 0
2026-01-31 20:51:47 [   DEBUG] [connectionpool.py:544] http://localhost:3100 "POST /loki/api/v1/push HTTP/1.1" 204 0
2026-01-31 20:51:47 [   DEBUG] [connectionpool.py:544] http://localhost:3100 "POST /loki/api/v1/push HTTP/1.1" 204 0
2026-01-31 20:51:47 [   DEBUG] [connectionpool.py:544] http://localhost:3100 "POST /loki/api/v1/push HTTP/1.1" 204 0
2026-01-31 20:51:47 [   DEBUG] [connectionpool.py:544] http://localhost:3100 "POST /loki/api/v1/push HTTP/1.1" 204 0
2026-01-31 20:51:47 [   DEBUG] [connectionpool.py:544] http://localhost:3100 "POST /loki/api/v1/push HTTP/1.1" 204 0
2026-01-31 20:51:47 [   DEBUG] [connectionpool.py:544] http://localhost:3100 "POST /loki/api/v1/push HTTP/1.1" 204 0
2026-01-31 20:51:47 [   DEBUG] [connectionpool.py:544] http://localhost:3100 "POST /loki/api/v1/push HTTP/1.1" 204 0
2026-01-31 20:51:47 [   DEBUG] [connectionpool.py:544] http://localhost:3100 "POST /loki/api/v1/push HTTP/1.1" 204 0
2026-01-31 20:51:47 [   DEBUG] [connectionpool.py:544] http://localhost:3100 "POST /loki/api/v1/push HTTP/1.1" 204 0
2026-01-31 20:51:47 [   DEBUG] [connectionpool.py:544] http://localhost:3100 "POST /loki/api/v1/push HTTP/1.1" 204 0
2026-01-31 20:51:47 [   DEBUG] [connectionpool.py:544] http://localhost:3100 "POST /loki/api/v1/push HTTP/1.1" 204 0
2026-01-31 20:51:47 [    INFO] [loki.py:36] {'message': 'Batch log 17', 'category': 'user_actions', 'uuid': 'a7ba615c-f068-4053-a303-77e615994b5f', 'user_id': 'user_17', 'action': 'batch_test', 'batch_id': 'batch-1', 'item_number': 17}
2026-01-31 20:51:47 [   DEBUG] [connectionpool.py:544] http://localhost:3100 "POST /loki/api/v1/push HTTP/1.1" 204 0
2026-01-31 20:51:47 [   DEBUG] [connectionpool.py:544] http://localhost:3100 "POST /loki/api/v1/push HTTP/1.1" 204 0
2026-01-31 20:51:47 [   DEBUG] [connectionpool.py:544] http://localhost:3100 "POST /loki/api/v1/push HTTP/1.1" 204 0
2026-01-31 20:51:47 [   DEBUG] [connectionpool.py:544] http://localhost:3100 "POST /loki/api/v1/push HTTP/1.1" 204 0
2026-01-31 20:51:47 [   DEBUG] [connectionpool.py:544] http://localhost:3100 "POST /loki/api/v1/push HTTP/1.1" 204 0
2026-01-31 20:51:47 [   DEBUG] [connectionpool.py:544] http://localhost:3100 "POST /loki/api/v1/push HTTP/1.1" 204 0
2026-01-31 20:51:47 [   DEBUG] [connectionpool.py:544] http://localhost:3100 "POST /loki/api/v1/push HTTP/1.1" 204 0
2026-01-31 20:51:47 [   DEBUG] [connectionpool.py:544] http://localhost:3100 "POST /loki/api/v1/push HTTP/1.1" 204 0
2026-01-31 20:51:47 [   DEBUG] [connectionpool.py:544] http://localhost:3100 "POST /loki/api/v1/push HTTP/1.1" 204 0
2026-01-31 20:51:47 [   DEBUG] [connectionpool.py:544] http://localhost:3100 "POST /loki/api/v1/push HTTP/1.1" 204 0
2026-01-31 20:51:47 [   DEBUG] [connectionpool.py:544] http://localhost:3100 "POST /loki/api/v1/push HTTP/1.1" 204 0
2026-01-31 20:51:47 [   DEBUG] [connectionpool.py:544] http://localhost:3100 "POST /loki/api/v1/push HTTP/1.1" 204 0
2026-01-31 20:51:47 [   DEBUG] [connectionpool.py:544] http://localhost:3100 "POST /loki/api/v1/push HTTP/1.1" 204 0
2026-01-31 20:51:47 [   DEBUG] [connectionpool.py:544] http://localhost:3100 "POST /loki/api/v1/push HTTP/1.1" 204 0
2026-01-31 20:51:47 [   DEBUG] [connectionpool.py:544] http://localhost:3100 "POST /loki/api/v1/push HTTP/1.1" 204 0
2026-01-31 20:51:47 [   DEBUG] [connectionpool.py:544] http://localhost:3100 "POST /loki/api/v1/push HTTP/1.1" 204 0
2026-01-31 20:51:47 [   DEBUG] [connectionpool.py:544] http://localhost:3100 "POST /loki/api/v1/push HTTP/1.1" 204 0
2026-01-31 20:51:47 [   DEBUG] [connectionpool.py:544] http://localhost:3100 "POST /loki/api/v1/push HTTP/1.1" 204 0
2026-01-31 20:51:47 [   DEBUG] [connectionpool.py:544] http://localhost:3100 "POST /loki/api/v1/push HTTP/1.1" 204 0
2026-01-31 20:51:47 [   DEBUG] [connectionpool.py:544] http://localhost:3100 "POST /loki/api/v1/push HTTP/1.1" 204 0
2026-01-31 20:51:47 [   DEBUG] [connectionpool.py:544] http://localhost:3100 "POST /loki/api/v1/push HTTP/1.1" 204 0
2026-01-31 20:51:47 [   DEBUG] [connectionpool.py:544] http://localhost:3100 "POST /loki/api/v1/push HTTP/1.1" 204 0
2026-01-31 20:51:47 [   DEBUG] [connectionpool.py:544] http://localhost:3100 "POST /loki/api/v1/push HTTP/1.1" 204 0
2026-01-31 20:51:47 [   DEBUG] [connectionpool.py:544] http://localhost:3100 "POST /loki/api/v1/push HTTP/1.1" 204 0
2026-01-31 20:51:47 [   DEBUG] [connectionpool.py:544] http://localhost:3100 "POST /loki/api/v1/push HTTP/1.1" 204 0
2026-01-31 20:51:47 [    INFO] [loki.py:36] {'message': 'Batch log 18', 'category': 'user_actions', 'uuid': '02dd64d8-d7a0-4c71-ba05-12f157cd093a', 'user_id': 'user_18', 'action': 'batch_test', 'batch_id': 'batch-1', 'item_number': 18}
2026-01-31 20:51:47 [   DEBUG] [connectionpool.py:544] http://localhost:3100 "POST /loki/api/v1/push HTTP/1.1" 204 0
2026-01-31 20:51:47 [   DEBUG] [connectionpool.py:544] http://localhost:3100 "POST /loki/api/v1/push HTTP/1.1" 204 0
2026-01-31 20:51:47 [   DEBUG] [connectionpool.py:544] http://localhost:3100 "POST /loki/api/v1/push HTTP/1.1" 204 0
2026-01-31 20:51:47 [   DEBUG] [connectionpool.py:544] http://localhost:3100 "POST /loki/api/v1/push HTTP/1.1" 204 0
2026-01-31 20:51:47 [   DEBUG] [connectionpool.py:544] http://localhost:3100 "POST /loki/api/v1/push HTTP/1.1" 204 0
2026-01-31 20:51:47 [   DEBUG] [connectionpool.py:544] http://localhost:3100 "POST /loki/api/v1/push HTTP/1.1" 204 0
2026-01-31 20:51:47 [   DEBUG] [connectionpool.py:544] http://localhost:3100 "POST /loki/api/v1/push HTTP/1.1" 204 0
2026-01-31 20:51:47 [   DEBUG] [connectionpool.py:544] http://localhost:3100 "POST /loki/api/v1/push HTTP/1.1" 204 0
2026-01-31 20:51:47 [   DEBUG] [connectionpool.py:544] http://localhost:3100 "POST /loki/api/v1/push HTTP/1.1" 204 0
2026-01-31 20:51:47 [   DEBUG] [connectionpool.py:544] http://localhost:3100 "POST /loki/api/v1/push HTTP/1.1" 204 0
2026-01-31 20:51:47 [   DEBUG] [connectionpool.py:544] http://localhost:3100 "POST /loki/api/v1/push HTTP/1.1" 204 0
2026-01-31 20:51:47 [   DEBUG] [connectionpool.py:544] http://localhost:3100 "POST /loki/api/v1/push HTTP/1.1" 204 0
2026-01-31 20:51:47 [   DEBUG] [connectionpool.py:544] http://localhost:3100 "POST /loki/api/v1/push HTTP/1.1" 204 0
2026-01-31 20:51:47 [   DEBUG] [connectionpool.py:544] http://localhost:3100 "POST /loki/api/v1/push HTTP/1.1" 204 0
2026-01-31 20:51:47 [   DEBUG] [connectionpool.py:544] http://localhost:3100 "POST /loki/api/v1/push HTTP/1.1" 204 0
2026-01-31 20:51:47 [   DEBUG] [connectionpool.py:544] http://localhost:3100 "POST /loki/api/v1/push HTTP/1.1" 204 0
2026-01-31 20:51:47 [   DEBUG] [connectionpool.py:544] http://localhost:3100 "POST /loki/api/v1/push HTTP/1.1" 204 0
2026-01-31 20:51:47 [   DEBUG] [connectionpool.py:544] http://localhost:3100 "POST /loki/api/v1/push HTTP/1.1" 204 0
2026-01-31 20:51:47 [   DEBUG] [connectionpool.py:544] http://localhost:3100 "POST /loki/api/v1/push HTTP/1.1" 204 0
2026-01-31 20:51:47 [   DEBUG] [connectionpool.py:544] http://localhost:3100 "POST /loki/api/v1/push HTTP/1.1" 204 0
2026-01-31 20:51:47 [   DEBUG] [connectionpool.py:544] http://localhost:3100 "POST /loki/api/v1/push HTTP/1.1" 204 0
2026-01-31 20:51:47 [   DEBUG] [connectionpool.py:544] http://localhost:3100 "POST /loki/api/v1/push HTTP/1.1" 204 0
2026-01-31 20:51:47 [   DEBUG] [connectionpool.py:544] http://localhost:3100 "POST /loki/api/v1/push HTTP/1.1" 204 0
2026-01-31 20:51:47 [   DEBUG] [connectionpool.py:544] http://localhost:3100 "POST /loki/api/v1/push HTTP/1.1" 204 0
2026-01-31 20:51:47 [   DEBUG] [connectionpool.py:544] http://localhost:3100 "POST /loki/api/v1/push HTTP/1.1" 204 0
2026-01-31 20:51:47 [    INFO] [loki.py:36] {'message': 'Batch log 19', 'category': 'user_actions', 'uuid': '11c44684-da23-484f-b148-a19f0604a8e9', 'user_id': 'user_19', 'action': 'batch_test', 'batch_id': 'batch-1', 'item_number': 19}
2026-01-31 20:51:47 [   DEBUG] [connectionpool.py:544] http://localhost:3100 "POST /loki/api/v1/push HTTP/1.1" 204 0
2026-01-31 20:51:47 [   DEBUG] [connectionpool.py:544] http://localhost:3100 "POST /loki/api/v1/push HTTP/1.1" 204 0
2026-01-31 20:51:47 [   DEBUG] [connectionpool.py:544] http://localhost:3100 "POST /loki/api/v1/push HTTP/1.1" 204 0
2026-01-31 20:51:47 [   DEBUG] [connectionpool.py:544] http://localhost:3100 "POST /loki/api/v1/push HTTP/1.1" 204 0
2026-01-31 20:51:47 [   DEBUG] [connectionpool.py:544] http://localhost:3100 "POST /loki/api/v1/push HTTP/1.1" 204 0
2026-01-31 20:51:47 [   DEBUG] [connectionpool.py:544] http://localhost:3100 "POST /loki/api/v1/push HTTP/1.1" 204 0
2026-01-31 20:51:47 [   DEBUG] [connectionpool.py:544] http://localhost:3100 "POST /loki/api/v1/push HTTP/1.1" 204 0
2026-01-31 20:51:47 [   DEBUG] [connectionpool.py:544] http://localhost:3100 "POST /loki/api/v1/push HTTP/1.1" 204 0
2026-01-31 20:51:47 [   DEBUG] [connectionpool.py:544] http://localhost:3100 "POST /loki/api/v1/push HTTP/1.1" 204 0
2026-01-31 20:51:47 [   DEBUG] [connectionpool.py:544] http://localhost:3100 "POST /loki/api/v1/push HTTP/1.1" 204 0
2026-01-31 20:51:47 [   DEBUG] [connectionpool.py:544] http://localhost:3100 "POST /loki/api/v1/push HTTP/1.1" 204 0
2026-01-31 20:51:47 [   DEBUG] [connectionpool.py:544] http://localhost:3100 "POST /loki/api/v1/push HTTP/1.1" 204 0
2026-01-31 20:51:47 [   DEBUG] [connectionpool.py:544] http://localhost:3100 "POST /loki/api/v1/push HTTP/1.1" 204 0
2026-01-31 20:51:47 [   DEBUG] [connectionpool.py:544] http://localhost:3100 "POST /loki/api/v1/push HTTP/1.1" 204 0
2026-01-31 20:51:47 [   DEBUG] [connectionpool.py:544] http://localhost:3100 "POST /loki/api/v1/push HTTP/1.1" 204 0
2026-01-31 20:51:47 [   DEBUG] [connectionpool.py:544] http://localhost:3100 "POST /loki/api/v1/push HTTP/1.1" 204 0
2026-01-31 20:51:47 [   DEBUG] [connectionpool.py:544] http://localhost:3100 "POST /loki/api/v1/push HTTP/1.1" 204 0
2026-01-31 20:51:47 [   DEBUG] [connectionpool.py:544] http://localhost:3100 "POST /loki/api/v1/push HTTP/1.1" 204 0
2026-01-31 20:51:47 [   DEBUG] [connectionpool.py:544] http://localhost:3100 "POST /loki/api/v1/push HTTP/1.1" 204 0
2026-01-31 20:51:47 [   DEBUG] [connectionpool.py:544] http://localhost:3100 "POST /loki/api/v1/push HTTP/1.1" 204 0
2026-01-31 20:51:47 [   DEBUG] [connectionpool.py:544] http://localhost:3100 "POST /loki/api/v1/push HTTP/1.1" 204 0
2026-01-31 20:51:47 [   DEBUG] [connectionpool.py:544] http://localhost:3100 "POST /loki/api/v1/push HTTP/1.1" 204 0
2026-01-31 20:51:47 [   DEBUG] [connectionpool.py:544] http://localhost:3100 "POST /loki/api/v1/push HTTP/1.1" 204 0
2026-01-31 20:51:47 [   DEBUG] [connectionpool.py:544] http://localhost:3100 "POST /loki/api/v1/push HTTP/1.1" 204 0
2026-01-31 20:51:47 [   DEBUG] [connectionpool.py:544] http://localhost:3100 "POST /loki/api/v1/push HTTP/1.1" 204 0
2026-01-31 20:51:47 [    INFO] [loki.py:36] {'message': 'Batch log 20', 'category': 'user_actions', 'uuid': '7760d2d6-10fa-4bee-8a1c-6df6b3bb7b2b', 'user_id': 'user_20', 'action': 'batch_test', 'batch_id': 'batch-2', 'item_number': 20}
2026-01-31 20:51:47 [   DEBUG] [connectionpool.py:544] http://localhost:3100 "POST /loki/api/v1/push HTTP/1.1" 204 0
2026-01-31 20:51:47 [   DEBUG] [connectionpool.py:544] http://localhost:3100 "POST /loki/api/v1/push HTTP/1.1" 204 0
2026-01-31 20:51:47 [   DEBUG] [connectionpool.py:544] http://localhost:3100 "POST /loki/api/v1/push HTTP/1.1" 204 0
2026-01-31 20:51:47 [   DEBUG] [connectionpool.py:544] http://localhost:3100 "POST /loki/api/v1/push HTTP/1.1" 204 0
2026-01-31 20:51:47 [   DEBUG] [connectionpool.py:544] http://localhost:3100 "POST /loki/api/v1/push HTTP/1.1" 204 0
2026-01-31 20:51:47 [   DEBUG] [connectionpool.py:544] http://localhost:3100 "POST /loki/api/v1/push HTTP/1.1" 204 0
2026-01-31 20:51:47 [   DEBUG] [connectionpool.py:544] http://localhost:3100 "POST /loki/api/v1/push HTTP/1.1" 204 0
2026-01-31 20:51:47 [   DEBUG] [connectionpool.py:544] http://localhost:3100 "POST /loki/api/v1/push HTTP/1.1" 204 0
2026-01-31 20:51:47 [   DEBUG] [connectionpool.py:544] http://localhost:3100 "POST /loki/api/v1/push HTTP/1.1" 204 0
2026-01-31 20:51:47 [   DEBUG] [connectionpool.py:544] http://localhost:3100 "POST /loki/api/v1/push HTTP/1.1" 204 0
2026-01-31 20:51:47 [   DEBUG] [connectionpool.py:544] http://localhost:3100 "POST /loki/api/v1/push HTTP/1.1" 204 0
2026-01-31 20:51:47 [   DEBUG] [connectionpool.py:544] http://localhost:3100 "POST /loki/api/v1/push HTTP/1.1" 204 0
2026-01-31 20:51:47 [   DEBUG] [connectionpool.py:544] http://localhost:3100 "POST /loki/api/v1/push HTTP/1.1" 204 0
2026-01-31 20:51:47 [   DEBUG] [connectionpool.py:544] http://localhost:3100 "POST /loki/api/v1/push HTTP/1.1" 204 0
2026-01-31 20:51:47 [   DEBUG] [connectionpool.py:544] http://localhost:3100 "POST /loki/api/v1/push HTTP/1.1" 204 0
2026-01-31 20:51:47 [   DEBUG] [connectionpool.py:544] http://localhost:3100 "POST /loki/api/v1/push HTTP/1.1" 204 0
2026-01-31 20:51:47 [   DEBUG] [connectionpool.py:544] http://localhost:3100 "POST /loki/api/v1/push HTTP/1.1" 204 0
2026-01-31 20:51:47 [   DEBUG] [connectionpool.py:544] http://localhost:3100 "POST /loki/api/v1/push HTTP/1.1" 204 0
2026-01-31 20:51:47 [   DEBUG] [connectionpool.py:544] http://localhost:3100 "POST /loki/api/v1/push HTTP/1.1" 204 0
2026-01-31 20:51:47 [   DEBUG] [connectionpool.py:544] http://localhost:3100 "POST /loki/api/v1/push HTTP/1.1" 204 0
2026-01-31 20:51:47 [   DEBUG] [connectionpool.py:544] http://localhost:3100 "POST /loki/api/v1/push HTTP/1.1" 204 0
2026-01-31 20:51:47 [   DEBUG] [connectionpool.py:544] http://localhost:3100 "POST /loki/api/v1/push HTTP/1.1" 204 0
2026-01-31 20:51:47 [   DEBUG] [connectionpool.py:544] http://localhost:3100 "POST /loki/api/v1/push HTTP/1.1" 204 0
2026-01-31 20:51:47 [   DEBUG] [connectionpool.py:544] http://localhost:3100 "POST /loki/api/v1/push HTTP/1.1" 204 0
2026-01-31 20:51:47 [   DEBUG] [connectionpool.py:544] http://localhost:3100 "POST /loki/api/v1/push HTTP/1.1" 204 0
2026-01-31 20:51:47 [    INFO] [loki.py:36] {'message': 'Batch log 21', 'category': 'user_actions', 'uuid': '56cbf7ef-b3af-47f2-953c-76157d4c7eb4', 'user_id': 'user_21', 'action': 'batch_test', 'batch_id': 'batch-2', 'item_number': 21}
2026-01-31 20:51:47 [   DEBUG] [connectionpool.py:544] http://localhost:3100 "POST /loki/api/v1/push HTTP/1.1" 204 0
2026-01-31 20:51:47 [   DEBUG] [connectionpool.py:544] http://localhost:3100 "POST /loki/api/v1/push HTTP/1.1" 204 0
2026-01-31 20:51:47 [   DEBUG] [connectionpool.py:544] http://localhost:3100 "POST /loki/api/v1/push HTTP/1.1" 204 0
2026-01-31 20:51:47 [   DEBUG] [connectionpool.py:544] http://localhost:3100 "POST /loki/api/v1/push HTTP/1.1" 204 0
2026-01-31 20:51:47 [   DEBUG] [connectionpool.py:544] http://localhost:3100 "POST /loki/api/v1/push HTTP/1.1" 204 0
2026-01-31 20:51:47 [   DEBUG] [connectionpool.py:544] http://localhost:3100 "POST /loki/api/v1/push HTTP/1.1" 204 0
2026-01-31 20:51:47 [   DEBUG] [connectionpool.py:544] http://localhost:3100 "POST /loki/api/v1/push HTTP/1.1" 204 0
2026-01-31 20:51:47 [   DEBUG] [connectionpool.py:544] http://localhost:3100 "POST /loki/api/v1/push HTTP/1.1" 204 0
2026-01-31 20:51:47 [   DEBUG] [connectionpool.py:544] http://localhost:3100 "POST /loki/api/v1/push HTTP/1.1" 204 0
2026-01-31 20:51:47 [   DEBUG] [connectionpool.py:544] http://localhost:3100 "POST /loki/api/v1/push HTTP/1.1" 204 0
2026-01-31 20:51:47 [   DEBUG] [connectionpool.py:544] http://localhost:3100 "POST /loki/api/v1/push HTTP/1.1" 204 0
2026-01-31 20:51:47 [   DEBUG] [connectionpool.py:544] http://localhost:3100 "POST /loki/api/v1/push HTTP/1.1" 204 0
2026-01-31 20:51:47 [   DEBUG] [connectionpool.py:544] http://localhost:3100 "POST /loki/api/v1/push HTTP/1.1" 204 0
2026-01-31 20:51:47 [   DEBUG] [connectionpool.py:544] http://localhost:3100 "POST /loki/api/v1/push HTTP/1.1" 204 0
2026-01-31 20:51:47 [   DEBUG] [connectionpool.py:544] http://localhost:3100 "POST /loki/api/v1/push HTTP/1.1" 204 0
2026-01-31 20:51:47 [   DEBUG] [connectionpool.py:544] http://localhost:3100 "POST /loki/api/v1/push HTTP/1.1" 204 0
2026-01-31 20:51:47 [   DEBUG] [connectionpool.py:544] http://localhost:3100 "POST /loki/api/v1/push HTTP/1.1" 204 0
2026-01-31 20:51:47 [   DEBUG] [connectionpool.py:544] http://localhost:3100 "POST /loki/api/v1/push HTTP/1.1" 204 0
2026-01-31 20:51:47 [   DEBUG] [connectionpool.py:544] http://localhost:3100 "POST /loki/api/v1/push HTTP/1.1" 204 0
2026-01-31 20:51:47 [   DEBUG] [connectionpool.py:544] http://localhost:3100 "POST /loki/api/v1/push HTTP/1.1" 204 0
2026-01-31 20:51:47 [   DEBUG] [connectionpool.py:544] http://localhost:3100 "POST /loki/api/v1/push HTTP/1.1" 204 0
2026-01-31 20:51:47 [   DEBUG] [connectionpool.py:544] http://localhost:3100 "POST /loki/api/v1/push HTTP/1.1" 204 0
2026-01-31 20:51:47 [   DEBUG] [connectionpool.py:544] http://localhost:3100 "POST /loki/api/v1/push HTTP/1.1" 204 0
2026-01-31 20:51:47 [   DEBUG] [connectionpool.py:544] http://localhost:3100 "POST /loki/api/v1/push HTTP/1.1" 204 0
2026-01-31 20:51:47 [   DEBUG] [connectionpool.py:544] http://localhost:3100 "POST /loki/api/v1/push HTTP/1.1" 204 0
2026-01-31 20:51:47 [    INFO] [loki.py:36] {'message': 'Batch log 22', 'category': 'user_actions', 'uuid': 'ec937beb-0966-4495-a772-3d927499e837', 'user_id': 'user_22', 'action': 'batch_test', 'batch_id': 'batch-2', 'item_number': 22}
2026-01-31 20:51:47 [   DEBUG] [connectionpool.py:544] http://localhost:3100 "POST /loki/api/v1/push HTTP/1.1" 204 0
2026-01-31 20:51:47 [   DEBUG] [connectionpool.py:544] http://localhost:3100 "POST /loki/api/v1/push HTTP/1.1" 204 0
2026-01-31 20:51:47 [   DEBUG] [connectionpool.py:544] http://localhost:3100 "POST /loki/api/v1/push HTTP/1.1" 204 0
2026-01-31 20:51:47 [   DEBUG] [connectionpool.py:544] http://localhost:3100 "POST /loki/api/v1/push HTTP/1.1" 204 0
2026-01-31 20:51:47 [   DEBUG] [connectionpool.py:544] http://localhost:3100 "POST /loki/api/v1/push HTTP/1.1" 204 0
2026-01-31 20:51:47 [   DEBUG] [connectionpool.py:544] http://localhost:3100 "POST /loki/api/v1/push HTTP/1.1" 204 0
2026-01-31 20:51:47 [   DEBUG] [connectionpool.py:544] http://localhost:3100 "POST /loki/api/v1/push HTTP/1.1" 204 0
2026-01-31 20:51:47 [   DEBUG] [connectionpool.py:544] http://localhost:3100 "POST /loki/api/v1/push HTTP/1.1" 204 0
2026-01-31 20:51:47 [   DEBUG] [connectionpool.py:544] http://localhost:3100 "POST /loki/api/v1/push HTTP/1.1" 204 0
2026-01-31 20:51:47 [   DEBUG] [connectionpool.py:544] http://localhost:3100 "POST /loki/api/v1/push HTTP/1.1" 204 0
2026-01-31 20:51:47 [   DEBUG] [connectionpool.py:544] http://localhost:3100 "POST /loki/api/v1/push HTTP/1.1" 204 0
2026-01-31 20:51:47 [   DEBUG] [connectionpool.py:544] http://localhost:3100 "POST /loki/api/v1/push HTTP/1.1" 204 0
2026-01-31 20:51:47 [   DEBUG] [connectionpool.py:544] http://localhost:3100 "POST /loki/api/v1/push HTTP/1.1" 204 0
2026-01-31 20:51:47 [   DEBUG] [connectionpool.py:544] http://localhost:3100 "POST /loki/api/v1/push HTTP/1.1" 204 0
2026-01-31 20:51:47 [   DEBUG] [connectionpool.py:544] http://localhost:3100 "POST /loki/api/v1/push HTTP/1.1" 204 0
2026-01-31 20:51:47 [   DEBUG] [connectionpool.py:544] http://localhost:3100 "POST /loki/api/v1/push HTTP/1.1" 204 0
2026-01-31 20:51:47 [   DEBUG] [connectionpool.py:544] http://localhost:3100 "POST /loki/api/v1/push HTTP/1.1" 204 0
2026-01-31 20:51:47 [   DEBUG] [connectionpool.py:544] http://localhost:3100 "POST /loki/api/v1/push HTTP/1.1" 204 0
2026-01-31 20:51:47 [   DEBUG] [connectionpool.py:544] http://localhost:3100 "POST /loki/api/v1/push HTTP/1.1" 204 0
2026-01-31 20:51:47 [   DEBUG] [connectionpool.py:544] http://localhost:3100 "POST /loki/api/v1/push HTTP/1.1" 204 0
2026-01-31 20:51:47 [   DEBUG] [connectionpool.py:544] http://localhost:3100 "POST /loki/api/v1/push HTTP/1.1" 204 0
2026-01-31 20:51:47 [   DEBUG] [connectionpool.py:544] http://localhost:3100 "POST /loki/api/v1/push HTTP/1.1" 204 0
2026-01-31 20:51:47 [   DEBUG] [connectionpool.py:544] http://localhost:3100 "POST /loki/api/v1/push HTTP/1.1" 204 0
2026-01-31 20:51:47 [   DEBUG] [connectionpool.py:544] http://localhost:3100 "POST /loki/api/v1/push HTTP/1.1" 204 0
2026-01-31 20:51:47 [   DEBUG] [connectionpool.py:544] http://localhost:3100 "POST /loki/api/v1/push HTTP/1.1" 204 0
2026-01-31 20:51:47 [    INFO] [loki.py:36] {'message': 'Batch log 23', 'category': 'user_actions', 'uuid': '532f5d19-35e7-4299-bfa5-00ed02ebd36f', 'user_id': 'user_23', 'action': 'batch_test', 'batch_id': 'batch-2', 'item_number': 23}
2026-01-31 20:51:47 [   DEBUG] [connectionpool.py:544] http://localhost:3100 "POST /loki/api/v1/push HTTP/1.1" 204 0
2026-01-31 20:51:47 [   DEBUG] [connectionpool.py:544] http://localhost:3100 "POST /loki/api/v1/push HTTP/1.1" 204 0
2026-01-31 20:51:47 [   DEBUG] [connectionpool.py:544] http://localhost:3100 "POST /loki/api/v1/push HTTP/1.1" 204 0
2026-01-31 20:51:47 [   DEBUG] [connectionpool.py:544] http://localhost:3100 "POST /loki/api/v1/push HTTP/1.1" 204 0
2026-01-31 20:51:47 [   DEBUG] [connectionpool.py:544] http://localhost:3100 "POST /loki/api/v1/push HTTP/1.1" 204 0
2026-01-31 20:51:47 [   DEBUG] [connectionpool.py:544] http://localhost:3100 "POST /loki/api/v1/push HTTP/1.1" 204 0
2026-01-31 20:51:47 [   DEBUG] [connectionpool.py:544] http://localhost:3100 "POST /loki/api/v1/push HTTP/1.1" 204 0
2026-01-31 20:51:47 [   DEBUG] [connectionpool.py:544] http://localhost:3100 "POST /loki/api/v1/push HTTP/1.1" 204 0
2026-01-31 20:51:47 [   DEBUG] [connectionpool.py:544] http://localhost:3100 "POST /loki/api/v1/push HTTP/1.1" 204 0
2026-01-31 20:51:47 [   DEBUG] [connectionpool.py:544] http://localhost:3100 "POST /loki/api/v1/push HTTP/1.1" 204 0
2026-01-31 20:51:47 [   DEBUG] [connectionpool.py:544] http://localhost:3100 "POST /loki/api/v1/push HTTP/1.1" 204 0
2026-01-31 20:51:47 [   DEBUG] [connectionpool.py:544] http://localhost:3100 "POST /loki/api/v1/push HTTP/1.1" 204 0
2026-01-31 20:51:47 [   DEBUG] [connectionpool.py:544] http://localhost:3100 "POST /loki/api/v1/push HTTP/1.1" 204 0
2026-01-31 20:51:47 [   DEBUG] [connectionpool.py:544] http://localhost:3100 "POST /loki/api/v1/push HTTP/1.1" 204 0
2026-01-31 20:51:47 [   DEBUG] [connectionpool.py:544] http://localhost:3100 "POST /loki/api/v1/push HTTP/1.1" 204 0
2026-01-31 20:51:47 [   DEBUG] [connectionpool.py:544] http://localhost:3100 "POST /loki/api/v1/push HTTP/1.1" 204 0
2026-01-31 20:51:47 [   DEBUG] [connectionpool.py:544] http://localhost:3100 "POST /loki/api/v1/push HTTP/1.1" 204 0
2026-01-31 20:51:47 [   DEBUG] [connectionpool.py:544] http://localhost:3100 "POST /loki/api/v1/push HTTP/1.1" 204 0
2026-01-31 20:51:47 [   DEBUG] [connectionpool.py:544] http://localhost:3100 "POST /loki/api/v1/push HTTP/1.1" 204 0
2026-01-31 20:51:47 [   DEBUG] [connectionpool.py:544] http://localhost:3100 "POST /loki/api/v1/push HTTP/1.1" 204 0
2026-01-31 20:51:47 [   DEBUG] [connectionpool.py:544] http://localhost:3100 "POST /loki/api/v1/push HTTP/1.1" 204 0
2026-01-31 20:51:47 [   DEBUG] [connectionpool.py:544] http://localhost:3100 "POST /loki/api/v1/push HTTP/1.1" 204 0
2026-01-31 20:51:47 [   DEBUG] [connectionpool.py:544] http://localhost:3100 "POST /loki/api/v1/push HTTP/1.1" 204 0
2026-01-31 20:51:47 [   DEBUG] [connectionpool.py:544] http://localhost:3100 "POST /loki/api/v1/push HTTP/1.1" 204 0
2026-01-31 20:51:47 [   DEBUG] [connectionpool.py:544] http://localhost:3100 "POST /loki/api/v1/push HTTP/1.1" 204 0
2026-01-31 20:51:47 [    INFO] [loki.py:36] {'message': 'Batch log 24', 'category': 'user_actions', 'uuid': '6c453475-0ab8-42b1-8333-d1a98429ecb3', 'user_id': 'user_24', 'action': 'batch_test', 'batch_id': 'batch-2', 'item_number': 24}
2026-01-31 20:51:47 [   DEBUG] [connectionpool.py:544] http://localhost:3100 "POST /loki/api/v1/push HTTP/1.1" 204 0
2026-01-31 20:51:47 [   DEBUG] [connectionpool.py:544] http://localhost:3100 "POST /loki/api/v1/push HTTP/1.1" 204 0
2026-01-31 20:51:47 [   DEBUG] [connectionpool.py:544] http://localhost:3100 "POST /loki/api/v1/push HTTP/1.1" 204 0
2026-01-31 20:51:47 [   DEBUG] [connectionpool.py:544] http://localhost:3100 "POST /loki/api/v1/push HTTP/1.1" 204 0
2026-01-31 20:51:47 [   DEBUG] [connectionpool.py:544] http://localhost:3100 "POST /loki/api/v1/push HTTP/1.1" 204 0
2026-01-31 20:51:47 [   DEBUG] [connectionpool.py:544] http://localhost:3100 "POST /loki/api/v1/push HTTP/1.1" 204 0
2026-01-31 20:51:47 [   DEBUG] [connectionpool.py:544] http://localhost:3100 "POST /loki/api/v1/push HTTP/1.1" 204 0
2026-01-31 20:51:47 [   DEBUG] [connectionpool.py:544] http://localhost:3100 "POST /loki/api/v1/push HTTP/1.1" 204 0
2026-01-31 20:51:47 [   DEBUG] [connectionpool.py:544] http://localhost:3100 "POST /loki/api/v1/push HTTP/1.1" 204 0
2026-01-31 20:51:47 [   DEBUG] [connectionpool.py:544] http://localhost:3100 "POST /loki/api/v1/push HTTP/1.1" 204 0
2026-01-31 20:51:47 [   DEBUG] [connectionpool.py:544] http://localhost:3100 "POST /loki/api/v1/push HTTP/1.1" 204 0
2026-01-31 20:51:47 [   DEBUG] [connectionpool.py:544] http://localhost:3100 "POST /loki/api/v1/push HTTP/1.1" 204 0
2026-01-31 20:51:47 [   DEBUG] [connectionpool.py:544] http://localhost:3100 "POST /loki/api/v1/push HTTP/1.1" 204 0
2026-01-31 20:51:47 [   DEBUG] [connectionpool.py:544] http://localhost:3100 "POST /loki/api/v1/push HTTP/1.1" 204 0
2026-01-31 20:51:47 [   DEBUG] [connectionpool.py:544] http://localhost:3100 "POST /loki/api/v1/push HTTP/1.1" 204 0
2026-01-31 20:51:47 [   DEBUG] [connectionpool.py:544] http://localhost:3100 "POST /loki/api/v1/push HTTP/1.1" 204 0
2026-01-31 20:51:47 [   DEBUG] [connectionpool.py:544] http://localhost:3100 "POST /loki/api/v1/push HTTP/1.1" 204 0
2026-01-31 20:51:47 [   DEBUG] [connectionpool.py:544] http://localhost:3100 "POST /loki/api/v1/push HTTP/1.1" 204 0
2026-01-31 20:51:47 [   DEBUG] [connectionpool.py:544] http://localhost:3100 "POST /loki/api/v1/push HTTP/1.1" 204 0
2026-01-31 20:51:47 [   DEBUG] [connectionpool.py:544] http://localhost:3100 "POST /loki/api/v1/push HTTP/1.1" 204 0
2026-01-31 20:51:47 [   DEBUG] [connectionpool.py:544] http://localhost:3100 "POST /loki/api/v1/push HTTP/1.1" 204 0
2026-01-31 20:51:47 [   DEBUG] [connectionpool.py:544] http://localhost:3100 "POST /loki/api/v1/push HTTP/1.1" 204 0
2026-01-31 20:51:47 [   DEBUG] [connectionpool.py:544] http://localhost:3100 "POST /loki/api/v1/push HTTP/1.1" 204 0
2026-01-31 20:51:47 [   DEBUG] [connectionpool.py:544] http://localhost:3100 "POST /loki/api/v1/push HTTP/1.1" 204 0
2026-01-31 20:51:47 [   DEBUG] [connectionpool.py:544] http://localhost:3100 "POST /loki/api/v1/push HTTP/1.1" 204 0
2026-01-31 20:51:47 [    INFO] [loki.py:36] {'message': 'Batch log 25', 'category': 'user_actions', 'uuid': '5d7ecb8d-5eb8-49af-aca0-de0fe1ea2f2e', 'user_id': 'user_25', 'action': 'batch_test', 'batch_id': 'batch-2', 'item_number': 25}
2026-01-31 20:51:47 [   DEBUG] [connectionpool.py:544] http://localhost:3100 "POST /loki/api/v1/push HTTP/1.1" 204 0
2026-01-31 20:51:47 [   DEBUG] [connectionpool.py:544] http://localhost:3100 "POST /loki/api/v1/push HTTP/1.1" 204 0
2026-01-31 20:51:47 [   DEBUG] [connectionpool.py:544] http://localhost:3100 "POST /loki/api/v1/push HTTP/1.1" 204 0
2026-01-31 20:51:47 [   DEBUG] [connectionpool.py:544] http://localhost:3100 "POST /loki/api/v1/push HTTP/1.1" 204 0
2026-01-31 20:51:47 [   DEBUG] [connectionpool.py:544] http://localhost:3100 "POST /loki/api/v1/push HTTP/1.1" 204 0
2026-01-31 20:51:47 [   DEBUG] [connectionpool.py:544] http://localhost:3100 "POST /loki/api/v1/push HTTP/1.1" 204 0
2026-01-31 20:51:47 [   DEBUG] [connectionpool.py:544] http://localhost:3100 "POST /loki/api/v1/push HTTP/1.1" 204 0
2026-01-31 20:51:47 [   DEBUG] [connectionpool.py:544] http://localhost:3100 "POST /loki/api/v1/push HTTP/1.1" 204 0
2026-01-31 20:51:47 [   DEBUG] [connectionpool.py:544] http://localhost:3100 "POST /loki/api/v1/push HTTP/1.1" 204 0
2026-01-31 20:51:47 [   DEBUG] [connectionpool.py:544] http://localhost:3100 "POST /loki/api/v1/push HTTP/1.1" 204 0
2026-01-31 20:51:47 [   DEBUG] [connectionpool.py:544] http://localhost:3100 "POST /loki/api/v1/push HTTP/1.1" 204 0
2026-01-31 20:51:47 [   DEBUG] [connectionpool.py:544] http://localhost:3100 "POST /loki/api/v1/push HTTP/1.1" 204 0
2026-01-31 20:51:47 [   DEBUG] [connectionpool.py:544] http://localhost:3100 "POST /loki/api/v1/push HTTP/1.1" 204 0
2026-01-31 20:51:47 [   DEBUG] [connectionpool.py:544] http://localhost:3100 "POST /loki/api/v1/push HTTP/1.1" 204 0
2026-01-31 20:51:47 [   DEBUG] [connectionpool.py:544] http://localhost:3100 "POST /loki/api/v1/push HTTP/1.1" 204 0
2026-01-31 20:51:47 [   DEBUG] [connectionpool.py:544] http://localhost:3100 "POST /loki/api/v1/push HTTP/1.1" 204 0
2026-01-31 20:51:47 [   DEBUG] [connectionpool.py:544] http://localhost:3100 "POST /loki/api/v1/push HTTP/1.1" 204 0
2026-01-31 20:51:47 [   DEBUG] [connectionpool.py:544] http://localhost:3100 "POST /loki/api/v1/push HTTP/1.1" 204 0
2026-01-31 20:51:47 [   DEBUG] [connectionpool.py:544] http://localhost:3100 "POST /loki/api/v1/push HTTP/1.1" 204 0
2026-01-31 20:51:47 [   DEBUG] [connectionpool.py:544] http://localhost:3100 "POST /loki/api/v1/push HTTP/1.1" 204 0
2026-01-31 20:51:47 [   DEBUG] [connectionpool.py:544] http://localhost:3100 "POST /loki/api/v1/push HTTP/1.1" 204 0
2026-01-31 20:51:47 [   DEBUG] [connectionpool.py:544] http://localhost:3100 "POST /loki/api/v1/push HTTP/1.1" 204 0
2026-01-31 20:51:47 [   DEBUG] [connectionpool.py:544] http://localhost:3100 "POST /loki/api/v1/push HTTP/1.1" 204 0
2026-01-31 20:51:47 [   DEBUG] [connectionpool.py:544] http://localhost:3100 "POST /loki/api/v1/push HTTP/1.1" 204 0
2026-01-31 20:51:47 [   DEBUG] [connectionpool.py:544] http://localhost:3100 "POST /loki/api/v1/push HTTP/1.1" 204 0
2026-01-31 20:51:47 [    INFO] [loki.py:36] {'message': 'Batch log 26', 'category': 'user_actions', 'uuid': 'd6277004-292a-4b03-be7c-9d408fb87b4e', 'user_id': 'user_26', 'action': 'batch_test', 'batch_id': 'batch-2', 'item_number': 26}
2026-01-31 20:51:47 [   DEBUG] [connectionpool.py:544] http://localhost:3100 "POST /loki/api/v1/push HTTP/1.1" 204 0
2026-01-31 20:51:47 [   DEBUG] [connectionpool.py:544] http://localhost:3100 "POST /loki/api/v1/push HTTP/1.1" 204 0
2026-01-31 20:51:47 [   DEBUG] [connectionpool.py:544] http://localhost:3100 "POST /loki/api/v1/push HTTP/1.1" 204 0
2026-01-31 20:51:47 [   DEBUG] [connectionpool.py:544] http://localhost:3100 "POST /loki/api/v1/push HTTP/1.1" 204 0
2026-01-31 20:51:47 [   DEBUG] [connectionpool.py:544] http://localhost:3100 "POST /loki/api/v1/push HTTP/1.1" 204 0
2026-01-31 20:51:47 [   DEBUG] [connectionpool.py:544] http://localhost:3100 "POST /loki/api/v1/push HTTP/1.1" 204 0
2026-01-31 20:51:47 [   DEBUG] [connectionpool.py:544] http://localhost:3100 "POST /loki/api/v1/push HTTP/1.1" 204 0
2026-01-31 20:51:47 [   DEBUG] [connectionpool.py:544] http://localhost:3100 "POST /loki/api/v1/push HTTP/1.1" 204 0
2026-01-31 20:51:47 [   DEBUG] [connectionpool.py:544] http://localhost:3100 "POST /loki/api/v1/push HTTP/1.1" 204 0
2026-01-31 20:51:47 [   DEBUG] [connectionpool.py:544] http://localhost:3100 "POST /loki/api/v1/push HTTP/1.1" 204 0
2026-01-31 20:51:47 [   DEBUG] [connectionpool.py:544] http://localhost:3100 "POST /loki/api/v1/push HTTP/1.1" 204 0
2026-01-31 20:51:47 [   DEBUG] [connectionpool.py:544] http://localhost:3100 "POST /loki/api/v1/push HTTP/1.1" 204 0
2026-01-31 20:51:47 [   DEBUG] [connectionpool.py:544] http://localhost:3100 "POST /loki/api/v1/push HTTP/1.1" 204 0
2026-01-31 20:51:47 [   DEBUG] [connectionpool.py:544] http://localhost:3100 "POST /loki/api/v1/push HTTP/1.1" 204 0
2026-01-31 20:51:47 [   DEBUG] [connectionpool.py:544] http://localhost:3100 "POST /loki/api/v1/push HTTP/1.1" 204 0
2026-01-31 20:51:47 [   DEBUG] [connectionpool.py:544] http://localhost:3100 "POST /loki/api/v1/push HTTP/1.1" 204 0
2026-01-31 20:51:47 [   DEBUG] [connectionpool.py:544] http://localhost:3100 "POST /loki/api/v1/push HTTP/1.1" 204 0
2026-01-31 20:51:47 [   DEBUG] [connectionpool.py:544] http://localhost:3100 "POST /loki/api/v1/push HTTP/1.1" 204 0
2026-01-31 20:51:47 [   DEBUG] [connectionpool.py:544] http://localhost:3100 "POST /loki/api/v1/push HTTP/1.1" 204 0
2026-01-31 20:51:47 [   DEBUG] [connectionpool.py:544] http://localhost:3100 "POST /loki/api/v1/push HTTP/1.1" 204 0
2026-01-31 20:51:47 [   DEBUG] [connectionpool.py:544] http://localhost:3100 "POST /loki/api/v1/push HTTP/1.1" 204 0
2026-01-31 20:51:47 [   DEBUG] [connectionpool.py:544] http://localhost:3100 "POST /loki/api/v1/push HTTP/1.1" 204 0
2026-01-31 20:51:47 [   DEBUG] [connectionpool.py:544] http://localhost:3100 "POST /loki/api/v1/push HTTP/1.1" 204 0
2026-01-31 20:51:47 [   DEBUG] [connectionpool.py:544] http://localhost:3100 "POST /loki/api/v1/push HTTP/1.1" 204 0
2026-01-31 20:51:47 [   DEBUG] [connectionpool.py:544] http://localhost:3100 "POST /loki/api/v1/push HTTP/1.1" 204 0
2026-01-31 20:51:47 [    INFO] [loki.py:36] {'message': 'Batch log 27', 'category': 'user_actions', 'uuid': '9b876a2b-69eb-4dc2-9b9b-00bbaccd728f', 'user_id': 'user_27', 'action': 'batch_test', 'batch_id': 'batch-2', 'item_number': 27}
2026-01-31 20:51:47 [   DEBUG] [connectionpool.py:544] http://localhost:3100 "POST /loki/api/v1/push HTTP/1.1" 204 0
2026-01-31 20:51:47 [   DEBUG] [connectionpool.py:544] http://localhost:3100 "POST /loki/api/v1/push HTTP/1.1" 204 0
2026-01-31 20:51:47 [   DEBUG] [connectionpool.py:544] http://localhost:3100 "POST /loki/api/v1/push HTTP/1.1" 204 0
2026-01-31 20:51:47 [   DEBUG] [connectionpool.py:544] http://localhost:3100 "POST /loki/api/v1/push HTTP/1.1" 204 0
2026-01-31 20:51:47 [   DEBUG] [connectionpool.py:544] http://localhost:3100 "POST /loki/api/v1/push HTTP/1.1" 204 0
2026-01-31 20:51:47 [   DEBUG] [connectionpool.py:544] http://localhost:3100 "POST /loki/api/v1/push HTTP/1.1" 204 0
2026-01-31 20:51:47 [   DEBUG] [connectionpool.py:544] http://localhost:3100 "POST /loki/api/v1/push HTTP/1.1" 204 0
2026-01-31 20:51:47 [   DEBUG] [connectionpool.py:544] http://localhost:3100 "POST /loki/api/v1/push HTTP/1.1" 204 0
2026-01-31 20:51:47 [   DEBUG] [connectionpool.py:544] http://localhost:3100 "POST /loki/api/v1/push HTTP/1.1" 204 0
2026-01-31 20:51:47 [   DEBUG] [connectionpool.py:544] http://localhost:3100 "POST /loki/api/v1/push HTTP/1.1" 204 0
2026-01-31 20:51:47 [   DEBUG] [connectionpool.py:544] http://localhost:3100 "POST /loki/api/v1/push HTTP/1.1" 204 0
2026-01-31 20:51:47 [   DEBUG] [connectionpool.py:544] http://localhost:3100 "POST /loki/api/v1/push HTTP/1.1" 204 0
2026-01-31 20:51:47 [   DEBUG] [connectionpool.py:544] http://localhost:3100 "POST /loki/api/v1/push HTTP/1.1" 204 0
2026-01-31 20:51:47 [   DEBUG] [connectionpool.py:544] http://localhost:3100 "POST /loki/api/v1/push HTTP/1.1" 204 0
2026-01-31 20:51:47 [   DEBUG] [connectionpool.py:544] http://localhost:3100 "POST /loki/api/v1/push HTTP/1.1" 204 0
2026-01-31 20:51:47 [   DEBUG] [connectionpool.py:544] http://localhost:3100 "POST /loki/api/v1/push HTTP/1.1" 204 0
2026-01-31 20:51:47 [   DEBUG] [connectionpool.py:544] http://localhost:3100 "POST /loki/api/v1/push HTTP/1.1" 204 0
2026-01-31 20:51:47 [   DEBUG] [connectionpool.py:544] http://localhost:3100 "POST /loki/api/v1/push HTTP/1.1" 204 0
2026-01-31 20:51:47 [   DEBUG] [connectionpool.py:544] http://localhost:3100 "POST /loki/api/v1/push HTTP/1.1" 204 0
2026-01-31 20:51:47 [   DEBUG] [connectionpool.py:544] http://localhost:3100 "POST /loki/api/v1/push HTTP/1.1" 204 0
2026-01-31 20:51:47 [   DEBUG] [connectionpool.py:544] http://localhost:3100 "POST /loki/api/v1/push HTTP/1.1" 204 0
2026-01-31 20:51:47 [   DEBUG] [connectionpool.py:544] http://localhost:3100 "POST /loki/api/v1/push HTTP/1.1" 204 0
2026-01-31 20:51:47 [   DEBUG] [connectionpool.py:544] http://localhost:3100 "POST /loki/api/v1/push HTTP/1.1" 204 0
2026-01-31 20:51:47 [   DEBUG] [connectionpool.py:544] http://localhost:3100 "POST /loki/api/v1/push HTTP/1.1" 204 0
2026-01-31 20:51:47 [   DEBUG] [connectionpool.py:544] http://localhost:3100 "POST /loki/api/v1/push HTTP/1.1" 204 0
2026-01-31 20:51:47 [    INFO] [loki.py:36] {'message': 'Batch log 28', 'category': 'user_actions', 'uuid': '19b66906-177b-48b3-87f0-906184155943', 'user_id': 'user_28', 'action': 'batch_test', 'batch_id': 'batch-2', 'item_number': 28}
2026-01-31 20:51:47 [   DEBUG] [connectionpool.py:544] http://localhost:3100 "POST /loki/api/v1/push HTTP/1.1" 204 0
2026-01-31 20:51:47 [   DEBUG] [connectionpool.py:544] http://localhost:3100 "POST /loki/api/v1/push HTTP/1.1" 204 0
2026-01-31 20:51:47 [   DEBUG] [connectionpool.py:544] http://localhost:3100 "POST /loki/api/v1/push HTTP/1.1" 204 0
2026-01-31 20:51:47 [   DEBUG] [connectionpool.py:544] http://localhost:3100 "POST /loki/api/v1/push HTTP/1.1" 204 0
2026-01-31 20:51:47 [   DEBUG] [connectionpool.py:544] http://localhost:3100 "POST /loki/api/v1/push HTTP/1.1" 204 0
2026-01-31 20:51:47 [   DEBUG] [connectionpool.py:544] http://localhost:3100 "POST /loki/api/v1/push HTTP/1.1" 204 0
2026-01-31 20:51:47 [   DEBUG] [connectionpool.py:544] http://localhost:3100 "POST /loki/api/v1/push HTTP/1.1" 204 0
2026-01-31 20:51:47 [   DEBUG] [connectionpool.py:544] http://localhost:3100 "POST /loki/api/v1/push HTTP/1.1" 204 0
2026-01-31 20:51:47 [   DEBUG] [connectionpool.py:544] http://localhost:3100 "POST /loki/api/v1/push HTTP/1.1" 204 0
2026-01-31 20:51:47 [   DEBUG] [connectionpool.py:544] http://localhost:3100 "POST /loki/api/v1/push HTTP/1.1" 204 0
2026-01-31 20:51:47 [   DEBUG] [connectionpool.py:544] http://localhost:3100 "POST /loki/api/v1/push HTTP/1.1" 204 0
2026-01-31 20:51:47 [   DEBUG] [connectionpool.py:544] http://localhost:3100 "POST /loki/api/v1/push HTTP/1.1" 204 0
2026-01-31 20:51:47 [   DEBUG] [connectionpool.py:544] http://localhost:3100 "POST /loki/api/v1/push HTTP/1.1" 204 0
2026-01-31 20:51:47 [   DEBUG] [connectionpool.py:544] http://localhost:3100 "POST /loki/api/v1/push HTTP/1.1" 204 0
2026-01-31 20:51:47 [   DEBUG] [connectionpool.py:544] http://localhost:3100 "POST /loki/api/v1/push HTTP/1.1" 204 0
2026-01-31 20:51:47 [   DEBUG] [connectionpool.py:544] http://localhost:3100 "POST /loki/api/v1/push HTTP/1.1" 204 0
2026-01-31 20:51:47 [   DEBUG] [connectionpool.py:544] http://localhost:3100 "POST /loki/api/v1/push HTTP/1.1" 204 0
2026-01-31 20:51:47 [   DEBUG] [connectionpool.py:544] http://localhost:3100 "POST /loki/api/v1/push HTTP/1.1" 204 0
2026-01-31 20:51:47 [   DEBUG] [connectionpool.py:544] http://localhost:3100 "POST /loki/api/v1/push HTTP/1.1" 204 0
2026-01-31 20:51:47 [   DEBUG] [connectionpool.py:544] http://localhost:3100 "POST /loki/api/v1/push HTTP/1.1" 204 0
2026-01-31 20:51:47 [   DEBUG] [connectionpool.py:544] http://localhost:3100 "POST /loki/api/v1/push HTTP/1.1" 204 0
2026-01-31 20:51:47 [   DEBUG] [connectionpool.py:544] http://localhost:3100 "POST /loki/api/v1/push HTTP/1.1" 204 0
2026-01-31 20:51:47 [   DEBUG] [connectionpool.py:544] http://localhost:3100 "POST /loki/api/v1/push HTTP/1.1" 204 0
2026-01-31 20:51:47 [   DEBUG] [connectionpool.py:544] http://localhost:3100 "POST /loki/api/v1/push HTTP/1.1" 204 0
2026-01-31 20:51:47 [   DEBUG] [connectionpool.py:544] http://localhost:3100 "POST /loki/api/v1/push HTTP/1.1" 204 0
2026-01-31 20:51:47 [    INFO] [loki.py:36] {'message': 'Batch log 29', 'category': 'user_actions', 'uuid': '733ed31d-3b0e-49d0-b7d1-460ec0d42755', 'user_id': 'user_29', 'action': 'batch_test', 'batch_id': 'batch-2', 'item_number': 29}
2026-01-31 20:51:47 [   DEBUG] [connectionpool.py:544] http://localhost:3100 "POST /loki/api/v1/push HTTP/1.1" 204 0
2026-01-31 20:51:47 [   DEBUG] [connectionpool.py:544] http://localhost:3100 "POST /loki/api/v1/push HTTP/1.1" 204 0
2026-01-31 20:51:47 [   DEBUG] [connectionpool.py:544] http://localhost:3100 "POST /loki/api/v1/push HTTP/1.1" 204 0
2026-01-31 20:51:47 [   DEBUG] [connectionpool.py:544] http://localhost:3100 "POST /loki/api/v1/push HTTP/1.1" 204 0
2026-01-31 20:51:47 [   DEBUG] [connectionpool.py:544] http://localhost:3100 "POST /loki/api/v1/push HTTP/1.1" 204 0
2026-01-31 20:51:47 [   DEBUG] [connectionpool.py:544] http://localhost:3100 "POST /loki/api/v1/push HTTP/1.1" 204 0
2026-01-31 20:51:47 [   DEBUG] [connectionpool.py:544] http://localhost:3100 "POST /loki/api/v1/push HTTP/1.1" 204 0
2026-01-31 20:51:47 [   DEBUG] [connectionpool.py:544] http://localhost:3100 "POST /loki/api/v1/push HTTP/1.1" 204 0
2026-01-31 20:51:47 [   DEBUG] [connectionpool.py:544] http://localhost:3100 "POST /loki/api/v1/push HTTP/1.1" 204 0
2026-01-31 20:51:47 [   DEBUG] [connectionpool.py:544] http://localhost:3100 "POST /loki/api/v1/push HTTP/1.1" 204 0
2026-01-31 20:51:47 [   DEBUG] [connectionpool.py:544] http://localhost:3100 "POST /loki/api/v1/push HTTP/1.1" 204 0
2026-01-31 20:51:47 [   DEBUG] [connectionpool.py:544] http://localhost:3100 "POST /loki/api/v1/push HTTP/1.1" 204 0
2026-01-31 20:51:47 [   DEBUG] [connectionpool.py:544] http://localhost:3100 "POST /loki/api/v1/push HTTP/1.1" 204 0
2026-01-31 20:51:47 [   DEBUG] [connectionpool.py:544] http://localhost:3100 "POST /loki/api/v1/push HTTP/1.1" 204 0
2026-01-31 20:51:47 [   DEBUG] [connectionpool.py:544] http://localhost:3100 "POST /loki/api/v1/push HTTP/1.1" 204 0
2026-01-31 20:51:47 [   DEBUG] [connectionpool.py:544] http://localhost:3100 "POST /loki/api/v1/push HTTP/1.1" 204 0
2026-01-31 20:51:47 [   DEBUG] [connectionpool.py:544] http://localhost:3100 "POST /loki/api/v1/push HTTP/1.1" 204 0
2026-01-31 20:51:47 [   DEBUG] [connectionpool.py:544] http://localhost:3100 "POST /loki/api/v1/push HTTP/1.1" 204 0
2026-01-31 20:51:47 [   DEBUG] [connectionpool.py:544] http://localhost:3100 "POST /loki/api/v1/push HTTP/1.1" 204 0
2026-01-31 20:51:47 [   DEBUG] [connectionpool.py:544] http://localhost:3100 "POST /loki/api/v1/push HTTP/1.1" 204 0
2026-01-31 20:51:47 [   DEBUG] [connectionpool.py:544] http://localhost:3100 "POST /loki/api/v1/push HTTP/1.1" 204 0
2026-01-31 20:51:47 [   DEBUG] [connectionpool.py:544] http://localhost:3100 "POST /loki/api/v1/push HTTP/1.1" 204 0
2026-01-31 20:51:47 [   DEBUG] [connectionpool.py:544] http://localhost:3100 "POST /loki/api/v1/push HTTP/1.1" 204 0
2026-01-31 20:51:47 [   DEBUG] [connectionpool.py:544] http://localhost:3100 "POST /loki/api/v1/push HTTP/1.1" 204 0
2026-01-31 20:51:47 [   DEBUG] [connectionpool.py:544] http://localhost:3100 "POST /loki/api/v1/push HTTP/1.1" 204 0
2026-01-31 20:51:47 [    INFO] [loki.py:36] {'message': 'Batch log 30', 'category': 'user_actions', 'uuid': '9fa6e590-f57e-4211-b9d0-e6badfa4a78a', 'user_id': 'user_30', 'action': 'batch_test', 'batch_id': 'batch-3', 'item_number': 30}
2026-01-31 20:51:47 [   DEBUG] [connectionpool.py:544] http://localhost:3100 "POST /loki/api/v1/push HTTP/1.1" 204 0
2026-01-31 20:51:47 [   DEBUG] [connectionpool.py:544] http://localhost:3100 "POST /loki/api/v1/push HTTP/1.1" 204 0
2026-01-31 20:51:47 [   DEBUG] [connectionpool.py:544] http://localhost:3100 "POST /loki/api/v1/push HTTP/1.1" 204 0
2026-01-31 20:51:47 [   DEBUG] [connectionpool.py:544] http://localhost:3100 "POST /loki/api/v1/push HTTP/1.1" 204 0
2026-01-31 20:51:47 [   DEBUG] [connectionpool.py:544] http://localhost:3100 "POST /loki/api/v1/push HTTP/1.1" 204 0
2026-01-31 20:51:47 [   DEBUG] [connectionpool.py:544] http://localhost:3100 "POST /loki/api/v1/push HTTP/1.1" 204 0
2026-01-31 20:51:47 [   DEBUG] [connectionpool.py:544] http://localhost:3100 "POST /loki/api/v1/push HTTP/1.1" 204 0
2026-01-31 20:51:47 [   DEBUG] [connectionpool.py:544] http://localhost:3100 "POST /loki/api/v1/push HTTP/1.1" 204 0
2026-01-31 20:51:47 [   DEBUG] [connectionpool.py:544] http://localhost:3100 "POST /loki/api/v1/push HTTP/1.1" 204 0
2026-01-31 20:51:47 [   DEBUG] [connectionpool.py:544] http://localhost:3100 "POST /loki/api/v1/push HTTP/1.1" 204 0
2026-01-31 20:51:47 [   DEBUG] [connectionpool.py:544] http://localhost:3100 "POST /loki/api/v1/push HTTP/1.1" 204 0
2026-01-31 20:51:47 [   DEBUG] [connectionpool.py:544] http://localhost:3100 "POST /loki/api/v1/push HTTP/1.1" 204 0
2026-01-31 20:51:47 [   DEBUG] [connectionpool.py:544] http://localhost:3100 "POST /loki/api/v1/push HTTP/1.1" 204 0
2026-01-31 20:51:47 [   DEBUG] [connectionpool.py:544] http://localhost:3100 "POST /loki/api/v1/push HTTP/1.1" 204 0
2026-01-31 20:51:47 [   DEBUG] [connectionpool.py:544] http://localhost:3100 "POST /loki/api/v1/push HTTP/1.1" 204 0
2026-01-31 20:51:47 [   DEBUG] [connectionpool.py:544] http://localhost:3100 "POST /loki/api/v1/push HTTP/1.1" 204 0
2026-01-31 20:51:47 [   DEBUG] [connectionpool.py:544] http://localhost:3100 "POST /loki/api/v1/push HTTP/1.1" 204 0
2026-01-31 20:51:47 [   DEBUG] [connectionpool.py:544] http://localhost:3100 "POST /loki/api/v1/push HTTP/1.1" 204 0
2026-01-31 20:51:47 [   DEBUG] [connectionpool.py:544] http://localhost:3100 "POST /loki/api/v1/push HTTP/1.1" 204 0
2026-01-31 20:51:47 [   DEBUG] [connectionpool.py:544] http://localhost:3100 "POST /loki/api/v1/push HTTP/1.1" 204 0
2026-01-31 20:51:47 [   DEBUG] [connectionpool.py:544] http://localhost:3100 "POST /loki/api/v1/push HTTP/1.1" 204 0
2026-01-31 20:51:47 [   DEBUG] [connectionpool.py:544] http://localhost:3100 "POST /loki/api/v1/push HTTP/1.1" 204 0
2026-01-31 20:51:47 [   DEBUG] [connectionpool.py:544] http://localhost:3100 "POST /loki/api/v1/push HTTP/1.1" 204 0
2026-01-31 20:51:47 [   DEBUG] [connectionpool.py:544] http://localhost:3100 "POST /loki/api/v1/push HTTP/1.1" 204 0
2026-01-31 20:51:47 [   DEBUG] [connectionpool.py:544] http://localhost:3100 "POST /loki/api/v1/push HTTP/1.1" 204 0
2026-01-31 20:51:47 [    INFO] [loki.py:36] {'message': 'Batch log 31', 'category': 'user_actions', 'uuid': '26f95017-7c81-4463-8830-19c25d717acf', 'user_id': 'user_31', 'action': 'batch_test', 'batch_id': 'batch-3', 'item_number': 31}
2026-01-31 20:51:47 [   DEBUG] [connectionpool.py:544] http://localhost:3100 "POST /loki/api/v1/push HTTP/1.1" 204 0
2026-01-31 20:51:47 [   DEBUG] [connectionpool.py:544] http://localhost:3100 "POST /loki/api/v1/push HTTP/1.1" 204 0
2026-01-31 20:51:47 [   DEBUG] [connectionpool.py:544] http://localhost:3100 "POST /loki/api/v1/push HTTP/1.1" 204 0
2026-01-31 20:51:47 [   DEBUG] [connectionpool.py:544] http://localhost:3100 "POST /loki/api/v1/push HTTP/1.1" 204 0
2026-01-31 20:51:47 [   DEBUG] [connectionpool.py:544] http://localhost:3100 "POST /loki/api/v1/push HTTP/1.1" 204 0
2026-01-31 20:51:47 [   DEBUG] [connectionpool.py:544] http://localhost:3100 "POST /loki/api/v1/push HTTP/1.1" 204 0
2026-01-31 20:51:47 [   DEBUG] [connectionpool.py:544] http://localhost:3100 "POST /loki/api/v1/push HTTP/1.1" 204 0
2026-01-31 20:51:47 [   DEBUG] [connectionpool.py:544] http://localhost:3100 "POST /loki/api/v1/push HTTP/1.1" 204 0
2026-01-31 20:51:47 [   DEBUG] [connectionpool.py:544] http://localhost:3100 "POST /loki/api/v1/push HTTP/1.1" 204 0
2026-01-31 20:51:47 [   DEBUG] [connectionpool.py:544] http://localhost:3100 "POST /loki/api/v1/push HTTP/1.1" 204 0
2026-01-31 20:51:47 [   DEBUG] [connectionpool.py:544] http://localhost:3100 "POST /loki/api/v1/push HTTP/1.1" 204 0
2026-01-31 20:51:47 [   DEBUG] [connectionpool.py:544] http://localhost:3100 "POST /loki/api/v1/push HTTP/1.1" 204 0
2026-01-31 20:51:47 [   DEBUG] [connectionpool.py:544] http://localhost:3100 "POST /loki/api/v1/push HTTP/1.1" 204 0
2026-01-31 20:51:47 [   DEBUG] [connectionpool.py:544] http://localhost:3100 "POST /loki/api/v1/push HTTP/1.1" 204 0
2026-01-31 20:51:47 [   DEBUG] [connectionpool.py:544] http://localhost:3100 "POST /loki/api/v1/push HTTP/1.1" 204 0
2026-01-31 20:51:47 [   DEBUG] [connectionpool.py:544] http://localhost:3100 "POST /loki/api/v1/push HTTP/1.1" 204 0
2026-01-31 20:51:47 [   DEBUG] [connectionpool.py:544] http://localhost:3100 "POST /loki/api/v1/push HTTP/1.1" 204 0
2026-01-31 20:51:47 [   DEBUG] [connectionpool.py:544] http://localhost:3100 "POST /loki/api/v1/push HTTP/1.1" 204 0
2026-01-31 20:51:47 [   DEBUG] [connectionpool.py:544] http://localhost:3100 "POST /loki/api/v1/push HTTP/1.1" 204 0
2026-01-31 20:51:47 [   DEBUG] [connectionpool.py:544] http://localhost:3100 "POST /loki/api/v1/push HTTP/1.1" 204 0
2026-01-31 20:51:47 [   DEBUG] [connectionpool.py:544] http://localhost:3100 "POST /loki/api/v1/push HTTP/1.1" 204 0
2026-01-31 20:51:47 [   DEBUG] [connectionpool.py:544] http://localhost:3100 "POST /loki/api/v1/push HTTP/1.1" 204 0
2026-01-31 20:51:47 [   DEBUG] [connectionpool.py:544] http://localhost:3100 "POST /loki/api/v1/push HTTP/1.1" 204 0
2026-01-31 20:51:47 [   DEBUG] [connectionpool.py:544] http://localhost:3100 "POST /loki/api/v1/push HTTP/1.1" 204 0
2026-01-31 20:51:47 [   DEBUG] [connectionpool.py:544] http://localhost:3100 "POST /loki/api/v1/push HTTP/1.1" 204 0
2026-01-31 20:51:47 [    INFO] [loki.py:36] {'message': 'Batch log 32', 'category': 'user_actions', 'uuid': 'a32c61d8-3f24-4388-a187-548a1e54d427', 'user_id': 'user_32', 'action': 'batch_test', 'batch_id': 'batch-3', 'item_number': 32}
2026-01-31 20:51:47 [   DEBUG] [connectionpool.py:544] http://localhost:3100 "POST /loki/api/v1/push HTTP/1.1" 204 0
2026-01-31 20:51:47 [   DEBUG] [connectionpool.py:544] http://localhost:3100 "POST /loki/api/v1/push HTTP/1.1" 204 0
2026-01-31 20:51:47 [   DEBUG] [connectionpool.py:544] http://localhost:3100 "POST /loki/api/v1/push HTTP/1.1" 204 0
2026-01-31 20:51:47 [   DEBUG] [connectionpool.py:544] http://localhost:3100 "POST /loki/api/v1/push HTTP/1.1" 204 0
2026-01-31 20:51:47 [   DEBUG] [connectionpool.py:544] http://localhost:3100 "POST /loki/api/v1/push HTTP/1.1" 204 0
2026-01-31 20:51:47 [   DEBUG] [connectionpool.py:544] http://localhost:3100 "POST /loki/api/v1/push HTTP/1.1" 204 0
2026-01-31 20:51:47 [   DEBUG] [connectionpool.py:544] http://localhost:3100 "POST /loki/api/v1/push HTTP/1.1" 204 0
2026-01-31 20:51:47 [   DEBUG] [connectionpool.py:544] http://localhost:3100 "POST /loki/api/v1/push HTTP/1.1" 204 0
2026-01-31 20:51:47 [   DEBUG] [connectionpool.py:544] http://localhost:3100 "POST /loki/api/v1/push HTTP/1.1" 204 0
2026-01-31 20:51:47 [   DEBUG] [connectionpool.py:544] http://localhost:3100 "POST /loki/api/v1/push HTTP/1.1" 204 0
2026-01-31 20:51:47 [   DEBUG] [connectionpool.py:544] http://localhost:3100 "POST /loki/api/v1/push HTTP/1.1" 204 0
2026-01-31 20:51:47 [   DEBUG] [connectionpool.py:544] http://localhost:3100 "POST /loki/api/v1/push HTTP/1.1" 204 0
2026-01-31 20:51:47 [   DEBUG] [connectionpool.py:544] http://localhost:3100 "POST /loki/api/v1/push HTTP/1.1" 204 0
2026-01-31 20:51:47 [   DEBUG] [connectionpool.py:544] http://localhost:3100 "POST /loki/api/v1/push HTTP/1.1" 204 0
2026-01-31 20:51:47 [   DEBUG] [connectionpool.py:544] http://localhost:3100 "POST /loki/api/v1/push HTTP/1.1" 204 0
2026-01-31 20:51:47 [   DEBUG] [connectionpool.py:544] http://localhost:3100 "POST /loki/api/v1/push HTTP/1.1" 204 0
2026-01-31 20:51:47 [   DEBUG] [connectionpool.py:544] http://localhost:3100 "POST /loki/api/v1/push HTTP/1.1" 204 0
2026-01-31 20:51:47 [   DEBUG] [connectionpool.py:544] http://localhost:3100 "POST /loki/api/v1/push HTTP/1.1" 204 0
2026-01-31 20:51:47 [   DEBUG] [connectionpool.py:544] http://localhost:3100 "POST /loki/api/v1/push HTTP/1.1" 204 0
2026-01-31 20:51:47 [   DEBUG] [connectionpool.py:544] http://localhost:3100 "POST /loki/api/v1/push HTTP/1.1" 204 0
2026-01-31 20:51:47 [   DEBUG] [connectionpool.py:544] http://localhost:3100 "POST /loki/api/v1/push HTTP/1.1" 204 0
2026-01-31 20:51:47 [   DEBUG] [connectionpool.py:544] http://localhost:3100 "POST /loki/api/v1/push HTTP/1.1" 204 0
2026-01-31 20:51:47 [   DEBUG] [connectionpool.py:544] http://localhost:3100 "POST /loki/api/v1/push HTTP/1.1" 204 0
2026-01-31 20:51:47 [   DEBUG] [connectionpool.py:544] http://localhost:3100 "POST /loki/api/v1/push HTTP/1.1" 204 0
2026-01-31 20:51:47 [   DEBUG] [connectionpool.py:544] http://localhost:3100 "POST /loki/api/v1/push HTTP/1.1" 204 0
2026-01-31 20:51:47 [    INFO] [loki.py:36] {'message': 'Batch log 33', 'category': 'user_actions', 'uuid': 'f81ca360-16f5-40fb-a26a-039455113897', 'user_id': 'user_33', 'action': 'batch_test', 'batch_id': 'batch-3', 'item_number': 33}
2026-01-31 20:51:47 [   DEBUG] [connectionpool.py:544] http://localhost:3100 "POST /loki/api/v1/push HTTP/1.1" 204 0
2026-01-31 20:51:47 [   DEBUG] [connectionpool.py:544] http://localhost:3100 "POST /loki/api/v1/push HTTP/1.1" 204 0
2026-01-31 20:51:47 [   DEBUG] [connectionpool.py:544] http://localhost:3100 "POST /loki/api/v1/push HTTP/1.1" 204 0
2026-01-31 20:51:47 [   DEBUG] [connectionpool.py:544] http://localhost:3100 "POST /loki/api/v1/push HTTP/1.1" 204 0
2026-01-31 20:51:47 [   DEBUG] [connectionpool.py:544] http://localhost:3100 "POST /loki/api/v1/push HTTP/1.1" 204 0
2026-01-31 20:51:47 [   DEBUG] [connectionpool.py:544] http://localhost:3100 "POST /loki/api/v1/push HTTP/1.1" 204 0
2026-01-31 20:51:47 [   DEBUG] [connectionpool.py:544] http://localhost:3100 "POST /loki/api/v1/push HTTP/1.1" 204 0
2026-01-31 20:51:47 [   DEBUG] [connectionpool.py:544] http://localhost:3100 "POST /loki/api/v1/push HTTP/1.1" 204 0
2026-01-31 20:51:47 [   DEBUG] [connectionpool.py:544] http://localhost:3100 "POST /loki/api/v1/push HTTP/1.1" 204 0
2026-01-31 20:51:47 [   DEBUG] [connectionpool.py:544] http://localhost:3100 "POST /loki/api/v1/push HTTP/1.1" 204 0
2026-01-31 20:51:47 [   DEBUG] [connectionpool.py:544] http://localhost:3100 "POST /loki/api/v1/push HTTP/1.1" 204 0
2026-01-31 20:51:47 [   DEBUG] [connectionpool.py:544] http://localhost:3100 "POST /loki/api/v1/push HTTP/1.1" 204 0
2026-01-31 20:51:47 [   DEBUG] [connectionpool.py:544] http://localhost:3100 "POST /loki/api/v1/push HTTP/1.1" 204 0
2026-01-31 20:51:47 [   DEBUG] [connectionpool.py:544] http://localhost:3100 "POST /loki/api/v1/push HTTP/1.1" 204 0
2026-01-31 20:51:47 [   DEBUG] [connectionpool.py:544] http://localhost:3100 "POST /loki/api/v1/push HTTP/1.1" 204 0
2026-01-31 20:51:47 [   DEBUG] [connectionpool.py:544] http://localhost:3100 "POST /loki/api/v1/push HTTP/1.1" 204 0
2026-01-31 20:51:47 [   DEBUG] [connectionpool.py:544] http://localhost:3100 "POST /loki/api/v1/push HTTP/1.1" 204 0
2026-01-31 20:51:47 [   DEBUG] [connectionpool.py:544] http://localhost:3100 "POST /loki/api/v1/push HTTP/1.1" 204 0
2026-01-31 20:51:47 [   DEBUG] [connectionpool.py:544] http://localhost:3100 "POST /loki/api/v1/push HTTP/1.1" 204 0
2026-01-31 20:51:47 [   DEBUG] [connectionpool.py:544] http://localhost:3100 "POST /loki/api/v1/push HTTP/1.1" 204 0
2026-01-31 20:51:47 [   DEBUG] [connectionpool.py:544] http://localhost:3100 "POST /loki/api/v1/push HTTP/1.1" 204 0
2026-01-31 20:51:47 [   DEBUG] [connectionpool.py:544] http://localhost:3100 "POST /loki/api/v1/push HTTP/1.1" 204 0
2026-01-31 20:51:47 [   DEBUG] [connectionpool.py:544] http://localhost:3100 "POST /loki/api/v1/push HTTP/1.1" 204 0
2026-01-31 20:51:47 [   DEBUG] [connectionpool.py:544] http://localhost:3100 "POST /loki/api/v1/push HTTP/1.1" 204 0
2026-01-31 20:51:47 [   DEBUG] [connectionpool.py:544] http://localhost:3100 "POST /loki/api/v1/push HTTP/1.1" 204 0
2026-01-31 20:51:47 [    INFO] [loki.py:36] {'message': 'Batch log 34', 'category': 'user_actions', 'uuid': 'b76d1672-8a09-446f-ba7e-bd3854085cc9', 'user_id': 'user_34', 'action': 'batch_test', 'batch_id': 'batch-3', 'item_number': 34}
2026-01-31 20:51:47 [   DEBUG] [connectionpool.py:544] http://localhost:3100 "POST /loki/api/v1/push HTTP/1.1" 204 0
2026-01-31 20:51:47 [   DEBUG] [connectionpool.py:544] http://localhost:3100 "POST /loki/api/v1/push HTTP/1.1" 204 0
2026-01-31 20:51:47 [   DEBUG] [connectionpool.py:544] http://localhost:3100 "POST /loki/api/v1/push HTTP/1.1" 204 0
2026-01-31 20:51:47 [   DEBUG] [connectionpool.py:544] http://localhost:3100 "POST /loki/api/v1/push HTTP/1.1" 204 0
2026-01-31 20:51:47 [   DEBUG] [connectionpool.py:544] http://localhost:3100 "POST /loki/api/v1/push HTTP/1.1" 204 0
2026-01-31 20:51:47 [   DEBUG] [connectionpool.py:544] http://localhost:3100 "POST /loki/api/v1/push HTTP/1.1" 204 0
2026-01-31 20:51:47 [   DEBUG] [connectionpool.py:544] http://localhost:3100 "POST /loki/api/v1/push HTTP/1.1" 204 0
2026-01-31 20:51:47 [   DEBUG] [connectionpool.py:544] http://localhost:3100 "POST /loki/api/v1/push HTTP/1.1" 204 0
2026-01-31 20:51:47 [   DEBUG] [connectionpool.py:544] http://localhost:3100 "POST /loki/api/v1/push HTTP/1.1" 204 0
2026-01-31 20:51:47 [   DEBUG] [connectionpool.py:544] http://localhost:3100 "POST /loki/api/v1/push HTTP/1.1" 204 0
2026-01-31 20:51:47 [   DEBUG] [connectionpool.py:544] http://localhost:3100 "POST /loki/api/v1/push HTTP/1.1" 204 0
2026-01-31 20:51:47 [   DEBUG] [connectionpool.py:544] http://localhost:3100 "POST /loki/api/v1/push HTTP/1.1" 204 0
2026-01-31 20:51:47 [   DEBUG] [connectionpool.py:544] http://localhost:3100 "POST /loki/api/v1/push HTTP/1.1" 204 0
2026-01-31 20:51:47 [   DEBUG] [connectionpool.py:544] http://localhost:3100 "POST /loki/api/v1/push HTTP/1.1" 204 0
2026-01-31 20:51:47 [   DEBUG] [connectionpool.py:544] http://localhost:3100 "POST /loki/api/v1/push HTTP/1.1" 204 0
2026-01-31 20:51:47 [   DEBUG] [connectionpool.py:544] http://localhost:3100 "POST /loki/api/v1/push HTTP/1.1" 204 0
2026-01-31 20:51:47 [   DEBUG] [connectionpool.py:544] http://localhost:3100 "POST /loki/api/v1/push HTTP/1.1" 204 0
2026-01-31 20:51:47 [   DEBUG] [connectionpool.py:544] http://localhost:3100 "POST /loki/api/v1/push HTTP/1.1" 204 0
2026-01-31 20:51:47 [   DEBUG] [connectionpool.py:544] http://localhost:3100 "POST /loki/api/v1/push HTTP/1.1" 204 0
2026-01-31 20:51:47 [   DEBUG] [connectionpool.py:544] http://localhost:3100 "POST /loki/api/v1/push HTTP/1.1" 204 0
2026-01-31 20:51:47 [   DEBUG] [connectionpool.py:544] http://localhost:3100 "POST /loki/api/v1/push HTTP/1.1" 204 0
2026-01-31 20:51:47 [   DEBUG] [connectionpool.py:544] http://localhost:3100 "POST /loki/api/v1/push HTTP/1.1" 204 0
2026-01-31 20:51:47 [   DEBUG] [connectionpool.py:544] http://localhost:3100 "POST /loki/api/v1/push HTTP/1.1" 204 0
2026-01-31 20:51:47 [   DEBUG] [connectionpool.py:544] http://localhost:3100 "POST /loki/api/v1/push HTTP/1.1" 204 0
2026-01-31 20:51:47 [   DEBUG] [connectionpool.py:544] http://localhost:3100 "POST /loki/api/v1/push HTTP/1.1" 204 0
2026-01-31 20:51:47 [    INFO] [loki.py:36] {'message': 'Batch log 35', 'category': 'user_actions', 'uuid': 'a61107fa-059b-4bcf-8809-7d7fa693687a', 'user_id': 'user_35', 'action': 'batch_test', 'batch_id': 'batch-3', 'item_number': 35}
2026-01-31 20:51:47 [   DEBUG] [connectionpool.py:544] http://localhost:3100 "POST /loki/api/v1/push HTTP/1.1" 204 0
2026-01-31 20:51:47 [   DEBUG] [connectionpool.py:544] http://localhost:3100 "POST /loki/api/v1/push HTTP/1.1" 204 0
2026-01-31 20:51:47 [   DEBUG] [connectionpool.py:544] http://localhost:3100 "POST /loki/api/v1/push HTTP/1.1" 204 0
2026-01-31 20:51:47 [   DEBUG] [connectionpool.py:544] http://localhost:3100 "POST /loki/api/v1/push HTTP/1.1" 204 0
2026-01-31 20:51:47 [   DEBUG] [connectionpool.py:544] http://localhost:3100 "POST /loki/api/v1/push HTTP/1.1" 204 0
2026-01-31 20:51:47 [   DEBUG] [connectionpool.py:544] http://localhost:3100 "POST /loki/api/v1/push HTTP/1.1" 204 0
2026-01-31 20:51:47 [   DEBUG] [connectionpool.py:544] http://localhost:3100 "POST /loki/api/v1/push HTTP/1.1" 204 0
2026-01-31 20:51:47 [   DEBUG] [connectionpool.py:544] http://localhost:3100 "POST /loki/api/v1/push HTTP/1.1" 204 0
2026-01-31 20:51:47 [   DEBUG] [connectionpool.py:544] http://localhost:3100 "POST /loki/api/v1/push HTTP/1.1" 204 0
2026-01-31 20:51:47 [   DEBUG] [connectionpool.py:544] http://localhost:3100 "POST /loki/api/v1/push HTTP/1.1" 204 0
2026-01-31 20:51:47 [   DEBUG] [connectionpool.py:544] http://localhost:3100 "POST /loki/api/v1/push HTTP/1.1" 204 0
2026-01-31 20:51:47 [   DEBUG] [connectionpool.py:544] http://localhost:3100 "POST /loki/api/v1/push HTTP/1.1" 204 0
2026-01-31 20:51:47 [   DEBUG] [connectionpool.py:544] http://localhost:3100 "POST /loki/api/v1/push HTTP/1.1" 204 0
2026-01-31 20:51:47 [   DEBUG] [connectionpool.py:544] http://localhost:3100 "POST /loki/api/v1/push HTTP/1.1" 204 0
2026-01-31 20:51:47 [   DEBUG] [connectionpool.py:544] http://localhost:3100 "POST /loki/api/v1/push HTTP/1.1" 204 0
2026-01-31 20:51:47 [   DEBUG] [connectionpool.py:544] http://localhost:3100 "POST /loki/api/v1/push HTTP/1.1" 204 0
2026-01-31 20:51:47 [   DEBUG] [connectionpool.py:544] http://localhost:3100 "POST /loki/api/v1/push HTTP/1.1" 204 0
2026-01-31 20:51:47 [   DEBUG] [connectionpool.py:544] http://localhost:3100 "POST /loki/api/v1/push HTTP/1.1" 204 0
2026-01-31 20:51:47 [   DEBUG] [connectionpool.py:544] http://localhost:3100 "POST /loki/api/v1/push HTTP/1.1" 204 0
2026-01-31 20:51:47 [   DEBUG] [connectionpool.py:544] http://localhost:3100 "POST /loki/api/v1/push HTTP/1.1" 204 0
2026-01-31 20:51:47 [   DEBUG] [connectionpool.py:544] http://localhost:3100 "POST /loki/api/v1/push HTTP/1.1" 204 0
2026-01-31 20:51:47 [   DEBUG] [connectionpool.py:544] http://localhost:3100 "POST /loki/api/v1/push HTTP/1.1" 204 0
2026-01-31 20:51:47 [   DEBUG] [connectionpool.py:544] http://localhost:3100 "POST /loki/api/v1/push HTTP/1.1" 204 0
2026-01-31 20:51:47 [   DEBUG] [connectionpool.py:544] http://localhost:3100 "POST /loki/api/v1/push HTTP/1.1" 204 0
2026-01-31 20:51:47 [   DEBUG] [connectionpool.py:544] http://localhost:3100 "POST /loki/api/v1/push HTTP/1.1" 204 0
2026-01-31 20:51:47 [    INFO] [loki.py:36] {'message': 'Batch log 36', 'category': 'user_actions', 'uuid': '47e14ef8-749e-4c63-be51-62fef05ce4fe', 'user_id': 'user_36', 'action': 'batch_test', 'batch_id': 'batch-3', 'item_number': 36}
2026-01-31 20:51:47 [   DEBUG] [connectionpool.py:544] http://localhost:3100 "POST /loki/api/v1/push HTTP/1.1" 204 0
2026-01-31 20:51:47 [   DEBUG] [connectionpool.py:544] http://localhost:3100 "POST /loki/api/v1/push HTTP/1.1" 204 0
2026-01-31 20:51:47 [   DEBUG] [connectionpool.py:544] http://localhost:3100 "POST /loki/api/v1/push HTTP/1.1" 204 0
2026-01-31 20:51:47 [   DEBUG] [connectionpool.py:544] http://localhost:3100 "POST /loki/api/v1/push HTTP/1.1" 204 0
2026-01-31 20:51:47 [   DEBUG] [connectionpool.py:544] http://localhost:3100 "POST /loki/api/v1/push HTTP/1.1" 204 0
2026-01-31 20:51:47 [   DEBUG] [connectionpool.py:544] http://localhost:3100 "POST /loki/api/v1/push HTTP/1.1" 204 0
2026-01-31 20:51:47 [   DEBUG] [connectionpool.py:544] http://localhost:3100 "POST /loki/api/v1/push HTTP/1.1" 204 0
2026-01-31 20:51:47 [   DEBUG] [connectionpool.py:544] http://localhost:3100 "POST /loki/api/v1/push HTTP/1.1" 204 0
2026-01-31 20:51:47 [   DEBUG] [connectionpool.py:544] http://localhost:3100 "POST /loki/api/v1/push HTTP/1.1" 204 0
2026-01-31 20:51:47 [   DEBUG] [connectionpool.py:544] http://localhost:3100 "POST /loki/api/v1/push HTTP/1.1" 204 0
2026-01-31 20:51:47 [   DEBUG] [connectionpool.py:544] http://localhost:3100 "POST /loki/api/v1/push HTTP/1.1" 204 0
2026-01-31 20:51:47 [   DEBUG] [connectionpool.py:544] http://localhost:3100 "POST /loki/api/v1/push HTTP/1.1" 204 0
2026-01-31 20:51:47 [   DEBUG] [connectionpool.py:544] http://localhost:3100 "POST /loki/api/v1/push HTTP/1.1" 204 0
2026-01-31 20:51:47 [   DEBUG] [connectionpool.py:544] http://localhost:3100 "POST /loki/api/v1/push HTTP/1.1" 204 0
2026-01-31 20:51:47 [   DEBUG] [connectionpool.py:544] http://localhost:3100 "POST /loki/api/v1/push HTTP/1.1" 204 0
2026-01-31 20:51:47 [   DEBUG] [connectionpool.py:544] http://localhost:3100 "POST /loki/api/v1/push HTTP/1.1" 204 0
2026-01-31 20:51:47 [   DEBUG] [connectionpool.py:544] http://localhost:3100 "POST /loki/api/v1/push HTTP/1.1" 204 0
2026-01-31 20:51:47 [   DEBUG] [connectionpool.py:544] http://localhost:3100 "POST /loki/api/v1/push HTTP/1.1" 204 0
2026-01-31 20:51:47 [   DEBUG] [connectionpool.py:544] http://localhost:3100 "POST /loki/api/v1/push HTTP/1.1" 204 0
2026-01-31 20:51:47 [   DEBUG] [connectionpool.py:544] http://localhost:3100 "POST /loki/api/v1/push HTTP/1.1" 204 0
2026-01-31 20:51:47 [   DEBUG] [connectionpool.py:544] http://localhost:3100 "POST /loki/api/v1/push HTTP/1.1" 204 0
2026-01-31 20:51:47 [   DEBUG] [connectionpool.py:544] http://localhost:3100 "POST /loki/api/v1/push HTTP/1.1" 204 0
2026-01-31 20:51:47 [   DEBUG] [connectionpool.py:544] http://localhost:3100 "POST /loki/api/v1/push HTTP/1.1" 204 0
2026-01-31 20:51:47 [   DEBUG] [connectionpool.py:544] http://localhost:3100 "POST /loki/api/v1/push HTTP/1.1" 204 0
2026-01-31 20:51:47 [   DEBUG] [connectionpool.py:544] http://localhost:3100 "POST /loki/api/v1/push HTTP/1.1" 204 0
2026-01-31 20:51:47 [    INFO] [loki.py:36] {'message': 'Batch log 37', 'category': 'user_actions', 'uuid': '965bf99f-44d7-476e-8606-6cc325208d8f', 'user_id': 'user_37', 'action': 'batch_test', 'batch_id': 'batch-3', 'item_number': 37}
2026-01-31 20:51:47 [   DEBUG] [connectionpool.py:544] http://localhost:3100 "POST /loki/api/v1/push HTTP/1.1" 204 0
2026-01-31 20:51:47 [   DEBUG] [connectionpool.py:544] http://localhost:3100 "POST /loki/api/v1/push HTTP/1.1" 204 0
2026-01-31 20:51:47 [   DEBUG] [connectionpool.py:544] http://localhost:3100 "POST /loki/api/v1/push HTTP/1.1" 204 0
2026-01-31 20:51:47 [   DEBUG] [connectionpool.py:544] http://localhost:3100 "POST /loki/api/v1/push HTTP/1.1" 204 0
2026-01-31 20:51:47 [   DEBUG] [connectionpool.py:544] http://localhost:3100 "POST /loki/api/v1/push HTTP/1.1" 204 0
2026-01-31 20:51:47 [   DEBUG] [connectionpool.py:544] http://localhost:3100 "POST /loki/api/v1/push HTTP/1.1" 204 0
2026-01-31 20:51:47 [   DEBUG] [connectionpool.py:544] http://localhost:3100 "POST /loki/api/v1/push HTTP/1.1" 204 0
2026-01-31 20:51:47 [   DEBUG] [connectionpool.py:544] http://localhost:3100 "POST /loki/api/v1/push HTTP/1.1" 204 0
2026-01-31 20:51:47 [   DEBUG] [connectionpool.py:544] http://localhost:3100 "POST /loki/api/v1/push HTTP/1.1" 204 0
2026-01-31 20:51:47 [   DEBUG] [connectionpool.py:544] http://localhost:3100 "POST /loki/api/v1/push HTTP/1.1" 204 0
2026-01-31 20:51:47 [   DEBUG] [connectionpool.py:544] http://localhost:3100 "POST /loki/api/v1/push HTTP/1.1" 204 0
2026-01-31 20:51:47 [   DEBUG] [connectionpool.py:544] http://localhost:3100 "POST /loki/api/v1/push HTTP/1.1" 204 0
2026-01-31 20:51:47 [   DEBUG] [connectionpool.py:544] http://localhost:3100 "POST /loki/api/v1/push HTTP/1.1" 204 0
2026-01-31 20:51:47 [   DEBUG] [connectionpool.py:544] http://localhost:3100 "POST /loki/api/v1/push HTTP/1.1" 204 0
2026-01-31 20:51:47 [   DEBUG] [connectionpool.py:544] http://localhost:3100 "POST /loki/api/v1/push HTTP/1.1" 204 0
2026-01-31 20:51:47 [   DEBUG] [connectionpool.py:544] http://localhost:3100 "POST /loki/api/v1/push HTTP/1.1" 204 0
2026-01-31 20:51:47 [   DEBUG] [connectionpool.py:544] http://localhost:3100 "POST /loki/api/v1/push HTTP/1.1" 204 0
2026-01-31 20:51:47 [   DEBUG] [connectionpool.py:544] http://localhost:3100 "POST /loki/api/v1/push HTTP/1.1" 204 0
2026-01-31 20:51:47 [   DEBUG] [connectionpool.py:544] http://localhost:3100 "POST /loki/api/v1/push HTTP/1.1" 204 0
2026-01-31 20:51:47 [   DEBUG] [connectionpool.py:544] http://localhost:3100 "POST /loki/api/v1/push HTTP/1.1" 204 0
2026-01-31 20:51:47 [   DEBUG] [connectionpool.py:544] http://localhost:3100 "POST /loki/api/v1/push HTTP/1.1" 204 0
2026-01-31 20:51:47 [   DEBUG] [connectionpool.py:544] http://localhost:3100 "POST /loki/api/v1/push HTTP/1.1" 204 0
2026-01-31 20:51:47 [   DEBUG] [connectionpool.py:544] http://localhost:3100 "POST /loki/api/v1/push HTTP/1.1" 204 0
2026-01-31 20:51:47 [   DEBUG] [connectionpool.py:544] http://localhost:3100 "POST /loki/api/v1/push HTTP/1.1" 204 0
2026-01-31 20:51:47 [   DEBUG] [connectionpool.py:544] http://localhost:3100 "POST /loki/api/v1/push HTTP/1.1" 204 0
2026-01-31 20:51:47 [    INFO] [loki.py:36] {'message': 'Batch log 38', 'category': 'user_actions', 'uuid': '527a1604-73d1-4d2a-8c03-03e0355ba436', 'user_id': 'user_38', 'action': 'batch_test', 'batch_id': 'batch-3', 'item_number': 38}
2026-01-31 20:51:47 [   DEBUG] [connectionpool.py:544] http://localhost:3100 "POST /loki/api/v1/push HTTP/1.1" 204 0
2026-01-31 20:51:47 [   DEBUG] [connectionpool.py:544] http://localhost:3100 "POST /loki/api/v1/push HTTP/1.1" 204 0
2026-01-31 20:51:47 [   DEBUG] [connectionpool.py:544] http://localhost:3100 "POST /loki/api/v1/push HTTP/1.1" 204 0
2026-01-31 20:51:47 [   DEBUG] [connectionpool.py:544] http://localhost:3100 "POST /loki/api/v1/push HTTP/1.1" 204 0
2026-01-31 20:51:47 [   DEBUG] [connectionpool.py:544] http://localhost:3100 "POST /loki/api/v1/push HTTP/1.1" 204 0
2026-01-31 20:51:47 [   DEBUG] [connectionpool.py:544] http://localhost:3100 "POST /loki/api/v1/push HTTP/1.1" 204 0
2026-01-31 20:51:47 [   DEBUG] [connectionpool.py:544] http://localhost:3100 "POST /loki/api/v1/push HTTP/1.1" 204 0
2026-01-31 20:51:47 [   DEBUG] [connectionpool.py:544] http://localhost:3100 "POST /loki/api/v1/push HTTP/1.1" 204 0
2026-01-31 20:51:47 [   DEBUG] [connectionpool.py:544] http://localhost:3100 "POST /loki/api/v1/push HTTP/1.1" 204 0
2026-01-31 20:51:47 [   DEBUG] [connectionpool.py:544] http://localhost:3100 "POST /loki/api/v1/push HTTP/1.1" 204 0
2026-01-31 20:51:47 [   DEBUG] [connectionpool.py:544] http://localhost:3100 "POST /loki/api/v1/push HTTP/1.1" 204 0
2026-01-31 20:51:47 [   DEBUG] [connectionpool.py:544] http://localhost:3100 "POST /loki/api/v1/push HTTP/1.1" 204 0
2026-01-31 20:51:47 [   DEBUG] [connectionpool.py:544] http://localhost:3100 "POST /loki/api/v1/push HTTP/1.1" 204 0
2026-01-31 20:51:47 [   DEBUG] [connectionpool.py:544] http://localhost:3100 "POST /loki/api/v1/push HTTP/1.1" 204 0
2026-01-31 20:51:47 [   DEBUG] [connectionpool.py:544] http://localhost:3100 "POST /loki/api/v1/push HTTP/1.1" 204 0
2026-01-31 20:51:47 [   DEBUG] [connectionpool.py:544] http://localhost:3100 "POST /loki/api/v1/push HTTP/1.1" 204 0
2026-01-31 20:51:47 [   DEBUG] [connectionpool.py:544] http://localhost:3100 "POST /loki/api/v1/push HTTP/1.1" 204 0
2026-01-31 20:51:47 [   DEBUG] [connectionpool.py:544] http://localhost:3100 "POST /loki/api/v1/push HTTP/1.1" 204 0
2026-01-31 20:51:47 [   DEBUG] [connectionpool.py:544] http://localhost:3100 "POST /loki/api/v1/push HTTP/1.1" 204 0
2026-01-31 20:51:47 [   DEBUG] [connectionpool.py:544] http://localhost:3100 "POST /loki/api/v1/push HTTP/1.1" 204 0
2026-01-31 20:51:47 [   DEBUG] [connectionpool.py:544] http://localhost:3100 "POST /loki/api/v1/push HTTP/1.1" 204 0
2026-01-31 20:51:47 [   DEBUG] [connectionpool.py:544] http://localhost:3100 "POST /loki/api/v1/push HTTP/1.1" 204 0
2026-01-31 20:51:47 [   DEBUG] [connectionpool.py:544] http://localhost:3100 "POST /loki/api/v1/push HTTP/1.1" 204 0
2026-01-31 20:51:47 [   DEBUG] [connectionpool.py:544] http://localhost:3100 "POST /loki/api/v1/push HTTP/1.1" 204 0
2026-01-31 20:51:47 [   DEBUG] [connectionpool.py:544] http://localhost:3100 "POST /loki/api/v1/push HTTP/1.1" 204 0
2026-01-31 20:51:47 [    INFO] [loki.py:36] {'message': 'Batch log 39', 'category': 'user_actions', 'uuid': '98ae1c0b-8f3b-42c7-a113-240a96f56057', 'user_id': 'user_39', 'action': 'batch_test', 'batch_id': 'batch-3', 'item_number': 39}
2026-01-31 20:51:47 [   DEBUG] [connectionpool.py:544] http://localhost:3100 "POST /loki/api/v1/push HTTP/1.1" 204 0
2026-01-31 20:51:47 [   DEBUG] [connectionpool.py:544] http://localhost:3100 "POST /loki/api/v1/push HTTP/1.1" 204 0
2026-01-31 20:51:47 [   DEBUG] [connectionpool.py:544] http://localhost:3100 "POST /loki/api/v1/push HTTP/1.1" 204 0
2026-01-31 20:51:47 [   DEBUG] [connectionpool.py:544] http://localhost:3100 "POST /loki/api/v1/push HTTP/1.1" 204 0
2026-01-31 20:51:47 [   DEBUG] [connectionpool.py:544] http://localhost:3100 "POST /loki/api/v1/push HTTP/1.1" 204 0
2026-01-31 20:51:47 [   DEBUG] [connectionpool.py:544] http://localhost:3100 "POST /loki/api/v1/push HTTP/1.1" 204 0
2026-01-31 20:51:47 [   DEBUG] [connectionpool.py:544] http://localhost:3100 "POST /loki/api/v1/push HTTP/1.1" 204 0
2026-01-31 20:51:47 [   DEBUG] [connectionpool.py:544] http://localhost:3100 "POST /loki/api/v1/push HTTP/1.1" 204 0
2026-01-31 20:51:47 [   DEBUG] [connectionpool.py:544] http://localhost:3100 "POST /loki/api/v1/push HTTP/1.1" 204 0
2026-01-31 20:51:47 [   DEBUG] [connectionpool.py:544] http://localhost:3100 "POST /loki/api/v1/push HTTP/1.1" 204 0
2026-01-31 20:51:47 [   DEBUG] [connectionpool.py:544] http://localhost:3100 "POST /loki/api/v1/push HTTP/1.1" 204 0
2026-01-31 20:51:47 [   DEBUG] [connectionpool.py:544] http://localhost:3100 "POST /loki/api/v1/push HTTP/1.1" 204 0
2026-01-31 20:51:47 [   DEBUG] [connectionpool.py:544] http://localhost:3100 "POST /loki/api/v1/push HTTP/1.1" 204 0
2026-01-31 20:51:47 [   DEBUG] [connectionpool.py:544] http://localhost:3100 "POST /loki/api/v1/push HTTP/1.1" 204 0
2026-01-31 20:51:47 [   DEBUG] [connectionpool.py:544] http://localhost:3100 "POST /loki/api/v1/push HTTP/1.1" 204 0
2026-01-31 20:51:47 [   DEBUG] [connectionpool.py:544] http://localhost:3100 "POST /loki/api/v1/push HTTP/1.1" 204 0
2026-01-31 20:51:47 [   DEBUG] [connectionpool.py:544] http://localhost:3100 "POST /loki/api/v1/push HTTP/1.1" 204 0
2026-01-31 20:51:47 [   DEBUG] [connectionpool.py:544] http://localhost:3100 "POST /loki/api/v1/push HTTP/1.1" 204 0
2026-01-31 20:51:47 [   DEBUG] [connectionpool.py:544] http://localhost:3100 "POST /loki/api/v1/push HTTP/1.1" 204 0
2026-01-31 20:51:47 [   DEBUG] [connectionpool.py:544] http://localhost:3100 "POST /loki/api/v1/push HTTP/1.1" 204 0
2026-01-31 20:51:47 [   DEBUG] [connectionpool.py:544] http://localhost:3100 "POST /loki/api/v1/push HTTP/1.1" 204 0
2026-01-31 20:51:47 [   DEBUG] [connectionpool.py:544] http://localhost:3100 "POST /loki/api/v1/push HTTP/1.1" 204 0
2026-01-31 20:51:47 [   DEBUG] [connectionpool.py:544] http://localhost:3100 "POST /loki/api/v1/push HTTP/1.1" 204 0
2026-01-31 20:51:47 [   DEBUG] [connectionpool.py:544] http://localhost:3100 "POST /loki/api/v1/push HTTP/1.1" 204 0
2026-01-31 20:51:47 [   DEBUG] [connectionpool.py:544] http://localhost:3100 "POST /loki/api/v1/push HTTP/1.1" 204 0
2026-01-31 20:51:47 [    INFO] [loki.py:36] {'message': 'Batch log 40', 'category': 'user_actions', 'uuid': '383b2cd0-fddd-41da-8b87-738b367f5778', 'user_id': 'user_40', 'action': 'batch_test', 'batch_id': 'batch-4', 'item_number': 40}
2026-01-31 20:51:47 [   DEBUG] [connectionpool.py:544] http://localhost:3100 "POST /loki/api/v1/push HTTP/1.1" 204 0
2026-01-31 20:51:47 [   DEBUG] [connectionpool.py:544] http://localhost:3100 "POST /loki/api/v1/push HTTP/1.1" 204 0
2026-01-31 20:51:47 [   DEBUG] [connectionpool.py:544] http://localhost:3100 "POST /loki/api/v1/push HTTP/1.1" 204 0
2026-01-31 20:51:47 [   DEBUG] [connectionpool.py:544] http://localhost:3100 "POST /loki/api/v1/push HTTP/1.1" 204 0
2026-01-31 20:51:47 [   DEBUG] [connectionpool.py:544] http://localhost:3100 "POST /loki/api/v1/push HTTP/1.1" 204 0
2026-01-31 20:51:47 [   DEBUG] [connectionpool.py:544] http://localhost:3100 "POST /loki/api/v1/push HTTP/1.1" 204 0
2026-01-31 20:51:47 [   DEBUG] [connectionpool.py:544] http://localhost:3100 "POST /loki/api/v1/push HTTP/1.1" 204 0
2026-01-31 20:51:47 [   DEBUG] [connectionpool.py:544] http://localhost:3100 "POST /loki/api/v1/push HTTP/1.1" 204 0
2026-01-31 20:51:47 [   DEBUG] [connectionpool.py:544] http://localhost:3100 "POST /loki/api/v1/push HTTP/1.1" 204 0
2026-01-31 20:51:47 [   DEBUG] [connectionpool.py:544] http://localhost:3100 "POST /loki/api/v1/push HTTP/1.1" 204 0
2026-01-31 20:51:47 [   DEBUG] [connectionpool.py:544] http://localhost:3100 "POST /loki/api/v1/push HTTP/1.1" 204 0
2026-01-31 20:51:47 [   DEBUG] [connectionpool.py:544] http://localhost:3100 "POST /loki/api/v1/push HTTP/1.1" 204 0
2026-01-31 20:51:47 [   DEBUG] [connectionpool.py:544] http://localhost:3100 "POST /loki/api/v1/push HTTP/1.1" 204 0
2026-01-31 20:51:47 [   DEBUG] [connectionpool.py:544] http://localhost:3100 "POST /loki/api/v1/push HTTP/1.1" 204 0
2026-01-31 20:51:47 [   DEBUG] [connectionpool.py:544] http://localhost:3100 "POST /loki/api/v1/push HTTP/1.1" 204 0
2026-01-31 20:51:47 [   DEBUG] [connectionpool.py:544] http://localhost:3100 "POST /loki/api/v1/push HTTP/1.1" 204 0
2026-01-31 20:51:47 [   DEBUG] [connectionpool.py:544] http://localhost:3100 "POST /loki/api/v1/push HTTP/1.1" 204 0
2026-01-31 20:51:47 [   DEBUG] [connectionpool.py:544] http://localhost:3100 "POST /loki/api/v1/push HTTP/1.1" 204 0
2026-01-31 20:51:47 [   DEBUG] [connectionpool.py:544] http://localhost:3100 "POST /loki/api/v1/push HTTP/1.1" 204 0
2026-01-31 20:51:47 [   DEBUG] [connectionpool.py:544] http://localhost:3100 "POST /loki/api/v1/push HTTP/1.1" 204 0
2026-01-31 20:51:47 [   DEBUG] [connectionpool.py:544] http://localhost:3100 "POST /loki/api/v1/push HTTP/1.1" 204 0
2026-01-31 20:51:47 [   DEBUG] [connectionpool.py:544] http://localhost:3100 "POST /loki/api/v1/push HTTP/1.1" 204 0
2026-01-31 20:51:47 [   DEBUG] [connectionpool.py:544] http://localhost:3100 "POST /loki/api/v1/push HTTP/1.1" 204 0
2026-01-31 20:51:47 [   DEBUG] [connectionpool.py:544] http://localhost:3100 "POST /loki/api/v1/push HTTP/1.1" 204 0
2026-01-31 20:51:47 [   DEBUG] [connectionpool.py:544] http://localhost:3100 "POST /loki/api/v1/push HTTP/1.1" 204 0
2026-01-31 20:51:47 [    INFO] [loki.py:36] {'message': 'Batch log 41', 'category': 'user_actions', 'uuid': '54a2048e-558f-4f91-a5a7-28be2eb690e6', 'user_id': 'user_41', 'action': 'batch_test', 'batch_id': 'batch-4', 'item_number': 41}
2026-01-31 20:51:47 [   DEBUG] [connectionpool.py:544] http://localhost:3100 "POST /loki/api/v1/push HTTP/1.1" 204 0
2026-01-31 20:51:47 [   DEBUG] [connectionpool.py:544] http://localhost:3100 "POST /loki/api/v1/push HTTP/1.1" 204 0
2026-01-31 20:51:47 [   DEBUG] [connectionpool.py:544] http://localhost:3100 "POST /loki/api/v1/push HTTP/1.1" 204 0
2026-01-31 20:51:47 [   DEBUG] [connectionpool.py:544] http://localhost:3100 "POST /loki/api/v1/push HTTP/1.1" 204 0
2026-01-31 20:51:47 [   DEBUG] [connectionpool.py:544] http://localhost:3100 "POST /loki/api/v1/push HTTP/1.1" 204 0
2026-01-31 20:51:47 [   DEBUG] [connectionpool.py:544] http://localhost:3100 "POST /loki/api/v1/push HTTP/1.1" 204 0
2026-01-31 20:51:47 [   DEBUG] [connectionpool.py:544] http://localhost:3100 "POST /loki/api/v1/push HTTP/1.1" 204 0
2026-01-31 20:51:47 [   DEBUG] [connectionpool.py:544] http://localhost:3100 "POST /loki/api/v1/push HTTP/1.1" 204 0
2026-01-31 20:51:47 [   DEBUG] [connectionpool.py:544] http://localhost:3100 "POST /loki/api/v1/push HTTP/1.1" 204 0
2026-01-31 20:51:47 [   DEBUG] [connectionpool.py:544] http://localhost:3100 "POST /loki/api/v1/push HTTP/1.1" 204 0
2026-01-31 20:51:47 [   DEBUG] [connectionpool.py:544] http://localhost:3100 "POST /loki/api/v1/push HTTP/1.1" 204 0
2026-01-31 20:51:47 [   DEBUG] [connectionpool.py:544] http://localhost:3100 "POST /loki/api/v1/push HTTP/1.1" 204 0
2026-01-31 20:51:47 [   DEBUG] [connectionpool.py:544] http://localhost:3100 "POST /loki/api/v1/push HTTP/1.1" 204 0
2026-01-31 20:51:47 [   DEBUG] [connectionpool.py:544] http://localhost:3100 "POST /loki/api/v1/push HTTP/1.1" 204 0
2026-01-31 20:51:47 [   DEBUG] [connectionpool.py:544] http://localhost:3100 "POST /loki/api/v1/push HTTP/1.1" 204 0
2026-01-31 20:51:47 [   DEBUG] [connectionpool.py:544] http://localhost:3100 "POST /loki/api/v1/push HTTP/1.1" 204 0
2026-01-31 20:51:47 [   DEBUG] [connectionpool.py:544] http://localhost:3100 "POST /loki/api/v1/push HTTP/1.1" 204 0
2026-01-31 20:51:47 [   DEBUG] [connectionpool.py:544] http://localhost:3100 "POST /loki/api/v1/push HTTP/1.1" 204 0
2026-01-31 20:51:47 [   DEBUG] [connectionpool.py:544] http://localhost:3100 "POST /loki/api/v1/push HTTP/1.1" 204 0
2026-01-31 20:51:47 [   DEBUG] [connectionpool.py:544] http://localhost:3100 "POST /loki/api/v1/push HTTP/1.1" 204 0
2026-01-31 20:51:47 [   DEBUG] [connectionpool.py:544] http://localhost:3100 "POST /loki/api/v1/push HTTP/1.1" 204 0
2026-01-31 20:51:47 [   DEBUG] [connectionpool.py:544] http://localhost:3100 "POST /loki/api/v1/push HTTP/1.1" 204 0
2026-01-31 20:51:47 [   DEBUG] [connectionpool.py:544] http://localhost:3100 "POST /loki/api/v1/push HTTP/1.1" 204 0
2026-01-31 20:51:47 [   DEBUG] [connectionpool.py:544] http://localhost:3100 "POST /loki/api/v1/push HTTP/1.1" 204 0
2026-01-31 20:51:47 [   DEBUG] [connectionpool.py:544] http://localhost:3100 "POST /loki/api/v1/push HTTP/1.1" 204 0
2026-01-31 20:51:47 [    INFO] [loki.py:36] {'message': 'Batch log 42', 'category': 'user_actions', 'uuid': '5383047e-77a8-47c7-acf4-8fcc8819975a', 'user_id': 'user_42', 'action': 'batch_test', 'batch_id': 'batch-4', 'item_number': 42}
2026-01-31 20:51:47 [   DEBUG] [connectionpool.py:544] http://localhost:3100 "POST /loki/api/v1/push HTTP/1.1" 204 0
2026-01-31 20:51:47 [   DEBUG] [connectionpool.py:544] http://localhost:3100 "POST /loki/api/v1/push HTTP/1.1" 204 0
2026-01-31 20:51:47 [   DEBUG] [connectionpool.py:544] http://localhost:3100 "POST /loki/api/v1/push HTTP/1.1" 204 0
2026-01-31 20:51:47 [   DEBUG] [connectionpool.py:544] http://localhost:3100 "POST /loki/api/v1/push HTTP/1.1" 204 0
2026-01-31 20:51:47 [   DEBUG] [connectionpool.py:544] http://localhost:3100 "POST /loki/api/v1/push HTTP/1.1" 204 0
2026-01-31 20:51:47 [   DEBUG] [connectionpool.py:544] http://localhost:3100 "POST /loki/api/v1/push HTTP/1.1" 204 0
2026-01-31 20:51:47 [   DEBUG] [connectionpool.py:544] http://localhost:3100 "POST /loki/api/v1/push HTTP/1.1" 204 0
2026-01-31 20:51:47 [   DEBUG] [connectionpool.py:544] http://localhost:3100 "POST /loki/api/v1/push HTTP/1.1" 204 0
2026-01-31 20:51:47 [   DEBUG] [connectionpool.py:544] http://localhost:3100 "POST /loki/api/v1/push HTTP/1.1" 204 0
2026-01-31 20:51:47 [   DEBUG] [connectionpool.py:544] http://localhost:3100 "POST /loki/api/v1/push HTTP/1.1" 204 0
2026-01-31 20:51:47 [   DEBUG] [connectionpool.py:544] http://localhost:3100 "POST /loki/api/v1/push HTTP/1.1" 204 0
2026-01-31 20:51:47 [   DEBUG] [connectionpool.py:544] http://localhost:3100 "POST /loki/api/v1/push HTTP/1.1" 204 0
2026-01-31 20:51:47 [   DEBUG] [connectionpool.py:544] http://localhost:3100 "POST /loki/api/v1/push HTTP/1.1" 204 0
2026-01-31 20:51:47 [   DEBUG] [connectionpool.py:544] http://localhost:3100 "POST /loki/api/v1/push HTTP/1.1" 204 0
2026-01-31 20:51:47 [   DEBUG] [connectionpool.py:544] http://localhost:3100 "POST /loki/api/v1/push HTTP/1.1" 204 0
2026-01-31 20:51:47 [   DEBUG] [connectionpool.py:544] http://localhost:3100 "POST /loki/api/v1/push HTTP/1.1" 204 0
2026-01-31 20:51:47 [   DEBUG] [connectionpool.py:544] http://localhost:3100 "POST /loki/api/v1/push HTTP/1.1" 204 0
2026-01-31 20:51:47 [   DEBUG] [connectionpool.py:544] http://localhost:3100 "POST /loki/api/v1/push HTTP/1.1" 204 0
2026-01-31 20:51:47 [   DEBUG] [connectionpool.py:544] http://localhost:3100 "POST /loki/api/v1/push HTTP/1.1" 204 0
2026-01-31 20:51:47 [   DEBUG] [connectionpool.py:544] http://localhost:3100 "POST /loki/api/v1/push HTTP/1.1" 204 0
2026-01-31 20:51:47 [   DEBUG] [connectionpool.py:544] http://localhost:3100 "POST /loki/api/v1/push HTTP/1.1" 204 0
2026-01-31 20:51:47 [   DEBUG] [connectionpool.py:544] http://localhost:3100 "POST /loki/api/v1/push HTTP/1.1" 204 0
2026-01-31 20:51:47 [   DEBUG] [connectionpool.py:544] http://localhost:3100 "POST /loki/api/v1/push HTTP/1.1" 204 0
2026-01-31 20:51:47 [   DEBUG] [connectionpool.py:544] http://localhost:3100 "POST /loki/api/v1/push HTTP/1.1" 204 0
2026-01-31 20:51:47 [   DEBUG] [connectionpool.py:544] http://localhost:3100 "POST /loki/api/v1/push HTTP/1.1" 204 0
2026-01-31 20:51:47 [    INFO] [loki.py:36] {'message': 'Batch log 43', 'category': 'user_actions', 'uuid': 'af4e1ed8-0157-400a-8690-c57e2e35e00c', 'user_id': 'user_43', 'action': 'batch_test', 'batch_id': 'batch-4', 'item_number': 43}
2026-01-31 20:51:47 [   DEBUG] [connectionpool.py:544] http://localhost:3100 "POST /loki/api/v1/push HTTP/1.1" 204 0
2026-01-31 20:51:47 [   DEBUG] [connectionpool.py:544] http://localhost:3100 "POST /loki/api/v1/push HTTP/1.1" 204 0
2026-01-31 20:51:47 [   DEBUG] [connectionpool.py:544] http://localhost:3100 "POST /loki/api/v1/push HTTP/1.1" 204 0
2026-01-31 20:51:47 [   DEBUG] [connectionpool.py:544] http://localhost:3100 "POST /loki/api/v1/push HTTP/1.1" 204 0
2026-01-31 20:51:47 [   DEBUG] [connectionpool.py:544] http://localhost:3100 "POST /loki/api/v1/push HTTP/1.1" 204 0
2026-01-31 20:51:47 [   DEBUG] [connectionpool.py:544] http://localhost:3100 "POST /loki/api/v1/push HTTP/1.1" 204 0
2026-01-31 20:51:47 [   DEBUG] [connectionpool.py:544] http://localhost:3100 "POST /loki/api/v1/push HTTP/1.1" 204 0
2026-01-31 20:51:47 [   DEBUG] [connectionpool.py:544] http://localhost:3100 "POST /loki/api/v1/push HTTP/1.1" 204 0
2026-01-31 20:51:47 [   DEBUG] [connectionpool.py:544] http://localhost:3100 "POST /loki/api/v1/push HTTP/1.1" 204 0
2026-01-31 20:51:47 [   DEBUG] [connectionpool.py:544] http://localhost:3100 "POST /loki/api/v1/push HTTP/1.1" 204 0
2026-01-31 20:51:47 [   DEBUG] [connectionpool.py:544] http://localhost:3100 "POST /loki/api/v1/push HTTP/1.1" 204 0
2026-01-31 20:51:47 [   DEBUG] [connectionpool.py:544] http://localhost:3100 "POST /loki/api/v1/push HTTP/1.1" 204 0
2026-01-31 20:51:47 [   DEBUG] [connectionpool.py:544] http://localhost:3100 "POST /loki/api/v1/push HTTP/1.1" 204 0
2026-01-31 20:51:47 [   DEBUG] [connectionpool.py:544] http://localhost:3100 "POST /loki/api/v1/push HTTP/1.1" 204 0
2026-01-31 20:51:47 [   DEBUG] [connectionpool.py:544] http://localhost:3100 "POST /loki/api/v1/push HTTP/1.1" 204 0
2026-01-31 20:51:47 [   DEBUG] [connectionpool.py:544] http://localhost:3100 "POST /loki/api/v1/push HTTP/1.1" 204 0
2026-01-31 20:51:47 [   DEBUG] [connectionpool.py:544] http://localhost:3100 "POST /loki/api/v1/push HTTP/1.1" 204 0
2026-01-31 20:51:47 [   DEBUG] [connectionpool.py:544] http://localhost:3100 "POST /loki/api/v1/push HTTP/1.1" 204 0
2026-01-31 20:51:47 [   DEBUG] [connectionpool.py:544] http://localhost:3100 "POST /loki/api/v1/push HTTP/1.1" 204 0
2026-01-31 20:51:47 [   DEBUG] [connectionpool.py:544] http://localhost:3100 "POST /loki/api/v1/push HTTP/1.1" 204 0
2026-01-31 20:51:47 [   DEBUG] [connectionpool.py:544] http://localhost:3100 "POST /loki/api/v1/push HTTP/1.1" 204 0
2026-01-31 20:51:47 [   DEBUG] [connectionpool.py:544] http://localhost:3100 "POST /loki/api/v1/push HTTP/1.1" 204 0
2026-01-31 20:51:47 [   DEBUG] [connectionpool.py:544] http://localhost:3100 "POST /loki/api/v1/push HTTP/1.1" 204 0
2026-01-31 20:51:47 [   DEBUG] [connectionpool.py:544] http://localhost:3100 "POST /loki/api/v1/push HTTP/1.1" 204 0
2026-01-31 20:51:47 [   DEBUG] [connectionpool.py:544] http://localhost:3100 "POST /loki/api/v1/push HTTP/1.1" 204 0
2026-01-31 20:51:47 [    INFO] [loki.py:36] {'message': 'Batch log 44', 'category': 'user_actions', 'uuid': 'd8b6b5e4-a5c9-4945-809c-d48c2f7e9f5f', 'user_id': 'user_44', 'action': 'batch_test', 'batch_id': 'batch-4', 'item_number': 44}
2026-01-31 20:51:47 [   DEBUG] [connectionpool.py:544] http://localhost:3100 "POST /loki/api/v1/push HTTP/1.1" 204 0
2026-01-31 20:51:47 [   DEBUG] [connectionpool.py:544] http://localhost:3100 "POST /loki/api/v1/push HTTP/1.1" 204 0
2026-01-31 20:51:47 [   DEBUG] [connectionpool.py:544] http://localhost:3100 "POST /loki/api/v1/push HTTP/1.1" 204 0
2026-01-31 20:51:47 [   DEBUG] [connectionpool.py:544] http://localhost:3100 "POST /loki/api/v1/push HTTP/1.1" 204 0
2026-01-31 20:51:47 [   DEBUG] [connectionpool.py:544] http://localhost:3100 "POST /loki/api/v1/push HTTP/1.1" 204 0
2026-01-31 20:51:47 [   DEBUG] [connectionpool.py:544] http://localhost:3100 "POST /loki/api/v1/push HTTP/1.1" 204 0
2026-01-31 20:51:47 [   DEBUG] [connectionpool.py:544] http://localhost:3100 "POST /loki/api/v1/push HTTP/1.1" 204 0
2026-01-31 20:51:47 [   DEBUG] [connectionpool.py:544] http://localhost:3100 "POST /loki/api/v1/push HTTP/1.1" 204 0
2026-01-31 20:51:47 [   DEBUG] [connectionpool.py:544] http://localhost:3100 "POST /loki/api/v1/push HTTP/1.1" 204 0
2026-01-31 20:51:47 [   DEBUG] [connectionpool.py:544] http://localhost:3100 "POST /loki/api/v1/push HTTP/1.1" 204 0
2026-01-31 20:51:47 [   DEBUG] [connectionpool.py:544] http://localhost:3100 "POST /loki/api/v1/push HTTP/1.1" 204 0
2026-01-31 20:51:47 [   DEBUG] [connectionpool.py:544] http://localhost:3100 "POST /loki/api/v1/push HTTP/1.1" 204 0
2026-01-31 20:51:47 [   DEBUG] [connectionpool.py:544] http://localhost:3100 "POST /loki/api/v1/push HTTP/1.1" 204 0
2026-01-31 20:51:47 [   DEBUG] [connectionpool.py:544] http://localhost:3100 "POST /loki/api/v1/push HTTP/1.1" 204 0
2026-01-31 20:51:47 [   DEBUG] [connectionpool.py:544] http://localhost:3100 "POST /loki/api/v1/push HTTP/1.1" 204 0
2026-01-31 20:51:47 [   DEBUG] [connectionpool.py:544] http://localhost:3100 "POST /loki/api/v1/push HTTP/1.1" 204 0
2026-01-31 20:51:47 [   DEBUG] [connectionpool.py:544] http://localhost:3100 "POST /loki/api/v1/push HTTP/1.1" 204 0
2026-01-31 20:51:47 [   DEBUG] [connectionpool.py:544] http://localhost:3100 "POST /loki/api/v1/push HTTP/1.1" 204 0
2026-01-31 20:51:47 [   DEBUG] [connectionpool.py:544] http://localhost:3100 "POST /loki/api/v1/push HTTP/1.1" 204 0
2026-01-31 20:51:47 [   DEBUG] [connectionpool.py:544] http://localhost:3100 "POST /loki/api/v1/push HTTP/1.1" 204 0
2026-01-31 20:51:47 [   DEBUG] [connectionpool.py:544] http://localhost:3100 "POST /loki/api/v1/push HTTP/1.1" 204 0
2026-01-31 20:51:47 [   DEBUG] [connectionpool.py:544] http://localhost:3100 "POST /loki/api/v1/push HTTP/1.1" 204 0
2026-01-31 20:51:47 [   DEBUG] [connectionpool.py:544] http://localhost:3100 "POST /loki/api/v1/push HTTP/1.1" 204 0
2026-01-31 20:51:47 [   DEBUG] [connectionpool.py:544] http://localhost:3100 "POST /loki/api/v1/push HTTP/1.1" 204 0
2026-01-31 20:51:47 [   DEBUG] [connectionpool.py:544] http://localhost:3100 "POST /loki/api/v1/push HTTP/1.1" 204 0
2026-01-31 20:51:47 [    INFO] [loki.py:36] {'message': 'Batch log 45', 'category': 'user_actions', 'uuid': '182b39d3-9a7a-4615-bde0-757411348f92', 'user_id': 'user_45', 'action': 'batch_test', 'batch_id': 'batch-4', 'item_number': 45}
2026-01-31 20:51:47 [   DEBUG] [connectionpool.py:544] http://localhost:3100 "POST /loki/api/v1/push HTTP/1.1" 204 0
2026-01-31 20:51:47 [   DEBUG] [connectionpool.py:544] http://localhost:3100 "POST /loki/api/v1/push HTTP/1.1" 204 0
2026-01-31 20:51:47 [   DEBUG] [connectionpool.py:544] http://localhost:3100 "POST /loki/api/v1/push HTTP/1.1" 204 0
2026-01-31 20:51:47 [   DEBUG] [connectionpool.py:544] http://localhost:3100 "POST /loki/api/v1/push HTTP/1.1" 204 0
2026-01-31 20:51:47 [   DEBUG] [connectionpool.py:544] http://localhost:3100 "POST /loki/api/v1/push HTTP/1.1" 204 0
2026-01-31 20:51:47 [   DEBUG] [connectionpool.py:544] http://localhost:3100 "POST /loki/api/v1/push HTTP/1.1" 204 0
2026-01-31 20:51:47 [   DEBUG] [connectionpool.py:544] http://localhost:3100 "POST /loki/api/v1/push HTTP/1.1" 204 0
2026-01-31 20:51:47 [   DEBUG] [connectionpool.py:544] http://localhost:3100 "POST /loki/api/v1/push HTTP/1.1" 204 0
2026-01-31 20:51:47 [   DEBUG] [connectionpool.py:544] http://localhost:3100 "POST /loki/api/v1/push HTTP/1.1" 204 0
2026-01-31 20:51:47 [   DEBUG] [connectionpool.py:544] http://localhost:3100 "POST /loki/api/v1/push HTTP/1.1" 204 0
2026-01-31 20:51:47 [   DEBUG] [connectionpool.py:544] http://localhost:3100 "POST /loki/api/v1/push HTTP/1.1" 204 0
2026-01-31 20:51:47 [   DEBUG] [connectionpool.py:544] http://localhost:3100 "POST /loki/api/v1/push HTTP/1.1" 204 0
2026-01-31 20:51:47 [   DEBUG] [connectionpool.py:544] http://localhost:3100 "POST /loki/api/v1/push HTTP/1.1" 204 0
2026-01-31 20:51:47 [   DEBUG] [connectionpool.py:544] http://localhost:3100 "POST /loki/api/v1/push HTTP/1.1" 204 0
2026-01-31 20:51:47 [   DEBUG] [connectionpool.py:544] http://localhost:3100 "POST /loki/api/v1/push HTTP/1.1" 204 0
2026-01-31 20:51:47 [   DEBUG] [connectionpool.py:544] http://localhost:3100 "POST /loki/api/v1/push HTTP/1.1" 204 0
2026-01-31 20:51:47 [   DEBUG] [connectionpool.py:544] http://localhost:3100 "POST /loki/api/v1/push HTTP/1.1" 204 0
2026-01-31 20:51:47 [   DEBUG] [connectionpool.py:544] http://localhost:3100 "POST /loki/api/v1/push HTTP/1.1" 204 0
2026-01-31 20:51:47 [   DEBUG] [connectionpool.py:544] http://localhost:3100 "POST /loki/api/v1/push HTTP/1.1" 204 0
2026-01-31 20:51:47 [   DEBUG] [connectionpool.py:544] http://localhost:3100 "POST /loki/api/v1/push HTTP/1.1" 204 0
2026-01-31 20:51:47 [   DEBUG] [connectionpool.py:544] http://localhost:3100 "POST /loki/api/v1/push HTTP/1.1" 204 0
2026-01-31 20:51:47 [   DEBUG] [connectionpool.py:544] http://localhost:3100 "POST /loki/api/v1/push HTTP/1.1" 204 0
2026-01-31 20:51:47 [   DEBUG] [connectionpool.py:544] http://localhost:3100 "POST /loki/api/v1/push HTTP/1.1" 204 0
2026-01-31 20:51:47 [   DEBUG] [connectionpool.py:544] http://localhost:3100 "POST /loki/api/v1/push HTTP/1.1" 204 0
2026-01-31 20:51:47 [   DEBUG] [connectionpool.py:544] http://localhost:3100 "POST /loki/api/v1/push HTTP/1.1" 204 0
2026-01-31 20:51:47 [    INFO] [loki.py:36] {'message': 'Batch log 46', 'category': 'user_actions', 'uuid': 'abafe399-57b1-4c04-ab9b-fa225146f758', 'user_id': 'user_46', 'action': 'batch_test', 'batch_id': 'batch-4', 'item_number': 46}
2026-01-31 20:51:47 [   DEBUG] [connectionpool.py:544] http://localhost:3100 "POST /loki/api/v1/push HTTP/1.1" 204 0
2026-01-31 20:51:47 [   DEBUG] [connectionpool.py:544] http://localhost:3100 "POST /loki/api/v1/push HTTP/1.1" 204 0
2026-01-31 20:51:48 [   DEBUG] [connectionpool.py:544] http://localhost:3100 "POST /loki/api/v1/push HTTP/1.1" 204 0
2026-01-31 20:51:48 [   DEBUG] [connectionpool.py:544] http://localhost:3100 "POST /loki/api/v1/push HTTP/1.1" 204 0
2026-01-31 20:51:48 [   DEBUG] [connectionpool.py:544] http://localhost:3100 "POST /loki/api/v1/push HTTP/1.1" 204 0
2026-01-31 20:51:48 [   DEBUG] [connectionpool.py:544] http://localhost:3100 "POST /loki/api/v1/push HTTP/1.1" 204 0
2026-01-31 20:51:48 [   DEBUG] [connectionpool.py:544] http://localhost:3100 "POST /loki/api/v1/push HTTP/1.1" 204 0
2026-01-31 20:51:48 [   DEBUG] [connectionpool.py:544] http://localhost:3100 "POST /loki/api/v1/push HTTP/1.1" 204 0
2026-01-31 20:51:48 [   DEBUG] [connectionpool.py:544] http://localhost:3100 "POST /loki/api/v1/push HTTP/1.1" 204 0
2026-01-31 20:51:48 [   DEBUG] [connectionpool.py:544] http://localhost:3100 "POST /loki/api/v1/push HTTP/1.1" 204 0
2026-01-31 20:51:48 [   DEBUG] [connectionpool.py:544] http://localhost:3100 "POST /loki/api/v1/push HTTP/1.1" 204 0
2026-01-31 20:51:48 [   DEBUG] [connectionpool.py:544] http://localhost:3100 "POST /loki/api/v1/push HTTP/1.1" 204 0
2026-01-31 20:51:48 [   DEBUG] [connectionpool.py:544] http://localhost:3100 "POST /loki/api/v1/push HTTP/1.1" 204 0
2026-01-31 20:51:48 [   DEBUG] [connectionpool.py:544] http://localhost:3100 "POST /loki/api/v1/push HTTP/1.1" 204 0
2026-01-31 20:51:48 [   DEBUG] [connectionpool.py:544] http://localhost:3100 "POST /loki/api/v1/push HTTP/1.1" 204 0
2026-01-31 20:51:48 [   DEBUG] [connectionpool.py:544] http://localhost:3100 "POST /loki/api/v1/push HTTP/1.1" 204 0
2026-01-31 20:51:48 [   DEBUG] [connectionpool.py:544] http://localhost:3100 "POST /loki/api/v1/push HTTP/1.1" 204 0
2026-01-31 20:51:48 [   DEBUG] [connectionpool.py:544] http://localhost:3100 "POST /loki/api/v1/push HTTP/1.1" 204 0
2026-01-31 20:51:48 [   DEBUG] [connectionpool.py:544] http://localhost:3100 "POST /loki/api/v1/push HTTP/1.1" 204 0
2026-01-31 20:51:48 [   DEBUG] [connectionpool.py:544] http://localhost:3100 "POST /loki/api/v1/push HTTP/1.1" 204 0
2026-01-31 20:51:48 [   DEBUG] [connectionpool.py:544] http://localhost:3100 "POST /loki/api/v1/push HTTP/1.1" 204 0
2026-01-31 20:51:48 [   DEBUG] [connectionpool.py:544] http://localhost:3100 "POST /loki/api/v1/push HTTP/1.1" 204 0
2026-01-31 20:51:48 [   DEBUG] [connectionpool.py:544] http://localhost:3100 "POST /loki/api/v1/push HTTP/1.1" 204 0
2026-01-31 20:51:48 [   DEBUG] [connectionpool.py:544] http://localhost:3100 "POST /loki/api/v1/push HTTP/1.1" 204 0
2026-01-31 20:51:48 [   DEBUG] [connectionpool.py:544] http://localhost:3100 "POST /loki/api/v1/push HTTP/1.1" 204 0
2026-01-31 20:51:47 [    INFO] [loki.py:36] {'message': 'Batch log 47', 'category': 'user_actions', 'uuid': '888f244d-30f0-4056-9c9e-8ea3a6265fd0', 'user_id': 'user_47', 'action': 'batch_test', 'batch_id': 'batch-4', 'item_number': 47}
2026-01-31 20:51:48 [   DEBUG] [connectionpool.py:544] http://localhost:3100 "POST /loki/api/v1/push HTTP/1.1" 204 0
2026-01-31 20:51:48 [   DEBUG] [connectionpool.py:544] http://localhost:3100 "POST /loki/api/v1/push HTTP/1.1" 204 0
2026-01-31 20:51:48 [   DEBUG] [connectionpool.py:544] http://localhost:3100 "POST /loki/api/v1/push HTTP/1.1" 204 0
2026-01-31 20:51:48 [   DEBUG] [connectionpool.py:544] http://localhost:3100 "POST /loki/api/v1/push HTTP/1.1" 204 0
2026-01-31 20:51:48 [   DEBUG] [connectionpool.py:544] http://localhost:3100 "POST /loki/api/v1/push HTTP/1.1" 204 0
2026-01-31 20:51:48 [   DEBUG] [connectionpool.py:544] http://localhost:3100 "POST /loki/api/v1/push HTTP/1.1" 204 0
2026-01-31 20:51:48 [   DEBUG] [connectionpool.py:544] http://localhost:3100 "POST /loki/api/v1/push HTTP/1.1" 204 0
2026-01-31 20:51:48 [   DEBUG] [connectionpool.py:544] http://localhost:3100 "POST /loki/api/v1/push HTTP/1.1" 204 0
2026-01-31 20:51:48 [   DEBUG] [connectionpool.py:544] http://localhost:3100 "POST /loki/api/v1/push HTTP/1.1" 204 0
2026-01-31 20:51:48 [   DEBUG] [connectionpool.py:544] http://localhost:3100 "POST /loki/api/v1/push HTTP/1.1" 204 0
2026-01-31 20:51:48 [   DEBUG] [connectionpool.py:544] http://localhost:3100 "POST /loki/api/v1/push HTTP/1.1" 204 0
2026-01-31 20:51:48 [   DEBUG] [connectionpool.py:544] http://localhost:3100 "POST /loki/api/v1/push HTTP/1.1" 204 0
2026-01-31 20:51:48 [   DEBUG] [connectionpool.py:544] http://localhost:3100 "POST /loki/api/v1/push HTTP/1.1" 204 0
2026-01-31 20:51:48 [   DEBUG] [connectionpool.py:544] http://localhost:3100 "POST /loki/api/v1/push HTTP/1.1" 204 0
2026-01-31 20:51:48 [   DEBUG] [connectionpool.py:544] http://localhost:3100 "POST /loki/api/v1/push HTTP/1.1" 204 0
2026-01-31 20:51:48 [   DEBUG] [connectionpool.py:544] http://localhost:3100 "POST /loki/api/v1/push HTTP/1.1" 204 0
2026-01-31 20:51:48 [   DEBUG] [connectionpool.py:544] http://localhost:3100 "POST /loki/api/v1/push HTTP/1.1" 204 0
2026-01-31 20:51:48 [   DEBUG] [connectionpool.py:544] http://localhost:3100 "POST /loki/api/v1/push HTTP/1.1" 204 0
2026-01-31 20:51:48 [   DEBUG] [connectionpool.py:544] http://localhost:3100 "POST /loki/api/v1/push HTTP/1.1" 204 0
2026-01-31 20:51:48 [   DEBUG] [connectionpool.py:544] http://localhost:3100 "POST /loki/api/v1/push HTTP/1.1" 204 0
2026-01-31 20:51:48 [   DEBUG] [connectionpool.py:544] http://localhost:3100 "POST /loki/api/v1/push HTTP/1.1" 204 0
2026-01-31 20:51:48 [   DEBUG] [connectionpool.py:544] http://localhost:3100 "POST /loki/api/v1/push HTTP/1.1" 204 0
2026-01-31 20:51:48 [   DEBUG] [connectionpool.py:544] http://localhost:3100 "POST /loki/api/v1/push HTTP/1.1" 204 0
2026-01-31 20:51:48 [   DEBUG] [connectionpool.py:544] http://localhost:3100 "POST /loki/api/v1/push HTTP/1.1" 204 0
2026-01-31 20:51:48 [   DEBUG] [connectionpool.py:544] http://localhost:3100 "POST /loki/api/v1/push HTTP/1.1" 204 0
2026-01-31 20:51:48 [    INFO] [loki.py:36] {'message': 'Batch log 48', 'category': 'user_actions', 'uuid': 'aed9dfe6-708d-410a-8c5d-a4e412a6aa93', 'user_id': 'user_48', 'action': 'batch_test', 'batch_id': 'batch-4', 'item_number': 48}
2026-01-31 20:51:48 [   DEBUG] [connectionpool.py:544] http://localhost:3100 "POST /loki/api/v1/push HTTP/1.1" 204 0
2026-01-31 20:51:48 [   DEBUG] [connectionpool.py:544] http://localhost:3100 "POST /loki/api/v1/push HTTP/1.1" 204 0
2026-01-31 20:51:48 [   DEBUG] [connectionpool.py:544] http://localhost:3100 "POST /loki/api/v1/push HTTP/1.1" 204 0
2026-01-31 20:51:48 [   DEBUG] [connectionpool.py:544] http://localhost:3100 "POST /loki/api/v1/push HTTP/1.1" 204 0
2026-01-31 20:51:48 [   DEBUG] [connectionpool.py:544] http://localhost:3100 "POST /loki/api/v1/push HTTP/1.1" 204 0
2026-01-31 20:51:48 [   DEBUG] [connectionpool.py:544] http://localhost:3100 "POST /loki/api/v1/push HTTP/1.1" 204 0
2026-01-31 20:51:48 [   DEBUG] [connectionpool.py:544] http://localhost:3100 "POST /loki/api/v1/push HTTP/1.1" 204 0
2026-01-31 20:51:48 [   DEBUG] [connectionpool.py:544] http://localhost:3100 "POST /loki/api/v1/push HTTP/1.1" 204 0
2026-01-31 20:51:48 [   DEBUG] [connectionpool.py:544] http://localhost:3100 "POST /loki/api/v1/push HTTP/1.1" 204 0
2026-01-31 20:51:48 [   DEBUG] [connectionpool.py:544] http://localhost:3100 "POST /loki/api/v1/push HTTP/1.1" 204 0
2026-01-31 20:51:48 [   DEBUG] [connectionpool.py:544] http://localhost:3100 "POST /loki/api/v1/push HTTP/1.1" 204 0
2026-01-31 20:51:48 [   DEBUG] [connectionpool.py:544] http://localhost:3100 "POST /loki/api/v1/push HTTP/1.1" 204 0
2026-01-31 20:51:48 [   DEBUG] [connectionpool.py:544] http://localhost:3100 "POST /loki/api/v1/push HTTP/1.1" 204 0
2026-01-31 20:51:48 [   DEBUG] [connectionpool.py:544] http://localhost:3100 "POST /loki/api/v1/push HTTP/1.1" 204 0
2026-01-31 20:51:48 [   DEBUG] [connectionpool.py:544] http://localhost:3100 "POST /loki/api/v1/push HTTP/1.1" 204 0
2026-01-31 20:51:48 [   DEBUG] [connectionpool.py:544] http://localhost:3100 "POST /loki/api/v1/push HTTP/1.1" 204 0
2026-01-31 20:51:48 [   DEBUG] [connectionpool.py:544] http://localhost:3100 "POST /loki/api/v1/push HTTP/1.1" 204 0
2026-01-31 20:51:48 [   DEBUG] [connectionpool.py:544] http://localhost:3100 "POST /loki/api/v1/push HTTP/1.1" 204 0
2026-01-31 20:51:48 [   DEBUG] [connectionpool.py:544] http://localhost:3100 "POST /loki/api/v1/push HTTP/1.1" 204 0
2026-01-31 20:51:48 [   DEBUG] [connectionpool.py:544] http://localhost:3100 "POST /loki/api/v1/push HTTP/1.1" 204 0
2026-01-31 20:51:48 [   DEBUG] [connectionpool.py:544] http://localhost:3100 "POST /loki/api/v1/push HTTP/1.1" 204 0
2026-01-31 20:51:48 [   DEBUG] [connectionpool.py:544] http://localhost:3100 "POST /loki/api/v1/push HTTP/1.1" 204 0
2026-01-31 20:51:48 [   DEBUG] [connectionpool.py:544] http://localhost:3100 "POST /loki/api/v1/push HTTP/1.1" 204 0
2026-01-31 20:51:48 [   DEBUG] [connectionpool.py:544] http://localhost:3100 "POST /loki/api/v1/push HTTP/1.1" 204 0
2026-01-31 20:51:48 [   DEBUG] [connectionpool.py:544] http://localhost:3100 "POST /loki/api/v1/push HTTP/1.1" 204 0
2026-01-31 20:51:48 [    INFO] [loki.py:36] {'message': 'Batch log 49', 'category': 'user_actions', 'uuid': 'c83c5eaf-7b30-4108-9c53-39b9689e9958', 'user_id': 'user_49', 'action': 'batch_test', 'batch_id': 'batch-4', 'item_number': 49}
2026-01-31 20:51:48 [   DEBUG] [connectionpool.py:544] http://localhost:3100 "POST /loki/api/v1/push HTTP/1.1" 204 0
2026-01-31 20:51:48 [   DEBUG] [connectionpool.py:544] http://localhost:3100 "POST /loki/api/v1/push HTTP/1.1" 204 0
2026-01-31 20:51:48 [   DEBUG] [connectionpool.py:544] http://localhost:3100 "POST /loki/api/v1/push HTTP/1.1" 204 0
2026-01-31 20:51:48 [   DEBUG] [connectionpool.py:544] http://localhost:3100 "POST /loki/api/v1/push HTTP/1.1" 204 0
2026-01-31 20:51:48 [   DEBUG] [connectionpool.py:544] http://localhost:3100 "POST /loki/api/v1/push HTTP/1.1" 204 0
2026-01-31 20:51:48 [   DEBUG] [connectionpool.py:544] http://localhost:3100 "POST /loki/api/v1/push HTTP/1.1" 204 0
2026-01-31 20:51:48 [   DEBUG] [connectionpool.py:544] http://localhost:3100 "POST /loki/api/v1/push HTTP/1.1" 204 0
2026-01-31 20:51:48 [   DEBUG] [connectionpool.py:544] http://localhost:3100 "POST /loki/api/v1/push HTTP/1.1" 204 0
2026-01-31 20:51:48 [   DEBUG] [connectionpool.py:544] http://localhost:3100 "POST /loki/api/v1/push HTTP/1.1" 204 0
2026-01-31 20:51:48 [   DEBUG] [connectionpool.py:544] http://localhost:3100 "POST /loki/api/v1/push HTTP/1.1" 204 0
2026-01-31 20:51:48 [   DEBUG] [connectionpool.py:544] http://localhost:3100 "POST /loki/api/v1/push HTTP/1.1" 204 0
2026-01-31 20:51:48 [   DEBUG] [connectionpool.py:544] http://localhost:3100 "POST /loki/api/v1/push HTTP/1.1" 204 0
2026-01-31 20:51:48 [   DEBUG] [connectionpool.py:544] http://localhost:3100 "POST /loki/api/v1/push HTTP/1.1" 204 0
2026-01-31 20:51:48 [   DEBUG] [connectionpool.py:544] http://localhost:3100 "POST /loki/api/v1/push HTTP/1.1" 204 0
2026-01-31 20:51:48 [   DEBUG] [connectionpool.py:544] http://localhost:3100 "POST /loki/api/v1/push HTTP/1.1" 204 0
2026-01-31 20:51:48 [   DEBUG] [connectionpool.py:544] http://localhost:3100 "POST /loki/api/v1/push HTTP/1.1" 204 0
2026-01-31 20:51:48 [   DEBUG] [connectionpool.py:544] http://localhost:3100 "POST /loki/api/v1/push HTTP/1.1" 204 0
2026-01-31 20:51:48 [   DEBUG] [connectionpool.py:544] http://localhost:3100 "POST /loki/api/v1/push HTTP/1.1" 204 0
2026-01-31 20:51:48 [   DEBUG] [connectionpool.py:544] http://localhost:3100 "POST /loki/api/v1/push HTTP/1.1" 204 0
2026-01-31 20:51:48 [   DEBUG] [connectionpool.py:544] http://localhost:3100 "POST /loki/api/v1/push HTTP/1.1" 204 0
2026-01-31 20:51:48 [   DEBUG] [connectionpool.py:544] http://localhost:3100 "POST /loki/api/v1/push HTTP/1.1" 204 0
2026-01-31 20:51:48 [   DEBUG] [connectionpool.py:544] http://localhost:3100 "POST /loki/api/v1/push HTTP/1.1" 204 0
2026-01-31 20:51:48 [   DEBUG] [connectionpool.py:544] http://localhost:3100 "POST /loki/api/v1/push HTTP/1.1" 204 0
2026-01-31 20:51:48 [   DEBUG] [connectionpool.py:544] http://localhost:3100 "POST /loki/api/v1/push HTTP/1.1" 204 0
2026-01-31 20:51:48 [   DEBUG] [connectionpool.py:544] http://localhost:3100 "POST /loki/api/v1/push HTTP/1.1" 204 0
2026-01-31 20:51:48 [   DEBUG] [connectionpool.py:241] Starting new HTTP connection (1): localhost:3100
2026-01-31 20:51:48 [   DEBUG] [connectionpool.py:544] http://localhost:3100 "POST /loki/api/v1/push HTTP/1.1" 204 0
2026-01-31 20:51:48 [    INFO] [loki.py:36] {'message': 'Test message with UUID', 'category': 'user_actions', 'uuid': '90871738-f1de-42de-bc39-e904fcda7e86', 'user_id': 'user123', 'action': 'test'}
2026-01-31 20:51:48 [   DEBUG] [connectionpool.py:544] http://localhost:3100 "POST /loki/api/v1/push HTTP/1.1" 204 0
2026-01-31 20:51:48 [   DEBUG] [connectionpool.py:544] http://localhost:3100 "POST /loki/api/v1/push HTTP/1.1" 204 0
2026-01-31 20:51:48 [   DEBUG] [connectionpool.py:544] http://localhost:3100 "POST /loki/api/v1/push HTTP/1.1" 204 0
2026-01-31 20:51:48 [   DEBUG] [connectionpool.py:544] http://localhost:3100 "POST /loki/api/v1/push HTTP/1.1" 204 0
2026-01-31 20:51:48 [   DEBUG] [connectionpool.py:544] http://localhost:3100 "POST /loki/api/v1/push HTTP/1.1" 204 0
2026-01-31 20:51:48 [   DEBUG] [connectionpool.py:544] http://localhost:3100 "POST /loki/api/v1/push HTTP/1.1" 204 0
2026-01-31 20:51:48 [   DEBUG] [connectionpool.py:544] http://localhost:3100 "POST /loki/api/v1/push HTTP/1.1" 204 0
2026-01-31 20:51:48 [   DEBUG] [connectionpool.py:544] http://localhost:3100 "POST /loki/api/v1/push HTTP/1.1" 204 0
2026-01-31 20:51:48 [   DEBUG] [connectionpool.py:544] http://localhost:3100 "POST /loki/api/v1/push HTTP/1.1" 204 0
2026-01-31 20:51:48 [   DEBUG] [connectionpool.py:544] http://localhost:3100 "POST /loki/api/v1/push HTTP/1.1" 204 0
2026-01-31 20:51:48 [   DEBUG] [connectionpool.py:544] http://localhost:3100 "POST /loki/api/v1/push HTTP/1.1" 204 0
2026-01-31 20:51:48 [   DEBUG] [connectionpool.py:544] http://localhost:3100 "POST /loki/api/v1/push HTTP/1.1" 204 0
2026-01-31 20:51:48 [   DEBUG] [connectionpool.py:544] http://localhost:3100 "POST /loki/api/v1/push HTTP/1.1" 204 0
2026-01-31 20:51:48 [   DEBUG] [connectionpool.py:544] http://localhost:3100 "POST /loki/api/v1/push HTTP/1.1" 204 0
2026-01-31 20:51:48 [   DEBUG] [connectionpool.py:544] http://localhost:3100 "POST /loki/api/v1/push HTTP/1.1" 204 0
2026-01-31 20:51:48 [   DEBUG] [connectionpool.py:544] http://localhost:3100 "POST /loki/api/v1/push HTTP/1.1" 204 0
2026-01-31 20:51:48 [   DEBUG] [connectionpool.py:544] http://localhost:3100 "POST /loki/api/v1/push HTTP/1.1" 204 0
2026-01-31 20:51:48 [   DEBUG] [connectionpool.py:544] http://localhost:3100 "POST /loki/api/v1/push HTTP/1.1" 204 0
2026-01-31 20:51:48 [   DEBUG] [connectionpool.py:544] http://localhost:3100 "POST /loki/api/v1/push HTTP/1.1" 204 0
2026-01-31 20:51:48 [   DEBUG] [connectionpool.py:544] http://localhost:3100 "POST /loki/api/v1/push HTTP/1.1" 204 0
2026-01-31 20:51:48 [   DEBUG] [connectionpool.py:544] http://localhost:3100 "POST /loki/api/v1/push HTTP/1.1" 204 0
2026-01-31 20:51:48 [   DEBUG] [connectionpool.py:544] http://localhost:3100 "POST /loki/api/v1/push HTTP/1.1" 204 0
2026-01-31 20:51:48 [   DEBUG] [connectionpool.py:544] http://localhost:3100 "POST /loki/api/v1/push HTTP/1.1" 204 0
2026-01-31 20:51:48 [   DEBUG] [connectionpool.py:544] http://localhost:3100 "POST /loki/api/v1/push HTTP/1.1" 204 0
2026-01-31 20:51:48 [   DEBUG] [connectionpool.py:544] http://localhost:3100 "POST /loki/api/v1/push HTTP/1.1" 204 0
2026-01-31 20:51:48 [   DEBUG] [connectionpool.py:544] http://localhost:3100 "POST /loki/api/v1/push HTTP/1.1" 204 0
2026-01-31 20:51:48 [   DEBUG] [connectionpool.py:241] Starting new HTTP connection (1): localhost:3100
2026-01-31 20:51:48 [   DEBUG] [connectionpool.py:544] http://localhost:3100 "POST /loki/api/v1/push HTTP/1.1" 204 0
2026-01-31 20:51:48 [    INFO] [loki.py:36] {'message': 'Message 0', 'category': 'user_actions', 'uuid': 'db241aaf-0e1a-44fa-a2e9-53c129a42dd7', 'user_id': 'user_0', 'action': 'test'}
2026-01-31 20:51:48 [   DEBUG] [connectionpool.py:544] http://localhost:3100 "POST /loki/api/v1/push HTTP/1.1" 204 0
2026-01-31 20:51:48 [   DEBUG] [connectionpool.py:544] http://localhost:3100 "POST /loki/api/v1/push HTTP/1.1" 204 0
2026-01-31 20:51:48 [   DEBUG] [connectionpool.py:544] http://localhost:3100 "POST /loki/api/v1/push HTTP/1.1" 204 0
2026-01-31 20:51:48 [   DEBUG] [connectionpool.py:544] http://localhost:3100 "POST /loki/api/v1/push HTTP/1.1" 204 0
2026-01-31 20:51:48 [   DEBUG] [connectionpool.py:544] http://localhost:3100 "POST /loki/api/v1/push HTTP/1.1" 204 0
2026-01-31 20:51:48 [   DEBUG] [connectionpool.py:544] http://localhost:3100 "POST /loki/api/v1/push HTTP/1.1" 204 0
2026-01-31 20:51:48 [   DEBUG] [connectionpool.py:544] http://localhost:3100 "POST /loki/api/v1/push HTTP/1.1" 204 0
2026-01-31 20:51:48 [   DEBUG] [connectionpool.py:544] http://localhost:3100 "POST /loki/api/v1/push HTTP/1.1" 204 0
2026-01-31 20:51:48 [   DEBUG] [connectionpool.py:544] http://localhost:3100 "POST /loki/api/v1/push HTTP/1.1" 204 0
2026-01-31 20:51:48 [   DEBUG] [connectionpool.py:544] http://localhost:3100 "POST /loki/api/v1/push HTTP/1.1" 204 0
2026-01-31 20:51:48 [   DEBUG] [connectionpool.py:544] http://localhost:3100 "POST /loki/api/v1/push HTTP/1.1" 204 0
2026-01-31 20:51:48 [   DEBUG] [connectionpool.py:544] http://localhost:3100 "POST /loki/api/v1/push HTTP/1.1" 204 0
2026-01-31 20:51:48 [   DEBUG] [connectionpool.py:544] http://localhost:3100 "POST /loki/api/v1/push HTTP/1.1" 204 0
2026-01-31 20:51:48 [   DEBUG] [connectionpool.py:544] http://localhost:3100 "POST /loki/api/v1/push HTTP/1.1" 204 0
2026-01-31 20:51:48 [   DEBUG] [connectionpool.py:544] http://localhost:3100 "POST /loki/api/v1/push HTTP/1.1" 204 0
2026-01-31 20:51:48 [   DEBUG] [connectionpool.py:544] http://localhost:3100 "POST /loki/api/v1/push HTTP/1.1" 204 0
2026-01-31 20:51:48 [   DEBUG] [connectionpool.py:544] http://localhost:3100 "POST /loki/api/v1/push HTTP/1.1" 204 0
2026-01-31 20:51:48 [   DEBUG] [connectionpool.py:544] http://localhost:3100 "POST /loki/api/v1/push HTTP/1.1" 204 0
2026-01-31 20:51:48 [   DEBUG] [connectionpool.py:544] http://localhost:3100 "POST /loki/api/v1/push HTTP/1.1" 204 0
2026-01-31 20:51:48 [   DEBUG] [connectionpool.py:544] http://localhost:3100 "POST /loki/api/v1/push HTTP/1.1" 204 0
2026-01-31 20:51:48 [   DEBUG] [connectionpool.py:544] http://localhost:3100 "POST /loki/api/v1/push HTTP/1.1" 204 0
2026-01-31 20:51:48 [   DEBUG] [connectionpool.py:544] http://localhost:3100 "POST /loki/api/v1/push HTTP/1.1" 204 0
2026-01-31 20:51:48 [   DEBUG] [connectionpool.py:544] http://localhost:3100 "POST /loki/api/v1/push HTTP/1.1" 204 0
2026-01-31 20:51:48 [   DEBUG] [connectionpool.py:544] http://localhost:3100 "POST /loki/api/v1/push HTTP/1.1" 204 0
2026-01-31 20:51:48 [   DEBUG] [connectionpool.py:544] http://localhost:3100 "POST /loki/api/v1/push HTTP/1.1" 204 0
2026-01-31 20:51:48 [   DEBUG] [connectionpool.py:544] http://localhost:3100 "POST /loki/api/v1/push HTTP/1.1" 204 0
2026-01-31 20:51:48 [   DEBUG] [connectionpool.py:544] http://localhost:3100 "POST /loki/api/v1/push HTTP/1.1" 204 0
2026-01-31 20:51:48 [    INFO] [loki.py:36] {'message': 'Message 1', 'category': 'user_actions', 'uuid': '82e5fe27-34b2-48e7-b867-0db6ba33cb2c', 'user_id': 'user_1', 'action': 'test'}
2026-01-31 20:51:48 [   DEBUG] [connectionpool.py:544] http://localhost:3100 "POST /loki/api/v1/push HTTP/1.1" 204 0
2026-01-31 20:51:48 [   DEBUG] [connectionpool.py:544] http://localhost:3100 "POST /loki/api/v1/push HTTP/1.1" 204 0
2026-01-31 20:51:48 [   DEBUG] [connectionpool.py:544] http://localhost:3100 "POST /loki/api/v1/push HTTP/1.1" 204 0
2026-01-31 20:51:48 [   DEBUG] [connectionpool.py:544] http://localhost:3100 "POST /loki/api/v1/push HTTP/1.1" 204 0
2026-01-31 20:51:48 [   DEBUG] [connectionpool.py:544] http://localhost:3100 "POST /loki/api/v1/push HTTP/1.1" 204 0
2026-01-31 20:51:48 [   DEBUG] [connectionpool.py:544] http://localhost:3100 "POST /loki/api/v1/push HTTP/1.1" 204 0
2026-01-31 20:51:48 [   DEBUG] [connectionpool.py:544] http://localhost:3100 "POST /loki/api/v1/push HTTP/1.1" 204 0
2026-01-31 20:51:48 [   DEBUG] [connectionpool.py:544] http://localhost:3100 "POST /loki/api/v1/push HTTP/1.1" 204 0
2026-01-31 20:51:48 [   DEBUG] [connectionpool.py:544] http://localhost:3100 "POST /loki/api/v1/push HTTP/1.1" 204 0
2026-01-31 20:51:48 [   DEBUG] [connectionpool.py:544] http://localhost:3100 "POST /loki/api/v1/push HTTP/1.1" 204 0
2026-01-31 20:51:48 [   DEBUG] [connectionpool.py:544] http://localhost:3100 "POST /loki/api/v1/push HTTP/1.1" 204 0
2026-01-31 20:51:48 [   DEBUG] [connectionpool.py:544] http://localhost:3100 "POST /loki/api/v1/push HTTP/1.1" 204 0
2026-01-31 20:51:48 [   DEBUG] [connectionpool.py:544] http://localhost:3100 "POST /loki/api/v1/push HTTP/1.1" 204 0
2026-01-31 20:51:48 [   DEBUG] [connectionpool.py:544] http://localhost:3100 "POST /loki/api/v1/push HTTP/1.1" 204 0
2026-01-31 20:51:48 [   DEBUG] [connectionpool.py:544] http://localhost:3100 "POST /loki/api/v1/push HTTP/1.1" 204 0
2026-01-31 20:51:48 [   DEBUG] [connectionpool.py:544] http://localhost:3100 "POST /loki/api/v1/push HTTP/1.1" 204 0
2026-01-31 20:51:48 [   DEBUG] [connectionpool.py:544] http://localhost:3100 "POST /loki/api/v1/push HTTP/1.1" 204 0
2026-01-31 20:51:48 [   DEBUG] [connectionpool.py:544] http://localhost:3100 "POST /loki/api/v1/push HTTP/1.1" 204 0
2026-01-31 20:51:48 [   DEBUG] [connectionpool.py:544] http://localhost:3100 "POST /loki/api/v1/push HTTP/1.1" 204 0
2026-01-31 20:51:48 [   DEBUG] [connectionpool.py:544] http://localhost:3100 "POST /loki/api/v1/push HTTP/1.1" 204 0
2026-01-31 20:51:48 [   DEBUG] [connectionpool.py:544] http://localhost:3100 "POST /loki/api/v1/push HTTP/1.1" 204 0
2026-01-31 20:51:48 [   DEBUG] [connectionpool.py:544] http://localhost:3100 "POST /loki/api/v1/push HTTP/1.1" 204 0
2026-01-31 20:51:48 [   DEBUG] [connectionpool.py:544] http://localhost:3100 "POST /loki/api/v1/push HTTP/1.1" 204 0
2026-01-31 20:51:48 [   DEBUG] [connectionpool.py:544] http://localhost:3100 "POST /loki/api/v1/push HTTP/1.1" 204 0
2026-01-31 20:51:48 [   DEBUG] [connectionpool.py:544] http://localhost:3100 "POST /loki/api/v1/push HTTP/1.1" 204 0
2026-01-31 20:51:48 [   DEBUG] [connectionpool.py:544] http://localhost:3100 "POST /loki/api/v1/push HTTP/1.1" 204 0
2026-01-31 20:51:48 [   DEBUG] [connectionpool.py:544] http://localhost:3100 "POST /loki/api/v1/push HTTP/1.1" 204 0
2026-01-31 20:51:48 [    INFO] [loki.py:36] {'message': 'Message 2', 'category': 'user_actions', 'uuid': '8c5a4245-5c32-45ae-92fb-6d56eb0f4df1', 'user_id': 'user_2', 'action': 'test'}
2026-01-31 20:51:48 [   DEBUG] [connectionpool.py:544] http://localhost:3100 "POST /loki/api/v1/push HTTP/1.1" 204 0
2026-01-31 20:51:48 [   DEBUG] [connectionpool.py:544] http://localhost:3100 "POST /loki/api/v1/push HTTP/1.1" 204 0
2026-01-31 20:51:48 [   DEBUG] [connectionpool.py:544] http://localhost:3100 "POST /loki/api/v1/push HTTP/1.1" 204 0
2026-01-31 20:51:48 [   DEBUG] [connectionpool.py:544] http://localhost:3100 "POST /loki/api/v1/push HTTP/1.1" 204 0
2026-01-31 20:51:48 [   DEBUG] [connectionpool.py:544] http://localhost:3100 "POST /loki/api/v1/push HTTP/1.1" 204 0
2026-01-31 20:51:48 [   DEBUG] [connectionpool.py:544] http://localhost:3100 "POST /loki/api/v1/push HTTP/1.1" 204 0
2026-01-31 20:51:48 [   DEBUG] [connectionpool.py:544] http://localhost:3100 "POST /loki/api/v1/push HTTP/1.1" 204 0
2026-01-31 20:51:48 [   DEBUG] [connectionpool.py:544] http://localhost:3100 "POST /loki/api/v1/push HTTP/1.1" 204 0
2026-01-31 20:51:48 [   DEBUG] [connectionpool.py:544] http://localhost:3100 "POST /loki/api/v1/push HTTP/1.1" 204 0
2026-01-31 20:51:48 [   DEBUG] [connectionpool.py:544] http://localhost:3100 "POST /loki/api/v1/push HTTP/1.1" 204 0
2026-01-31 20:51:48 [   DEBUG] [connectionpool.py:544] http://localhost:3100 "POST /loki/api/v1/push HTTP/1.1" 204 0
2026-01-31 20:51:48 [   DEBUG] [connectionpool.py:544] http://localhost:3100 "POST /loki/api/v1/push HTTP/1.1" 204 0
2026-01-31 20:51:48 [   DEBUG] [connectionpool.py:544] http://localhost:3100 "POST /loki/api/v1/push HTTP/1.1" 204 0
2026-01-31 20:51:48 [   DEBUG] [connectionpool.py:544] http://localhost:3100 "POST /loki/api/v1/push HTTP/1.1" 204 0
2026-01-31 20:51:48 [   DEBUG] [connectionpool.py:544] http://localhost:3100 "POST /loki/api/v1/push HTTP/1.1" 204 0
2026-01-31 20:51:48 [   DEBUG] [connectionpool.py:544] http://localhost:3100 "POST /loki/api/v1/push HTTP/1.1" 204 0
2026-01-31 20:51:48 [   DEBUG] [connectionpool.py:544] http://localhost:3100 "POST /loki/api/v1/push HTTP/1.1" 204 0
2026-01-31 20:51:48 [   DEBUG] [connectionpool.py:544] http://localhost:3100 "POST /loki/api/v1/push HTTP/1.1" 204 0
2026-01-31 20:51:48 [   DEBUG] [connectionpool.py:544] http://localhost:3100 "POST /loki/api/v1/push HTTP/1.1" 204 0
2026-01-31 20:51:48 [   DEBUG] [connectionpool.py:544] http://localhost:3100 "POST /loki/api/v1/push HTTP/1.1" 204 0
2026-01-31 20:51:48 [   DEBUG] [connectionpool.py:544] http://localhost:3100 "POST /loki/api/v1/push HTTP/1.1" 204 0
2026-01-31 20:51:48 [   DEBUG] [connectionpool.py:544] http://localhost:3100 "POST /loki/api/v1/push HTTP/1.1" 204 0
2026-01-31 20:51:48 [   DEBUG] [connectionpool.py:544] http://localhost:3100 "POST /loki/api/v1/push HTTP/1.1" 204 0
2026-01-31 20:51:48 [   DEBUG] [connectionpool.py:544] http://localhost:3100 "POST /loki/api/v1/push HTTP/1.1" 204 0
2026-01-31 20:51:48 [   DEBUG] [connectionpool.py:544] http://localhost:3100 "POST /loki/api/v1/push HTTP/1.1" 204 0
2026-01-31 20:51:48 [   DEBUG] [connectionpool.py:544] http://localhost:3100 "POST /loki/api/v1/push HTTP/1.1" 204 0
2026-01-31 20:51:48 [   DEBUG] [connectionpool.py:544] http://localhost:3100 "POST /loki/api/v1/push HTTP/1.1" 204 0
2026-01-31 20:51:48 [    INFO] [loki.py:36] {'message': 'Message 3', 'category': 'user_actions', 'uuid': 'a451f3d6-b580-4ea8-90b6-3c33d340a316', 'user_id': 'user_3', 'action': 'test'}
2026-01-31 20:51:48 [   DEBUG] [connectionpool.py:544] http://localhost:3100 "POST /loki/api/v1/push HTTP/1.1" 204 0
2026-01-31 20:51:48 [   DEBUG] [connectionpool.py:544] http://localhost:3100 "POST /loki/api/v1/push HTTP/1.1" 204 0
2026-01-31 20:51:48 [   DEBUG] [connectionpool.py:544] http://localhost:3100 "POST /loki/api/v1/push HTTP/1.1" 204 0
2026-01-31 20:51:48 [   DEBUG] [connectionpool.py:544] http://localhost:3100 "POST /loki/api/v1/push HTTP/1.1" 204 0
2026-01-31 20:51:48 [   DEBUG] [connectionpool.py:544] http://localhost:3100 "POST /loki/api/v1/push HTTP/1.1" 204 0
2026-01-31 20:51:48 [   DEBUG] [connectionpool.py:544] http://localhost:3100 "POST /loki/api/v1/push HTTP/1.1" 204 0
2026-01-31 20:51:48 [   DEBUG] [connectionpool.py:544] http://localhost:3100 "POST /loki/api/v1/push HTTP/1.1" 204 0
2026-01-31 20:51:48 [   DEBUG] [connectionpool.py:544] http://localhost:3100 "POST /loki/api/v1/push HTTP/1.1" 204 0
2026-01-31 20:51:48 [   DEBUG] [connectionpool.py:544] http://localhost:3100 "POST /loki/api/v1/push HTTP/1.1" 204 0
2026-01-31 20:51:48 [   DEBUG] [connectionpool.py:544] http://localhost:3100 "POST /loki/api/v1/push HTTP/1.1" 204 0
2026-01-31 20:51:48 [   DEBUG] [connectionpool.py:544] http://localhost:3100 "POST /loki/api/v1/push HTTP/1.1" 204 0
2026-01-31 20:51:48 [   DEBUG] [connectionpool.py:544] http://localhost:3100 "POST /loki/api/v1/push HTTP/1.1" 204 0
2026-01-31 20:51:48 [   DEBUG] [connectionpool.py:544] http://localhost:3100 "POST /loki/api/v1/push HTTP/1.1" 204 0
2026-01-31 20:51:48 [   DEBUG] [connectionpool.py:544] http://localhost:3100 "POST /loki/api/v1/push HTTP/1.1" 204 0
2026-01-31 20:51:48 [   DEBUG] [connectionpool.py:544] http://localhost:3100 "POST /loki/api/v1/push HTTP/1.1" 204 0
2026-01-31 20:51:48 [   DEBUG] [connectionpool.py:544] http://localhost:3100 "POST /loki/api/v1/push HTTP/1.1" 204 0
2026-01-31 20:51:48 [   DEBUG] [connectionpool.py:544] http://localhost:3100 "POST /loki/api/v1/push HTTP/1.1" 204 0
2026-01-31 20:51:48 [   DEBUG] [connectionpool.py:544] http://localhost:3100 "POST /loki/api/v1/push HTTP/1.1" 204 0
2026-01-31 20:51:48 [   DEBUG] [connectionpool.py:544] http://localhost:3100 "POST /loki/api/v1/push HTTP/1.1" 204 0
2026-01-31 20:51:48 [   DEBUG] [connectionpool.py:544] http://localhost:3100 "POST /loki/api/v1/push HTTP/1.1" 204 0
2026-01-31 20:51:48 [   DEBUG] [connectionpool.py:544] http://localhost:3100 "POST /loki/api/v1/push HTTP/1.1" 204 0
2026-01-31 20:51:48 [   DEBUG] [connectionpool.py:544] http://localhost:3100 "POST /loki/api/v1/push HTTP/1.1" 204 0
2026-01-31 20:51:48 [   DEBUG] [connectionpool.py:544] http://localhost:3100 "POST /loki/api/v1/push HTTP/1.1" 204 0
2026-01-31 20:51:48 [   DEBUG] [connectionpool.py:544] http://localhost:3100 "POST /loki/api/v1/push HTTP/1.1" 204 0
2026-01-31 20:51:48 [   DEBUG] [connectionpool.py:544] http://localhost:3100 "POST /loki/api/v1/push HTTP/1.1" 204 0
2026-01-31 20:51:48 [   DEBUG] [connectionpool.py:544] http://localhost:3100 "POST /loki/api/v1/push HTTP/1.1" 204 0
2026-01-31 20:51:48 [   DEBUG] [connectionpool.py:544] http://localhost:3100 "POST /loki/api/v1/push HTTP/1.1" 204 0
2026-01-31 20:51:48 [    INFO] [loki.py:36] {'message': 'Message 4', 'category': 'user_actions', 'uuid': 'dbe8cb90-a7fc-43bb-9396-992d6f7fd93b', 'user_id': 'user_4', 'action': 'test'}
2026-01-31 20:51:48 [   DEBUG] [connectionpool.py:544] http://localhost:3100 "POST /loki/api/v1/push HTTP/1.1" 204 0
2026-01-31 20:51:48 [   DEBUG] [connectionpool.py:544] http://localhost:3100 "POST /loki/api/v1/push HTTP/1.1" 204 0
2026-01-31 20:51:48 [   DEBUG] [connectionpool.py:544] http://localhost:3100 "POST /loki/api/v1/push HTTP/1.1" 204 0
2026-01-31 20:51:48 [   DEBUG] [connectionpool.py:544] http://localhost:3100 "POST /loki/api/v1/push HTTP/1.1" 204 0
2026-01-31 20:51:48 [   DEBUG] [connectionpool.py:544] http://localhost:3100 "POST /loki/api/v1/push HTTP/1.1" 204 0
2026-01-31 20:51:48 [   DEBUG] [connectionpool.py:544] http://localhost:3100 "POST /loki/api/v1/push HTTP/1.1" 204 0
2026-01-31 20:51:48 [   DEBUG] [connectionpool.py:544] http://localhost:3100 "POST /loki/api/v1/push HTTP/1.1" 204 0
2026-01-31 20:51:48 [   DEBUG] [connectionpool.py:544] http://localhost:3100 "POST /loki/api/v1/push HTTP/1.1" 204 0
2026-01-31 20:51:48 [   DEBUG] [connectionpool.py:544] http://localhost:3100 "POST /loki/api/v1/push HTTP/1.1" 204 0
2026-01-31 20:51:48 [   DEBUG] [connectionpool.py:544] http://localhost:3100 "POST /loki/api/v1/push HTTP/1.1" 204 0
2026-01-31 20:51:48 [   DEBUG] [connectionpool.py:544] http://localhost:3100 "POST /loki/api/v1/push HTTP/1.1" 204 0
2026-01-31 20:51:48 [   DEBUG] [connectionpool.py:544] http://localhost:3100 "POST /loki/api/v1/push HTTP/1.1" 204 0
2026-01-31 20:51:48 [   DEBUG] [connectionpool.py:544] http://localhost:3100 "POST /loki/api/v1/push HTTP/1.1" 204 0
2026-01-31 20:51:48 [   DEBUG] [connectionpool.py:544] http://localhost:3100 "POST /loki/api/v1/push HTTP/1.1" 204 0
2026-01-31 20:51:48 [   DEBUG] [connectionpool.py:544] http://localhost:3100 "POST /loki/api/v1/push HTTP/1.1" 204 0
2026-01-31 20:51:48 [   DEBUG] [connectionpool.py:544] http://localhost:3100 "POST /loki/api/v1/push HTTP/1.1" 204 0
2026-01-31 20:51:48 [   DEBUG] [connectionpool.py:544] http://localhost:3100 "POST /loki/api/v1/push HTTP/1.1" 204 0
2026-01-31 20:51:48 [   DEBUG] [connectionpool.py:544] http://localhost:3100 "POST /loki/api/v1/push HTTP/1.1" 204 0
2026-01-31 20:51:48 [   DEBUG] [connectionpool.py:544] http://localhost:3100 "POST /loki/api/v1/push HTTP/1.1" 204 0
2026-01-31 20:51:48 [   DEBUG] [connectionpool.py:544] http://localhost:3100 "POST /loki/api/v1/push HTTP/1.1" 204 0
2026-01-31 20:51:48 [   DEBUG] [connectionpool.py:544] http://localhost:3100 "POST /loki/api/v1/push HTTP/1.1" 204 0
2026-01-31 20:51:48 [   DEBUG] [connectionpool.py:544] http://localhost:3100 "POST /loki/api/v1/push HTTP/1.1" 204 0
2026-01-31 20:51:48 [   DEBUG] [connectionpool.py:544] http://localhost:3100 "POST /loki/api/v1/push HTTP/1.1" 204 0
2026-01-31 20:51:48 [   DEBUG] [connectionpool.py:544] http://localhost:3100 "POST /loki/api/v1/push HTTP/1.1" 204 0
2026-01-31 20:51:48 [   DEBUG] [connectionpool.py:544] http://localhost:3100 "POST /loki/api/v1/push HTTP/1.1" 204 0
2026-01-31 20:51:48 [   DEBUG] [connectionpool.py:544] http://localhost:3100 "POST /loki/api/v1/push HTTP/1.1" 204 0
2026-01-31 20:51:48 [   DEBUG] [connectionpool.py:544] http://localhost:3100 "POST /loki/api/v1/push HTTP/1.1" 204 0
2026-01-31 20:51:48 [    INFO] [loki.py:36] {'message': 'Message 5', 'category': 'user_actions', 'uuid': 'c3b4a9ee-3fbf-45be-9758-7c5579338b7b', 'user_id': 'user_5', 'action': 'test'}
2026-01-31 20:51:48 [   DEBUG] [connectionpool.py:544] http://localhost:3100 "POST /loki/api/v1/push HTTP/1.1" 204 0
2026-01-31 20:51:48 [   DEBUG] [connectionpool.py:544] http://localhost:3100 "POST /loki/api/v1/push HTTP/1.1" 204 0
2026-01-31 20:51:48 [   DEBUG] [connectionpool.py:544] http://localhost:3100 "POST /loki/api/v1/push HTTP/1.1" 204 0
2026-01-31 20:51:48 [   DEBUG] [connectionpool.py:544] http://localhost:3100 "POST /loki/api/v1/push HTTP/1.1" 204 0
2026-01-31 20:51:48 [   DEBUG] [connectionpool.py:544] http://localhost:3100 "POST /loki/api/v1/push HTTP/1.1" 204 0
2026-01-31 20:51:48 [   DEBUG] [connectionpool.py:544] http://localhost:3100 "POST /loki/api/v1/push HTTP/1.1" 204 0
2026-01-31 20:51:48 [   DEBUG] [connectionpool.py:544] http://localhost:3100 "POST /loki/api/v1/push HTTP/1.1" 204 0
2026-01-31 20:51:48 [   DEBUG] [connectionpool.py:544] http://localhost:3100 "POST /loki/api/v1/push HTTP/1.1" 204 0
2026-01-31 20:51:48 [   DEBUG] [connectionpool.py:544] http://localhost:3100 "POST /loki/api/v1/push HTTP/1.1" 204 0
2026-01-31 20:51:48 [   DEBUG] [connectionpool.py:544] http://localhost:3100 "POST /loki/api/v1/push HTTP/1.1" 204 0
2026-01-31 20:51:48 [   DEBUG] [connectionpool.py:544] http://localhost:3100 "POST /loki/api/v1/push HTTP/1.1" 204 0
2026-01-31 20:51:48 [   DEBUG] [connectionpool.py:544] http://localhost:3100 "POST /loki/api/v1/push HTTP/1.1" 204 0
2026-01-31 20:51:48 [   DEBUG] [connectionpool.py:544] http://localhost:3100 "POST /loki/api/v1/push HTTP/1.1" 204 0
2026-01-31 20:51:48 [   DEBUG] [connectionpool.py:544] http://localhost:3100 "POST /loki/api/v1/push HTTP/1.1" 204 0
2026-01-31 20:51:48 [   DEBUG] [connectionpool.py:544] http://localhost:3100 "POST /loki/api/v1/push HTTP/1.1" 204 0
2026-01-31 20:51:48 [   DEBUG] [connectionpool.py:544] http://localhost:3100 "POST /loki/api/v1/push HTTP/1.1" 204 0
2026-01-31 20:51:48 [   DEBUG] [connectionpool.py:544] http://localhost:3100 "POST /loki/api/v1/push HTTP/1.1" 204 0
2026-01-31 20:51:48 [   DEBUG] [connectionpool.py:544] http://localhost:3100 "POST /loki/api/v1/push HTTP/1.1" 204 0
2026-01-31 20:51:48 [   DEBUG] [connectionpool.py:544] http://localhost:3100 "POST /loki/api/v1/push HTTP/1.1" 204 0
2026-01-31 20:51:48 [   DEBUG] [connectionpool.py:544] http://localhost:3100 "POST /loki/api/v1/push HTTP/1.1" 204 0
2026-01-31 20:51:48 [   DEBUG] [connectionpool.py:544] http://localhost:3100 "POST /loki/api/v1/push HTTP/1.1" 204 0
2026-01-31 20:51:48 [   DEBUG] [connectionpool.py:544] http://localhost:3100 "POST /loki/api/v1/push HTTP/1.1" 204 0
2026-01-31 20:51:48 [   DEBUG] [connectionpool.py:544] http://localhost:3100 "POST /loki/api/v1/push HTTP/1.1" 204 0
2026-01-31 20:51:48 [   DEBUG] [connectionpool.py:544] http://localhost:3100 "POST /loki/api/v1/push HTTP/1.1" 204 0
2026-01-31 20:51:48 [   DEBUG] [connectionpool.py:544] http://localhost:3100 "POST /loki/api/v1/push HTTP/1.1" 204 0
2026-01-31 20:51:48 [   DEBUG] [connectionpool.py:544] http://localhost:3100 "POST /loki/api/v1/push HTTP/1.1" 204 0
2026-01-31 20:51:48 [   DEBUG] [connectionpool.py:544] http://localhost:3100 "POST /loki/api/v1/push HTTP/1.1" 204 0
2026-01-31 20:51:48 [    INFO] [loki.py:36] {'message': 'Message 6', 'category': 'user_actions', 'uuid': 'aa8be938-a6bb-4beb-ba05-e37ac032aa28', 'user_id': 'user_6', 'action': 'test'}
2026-01-31 20:51:48 [   DEBUG] [connectionpool.py:544] http://localhost:3100 "POST /loki/api/v1/push HTTP/1.1" 204 0
2026-01-31 20:51:48 [   DEBUG] [connectionpool.py:544] http://localhost:3100 "POST /loki/api/v1/push HTTP/1.1" 204 0
2026-01-31 20:51:48 [   DEBUG] [connectionpool.py:544] http://localhost:3100 "POST /loki/api/v1/push HTTP/1.1" 204 0
2026-01-31 20:51:48 [   DEBUG] [connectionpool.py:544] http://localhost:3100 "POST /loki/api/v1/push HTTP/1.1" 204 0
2026-01-31 20:51:48 [   DEBUG] [connectionpool.py:544] http://localhost:3100 "POST /loki/api/v1/push HTTP/1.1" 204 0
2026-01-31 20:51:48 [   DEBUG] [connectionpool.py:544] http://localhost:3100 "POST /loki/api/v1/push HTTP/1.1" 204 0
2026-01-31 20:51:48 [   DEBUG] [connectionpool.py:544] http://localhost:3100 "POST /loki/api/v1/push HTTP/1.1" 204 0
2026-01-31 20:51:48 [   DEBUG] [connectionpool.py:544] http://localhost:3100 "POST /loki/api/v1/push HTTP/1.1" 204 0
2026-01-31 20:51:48 [   DEBUG] [connectionpool.py:544] http://localhost:3100 "POST /loki/api/v1/push HTTP/1.1" 204 0
2026-01-31 20:51:48 [   DEBUG] [connectionpool.py:544] http://localhost:3100 "POST /loki/api/v1/push HTTP/1.1" 204 0
2026-01-31 20:51:48 [   DEBUG] [connectionpool.py:544] http://localhost:3100 "POST /loki/api/v1/push HTTP/1.1" 204 0
2026-01-31 20:51:48 [   DEBUG] [connectionpool.py:544] http://localhost:3100 "POST /loki/api/v1/push HTTP/1.1" 204 0
2026-01-31 20:51:48 [   DEBUG] [connectionpool.py:544] http://localhost:3100 "POST /loki/api/v1/push HTTP/1.1" 204 0
2026-01-31 20:51:48 [   DEBUG] [connectionpool.py:544] http://localhost:3100 "POST /loki/api/v1/push HTTP/1.1" 204 0
2026-01-31 20:51:48 [   DEBUG] [connectionpool.py:544] http://localhost:3100 "POST /loki/api/v1/push HTTP/1.1" 204 0
2026-01-31 20:51:48 [   DEBUG] [connectionpool.py:544] http://localhost:3100 "POST /loki/api/v1/push HTTP/1.1" 204 0
2026-01-31 20:51:48 [   DEBUG] [connectionpool.py:544] http://localhost:3100 "POST /loki/api/v1/push HTTP/1.1" 204 0
2026-01-31 20:51:48 [   DEBUG] [connectionpool.py:544] http://localhost:3100 "POST /loki/api/v1/push HTTP/1.1" 204 0
2026-01-31 20:51:48 [   DEBUG] [connectionpool.py:544] http://localhost:3100 "POST /loki/api/v1/push HTTP/1.1" 204 0
2026-01-31 20:51:48 [   DEBUG] [connectionpool.py:544] http://localhost:3100 "POST /loki/api/v1/push HTTP/1.1" 204 0
2026-01-31 20:51:48 [   DEBUG] [connectionpool.py:544] http://localhost:3100 "POST /loki/api/v1/push HTTP/1.1" 204 0
2026-01-31 20:51:48 [   DEBUG] [connectionpool.py:544] http://localhost:3100 "POST /loki/api/v1/push HTTP/1.1" 204 0
2026-01-31 20:51:48 [   DEBUG] [connectionpool.py:544] http://localhost:3100 "POST /loki/api/v1/push HTTP/1.1" 204 0
2026-01-31 20:51:48 [   DEBUG] [connectionpool.py:544] http://localhost:3100 "POST /loki/api/v1/push HTTP/1.1" 204 0
2026-01-31 20:51:48 [   DEBUG] [connectionpool.py:544] http://localhost:3100 "POST /loki/api/v1/push HTTP/1.1" 204 0
2026-01-31 20:51:48 [   DEBUG] [connectionpool.py:544] http://localhost:3100 "POST /loki/api/v1/push HTTP/1.1" 204 0
2026-01-31 20:51:48 [   DEBUG] [connectionpool.py:544] http://localhost:3100 "POST /loki/api/v1/push HTTP/1.1" 204 0
2026-01-31 20:51:48 [    INFO] [loki.py:36] {'message': 'Message 7', 'category': 'user_actions', 'uuid': '18594465-ebfc-4f7c-a075-1ebfcaf172be', 'user_id': 'user_7', 'action': 'test'}
2026-01-31 20:51:48 [   DEBUG] [connectionpool.py:544] http://localhost:3100 "POST /loki/api/v1/push HTTP/1.1" 204 0
2026-01-31 20:51:48 [   DEBUG] [connectionpool.py:544] http://localhost:3100 "POST /loki/api/v1/push HTTP/1.1" 204 0
2026-01-31 20:51:48 [   DEBUG] [connectionpool.py:544] http://localhost:3100 "POST /loki/api/v1/push HTTP/1.1" 204 0
2026-01-31 20:51:48 [   DEBUG] [connectionpool.py:544] http://localhost:3100 "POST /loki/api/v1/push HTTP/1.1" 204 0
2026-01-31 20:51:48 [   DEBUG] [connectionpool.py:544] http://localhost:3100 "POST /loki/api/v1/push HTTP/1.1" 204 0
2026-01-31 20:51:48 [   DEBUG] [connectionpool.py:544] http://localhost:3100 "POST /loki/api/v1/push HTTP/1.1" 204 0
2026-01-31 20:51:48 [   DEBUG] [connectionpool.py:544] http://localhost:3100 "POST /loki/api/v1/push HTTP/1.1" 204 0
2026-01-31 20:51:48 [   DEBUG] [connectionpool.py:544] http://localhost:3100 "POST /loki/api/v1/push HTTP/1.1" 204 0
2026-01-31 20:51:48 [   DEBUG] [connectionpool.py:544] http://localhost:3100 "POST /loki/api/v1/push HTTP/1.1" 204 0
2026-01-31 20:51:48 [   DEBUG] [connectionpool.py:544] http://localhost:3100 "POST /loki/api/v1/push HTTP/1.1" 204 0
2026-01-31 20:51:48 [   DEBUG] [connectionpool.py:544] http://localhost:3100 "POST /loki/api/v1/push HTTP/1.1" 204 0
2026-01-31 20:51:48 [   DEBUG] [connectionpool.py:544] http://localhost:3100 "POST /loki/api/v1/push HTTP/1.1" 204 0
